05-15 08:58:04.481  2185  2507 I chatty  : uid=1000(system) InputReader expire 1 line
05-15 08:58:04.484  2185  2185 I chatty  : uid=1000 system_server expire 5 lines
05-15 08:58:04.493  2185  2263 I chatty  : uid=1000(system) PowerManagerSer expire 4 lines
05-15 08:58:04.510  2185  2258 I chatty  : uid=1000(system) android.display expire 11 lines
05-15 08:58:04.726  2185  2217 I chatty  : uid=1000(system) android.bg expire 2 lines
05-15 08:58:04.923  2185 24173 I chatty  : uid=1000(system) Binder:2185_19 expire 3 lines
05-15 08:58:05.085  2185  3595 I chatty  : uid=1000(system) Binder:2185_8 expire 2 lines
05-15 08:58:05.092  2185  3698 I chatty  : uid=1000(system) Binder:2185_E expire 4 lines
05-15 08:58:05.132  2185  3697 I chatty  : uid=1000(system) Binder:2185_D expire 2 lines
05-15 08:58:05.227  2646  2646 V KeyguardDisplayManager: hide
05-15 08:58:05.281  2185  8479 I chatty  : uid=1000(system) Binder:2185_16 expire 3 lines
05-15 08:58:05.285  2185 11205 I chatty  : uid=1000(system) Binder:2185_1F expire 4 lines
05-15 08:58:05.418  2185  3653 I chatty  : uid=1000(system) Binder:2185_9 expire 4 lines
05-15 08:58:05.467  2185 24175 I chatty  : uid=1000(system) Binder:2185_1A expire 3 lines
05-15 08:58:05.500  2185  2200 I chatty  : uid=1000(system) Binder:2185_2 expire 3 lines
05-15 08:58:06.683  2185  5138 I chatty  : uid=1000(system) Binder:2185_14 expire 2 lines
05-15 08:58:06.689 12248 26630 E ActivityThread: Failed to find provider info for com.facebook.katana.provider.AttributionIdProvider
05-15 08:58:07.320  2185  3725 I chatty  : uid=1000(system) Binder:2185_11 expire 2 lines
05-15 08:58:07.406  2185  3707 I chatty  : uid=1000(system) Binder:2185_F expire 1 line
05-15 08:58:07.441 26639 26639 W ActivityThread: Application com.ibatimesheet can be debugged on port 8100...
05-15 08:58:07.952  2185  3678 I chatty  : uid=1000(system) Binder:2185_B expire 4 lines
05-15 08:58:09.555  2185  5139 I chatty  : uid=1000(system) Binder:2185_15 expire 4 lines
05-15 08:58:11.213  2185  3657 I chatty  : uid=1000(system) Binder:2185_A expire 2 lines
05-15 08:58:11.224  2185  3723 I chatty  : uid=1000(system) Binder:2185_10 expire 6 lines
05-15 08:58:18.759 26745 26745 D ActivityThread: Loading provider contacts;com.android.contacts: com.android.providers.contacts.SemcContactsProvider2
05-15 08:58:19.995  2185  4613 I chatty  : uid=1000(system) Binder:2185_1D expire 6 lines
05-15 08:58:19.998  2185  2537 I chatty  : uid=1000(system) ConnectivitySer expire 2 lines
05-15 08:58:20.278  2185  2218 I chatty  : uid=1000(system) ActivityManager expire 18 lines
05-15 08:58:26.934  2185  3593 I chatty  : uid=1000(system) Binder:2185_7 expire 1 line
05-15 08:58:26.973  2185  2519 I chatty  : uid=1000(system) NetworkStats expire 2 lines
05-15 08:58:31.795  2185  2222 I chatty  : uid=1000(system) batterystats-sy expire 2 lines
05-15 08:58:42.329  2185 25140 I chatty  : uid=1000(system) Binder:2185_1B expire 1 line
05-15 08:58:43.792  2185  3565 I chatty  : uid=1000(system) Binder:2185_6 expire 2 lines
05-15 08:59:11.569  2185 19420 I chatty  : uid=1000(system) Binder:2185_12 expire 1 line
05-15 08:59:40.670  2185 10699 I chatty  : uid=1000(system) Binder:2185_1E expire 5 lines
05-15 08:59:42.566  2185  8479 I chatty  : uid=1000(system) Binder:2185_16 expire 5 lines
05-15 08:59:42.572  2185  2218 I chatty  : uid=1000(system) ActivityManager expire 17 lines
05-15 08:59:42.603  2185  2547 I chatty  : uid=1000(system) Binder:2185_3 expire 6 lines
05-15 08:59:42.645  2185  2890 I chatty  : uid=1000(system) Binder:2185_5 expire 4 lines
05-15 09:00:00.007  2185  2504 I chatty  : uid=1000(system) AlarmManager expire 14 lines
05-15 09:00:00.048  2185  3723 I chatty  : uid=1000(system) Binder:2185_10 expire 1 line
05-15 09:00:00.080  2185 19421 I chatty  : uid=1000(system) Binder:2185_13 expire 4 lines
05-15 09:00:00.100  2185  3657 I chatty  : uid=1000(system) Binder:2185_A expire 3 lines
05-15 09:00:00.109  2185  3678 I chatty  : uid=1000(system) Binder:2185_B expire 4 lines
05-15 09:00:00.143  2185  3565 I chatty  : uid=1000(system) Binder:2185_6 expire 4 lines
05-15 09:00:00.371  2185 25140 I chatty  : uid=1000(system) Binder:2185_1B expire 1 line
05-15 09:00:00.371  2185 24175 I chatty  : uid=1000(system) Binder:2185_1A expire 6 lines
05-15 09:00:00.374  2185  2537 I chatty  : uid=1000(system) ConnectivitySer expire 1 line
05-15 09:00:01.717  2185  3595 I chatty  : uid=1000(system) Binder:2185_8 expire 5 lines
05-15 09:00:01.721  2185  3698 I chatty  : uid=1000(system) Binder:2185_E expire 3 lines
05-15 09:00:02.513  2185  3707 I chatty  : uid=1000(system) Binder:2185_F expire 1 line
05-15 09:00:03.338  2185  5138 I chatty  : uid=1000(system) Binder:2185_14 expire 2 lines
05-15 09:00:03.358  2185  3725 I chatty  : uid=1000(system) Binder:2185_11 expire 3 lines
05-15 09:00:03.402  2185 19420 I chatty  : uid=1000(system) Binder:2185_12 expire 5 lines
05-15 09:00:15.434  2185 24173 I chatty  : uid=1000(system) Binder:2185_19 expire 4 lines
05-15 09:00:15.609  2185  2258 I chatty  : uid=1000(system) android.display expire 11 lines
05-15 09:00:51.666  2185  4613 I chatty  : uid=1000(system) Binder:2185_1D expire 3 lines
05-15 09:01:05.089  2185 11205 I chatty  : uid=1000(system) Binder:2185_1F expire 2 lines
05-15 09:01:08.910  2185 11206 I chatty  : uid=1000(system) Binder:2185_20 expire 4 lines
05-15 09:01:26.434  2646  2646 V DeadZone: consuming errant click: (155.0,40.0)
05-15 09:01:41.978  2185  2217 I chatty  : uid=1000(system) android.bg expire 1 line
05-15 09:02:12.840  2185 25141 I chatty  : uid=1000(system) Binder:2185_1C expire 2 lines
05-15 09:02:13.000  2185  3679 I chatty  : uid=1000(system) Binder:2185_C expire 2 lines
05-15 09:02:13.022  2185 31361 I chatty  : uid=1000(system) Binder:2185_17 expire 1 line
05-15 09:02:33.814  2185  2530 I chatty  : uid=1000(system) WifiStateMachin expire 2 lines
05-15 09:02:34.913  2185  2185 I chatty  : uid=1000 system_server expire 5 lines
05-15 09:02:34.948  2185  2222 I chatty  : uid=1000(system) batterystats-sy expire 3 lines
05-15 09:02:35.253  2185  2255 I chatty  : uid=1000(system) android.fg expire 6 lines
05-15 09:02:35.464 28010 28010 W ContextImpl: Calling a method in the system process without a qualified user: android.app.ContextImpl.startService:1358 android.content.ContextWrapper.startService:613 android.content.ContextWrapper.startService:613 com.sonyericsson.usbux.service.UsbServiceReceiver.onReceive:157 android.app.ActivityThread.handleReceiver:3085 
05-15 09:02:35.503  2185  2218 I chatty  : uid=1000(system) ActivityManager expire 13 lines
05-15 09:02:35.728 28059 28059 W ContextImpl: Calling a method in the system process without a qualified user: android.app.ContextImpl.startService:1358 android.content.ContextWrapper.startService:613 android.content.ContextWrapper.startService:613 com.sonymobile.enterprise.service.UsbReceiver.onReceive:31 android.app.ActivityThread.handleReceiver:3085 
05-15 09:02:35.731  2185  2200 I chatty  : uid=1000(system) Binder:2185_2 expire 1 line
05-15 09:02:35.883  2185  3653 I chatty  : uid=1000(system) Binder:2185_9 expire 6 lines
05-15 09:02:35.890  2185  5139 I chatty  : uid=1000(system) Binder:2185_15 expire 5 lines
05-15 09:02:35.995 28092 28139 W ContextImpl: Calling a method in the system process without a qualified user: android.app.ContextImpl.bindService:1422 android.content.ContextWrapper.bindService:636 com.google.android.gms.common.stats.zzb.zza:-1 com.google.android.gms.common.stats.zzb.zza:-1 com.google.android.gms.ads.identifier.AdvertisingIdClient.zzp:-1 
05-15 09:02:36.284  2185  2199 I chatty  : uid=1000(system) Binder:2185_1 expire 2 lines
05-15 09:02:36.304  2185  2256 I chatty  : uid=1000(system) android.io expire 2 lines
05-15 09:02:36.316  2185  3593 I chatty  : uid=1000(system) Binder:2185_7 expire 2 lines
05-15 09:02:36.340 28010 28010 W ContextImpl: Calling a method in the system process without a qualified user: android.app.ContextImpl.startActivity:768 android.content.ContextWrapper.startActivity:356 android.content.ContextWrapper.startActivity:356 com.sonyericsson.usbux.service.UsbServiceReceiver.onReceive:110 android.app.ActivityThread.handleReceiver:3085 
05-15 09:02:36.341 28010 28010 W ContextImpl: Calling a method in the system process without a qualified user: android.app.ContextImpl.startActivity:780 android.app.ContextImpl.startActivity:769 android.content.ContextWrapper.startActivity:356 android.content.ContextWrapper.startActivity:356 com.sonyericsson.usbux.service.UsbServiceReceiver.onReceive:110 
05-15 09:02:36.342  2185 24171 I chatty  : uid=1000(system) Binder:2185_18 expire 2 lines
05-15 09:02:36.370 28010 28010 W ContextImpl: Calling a method in the system process without a qualified user: android.app.ContextImpl.startService:1358 android.content.ContextWrapper.startService:613 android.content.ContextWrapper.startService:613 com.sonyericsson.usbux.service.UsbServiceReceiver.onReceive:157 android.app.ActivityThread.handleReceiver:3085 
05-15 09:02:36.423  2185  2622 I chatty  : uid=1000(system) Binder:2185_4 expire 4 lines
05-15 09:02:36.544 28010 28010 W ContextImpl: Calling a method in the system process without a qualified user: android.app.ContextImpl.startService:1358 android.content.ContextWrapper.startService:613 android.content.ContextWrapper.startService:613 com.sonyericsson.usbux.capabilities.CapabilityUpdaterReceiver.onReceive:46 android.app.ActivityThread.handleReceiver:3085 
05-15 09:02:36.551 28010 28010 W ContextImpl: Calling a method in the system process without a qualified user: android.app.ContextImpl.bindService:1422 android.content.ContextWrapper.bindService:636 android.media.MediaScannerConnection.connect:119 com.sonyericsson.usbux.capabilities.CapabilityUpdaterService.onCreate:271 android.app.ActivityThread.handleCreateService:3236 
05-15 09:02:36.551 28059 28059 W ContextImpl: Calling a method in the system process without a qualified user: android.app.ContextImpl.startService:1358 android.content.ContextWrapper.startService:613 android.content.ContextWrapper.startService:613 com.sonymobile.enterprise.service.UsbReceiver.onReceive:31 android.app.ActivityThread.handleReceiver:3085 
05-15 09:02:36.588 28238 28238 W ContextImpl: Calling a method in the system process without a qualified user: android.app.ContextImpl.startService:1358 android.content.ContextWrapper.startService:613 android.content.ContextWrapper.startService:613 com.sonyericsson.idd.agent.IDDEnabledBroadcastReceiver.onReceive:58 android.app.ActivityThread.handleReceiver:3085 
05-15 09:02:36.601 28010 28010 W ContextImpl: Calling a method in the system process without a qualified user: android.app.ContextImpl.startService:1358 android.content.ContextWrapper.startService:613 android.content.ContextWrapper.startService:613 com.sonyericsson.usbux.gagtm.GaGtmServiceReceiver.onReceive:62 android.app.ActivityThread.handleReceiver:3085 
05-15 09:02:36.741 28010 28289 W ContextImpl: Calling a method in the system process without a qualified user: android.app.ContextImpl.bindService:1422 android.content.ContextWrapper.bindService:636 com.google.android.gms.common.stats.zzb.zza:-1 com.google.android.gms.common.stats.zzb.zza:-1 com.google.android.gms.ads.identifier.AdvertisingIdClient.zzp:-1 
05-15 09:02:37.386  2185  3698 I chatty  : uid=1000(system) Binder:2185_E expire 3 lines
05-15 09:02:37.585  2185  5139 I chatty  : uid=1000(system) Binder:2185_15 expire 2 lines
05-15 09:02:37.600  2185  3565 I chatty  : uid=1000(system) Binder:2185_6 expire 1 line
05-15 09:02:37.645  2185 24175 I chatty  : uid=1000(system) Binder:2185_1A expire 2 lines
05-15 09:02:37.648  2185 19421 I chatty  : uid=1000(system) Binder:2185_13 expire 3 lines
05-15 09:02:38.643  2185  3697 I chatty  : uid=1000(system) Binder:2185_D expire 3 lines
05-15 09:02:38.760  2185 10699 I chatty  : uid=1000(system) Binder:2185_1E expire 2 lines
05-15 09:02:38.801  2185  3595 I chatty  : uid=1000(system) Binder:2185_8 expire 6 lines
05-15 09:02:38.802  2185  2218 I chatty  : uid=1000(system) ActivityManager expire 13 lines
05-15 09:02:38.815  2185  8479 I chatty  : uid=1000(system) Binder:2185_16 expire 4 lines
05-15 09:02:38.836  2185 11206 I chatty  : uid=1000(system) Binder:2185_20 expire 2 lines
05-15 09:02:38.960  2185  2258 I chatty  : uid=1000(system) android.display expire 11 lines
05-15 09:02:46.803  2185  2200 I chatty  : uid=1000(system) Binder:2185_2 expire 1 line
05-15 09:02:46.805  2185 24171 I chatty  : uid=1000(system) Binder:2185_18 expire 5 lines
05-15 09:02:56.917  2185  4613 I chatty  : uid=1000(system) Binder:2185_1D expire 3 lines
05-15 09:03:00.002  2185  2504 I chatty  : uid=1000(system) AlarmManager expire 10 lines
05-15 09:03:00.121  2185 25141 I chatty  : uid=1000(system) Binder:2185_1C expire 1 line
05-15 09:03:03.802  2185  5138 I chatty  : uid=1000(system) Binder:2185_14 expire 1 line
05-15 09:03:05.479  2185 31361 I chatty  : uid=1000(system) Binder:2185_17 expire 4 lines
05-15 09:03:12.934  2185  3725 I chatty  : uid=1000(system) Binder:2185_11 expire 2 lines
05-15 09:03:12.958  2185  3723 I chatty  : uid=1000(system) Binder:2185_10 expire 2 lines
05-15 09:04:13.030  2185  2199 I chatty  : uid=1000(system) Binder:2185_1 expire 3 lines
05-15 09:04:48.674  2185  2506 I chatty  : uid=1000(system) InputDispatcher expire 2 lines
05-15 09:04:50.826  2185 24173 I chatty  : uid=1000(system) Binder:2185_19 expire 2 lines
05-15 09:04:50.856  2185  3657 I chatty  : uid=1000(system) Binder:2185_A expire 3 lines
05-15 09:04:51.277  2185  2256 I chatty  : uid=1000(system) android.io expire 6 lines
05-15 09:04:51.285  3716  3818 W ContextImpl: Calling a method in the system process without a qualified user: android.app.ContextImpl.bindService:1422 android.content.ContextWrapper.bindService:636 com.google.android.gms.ads.identifier.AdvertisingIdClient.h:-1 com.google.android.gms.ads.identifier.AdvertisingIdClient.b:-1 com.google.android.gms.ads.identifier.AdvertisingIdClient.getAdvertisingIdInfo:-1 
05-15 09:04:51.335  2185 19420 I chatty  : uid=1000(system) Binder:2185_12 expire 1 line
05-15 09:04:51.409  2185  3593 I chatty  : uid=1000(system) Binder:2185_7 expire 1 line
05-15 09:05:00.001  2185  2504 I chatty  : uid=1000(system) AlarmManager expire 2 lines
05-15 09:05:09.355  2185  2282 I chatty  : uid=1000(system) PackageManager expire 33 lines
05-15 09:05:09.577  2185  2510 I chatty  : uid=1000(system) VoldConnector expire 23 lines
05-15 09:05:13.333  2185 11205 I chatty  : uid=1000(system) Binder:2185_1F expire 1 line
05-15 09:05:13.423 28203 28203 W ContextImpl: Calling a method in the system process without a qualified user: android.app.ContextImpl.bindService:1422 android.content.ContextWrapper.bindService:636 android.content.pm.permission.RuntimePermissionPresenter$RemoteService.processMessage:186 android.content.pm.permission.RuntimePermissionPresenter.getAppPermissions:127 com.android.settings.applications.PermissionsSummaryHelper.getPermissionSummary:34 
05-15 09:05:13.443  2185 25140 I chatty  : uid=1000(system) Binder:2185_1B expire 1 line
05-15 09:05:17.313  2185  3678 I chatty  : uid=1000(system) Binder:2185_B expire 1 line
05-15 09:05:17.661  2185  3653 I chatty  : uid=1000(system) Binder:2185_9 expire 1 line
05-15 09:05:18.420  2185  2218 I chatty  : uid=1000(system) ActivityManager expire 6 lines
05-15 09:05:19.188  2185  2397 I chatty  : uid=1000(system) OmsHandlerThrea expire 1 line
05-15 09:05:19.302  2185  2218 I chatty  : uid=1000(system) ActivityManager expire 14 lines
05-15 09:05:19.313  2185  2282 I chatty  : uid=1000(system) PackageManager expire 32 lines
05-15 09:05:19.387  2185 19420 I chatty  : uid=1000(system) Binder:2185_12 expire 4 lines
05-15 09:05:19.806  2185  2519 I chatty  : uid=1000(system) NetworkStats expire 1 line
05-15 09:05:20.003  2185  2199 I chatty  : uid=1000(system) Binder:2185_1 expire 4 lines
05-15 09:05:20.229  2185  5138 I chatty  : uid=1000(system) Binder:2185_14 expire 1 line
05-15 09:05:20.270  2185 24173 I chatty  : uid=1000(system) Binder:2185_19 expire 5 lines
05-15 09:05:20.297  2185 25141 I chatty  : uid=1000(system) Binder:2185_1C expire 3 lines
05-15 09:05:20.347 28978 28978 W ContextImpl: Calling a method in the system process without a qualified user: android.app.ContextImpl.startService:1358 android.content.ContextWrapper.startService:613 android.content.ContextWrapper.startService:613 com.android.keychain.KeyChainBroadcastReceiver.onReceive:12 android.app.ActivityThread.handleReceiver:3085 
05-15 09:05:20.368  2185 24171 I chatty  : uid=1000(system) Binder:2185_18 expire 5 lines
05-15 09:05:20.378  2185  8479 I chatty  : uid=1000(system) Binder:2185_16 expire 3 lines
05-15 09:05:20.397  2185  3678 I chatty  : uid=1000(system) Binder:2185_B expire 5 lines
05-15 09:05:20.484  2185  2547 I chatty  : uid=1000(system) Binder:2185_3 expire 2 lines
05-15 09:05:20.511  2185  3679 I chatty  : uid=1000(system) Binder:2185_C expire 2 lines
05-15 09:05:20.588 29011 29011 D ActivityThread: Loading provider contacts;com.android.contacts: com.android.providers.contacts.SemcContactsProvider2
05-15 09:05:20.747  2185 11206 I chatty  : uid=1000(system) Binder:2185_20 expire 1 line
05-15 09:05:20.801  2185  2622 I chatty  : uid=1000(system) Binder:2185_4 expire 3 lines
05-15 09:05:20.816  2185  3723 I chatty  : uid=1000(system) Binder:2185_10 expire 6 lines
05-15 09:05:20.944  2185  2510 I chatty  : uid=1000(system) VoldConnector expire 29 lines
05-15 09:05:21.015  2185  2200 I chatty  : uid=1000(system) Binder:2185_2 expire 6 lines
05-15 09:05:21.180  2185  2217 I chatty  : uid=1000(system) android.bg expire 1 line
05-15 09:05:21.298  2185 31361 I chatty  : uid=1000(system) Binder:2185_17 expire 4 lines
05-15 09:05:21.317  2185 10699 I chatty  : uid=1000(system) Binder:2185_1E expire 3 lines
05-15 09:05:21.737  2185 25140 I chatty  : uid=1000(system) Binder:2185_1B expire 4 lines
05-15 09:05:22.044  2185  3595 I chatty  : uid=1000(system) Binder:2185_8 expire 2 lines
05-15 09:05:22.441  2185  3698 I chatty  : uid=1000(system) Binder:2185_E expire 4 lines
05-15 09:05:22.772  2185  3593 I chatty  : uid=1000(system) Binder:2185_7 expire 1 line
05-15 09:05:23.182  2185  3725 I chatty  : uid=1000(system) Binder:2185_11 expire 2 lines
05-15 09:05:23.210  2185  3565 I chatty  : uid=1000(system) Binder:2185_6 expire 3 lines
05-15 09:05:23.342  2185  2258 I chatty  : uid=1000(system) android.display expire 2 lines
05-15 09:05:23.744  2185  5139 I chatty  : uid=1000(system) Binder:2185_15 expire 2 lines
05-15 09:05:23.795  2185  4613 I chatty  : uid=1000(system) Binder:2185_1D expire 2 lines
05-15 09:05:23.861  2185  2185 I chatty  : uid=1000 system_server expire 1 line
05-15 09:05:24.076  2185 11205 I chatty  : uid=1000(system) Binder:2185_1F expire 6 lines
05-15 09:05:24.266  2185  3657 I chatty  : uid=1000(system) Binder:2185_A expire 2 lines
05-15 09:05:26.381  2185  3697 I chatty  : uid=1000(system) Binder:2185_D expire 2 lines
05-15 09:05:27.094  2185 19421 I chatty  : uid=1000(system) Binder:2185_13 expire 2 lines
05-15 09:05:33.302  2185  2504 I chatty  : uid=1000(system) AlarmManager expire 18 lines
05-15 09:05:33.321  2185 10699 I chatty  : uid=1000(system) Binder:2185_1E expire 4 lines
05-15 09:05:33.332  2185  3698 I chatty  : uid=1000(system) Binder:2185_E expire 1 line
05-15 09:05:34.195  2185  2282 I chatty  : uid=1000(system) PackageManager expire 11 lines
05-15 09:05:34.198  2185  2510 I chatty  : uid=1000(system) VoldConnector expire 7 lines
05-15 09:05:38.745  2185  2218 I chatty  : uid=1000(system) ActivityManager expire 13 lines
05-15 09:05:46.254  2185  2397 I chatty  : uid=1000(system) OmsHandlerThrea expire 1 line
05-15 09:05:46.313  2185 24175 I chatty  : uid=1000(system) Binder:2185_1A expire 4 lines
05-15 09:05:46.337  2185  3679 I chatty  : uid=1000(system) Binder:2185_C expire 3 lines
05-15 09:05:46.356  2185  3593 I chatty  : uid=1000(system) Binder:2185_7 expire 3 lines
05-15 09:05:46.359  2185  3723 I chatty  : uid=1000(system) Binder:2185_10 expire 4 lines
05-15 09:05:46.577  2185  3653 I chatty  : uid=1000(system) Binder:2185_9 expire 3 lines
05-15 09:05:46.594  2185  4613 I chatty  : uid=1000(system) Binder:2185_1D expire 2 lines
05-15 09:05:46.609  2185  3657 I chatty  : uid=1000(system) Binder:2185_A expire 6 lines
05-15 09:05:46.699  2185  2547 I chatty  : uid=1000(system) Binder:2185_3 expire 6 lines
05-15 09:05:46.719  2185  2199 I chatty  : uid=1000(system) Binder:2185_1 expire 6 lines
05-15 09:05:46.797 29613 29613 D ActivityThread: Loading provider contacts;com.android.contacts: com.android.providers.contacts.SemcContactsProvider2
05-15 09:05:47.040  2185 25141 I chatty  : uid=1000(system) Binder:2185_1C expire 5 lines
05-15 09:05:47.070  2185  2200 I chatty  : uid=1000(system) Binder:2185_2 expire 6 lines
05-15 09:05:47.084  2185 31361 I chatty  : uid=1000(system) Binder:2185_17 expire 5 lines
05-15 09:05:47.113  2185  3565 I chatty  : uid=1000(system) Binder:2185_6 expire 3 lines
05-15 09:05:47.113  2185  3707 I chatty  : uid=1000(system) Binder:2185_F expire 4 lines
05-15 09:05:47.244  2185  3678 I chatty  : uid=1000(system) Binder:2185_B expire 2 lines
05-15 09:05:47.524  2185 19420 I chatty  : uid=1000(system) Binder:2185_12 expire 3 lines
05-15 09:05:47.557  2185  3595 I chatty  : uid=1000(system) Binder:2185_8 expire 4 lines
05-15 09:05:47.571  2185  5139 I chatty  : uid=1000(system) Binder:2185_15 expire 1 line
05-15 09:05:47.750  2185 11206 I chatty  : uid=1000(system) Binder:2185_20 expire 3 lines
05-15 09:05:47.964  2185 11205 I chatty  : uid=1000(system) Binder:2185_1F expire 2 lines
05-15 09:05:48.497  2185  2185 I chatty  : uid=1000 system_server expire 1 line
05-15 09:05:48.688 29798 29798 E ActivityThread: Failed to find provider info for com.ibatimesheet.MetricaContentProvider
05-15 09:05:48.691  2185 24173 I chatty  : uid=1000(system) Binder:2185_19 expire 6 lines
05-15 09:05:48.964  2185  2890 I chatty  : uid=1000(system) Binder:2185_5 expire 5 lines
05-15 09:05:57.444 29878 29878 W ActivityThread: Application com.ibatimesheet can be debugged on port 8100...
05-15 09:05:58.019  2185  2258 I chatty  : uid=1000(system) android.display expire 10 lines
05-15 09:06:00.084  2185  2622 I chatty  : uid=1000(system) Binder:2185_4 expire 3 lines
05-15 09:06:39.536  2185  3697 I chatty  : uid=1000(system) Binder:2185_D expire 1 line
05-15 09:06:48.575  2185  5138 I chatty  : uid=1000(system) Binder:2185_14 expire 2 lines
05-15 09:07:05.944  2185 19421 I chatty  : uid=1000(system) Binder:2185_13 expire 1 line
05-15 09:07:18.637  2185  8479 I chatty  : uid=1000(system) Binder:2185_16 expire 1 line
05-15 09:08:15.810 29878 29878 W ViewRootImpl[]: Dropping event due to no window focus: KeyEvent { action=ACTION_DOWN, keyCode=KEYCODE_BACK, scanCode=0, metaState=0, flags=0x48, repeatCount=0, eventTime=516163405, downTime=516163405, deviceId=-1, source=0x101 }
05-15 09:08:17.750  2185  2258 I chatty  : uid=1000(system) android.display expire 3 lines
05-15 09:08:29.030  2185  3725 I chatty  : uid=1000(system) Binder:2185_11 expire 1 line
05-15 09:08:42.453  2185  2519 I chatty  : uid=1000(system) NetworkStats expire 1 line
05-15 09:09:00.002  2185  2504 I chatty  : uid=1000(system) AlarmManager expire 4 lines
05-15 09:09:00.110  2185 24171 I chatty  : uid=1000(system) Binder:2185_18 expire 8 lines
05-15 09:09:34.569  2185  2218 I chatty  : uid=1000(system) ActivityManager expire 16 lines
05-15 09:10:00.002  2185  2504 I chatty  : uid=1000(system) AlarmManager expire 12 lines
05-15 09:10:00.103  2185  3657 I chatty  : uid=1000(system) Binder:2185_A expire 5 lines
05-15 09:10:06.106  2185  3565 I chatty  : uid=1000(system) Binder:2185_6 expire 6 lines
05-15 09:10:13.281  2185 25141 I chatty  : uid=1000(system) Binder:2185_1C expire 3 lines
05-15 09:10:55.642  2185 10699 I chatty  : uid=1000(system) Binder:2185_1E expire 4 lines
05-15 09:10:55.701  2185 24173 I chatty  : uid=1000(system) Binder:2185_19 expire 1 line
05-15 09:10:55.802  2185  4613 I chatty  : uid=1000(system) Binder:2185_1D expire 4 lines
05-15 09:10:55.863  2185 19420 I chatty  : uid=1000(system) Binder:2185_12 expire 3 lines
05-15 09:10:56.730  2185 19421 I chatty  : uid=1000(system) Binder:2185_13 expire 4 lines
05-15 09:10:56.967  2185 31361 I chatty  : uid=1000(system) Binder:2185_17 expire 2 lines
05-15 09:10:57.058  2185  2622 I chatty  : uid=1000(system) Binder:2185_4 expire 6 lines
05-15 09:10:57.059  2185  2200 I chatty  : uid=1000(system) Binder:2185_2 expire 7 lines
05-15 09:10:57.432  2185  2258 I chatty  : uid=1000(system) android.display expire 6 lines
05-15 09:10:57.720  2185  3653 I chatty  : uid=1000(system) Binder:2185_9 expire 5 lines
05-15 09:10:58.235  2185 11206 I chatty  : uid=1000(system) Binder:2185_20 expire 4 lines
05-15 09:10:58.699  2185  3679 I chatty  : uid=1000(system) Binder:2185_C expire 2 lines
05-15 09:11:00.115  2185  5139 I chatty  : uid=1000(system) Binder:2185_15 expire 5 lines
05-15 09:11:06.163  2185  3593 I chatty  : uid=1000(system) Binder:2185_7 expire 1 line
05-15 09:11:13.383  2185  2890 I chatty  : uid=1000(system) Binder:2185_5 expire 2 lines
05-15 09:11:28.290  2185  2282 I chatty  : uid=1000(system) PackageManager expire 14 lines
05-15 09:11:29.205  2185  2397 I chatty  : uid=1000(system) OmsHandlerThrea expire 2 lines
05-15 09:11:30.018  2185  8479 I chatty  : uid=1000(system) Binder:2185_16 expire 4 lines
05-15 09:11:30.095 30916 30916 W ContextImpl: Calling a method in the system process without a qualified user: android.app.ContextImpl.startService:1358 android.content.ContextWrapper.startService:613 android.content.ContextWrapper.startService:613 com.android.keychain.KeyChainBroadcastReceiver.onReceive:12 android.app.ActivityThread.handleReceiver:3085 
05-15 09:11:30.369  2185  3723 I chatty  : uid=1000(system) Binder:2185_10 expire 7 lines
05-15 09:11:30.576 30949 30949 D ActivityThread: Loading provider contacts;com.android.contacts: com.android.providers.contacts.SemcContactsProvider2
05-15 09:11:30.756  2185  2217 I chatty  : uid=1000(system) android.bg expire 1 line
05-15 09:11:30.970  2185  2199 I chatty  : uid=1000(system) Binder:2185_1 expire 4 lines
05-15 09:11:30.983  2185  2218 I chatty  : uid=1000(system) ActivityManager expire 7 lines
05-15 09:11:32.088  2185  3595 I chatty  : uid=1000(system) Binder:2185_8 expire 4 lines
05-15 09:11:32.110  2185  2185 I chatty  : uid=1000 system_server expire 2 lines
05-15 09:11:32.411  2185  3678 I chatty  : uid=1000(system) Binder:2185_B expire 4 lines
05-15 09:11:32.482  2185  3697 I chatty  : uid=1000(system) Binder:2185_D expire 2 lines
05-15 09:11:33.326  2185  5138 I chatty  : uid=1000(system) Binder:2185_14 expire 5 lines
05-15 09:11:33.612  2185 11205 I chatty  : uid=1000(system) Binder:2185_1F expire 5 lines
05-15 09:11:33.843  2185  3707 I chatty  : uid=1000(system) Binder:2185_F expire 2 lines
05-15 09:11:34.029  2185  2547 I chatty  : uid=1000(system) Binder:2185_3 expire 1 line
05-15 09:11:34.672 31303 31303 E ActivityThread: Failed to find provider info for com.ibatimesheet.MetricaContentProvider
05-15 09:11:36.190  2185 24175 I chatty  : uid=1000(system) Binder:2185_1A expire 1 line
05-15 09:11:37.896  2185  2256 I chatty  : uid=1000(system) android.io expire 2 lines
05-15 09:11:38.014  2185  3698 I chatty  : uid=1000(system) Binder:2185_E expire 3 lines
05-15 09:11:41.222 31538 31538 W ActivityThread: Application com.ibatimesheet can be debugged on port 8100...
05-15 09:12:00.009  2185  2504 I chatty  : uid=1000(system) AlarmManager expire 23 lines
05-15 09:12:00.039  2185  3679 I chatty  : uid=1000(system) Binder:2185_C expire 1 line
05-15 09:12:00.045  2185 19420 I chatty  : uid=1000(system) Binder:2185_12 expire 5 lines
05-15 09:12:00.065  2185  4613 I chatty  : uid=1000(system) Binder:2185_1D expire 6 lines
05-15 09:12:00.082  2185 24171 I chatty  : uid=1000(system) Binder:2185_18 expire 2 lines
05-15 09:12:00.149  2185  3657 I chatty  : uid=1000(system) Binder:2185_A expire 3 lines
05-15 09:12:06.222  2185  2218 I chatty  : uid=1000(system) ActivityManager expire 14 lines
05-15 09:12:06.480  2185  3707 I chatty  : uid=1000(system) Binder:2185_F expire 2 lines
05-15 09:12:06.492  2185  3678 I chatty  : uid=1000(system) Binder:2185_B expire 4 lines
05-15 09:12:11.379  2185  2258 I chatty  : uid=1000(system) android.display expire 1 line
05-15 09:12:34.922  2185  2185 I chatty  : uid=1000 system_server expire 14 lines
05-15 09:12:48.576  2185 24175 I chatty  : uid=1000(system) Binder:2185_1A expire 3 lines
05-15 09:13:00.113  2185 25141 I chatty  : uid=1000(system) Binder:2185_1C expire 3 lines
05-15 09:14:00.609  2185  5139 I chatty  : uid=1000(system) Binder:2185_15 expire 2 lines
05-15 09:14:00.627  2185 19421 I chatty  : uid=1000(system) Binder:2185_13 expire 9 lines
05-15 09:14:00.636  2185  8479 I chatty  : uid=1000(system) Binder:2185_16 expire 4 lines
05-15 09:14:11.978  2185 25140 I chatty  : uid=1000(system) Binder:2185_1B expire 4 lines
05-15 09:14:12.111  2185  3697 I chatty  : uid=1000(system) Binder:2185_D expire 4 lines
05-15 09:14:12.219  2185 31361 I chatty  : uid=1000(system) Binder:2185_17 expire 5 lines
05-15 09:14:12.367  2185  3725 I chatty  : uid=1000(system) Binder:2185_11 expire 2 lines
05-15 09:14:12.415  2185  2890 I chatty  : uid=1000(system) Binder:2185_5 expire 3 lines
05-15 09:14:14.472  2185  3565 I chatty  : uid=1000(system) Binder:2185_6 expire 1 line
05-15 09:14:14.479  2185  2200 I chatty  : uid=1000(system) Binder:2185_2 expire 1 line
05-15 09:14:16.645  2185  5138 I chatty  : uid=1000(system) Binder:2185_14 expire 6 lines
05-15 09:14:18.278  2185  2199 I chatty  : uid=1000(system) Binder:2185_1 expire 2 lines
05-15 09:15:34.635  2185  3593 I chatty  : uid=1000(system) Binder:2185_7 expire 1 line
05-15 09:15:34.636  2185  2622 I chatty  : uid=1000(system) Binder:2185_4 expire 1 line
05-15 09:15:37.395  2185  3595 I chatty  : uid=1000(system) Binder:2185_8 expire 1 line
05-15 09:16:27.117  2185  2222 I chatty  : uid=1000(system) batterystats-sy expire 3 lines
05-15 09:16:27.281  2185  3423 I chatty  : uid=1000(system) backup expire 9 lines
05-15 09:16:28.385  2185  2217 I chatty  : uid=1000(system) android.bg expire 4 lines
05-15 09:16:28.577  2185 10699 I chatty  : uid=1000(system) Binder:2185_1E expire 10 lines
05-15 09:16:28.839  2185  3723 I chatty  : uid=1000(system) Binder:2185_10 expire 10 lines
05-15 09:16:28.839  2185  2537 I chatty  : uid=1000(system) ConnectivitySer expire 1 line
05-15 09:16:29.517   516   516 D ActivityThread: Loading provider com.whatsapp.provider.contact: com.whatsapp.contact.ContactProvider
05-15 09:16:29.559  2185  2218 I chatty  : uid=1000(system) ActivityManager expire 7 lines
05-15 09:16:29.955  2185  3653 I chatty  : uid=1000(system) Binder:2185_9 expire 1 line
05-15 09:16:30.055  2185  2504 I chatty  : uid=1000(system) AlarmManager expire 19 lines
05-15 09:16:30.061  2185 10699 I chatty  : uid=1000(system) Binder:2185_1E expire 6 lines
05-15 09:16:30.061  2185  3657 I chatty  : uid=1000(system) Binder:2185_A expire 11 lines
05-15 09:16:30.124  2185 19421 I chatty  : uid=1000(system) Binder:2185_13 expire 2 lines
05-15 09:16:30.129  2185 24171 I chatty  : uid=1000(system) Binder:2185_18 expire 2 lines
05-15 09:16:30.438  2185  3565 I chatty  : uid=1000(system) Binder:2185_6 expire 3 lines
05-15 09:16:30.480  2185  3707 I chatty  : uid=1000(system) Binder:2185_F expire 2 lines
05-15 09:16:30.494  2185  3698 I chatty  : uid=1000(system) Binder:2185_E expire 3 lines
05-15 09:16:40.260  2185 11206 I chatty  : uid=1000(system) Binder:2185_20 expire 4 lines
05-15 09:16:40.286  2185  2622 I chatty  : uid=1000(system) Binder:2185_4 expire 2 lines
05-15 09:16:43.367  2185  3679 I chatty  : uid=1000(system) Binder:2185_C expire 2 lines
05-15 09:16:43.369  2185  2218 I chatty  : uid=1000(system) ActivityManager expire 11 lines
05-15 09:16:48.565  2185  3697 I chatty  : uid=1000(system) Binder:2185_D expire 3 lines
05-15 09:16:50.793  2185  2258 I chatty  : uid=1000(system) android.display expire 8 lines
05-15 09:17:00.102  2185 31361 I chatty  : uid=1000(system) Binder:2185_17 expire 4 lines
05-15 09:17:06.188  2185  3423 I chatty  : uid=1000(system) backup expire 25 lines
05-15 09:17:06.730  2185  4613 I chatty  : uid=1000(system) Binder:2185_1D expire 2 lines
05-15 09:17:06.782  2185  3678 I chatty  : uid=1000(system) Binder:2185_B expire 2 lines
05-15 09:17:07.197  2185 11205 I chatty  : uid=1000(system) Binder:2185_1F expire 5 lines
05-15 09:17:09.182  2185  3595 I chatty  : uid=1000(system) Binder:2185_8 expire 4 lines
05-15 09:17:09.263  2185 25140 I chatty  : uid=1000(system) Binder:2185_1B expire 2 lines
05-15 09:17:09.362  1125  1125 D ActivityThread: Loading provider contacts;com.android.contacts: com.android.providers.contacts.SemcContactsProvider2
05-15 09:17:09.696  2185 24173 I chatty  : uid=1000(system) Binder:2185_19 expire 4 lines
05-15 09:17:10.856  2185  2547 I chatty  : uid=1000(system) Binder:2185_3 expire 5 lines
05-15 09:17:11.333  2185 25141 I chatty  : uid=1000(system) Binder:2185_1C expire 3 lines
05-15 09:17:12.180  2185 24175 I chatty  : uid=1000(system) Binder:2185_1A expire 5 lines
05-15 09:17:12.444  2185  3723 I chatty  : uid=1000(system) Binder:2185_10 expire 2 lines
05-15 09:17:13.836  2185  3653 I chatty  : uid=1000(system) Binder:2185_9 expire 4 lines
05-15 09:17:35.936  2185  2519 I chatty  : uid=1000(system) NetworkStats expire 1 line
05-15 09:17:46.572  2185  2199 I chatty  : uid=1000(system) Binder:2185_1 expire 1 line
05-15 09:17:47.120  2185  2185 I chatty  : uid=1000 system_server expire 2 lines
05-15 09:18:17.903  2185  3725 I chatty  : uid=1000(system) Binder:2185_11 expire 1 line
05-15 09:19:12.330  2185  3593 I chatty  : uid=1000(system) Binder:2185_7 expire 2 lines
05-15 09:19:51.537  3716  3818 W ContextImpl: Calling a method in the system process without a qualified user: android.app.ContextImpl.bindService:1422 android.content.ContextWrapper.bindService:636 com.google.android.gms.ads.identifier.AdvertisingIdClient.h:-1 com.google.android.gms.ads.identifier.AdvertisingIdClient.b:-1 com.google.android.gms.ads.identifier.AdvertisingIdClient.getAdvertisingIdInfo:-1 
05-15 09:20:00.001  2185  2504 I chatty  : uid=1000(system) AlarmManager expire 11 lines
05-15 09:20:37.285  2185  2218 I chatty  : uid=1000(system) ActivityManager expire 4 lines
05-15 09:21:00.108  2185 19420 I chatty  : uid=1000(system) Binder:2185_12 expire 1 line
05-15 09:21:04.005  2185  5139 I chatty  : uid=1000(system) Binder:2185_15 expire 1 line
05-15 09:21:04.096  2185  5138 I chatty  : uid=1000(system) Binder:2185_14 expire 1 line
05-15 09:21:04.115  2185  3678 I chatty  : uid=1000(system) Binder:2185_B expire 2 lines
05-15 09:21:04.262  2185  2199 I chatty  : uid=1000(system) Binder:2185_1 expire 7 lines
05-15 09:21:04.327  2185  3657 I chatty  : uid=1000(system) Binder:2185_A expire 14 lines
05-15 09:21:04.327  2185  2218 I chatty  : uid=1000(system) ActivityManager expire 22 lines
05-15 09:21:04.502  2185  2200 I chatty  : uid=1000(system) Binder:2185_2 expire 1 line
05-15 09:21:04.523  2185  5139 I chatty  : uid=1000(system) Binder:2185_15 expire 1 line
05-15 09:21:04.555  2185  3698 I chatty  : uid=1000(system) Binder:2185_E expire 4 lines
05-15 09:21:12.398  2185  2504 I chatty  : uid=1000(system) AlarmManager expire 42 lines
05-15 09:21:12.425  2185  8479 I chatty  : uid=1000(system) Binder:2185_16 expire 7 lines
05-15 09:21:14.890  2185  2222 I chatty  : uid=1000(system) batterystats-sy expire 4 lines
05-15 09:21:15.519  2185  3679 I chatty  : uid=1000(system) Binder:2185_C expire 7 lines
05-15 09:22:00.018  2185  2185 I chatty  : uid=1000 system_server expire 5 lines
05-15 09:22:00.063  2185 11206 I chatty  : uid=1000(system) Binder:2185_20 expire 2 lines
05-15 09:22:00.112  2185  2890 I chatty  : uid=1000(system) Binder:2185_5 expire 4 lines
05-15 09:22:12.464  2185 25140 I chatty  : uid=1000(system) Binder:2185_1B expire 4 lines
05-15 09:22:13.061  2185 10699 I chatty  : uid=1000(system) Binder:2185_1E expire 2 lines
05-15 09:22:13.161  2185  4613 I chatty  : uid=1000(system) Binder:2185_1D expire 1 line
05-15 09:22:13.179  2185 24173 I chatty  : uid=1000(system) Binder:2185_19 expire 4 lines
05-15 09:22:13.211  2185  3697 I chatty  : uid=1000(system) Binder:2185_D expire 2 lines
05-15 09:22:20.008  2185  3723 I chatty  : uid=1000(system) Binder:2185_10 expire 4 lines
05-15 09:22:29.504  2185 11205 I chatty  : uid=1000(system) Binder:2185_1F expire 3 lines
05-15 09:22:36.443  2185  2217 I chatty  : uid=1000(system) android.bg expire 1 line
05-15 09:22:48.702  2185  3653 I chatty  : uid=1000(system) Binder:2185_9 expire 2 lines
05-15 09:22:48.880  2185  2258 I chatty  : uid=1000(system) android.display expire 7 lines
05-15 09:23:12.504  2185 24175 I chatty  : uid=1000(system) Binder:2185_1A expire 3 lines
05-15 09:24:13.196  2185  3565 I chatty  : uid=1000(system) Binder:2185_6 expire 4 lines
05-15 09:24:52.258  2185  2519 I chatty  : uid=1000(system) NetworkStats expire 3 lines
05-15 09:25:00.112  2185  3595 I chatty  : uid=1000(system) Binder:2185_8 expire 1 line
05-15 09:25:12.598  2185  2547 I chatty  : uid=1000(system) Binder:2185_3 expire 3 lines
05-15 09:26:14.338  2185 24171 I chatty  : uid=1000(system) Binder:2185_18 expire 1 line
05-15 09:26:14.342  2185  3725 I chatty  : uid=1000(system) Binder:2185_11 expire 2 lines
05-15 09:28:12.749  2185 25141 I chatty  : uid=1000(system) Binder:2185_1C expire 3 lines
05-15 09:28:26.935  2185 31361 I chatty  : uid=1000(system) Binder:2185_17 expire 2 lines
05-15 09:29:33.785  2185 19420 I chatty  : uid=1000(system) Binder:2185_12 expire 6 lines
05-15 09:29:33.791  2185 11206 I chatty  : uid=1000(system) Binder:2185_20 expire 3 lines
05-15 09:29:35.973  2185  3725 I chatty  : uid=1000(system) Binder:2185_11 expire 3 lines
05-15 09:29:36.002  2185 25140 I chatty  : uid=1000(system) Binder:2185_1B expire 2 lines
05-15 09:29:36.038  2185  2622 I chatty  : uid=1000(system) Binder:2185_4 expire 4 lines
05-15 09:29:38.470  2185 19421 I chatty  : uid=1000(system) Binder:2185_13 expire 1 line
05-15 09:29:38.478  2185 24175 I chatty  : uid=1000(system) Binder:2185_1A expire 2 lines
05-15 09:29:38.798  2185  2547 I chatty  : uid=1000(system) Binder:2185_3 expire 3 lines
05-15 09:29:39.413  3716  3818 W ContextImpl: Calling a method in the system process without a qualified user: android.app.ContextImpl.bindService:1422 android.content.ContextWrapper.bindService:636 com.google.android.gms.ads.identifier.AdvertisingIdClient.h:-1 com.google.android.gms.ads.identifier.AdvertisingIdClient.b:-1 com.google.android.gms.ads.identifier.AdvertisingIdClient.getAdvertisingIdInfo:-1 
05-15 09:29:39.441  2185  2256 I chatty  : uid=1000(system) android.io expire 6 lines
05-15 09:29:39.474  2185  3565 I chatty  : uid=1000(system) Binder:2185_6 expire 2 lines
05-15 09:29:39.474  2185  2218 I chatty  : uid=1000(system) ActivityManager expire 26 lines
05-15 09:29:39.502  2185  3657 I chatty  : uid=1000(system) Binder:2185_A expire 6 lines
05-15 09:29:39.939  2185  2258 I chatty  : uid=1000(system) android.display expire 24 lines
05-15 09:29:51.983  2185 11205 I chatty  : uid=1000(system) Binder:2185_1F expire 3 lines
05-15 09:29:52.155  2185  3595 I chatty  : uid=1000(system) Binder:2185_8 expire 5 lines
05-15 09:29:52.158  2185  3653 I chatty  : uid=1000(system) Binder:2185_9 expire 1 line
05-15 09:29:52.775  2185 24171 I chatty  : uid=1000(system) Binder:2185_18 expire 2 lines
05-15 09:29:57.486  2185  2199 I chatty  : uid=1000(system) Binder:2185_1 expire 1 line
05-15 09:29:57.639  2185  5139 I chatty  : uid=1000(system) Binder:2185_15 expire 4 lines
05-15 09:29:58.415  2185 25141 I chatty  : uid=1000(system) Binder:2185_1C expire 8 lines
05-15 09:29:58.434  2185  3723 I chatty  : uid=1000(system) Binder:2185_10 expire 4 lines
05-15 09:30:00.002  2185  2504 I chatty  : uid=1000(system) AlarmManager expire 27 lines
05-15 09:30:00.020  2185  2185 I chatty  : uid=1000 system_server expire 5 lines
05-15 09:30:00.057  2185 24173 I chatty  : uid=1000(system) Binder:2185_19 expire 3 lines
05-15 09:30:00.114  2185  4613 I chatty  : uid=1000(system) Binder:2185_1D expire 5 lines
05-15 09:30:27.509  2185  5138 I chatty  : uid=1000(system) Binder:2185_14 expire 2 lines
05-15 09:30:33.598  2185  8479 I chatty  : uid=1000(system) Binder:2185_16 expire 3 lines
05-15 09:31:04.159  2185 10699 I chatty  : uid=1000(system) Binder:2185_1E expire 2 lines
05-15 09:31:14.757  2185  2530 I chatty  : uid=1000(system) WifiStateMachin expire 2 lines
05-15 09:32:09.760  2185  2222 I chatty  : uid=1000(system) batterystats-sy expire 2 lines
05-15 09:33:27.693  2185  2890 I chatty  : uid=1000(system) Binder:2185_5 expire 3 lines
05-15 09:35:16.342  2185  3679 I chatty  : uid=1000(system) Binder:2185_C expire 1 line
05-15 09:35:16.573  2185  3698 I chatty  : uid=1000(system) Binder:2185_E expire 5 lines
05-15 09:35:56.104  2185  2218 I chatty  : uid=1000(system) ActivityManager expire 13 lines
05-15 09:36:00.087  2185  2504 I chatty  : uid=1000(system) AlarmManager expire 23 lines
05-15 09:36:00.183  2185  3653 I chatty  : uid=1000(system) Binder:2185_9 expire 3 lines
05-15 09:36:24.893  2185  2547 I chatty  : uid=1000(system) Binder:2185_3 expire 1 line
05-15 09:36:27.979  2185  5138 I chatty  : uid=1000(system) Binder:2185_14 expire 4 lines
05-15 09:36:28.293  2185 11205 I chatty  : uid=1000(system) Binder:2185_1F expire 2 lines
05-15 09:36:28.295  2185 11206 I chatty  : uid=1000(system) Binder:2185_20 expire 4 lines
05-15 09:36:28.842  2185  3725 I chatty  : uid=1000(system) Binder:2185_11 expire 5 lines
05-15 09:36:28.857  2185  3565 I chatty  : uid=1000(system) Binder:2185_6 expire 4 lines
05-15 09:36:28.866  2185  3593 I chatty  : uid=1000(system) Binder:2185_7 expire 3 lines
05-15 09:36:28.880  2185  3707 I chatty  : uid=1000(system) Binder:2185_F expire 7 lines
05-15 09:37:00.094  2185  3723 I chatty  : uid=1000(system) Binder:2185_10 expire 6 lines
05-15 09:37:28.053  2185  2199 I chatty  : uid=1000(system) Binder:2185_1 expire 6 lines
05-15 09:37:28.950  2185 19420 I chatty  : uid=1000(system) Binder:2185_12 expire 4 lines
05-15 09:37:29.883  2185  2185 I chatty  : uid=1000 system_server expire 3 lines
05-15 09:37:29.899  2185  2222 I chatty  : uid=1000(system) batterystats-sy expire 3 lines
05-15 09:37:30.031  2185  8479 I chatty  : uid=1000(system) Binder:2185_16 expire 2 lines
05-15 09:37:30.226  2185  2258 I chatty  : uid=1000(system) android.display expire 8 lines
05-15 09:37:30.238  2185  3678 I chatty  : uid=1000(system) Binder:2185_B expire 2 lines
05-15 09:37:31.168  2185 10699 I chatty  : uid=1000(system) Binder:2185_1E expire 6 lines
05-15 09:37:45.294  2185  2519 I chatty  : uid=1000(system) NetworkStats expire 1 line
05-15 09:39:38.168  2185  2622 I chatty  : uid=1000(system) Binder:2185_4 expire 4 lines
05-15 09:40:00.123  2185 24173 I chatty  : uid=1000(system) Binder:2185_19 expire 2 lines
05-15 09:40:59.979 12248  5763 E ActivityThread: Failed to find provider info for com.facebook.katana.provider.AttributionIdProvider
05-15 09:41:00.000  2185  2504 I chatty  : uid=1000(system) AlarmManager expire 10 lines
05-15 09:41:09.672  2185 25140 I chatty  : uid=1000(system) Binder:2185_1B expire 1 line
05-15 09:41:09.676  2185  2218 I chatty  : uid=1000(system) ActivityManager expire 10 lines
05-15 09:41:28.257  2185  4613 I chatty  : uid=1000(system) Binder:2185_1D expire 2 lines
05-15 09:42:00.090  2185  2890 I chatty  : uid=1000(system) Binder:2185_5 expire 2 lines
05-15 09:42:23.233  2185  2282 I chatty  : uid=1000(system) PackageManager expire 15 lines
05-15 09:42:28.999  2185 19421 I chatty  : uid=1000(system) Binder:2185_13 expire 1 line
05-15 09:42:29.031  2185  3657 I chatty  : uid=1000(system) Binder:2185_A expire 2 lines
05-15 09:42:29.367  2185  2397 I chatty  : uid=1000(system) OmsHandlerThrea expire 2 lines
05-15 09:42:29.436  2185  3595 I chatty  : uid=1000(system) Binder:2185_8 expire 1 line
05-15 09:42:29.649  2185  3697 I chatty  : uid=1000(system) Binder:2185_D expire 1 line
05-15 09:42:30.052  2185 25141 I chatty  : uid=1000(system) Binder:2185_1C expire 2 lines
05-15 09:42:30.114  6078  6078 W ContextImpl: Calling a method in the system process without a qualified user: android.app.ContextImpl.startService:1358 android.content.ContextWrapper.startService:613 android.content.ContextWrapper.startService:613 com.android.keychain.KeyChainBroadcastReceiver.onReceive:12 android.app.ActivityThread.handleReceiver:3085 
05-15 09:42:30.307  6110  6110 D ActivityThread: Loading provider contacts;com.android.contacts: com.android.providers.contacts.SemcContactsProvider2
05-15 09:42:30.613  2185 24175 I chatty  : uid=1000(system) Binder:2185_1A expire 1 line
05-15 09:42:31.006  2185  2218 I chatty  : uid=1000(system) ActivityManager expire 4 lines
05-15 09:42:31.305  2185 31361 I chatty  : uid=1000(system) Binder:2185_17 expire 4 lines
05-15 09:42:31.323  2185  2200 I chatty  : uid=1000(system) Binder:2185_2 expire 2 lines
05-15 09:42:31.486  2185  2217 I chatty  : uid=1000(system) android.bg expire 1 line
05-15 09:42:32.171  2185  2256 I chatty  : uid=1000(system) android.io expire 2 lines
05-15 09:42:32.258  2185 24171 I chatty  : uid=1000(system) Binder:2185_18 expire 6 lines
05-15 09:42:33.196  2185  4613 I chatty  : uid=1000(system) Binder:2185_1D expire 6 lines
05-15 09:42:33.261  2185  3593 I chatty  : uid=1000(system) Binder:2185_7 expire 7 lines
05-15 09:42:33.383  2185 24173 I chatty  : uid=1000(system) Binder:2185_19 expire 4 lines
05-15 09:42:33.412  2185  3697 I chatty  : uid=1000(system) Binder:2185_D expire 3 lines
05-15 09:42:33.577  2185  3698 I chatty  : uid=1000(system) Binder:2185_E expire 8 lines
05-15 09:42:33.578  2185  2218 I chatty  : uid=1000(system) ActivityManager expire 18 lines
05-15 09:42:34.010  2185  2890 I chatty  : uid=1000(system) Binder:2185_5 expire 5 lines
05-15 09:42:34.014  2185  5138 I chatty  : uid=1000(system) Binder:2185_14 expire 8 lines
05-15 09:42:34.021  2185 25141 I chatty  : uid=1000(system) Binder:2185_1C expire 2 lines
05-15 09:42:34.047  2185 31361 I chatty  : uid=1000(system) Binder:2185_17 expire 5 lines
05-15 09:42:34.061  2185  3725 I chatty  : uid=1000(system) Binder:2185_11 expire 3 lines
05-15 09:42:34.273  2185  3678 I chatty  : uid=1000(system) Binder:2185_B expire 8 lines
05-15 09:42:34.534  2185  5139 I chatty  : uid=1000(system) Binder:2185_15 expire 6 lines
05-15 09:42:34.557  2185  3679 I chatty  : uid=1000(system) Binder:2185_C expire 6 lines
05-15 09:42:34.622  2185  3565 I chatty  : uid=1000(system) Binder:2185_6 expire 3 lines
05-15 09:42:34.624  2185 11205 I chatty  : uid=1000(system) Binder:2185_1F expire 5 lines
05-15 09:42:34.717  2185 25140 I chatty  : uid=1000(system) Binder:2185_1B expire 5 lines
05-15 09:42:34.744  2185  3657 I chatty  : uid=1000(system) Binder:2185_A expire 2 lines
05-15 09:42:34.900  6647  6647 D ActivityThread: Loading provider contacts;com.android.contacts: com.android.providers.contacts.SemcContactsProvider2
05-15 09:42:34.996  2185  2185 I chatty  : uid=1000 system_server expire 8 lines
05-15 09:42:35.010  2185 19420 I chatty  : uid=1000(system) Binder:2185_12 expire 3 lines
05-15 09:42:35.141  2185  2622 I chatty  : uid=1000(system) Binder:2185_4 expire 4 lines
05-15 09:42:35.235  2185 10699 I chatty  : uid=1000(system) Binder:2185_1E expire 4 lines
05-15 09:42:35.263  2185 19421 I chatty  : uid=1000(system) Binder:2185_13 expire 7 lines
05-15 09:42:35.502  2185 11206 I chatty  : uid=1000(system) Binder:2185_20 expire 9 lines
05-15 09:42:36.005  2185  2256 I chatty  : uid=1000(system) android.io expire 4 lines
05-15 09:42:36.154  2185  3595 I chatty  : uid=1000(system) Binder:2185_8 expire 3 lines
05-15 09:42:36.362  2185  3707 I chatty  : uid=1000(system) Binder:2185_F expire 4 lines
05-15 09:42:36.655  6850  6850 E ActivityThread: Failed to find provider info for com.ibatimesheet.MetricaContentProvider
05-15 09:42:36.657  2185 24175 I chatty  : uid=1000(system) Binder:2185_1A expire 4 lines
05-15 09:42:37.814  2185  8479 I chatty  : uid=1000(system) Binder:2185_16 expire 3 lines
05-15 09:42:37.892  2185  3653 I chatty  : uid=1000(system) Binder:2185_9 expire 2 lines
05-15 09:42:38.360  2185  2200 I chatty  : uid=1000(system) Binder:2185_2 expire 1 line
05-15 09:42:40.851  7179  7179 W ActivityThread: Application com.ibatimesheet can be debugged on port 8100...
05-15 09:42:41.575  2185  2258 I chatty  : uid=1000(system) android.display expire 1 line
05-15 09:42:49.175  2185  2547 I chatty  : uid=1000(system) Binder:2185_3 expire 3 lines
05-15 09:42:50.051  2185  2504 I chatty  : uid=1000(system) AlarmManager expire 8 lines
05-15 09:43:29.377  2185  3723 I chatty  : uid=1000(system) Binder:2185_10 expire 3 lines
05-15 09:43:37.963  2185  2222 I chatty  : uid=1000(system) batterystats-sy expire 3 lines
05-15 09:44:13.249  2185  2199 I chatty  : uid=1000(system) Binder:2185_1 expire 1 line
05-15 09:44:29.167  2185  2282 I chatty  : uid=1000(system) PackageManager expire 15 lines
05-15 09:44:34.043  2185  2218 I chatty  : uid=1000(system) ActivityManager expire 18 lines
05-15 09:44:34.106  2185 11205 I chatty  : uid=1000(system) Binder:2185_1F expire 10 lines
05-15 09:44:34.598  2185  2258 I chatty  : uid=1000(system) android.display expire 2 lines
05-15 09:44:34.963  2185  5138 I chatty  : uid=1000(system) Binder:2185_14 expire 7 lines
05-15 09:44:34.973  2185 19421 I chatty  : uid=1000(system) Binder:2185_13 expire 6 lines
05-15 09:44:35.290  2185  2397 I chatty  : uid=1000(system) OmsHandlerThrea expire 2 lines
05-15 09:44:35.541  2185 25140 I chatty  : uid=1000(system) Binder:2185_1B expire 4 lines
05-15 09:44:35.575  2185  3679 I chatty  : uid=1000(system) Binder:2185_C expire 5 lines
05-15 09:44:35.581  2185  3707 I chatty  : uid=1000(system) Binder:2185_F expire 3 lines
