06-05 15:55:10.885  2187  2657 I chatty  : uid=1000(system) Binder:2187_5 expire 4 lines
06-05 15:55:13.416  2187  3510 I chatty  : uid=1000(system) Binder:2187_9 expire 5 lines
06-05 15:55:17.322  2187  3567 I chatty  : uid=1000(system) Binder:2187_F expire 3 lines
06-05 15:55:17.324  2187 21313 I chatty  : uid=1000(system) Binder:2187_19 expire 1 line
06-05 15:55:17.419  2187  2949 I chatty  : uid=1000(system) Binder:2187_6 expire 1 line
06-05 15:55:17.534  2187  2656 I chatty  : uid=1000(system) Binder:2187_4 expire 2 lines
06-05 15:55:18.601  2187  3569 I chatty  : uid=1000(system) Binder:2187_10 expire 3 lines
06-05 15:55:18.631  2187  3559 I chatty  : uid=1000(system) Binder:2187_D expire 3 lines
06-05 15:55:18.800  2187  2541 I chatty  : uid=1000(system) Binder:2187_3 expire 6 lines
06-05 15:55:24.989  2187  2200 I chatty  : uid=1000(system) Binder:2187_1 expire 4 lines
06-05 15:55:29.874  2187  2498 I chatty  : uid=1000(system) AlarmManager expire 6 lines
06-05 15:55:29.995  2187 21141 I chatty  : uid=1000(system) Binder:2187_17 expire 2 lines
06-05 15:55:41.850  2187 11981 I chatty  : uid=1000(system) Binder:2187_1B expire 4 lines
06-05 15:55:41.940  2187  3538 I chatty  : uid=1000(system) Binder:2187_C expire 2 lines
06-05 15:55:44.061  2187  2264 I chatty  : uid=1000(system) android.display expire 1 line
06-05 15:55:51.043  2187  2201 I chatty  : uid=1000(system) Binder:2187_2 expire 2 lines
06-05 15:55:57.338  2187 11980 I chatty  : uid=1000(system) Binder:2187_1A expire 2 lines
06-05 15:56:11.541  2187 23143 I chatty  : uid=1000(system) Binder:2187_13 expire 1 line
06-05 15:56:33.602  2622  2622 V DeadZone: consuming errant click: (387.0,6.0)
06-05 15:56:34.909  2187  2220 I chatty  : uid=1000(system) ActivityManager expire 70 lines
06-05 15:56:43.052  2187  2264 I chatty  : uid=1000(system) android.display expire 2 lines
06-05 15:56:45.649  2187 11981 I chatty  : uid=1000(system) Binder:2187_1B expire 3 lines
06-05 15:56:55.098  2187 21112 I chatty  : uid=1000(system) Binder:2187_15 expire 3 lines
06-05 15:56:55.226  2187  3514 I chatty  : uid=1000(system) Binder:2187_A expire 3 lines
06-05 15:56:55.480  2187 21203 I chatty  : uid=1000(system) Binder:2187_18 expire 4 lines
06-05 15:56:55.488  2187  2656 I chatty  : uid=1000(system) Binder:2187_4 expire 6 lines
06-05 15:56:55.707  2187 21141 I chatty  : uid=1000(system) Binder:2187_17 expire 3 lines
06-05 15:56:59.911  2187  2513 I chatty  : uid=1000(system) NetworkStats expire 6 lines
06-05 15:57:00.004  2187  2498 I chatty  : uid=1000(system) AlarmManager expire 7 lines
06-05 15:57:00.089  2187  3503 I chatty  : uid=1000(system) Binder:2187_8 expire 2 lines
06-05 15:57:19.835  2187  2200 I chatty  : uid=1000(system) Binder:2187_1 expire 5 lines
06-05 15:57:30.094  2187  3571 I chatty  : uid=1000(system) Binder:2187_11 expire 7 lines
06-05 15:57:40.772  2187 21140 I chatty  : uid=1000(system) Binder:2187_16 expire 4 lines
06-05 15:57:50.294  2187  3500 I chatty  : uid=1000(system) Binder:2187_7 expire 5 lines
06-05 15:58:16.111  2187  3535 I chatty  : uid=1000(system) Binder:2187_B expire 4 lines
06-05 15:58:19.342  2187 21111 I chatty  : uid=1000(system) Binder:2187_14 expire 2 lines
06-05 15:58:19.349  2187 21313 I chatty  : uid=1000(system) Binder:2187_19 expire 4 lines
06-05 15:58:19.387  2187  3569 I chatty  : uid=1000(system) Binder:2187_10 expire 5 lines
06-05 15:58:25.217  2187  3559 I chatty  : uid=1000(system) Binder:2187_D expire 4 lines
06-05 15:58:25.246  2187  2201 I chatty  : uid=1000(system) Binder:2187_2 expire 4 lines
06-05 15:58:25.372  2187  3572 I chatty  : uid=1000(system) Binder:2187_12 expire 4 lines
06-05 15:58:25.617  2187  3510 I chatty  : uid=1000(system) Binder:2187_9 expire 1 line
06-05 15:58:27.696  2187  2524 I chatty  : uid=1000(system) WifiStateMachin expire 7 lines
06-05 15:58:28.786  2187  3560 I chatty  : uid=1000(system) Binder:2187_E expire 5 lines
06-05 15:58:30.159  2187  2657 I chatty  : uid=1000(system) Binder:2187_5 expire 4 lines
06-05 15:58:47.127  2187  2541 I chatty  : uid=1000(system) Binder:2187_3 expire 1 line
06-05 15:58:53.304  2187 23143 I chatty  : uid=1000(system) Binder:2187_13 expire 1 line
06-05 15:59:06.987  2187 11980 I chatty  : uid=1000(system) Binder:2187_1A expire 2 lines
06-05 15:59:15.866  2187  2949 I chatty  : uid=1000(system) Binder:2187_6 expire 3 lines
06-05 15:59:16.816  2187  3567 I chatty  : uid=1000(system) Binder:2187_F expire 3 lines
06-05 15:59:30.240  2187  2498 I chatty  : uid=1000(system) AlarmManager expire 13 lines
06-05 15:59:30.262  2187 21313 I chatty  : uid=1000(system) Binder:2187_19 expire 5 lines
06-05 15:59:30.271  2187  3572 I chatty  : uid=1000(system) Binder:2187_12 expire 4 lines
06-05 15:59:31.118  2187  2201 I chatty  : uid=1000(system) Binder:2187_2 expire 4 lines
06-05 15:59:35.252  2187 21141 I chatty  : uid=1000(system) Binder:2187_17 expire 4 lines
06-05 15:59:35.253  2187  2220 I chatty  : uid=1000(system) ActivityManager expire 17 lines
06-05 15:59:35.960  2187 23143 I chatty  : uid=1000(system) Binder:2187_13 expire 2 lines
06-05 15:59:35.995  2187  3503 I chatty  : uid=1000(system) Binder:2187_8 expire 3 lines
06-05 15:59:36.125  2187 21203 I chatty  : uid=1000(system) Binder:2187_18 expire 2 lines
06-05 15:59:36.349  2187  3514 I chatty  : uid=1000(system) Binder:2187_A expire 3 lines
06-05 15:59:36.389  2187  3559 I chatty  : uid=1000(system) Binder:2187_D expire 3 lines
06-05 15:59:36.412  2187  3535 I chatty  : uid=1000(system) Binder:2187_B expire 4 lines
06-05 15:59:36.424  2187  2657 I chatty  : uid=1000(system) Binder:2187_5 expire 4 lines
06-05 15:59:37.308  2187  2524 I chatty  : uid=1000(system) WifiStateMachin expire 15 lines
06-05 15:59:40.778  2187  2656 I chatty  : uid=1000(system) Binder:2187_4 expire 2 lines
06-05 15:59:40.860  2187 11981 I chatty  : uid=1000(system) Binder:2187_1B expire 1 line
06-05 15:59:40.865  2187 11980 I chatty  : uid=1000(system) Binder:2187_1A expire 3 lines
06-05 15:59:41.979  2187  3571 I chatty  : uid=1000(system) Binder:2187_11 expire 3 lines
06-05 15:59:49.189  2187  3560 I chatty  : uid=1000(system) Binder:2187_E expire 5 lines
06-05 15:59:49.420  2187  2264 I chatty  : uid=1000(system) android.display expire 2 lines
06-05 15:59:50.644  2187 21111 I chatty  : uid=1000(system) Binder:2187_14 expire 4 lines
06-05 15:59:50.724  2187  3510 I chatty  : uid=1000(system) Binder:2187_9 expire 3 lines
06-05 15:59:55.768  2187  3538 I chatty  : uid=1000(system) Binder:2187_C expire 3 lines
06-05 15:59:55.804  2187  2200 I chatty  : uid=1000(system) Binder:2187_1 expire 6 lines
06-05 16:00:00.100  2187  3500 I chatty  : uid=1000(system) Binder:2187_7 expire 2 lines
06-05 16:00:11.951 28560 29978 W ContextImpl: Calling a method in the system process without a qualified user: android.app.ContextImpl.bindService:1422 android.content.ContextWrapper.bindService:636 com.google.android.gms.common.stats.zzb.zza:-1 com.google.android.gms.common.stats.zzb.zza:-1 com.google.android.gms.ads.identifier.AdvertisingIdClient.zzp:-1 
06-05 16:00:13.681  2187  2220 I chatty  : uid=1000(system) ActivityManager expire 36 lines
06-05 16:00:30.380  2187  2541 I chatty  : uid=1000(system) Binder:2187_3 expire 2 lines
06-05 16:00:36.182  2187  2187 I chatty  : uid=1000 system_server expire 1 line
06-05 16:00:43.484  2187 21112 I chatty  : uid=1000(system) Binder:2187_15 expire 2 lines
06-05 16:00:46.946  2187  3569 I chatty  : uid=1000(system) Binder:2187_10 expire 2 lines
06-05 16:00:56.254  2187 21140 I chatty  : uid=1000(system) Binder:2187_16 expire 1 line
06-05 16:01:20.190  2187  2500 I chatty  : uid=1000(system) InputDispatcher expire 2 lines
06-05 16:01:28.612  2187  2949 I chatty  : uid=1000(system) Binder:2187_6 expire 2 lines
06-05 16:01:41.172  3524  3627 W ContextImpl: Calling a method in the system process without a qualified user: android.app.ContextImpl.bindService:1422 android.content.ContextWrapper.bindService:636 com.google.android.gms.ads.identifier.AdvertisingIdClient.h:-1 com.google.android.gms.ads.identifier.AdvertisingIdClient.b:-1 com.google.android.gms.ads.identifier.AdvertisingIdClient.getAdvertisingIdInfo:-1 
06-05 16:01:42.275  2187  2220 I chatty  : uid=1000(system) ActivityManager expire 58 lines
06-05 16:01:46.016  2187  3559 I chatty  : uid=1000(system) Binder:2187_D expire 4 lines
06-05 16:01:46.023  2187 21141 I chatty  : uid=1000(system) Binder:2187_17 expire 5 lines
06-05 16:01:46.042  2187  2657 I chatty  : uid=1000(system) Binder:2187_5 expire 9 lines
06-05 16:01:46.044  2187  2949 I chatty  : uid=1000(system) Binder:2187_6 expire 4 lines
06-05 16:01:46.048  2187  3538 I chatty  : uid=1000(system) Binder:2187_C expire 6 lines
06-05 16:01:46.060  2187  3560 I chatty  : uid=1000(system) Binder:2187_E expire 3 lines
06-05 16:01:46.061  2187 11980 I chatty  : uid=1000(system) Binder:2187_1A expire 2 lines
06-05 16:01:46.579  2187  2187 I chatty  : uid=1000 system_server expire 5 lines
06-05 16:01:46.612  2187  2224 I chatty  : uid=1000(system) batterystats-sy expire 4 lines
06-05 16:01:46.696  2187  2262 I chatty  : uid=1000(system) android.fg expire 2 lines
06-05 16:01:46.741  2187  3500 I chatty  : uid=1000(system) Binder:2187_7 expire 3 lines
06-05 16:01:46.743  2187  2541 I chatty  : uid=1000(system) Binder:2187_3 expire 5 lines
06-05 16:01:46.765  2187  3571 I chatty  : uid=1000(system) Binder:2187_11 expire 3 lines
06-05 16:01:46.777  2187  3567 I chatty  : uid=1000(system) Binder:2187_F expire 6 lines
06-05 16:01:46.785  2187 21140 I chatty  : uid=1000(system) Binder:2187_16 expire 6 lines
06-05 16:01:46.799  2187  3503 I chatty  : uid=1000(system) Binder:2187_8 expire 8 lines
06-05 16:01:46.810  2187  2222 I chatty  : uid=1000(system) ActivityManager expire 1 line
06-05 16:01:46.935 29688 29688 W ContextImpl: Calling a method in the system process without a qualified user: android.app.ContextImpl.stopService:1364 android.content.ContextWrapper.stopService:618 android.content.ContextWrapper.stopService:618 com.sonymobile.enterprise.service.UsbReceiver.onReceive:28 android.app.ActivityThread.handleReceiver:3085 
06-05 16:01:47.224 18873 18907 W ContextImpl: Calling a method in the system process without a qualified user: android.app.ContextImpl.bindService:1422 android.content.ContextWrapper.bindService:636 com.google.android.gms.common.stats.zzb.zza:-1 com.google.android.gms.common.stats.zzb.zza:-1 com.google.android.gms.ads.identifier.AdvertisingIdClient.zzp:-1 
06-05 16:01:47.294  2187 21112 I chatty  : uid=1000(system) Binder:2187_15 expire 2 lines
06-05 16:01:47.317  2187  3510 I chatty  : uid=1000(system) Binder:2187_9 expire 3 lines
06-05 16:01:47.665  2187  3569 I chatty  : uid=1000(system) Binder:2187_10 expire 3 lines
06-05 16:01:47.839  2187  3572 I chatty  : uid=1000(system) Binder:2187_12 expire 4 lines
06-05 16:01:47.966 18958 18958 W ContextImpl: Calling a method in the system process without a qualified user: android.app.ContextImpl.startService:1358 android.content.ContextWrapper.startService:613 android.content.ContextWrapper.startService:613 com.sonyericsson.idd.agent.IDDEnabledBroadcastReceiver.onReceive:58 android.app.ActivityThread.handleReceiver:3085 
06-05 16:01:47.997  2187  3535 I chatty  : uid=1000(system) Binder:2187_B expire 2 lines
06-05 16:01:48.349  2187  2201 I chatty  : uid=1000(system) Binder:2187_2 expire 4 lines
06-05 16:01:48.357 18858 18858 W ContextImpl: Calling a method in the system process without a qualified user: android.app.ContextImpl.startService:1358 android.content.ContextWrapper.startService:613 android.content.ContextWrapper.startService:613 com.sonyericsson.usbux.gagtm.GaGtmServiceReceiver.onReceive:62 android.app.ActivityThread.handleReceiver:3085 
06-05 16:01:48.406  2187  2200 I chatty  : uid=1000(system) Binder:2187_1 expire 6 lines
06-05 16:01:48.519 18858 19030 W ContextImpl: Calling a method in the system process without a qualified user: android.app.ContextImpl.bindService:1422 android.content.ContextWrapper.bindService:636 com.google.android.gms.common.stats.zzb.zza:-1 com.google.android.gms.common.stats.zzb.zza:-1 com.google.android.gms.ads.identifier.AdvertisingIdClient.zzp:-1 
06-05 16:01:48.529  2187  3514 I chatty  : uid=1000(system) Binder:2187_A expire 4 lines
06-05 16:01:48.556  2187 21111 I chatty  : uid=1000(system) Binder:2187_14 expire 3 lines
06-05 16:02:00.003  2187  2498 I chatty  : uid=1000(system) AlarmManager expire 7 lines
06-05 16:02:00.116  2187 21313 I chatty  : uid=1000(system) Binder:2187_19 expire 3 lines
06-05 16:02:03.450  2187  2264 I chatty  : uid=1000(system) android.display expire 1 line
06-05 16:02:05.196  2187 21203 I chatty  : uid=1000(system) Binder:2187_18 expire 2 lines
06-05 16:02:05.500  2187  2524 I chatty  : uid=1000(system) WifiStateMachin expire 2 lines
06-05 16:02:26.777  2187 11981 I chatty  : uid=1000(system) Binder:2187_1B expire 4 lines
06-05 16:02:34.673  2187  2513 I chatty  : uid=1000(system) NetworkStats expire 1 line
06-05 16:02:57.165  2187  2656 I chatty  : uid=1000(system) Binder:2187_4 expire 5 lines
06-05 16:03:15.816  2187 21141 I chatty  : uid=1000(system) Binder:2187_17 expire 2 lines
06-05 16:03:15.816  2187  2220 I chatty  : uid=1000(system) ActivityManager expire 70 lines
06-05 16:03:15.819  2187  2201 I chatty  : uid=1000(system) Binder:2187_2 expire 4 lines
06-05 16:03:15.872  2187  3510 I chatty  : uid=1000(system) Binder:2187_9 expire 2 lines
06-05 16:03:15.991  2187  3567 I chatty  : uid=1000(system) Binder:2187_F expire 4 lines
06-05 16:03:18.525  2187  2264 I chatty  : uid=1000(system) android.display expire 2 lines
06-05 16:03:22.945  2187  2657 I chatty  : uid=1000(system) Binder:2187_5 expire 3 lines
06-05 16:03:25.657  2187  3538 I chatty  : uid=1000(system) Binder:2187_C expire 4 lines
06-05 16:03:25.670  2187 11981 I chatty  : uid=1000(system) Binder:2187_1B expire 3 lines
06-05 16:03:25.682  2187  3571 I chatty  : uid=1000(system) Binder:2187_11 expire 3 lines
06-05 16:03:25.683  2187 21111 I chatty  : uid=1000(system) Binder:2187_14 expire 3 lines
06-05 16:03:25.723  2187  3500 I chatty  : uid=1000(system) Binder:2187_7 expire 4 lines
06-05 16:03:25.724  2187 21140 I chatty  : uid=1000(system) Binder:2187_16 expire 4 lines
06-05 16:03:25.935  2187 21203 I chatty  : uid=1000(system) Binder:2187_18 expire 5 lines
06-05 16:03:31.624  2187  2498 I chatty  : uid=1000(system) AlarmManager expire 14 lines
06-05 16:03:31.678  2187  2513 I chatty  : uid=1000(system) NetworkStats expire 3 lines
06-05 16:03:38.831  2187  3535 I chatty  : uid=1000(system) Binder:2187_B expire 6 lines
06-05 16:04:07.434  2187  3569 I chatty  : uid=1000(system) Binder:2187_10 expire 6 lines
06-05 16:04:08.044  2187  3572 I chatty  : uid=1000(system) Binder:2187_12 expire 3 lines
06-05 16:04:09.489  2187  2524 I chatty  : uid=1000(system) WifiStateMachin expire 10 lines
06-05 16:04:22.538  2187  2541 I chatty  : uid=1000(system) Binder:2187_3 expire 2 lines
06-05 16:04:22.567  2187  3559 I chatty  : uid=1000(system) Binder:2187_D expire 2 lines
06-05 16:04:28.454  2187  2187 I chatty  : uid=1000 system_server expire 3 lines
06-05 16:04:31.790  2187 23143 I chatty  : uid=1000(system) Binder:2187_13 expire 1 line
06-05 16:04:34.751  2187  3514 I chatty  : uid=1000(system) Binder:2187_A expire 1 line
06-05 16:05:00.097  2187 21112 I chatty  : uid=1000(system) Binder:2187_15 expire 1 line
06-05 16:05:24.610  2187  2200 I chatty  : uid=1000(system) Binder:2187_1 expire 2 lines
06-05 16:05:26.237  2187  3503 I chatty  : uid=1000(system) Binder:2187_8 expire 4 lines
06-05 16:06:04.254  2187  3560 I chatty  : uid=1000(system) Binder:2187_E expire 2 lines
06-05 16:06:49.512  2187 11980 I chatty  : uid=1000(system) Binder:2187_1A expire 8 lines
06-05 16:07:00.003  2187  2498 I chatty  : uid=1000(system) AlarmManager expire 10 lines
06-05 16:07:01.398  2187  2187 I chatty  : uid=1000 system_server expire 9 lines
06-05 16:07:01.403  2187  2220 I chatty  : uid=1000(system) ActivityManager expire 69 lines
06-05 16:07:01.838  2187  3510 I chatty  : uid=1000(system) Binder:2187_9 expire 7 lines
06-05 16:07:01.880  2187  2524 I chatty  : uid=1000(system) WifiStateMachin expire 3 lines
06-05 16:07:05.699  2187  2200 I chatty  : uid=1000(system) Binder:2187_1 expire 4 lines
06-05 16:07:09.500  2187  2201 I chatty  : uid=1000(system) Binder:2187_2 expire 3 lines
06-05 16:07:13.759  2187  3514 I chatty  : uid=1000(system) Binder:2187_A expire 6 lines
06-05 16:07:14.150  2187  3572 I chatty  : uid=1000(system) Binder:2187_12 expire 5 lines
06-05 16:07:14.156  2187 23143 I chatty  : uid=1000(system) Binder:2187_13 expire 4 lines
06-05 16:07:14.202  2187 21111 I chatty  : uid=1000(system) Binder:2187_14 expire 3 lines
06-05 16:07:42.567  2187  3560 I chatty  : uid=1000(system) Binder:2187_E expire 6 lines
06-05 16:07:42.662  2187  3503 I chatty  : uid=1000(system) Binder:2187_8 expire 6 lines
06-05 16:07:53.591  2187  3569 I chatty  : uid=1000(system) Binder:2187_10 expire 1 line
06-05 16:08:10.610  2187 21112 I chatty  : uid=1000(system) Binder:2187_15 expire 2 lines
06-05 16:08:19.958  2187  2264 I chatty  : uid=1000(system) android.display expire 1 line
06-05 16:08:23.964  2187 21313 I chatty  : uid=1000(system) Binder:2187_19 expire 2 lines
06-05 16:08:30.558  2187  2657 I chatty  : uid=1000(system) Binder:2187_5 expire 3 lines
06-05 16:08:30.673  2187  2949 I chatty  : uid=1000(system) Binder:2187_6 expire 2 lines
06-05 16:08:30.779  2187 11981 I chatty  : uid=1000(system) Binder:2187_1B expire 3 lines
06-05 16:08:31.291  2187  2541 I chatty  : uid=1000(system) Binder:2187_3 expire 3 lines
06-05 16:08:31.838  2187  3538 I chatty  : uid=1000(system) Binder:2187_C expire 1 line
06-05 16:08:33.520  2187  2513 I chatty  : uid=1000(system) NetworkStats expire 1 line
06-05 16:08:42.302  2187 21140 I chatty  : uid=1000(system) Binder:2187_16 expire 1 line
06-05 16:08:51.712  2187  3559 I chatty  : uid=1000(system) Binder:2187_D expire 2 lines
06-05 16:08:55.776  2187  3567 I chatty  : uid=1000(system) Binder:2187_F expire 3 lines
06-05 16:08:55.834  2187  3500 I chatty  : uid=1000(system) Binder:2187_7 expire 4 lines
06-05 16:08:55.885  2187  3571 I chatty  : uid=1000(system) Binder:2187_11 expire 4 lines
06-05 16:09:08.736  2187 21141 I chatty  : uid=1000(system) Binder:2187_17 expire 3 lines
06-05 16:09:14.248  2187  2656 I chatty  : uid=1000(system) Binder:2187_4 expire 4 lines
06-05 16:09:19.400  2187 21203 I chatty  : uid=1000(system) Binder:2187_18 expire 3 lines
06-05 16:09:30.975  2187  2220 I chatty  : uid=1000(system) ActivityManager expire 77 lines
06-05 16:09:30.976  2187 11980 I chatty  : uid=1000(system) Binder:2187_1A expire 5 lines
06-05 16:09:30.995  2187  3559 I chatty  : uid=1000(system) Binder:2187_D expire 5 lines
06-05 16:09:30.997  2187  3538 I chatty  : uid=1000(system) Binder:2187_C expire 4 lines
06-05 16:09:31.266  2187  2949 I chatty  : uid=1000(system) Binder:2187_6 expire 3 lines
06-05 16:09:31.300  2187  3569 I chatty  : uid=1000(system) Binder:2187_10 expire 6 lines
06-05 16:09:31.326  2187 21313 I chatty  : uid=1000(system) Binder:2187_19 expire 2 lines
06-05 16:09:34.153  2187 23143 I chatty  : uid=1000(system) Binder:2187_13 expire 3 lines
06-05 16:09:34.259  2187  2264 I chatty  : uid=1000(system) android.display expire 3 lines
06-05 16:09:34.423  2187  2187 I chatty  : uid=1000 system_server expire 4 lines
06-05 16:09:34.670  2187  2201 I chatty  : uid=1000(system) Binder:2187_2 expire 4 lines
06-05 16:09:36.718  2187  3567 I chatty  : uid=1000(system) Binder:2187_F expire 7 lines
06-05 16:09:38.632  2187  3572 I chatty  : uid=1000(system) Binder:2187_12 expire 9 lines
06-05 16:09:47.778  2187  3500 I chatty  : uid=1000(system) Binder:2187_7 expire 1 line
06-05 16:09:47.796  2187  3503 I chatty  : uid=1000(system) Binder:2187_8 expire 5 lines
06-05 16:09:47.803  2187 21111 I chatty  : uid=1000(system) Binder:2187_14 expire 2 lines
06-05 16:09:47.829  2187  3560 I chatty  : uid=1000(system) Binder:2187_E expire 5 lines
06-05 16:09:47.833  2187  2541 I chatty  : uid=1000(system) Binder:2187_3 expire 3 lines
06-05 16:09:47.967  2187  3510 I chatty  : uid=1000(system) Binder:2187_9 expire 2 lines
06-05 16:09:52.748  2187 21141 I chatty  : uid=1000(system) Binder:2187_17 expire 7 lines
06-05 16:09:53.013  2187  3571 I chatty  : uid=1000(system) Binder:2187_11 expire 3 lines
06-05 16:09:53.057  2187  3535 I chatty  : uid=1000(system) Binder:2187_B expire 2 lines
06-05 16:10:00.001  2187  2498 I chatty  : uid=1000(system) AlarmManager expire 4 lines
06-05 16:10:00.871  2187  2657 I chatty  : uid=1000(system) Binder:2187_5 expire 4 lines
06-05 16:10:37.269  2187 11981 I chatty  : uid=1000(system) Binder:2187_1B expire 1 line
06-05 16:10:37.486  2187  3514 I chatty  : uid=1000(system) Binder:2187_A expire 1 line
06-05 16:10:37.627  2187  2656 I chatty  : uid=1000(system) Binder:2187_4 expire 2 lines
06-05 16:10:42.665  2187  2200 I chatty  : uid=1000(system) Binder:2187_1 expire 1 line
06-05 16:10:51.205  2187 21140 I chatty  : uid=1000(system) Binder:2187_16 expire 2 lines
06-05 16:10:52.585  2187 21112 I chatty  : uid=1000(system) Binder:2187_15 expire 3 lines
06-05 16:11:01.399  2187  3560 I chatty  : uid=1000(system) Binder:2187_E expire 7 lines
06-05 16:11:01.400  2187  2220 I chatty  : uid=1000(system) ActivityManager expire 74 lines
06-05 16:11:01.457  2187 11981 I chatty  : uid=1000(system) Binder:2187_1B expire 4 lines
06-05 16:11:03.599  2187  2498 I chatty  : uid=1000(system) AlarmManager expire 11 lines
06-05 16:11:03.624  2187  2656 I chatty  : uid=1000(system) Binder:2187_4 expire 2 lines
06-05 16:11:07.053  2187  3500 I chatty  : uid=1000(system) Binder:2187_7 expire 3 lines
06-05 16:11:07.765  2187 21203 I chatty  : uid=1000(system) Binder:2187_18 expire 2 lines
06-05 16:11:09.207  2187  2187 I chatty  : uid=1000 system_server expire 10 lines
06-05 16:11:17.032  2187  3572 I chatty  : uid=1000(system) Binder:2187_12 expire 2 lines
06-05 16:11:19.835  2187  3535 I chatty  : uid=1000(system) Binder:2187_B expire 4 lines
06-05 16:11:19.861  2187 23143 I chatty  : uid=1000(system) Binder:2187_13 expire 4 lines
06-05 16:11:19.893  2187  2201 I chatty  : uid=1000(system) Binder:2187_2 expire 2 lines
06-05 16:11:20.038  2187  2541 I chatty  : uid=1000(system) Binder:2187_3 expire 3 lines
06-05 16:11:20.157  2187 21140 I chatty  : uid=1000(system) Binder:2187_16 expire 4 lines
06-05 16:11:36.783  2187  3514 I chatty  : uid=1000(system) Binder:2187_A expire 7 lines
06-05 16:11:40.828  2187  2264 I chatty  : uid=1000(system) android.display expire 3 lines
06-05 16:11:45.785  2187  2657 I chatty  : uid=1000(system) Binder:2187_5 expire 3 lines
06-05 16:11:45.786  2187  3567 I chatty  : uid=1000(system) Binder:2187_F expire 1 line
06-05 16:11:45.963  2187 21313 I chatty  : uid=1000(system) Binder:2187_19 expire 3 lines
06-05 16:11:45.986  2187  2200 I chatty  : uid=1000(system) Binder:2187_1 expire 3 lines
06-05 16:11:47.477  2187  3569 I chatty  : uid=1000(system) Binder:2187_10 expire 3 lines
06-05 16:11:52.507  2187  3538 I chatty  : uid=1000(system) Binder:2187_C expire 1 line
06-05 16:11:56.081  2187  3559 I chatty  : uid=1000(system) Binder:2187_D expire 1 line
06-05 16:11:56.140  2187  3510 I chatty  : uid=1000(system) Binder:2187_9 expire 4 lines
06-05 16:11:56.141  2187  3571 I chatty  : uid=1000(system) Binder:2187_11 expire 3 lines
06-05 16:11:56.283  2187  2949 I chatty  : uid=1000(system) Binder:2187_6 expire 3 lines
06-05 16:12:05.312  2187  2218 I chatty  : uid=1000(system) android.bg expire 1 line
06-05 16:12:05.921  2187  2224 I chatty  : uid=1000(system) batterystats-sy expire 3 lines
06-05 16:12:50.863  2187 21141 I chatty  : uid=1000(system) Binder:2187_17 expire 2 lines
06-05 16:13:04.166  2187 11980 I chatty  : uid=1000(system) Binder:2187_1A expire 2 lines
06-05 16:13:13.191  2187  2265 I chatty  : uid=1000(system) CpuTracker expire 1 line
06-05 16:14:00.003  2187  2498 I chatty  : uid=1000(system) AlarmManager expire 1 line
06-05 16:14:00.080  2187  3535 I chatty  : uid=1000(system) Binder:2187_B expire 2 lines
06-05 16:14:03.149  2187  3572 I chatty  : uid=1000(system) Binder:2187_12 expire 4 lines
06-05 16:14:03.150  2187  2220 I chatty  : uid=1000(system) ActivityManager expire 84 lines
06-05 16:14:04.361  2187  3538 I chatty  : uid=1000(system) Binder:2187_C expire 4 lines
06-05 16:14:04.363  2187  3571 I chatty  : uid=1000(system) Binder:2187_11 expire 2 lines
06-05 16:14:04.549  2187 21141 I chatty  : uid=1000(system) Binder:2187_17 expire 3 lines
06-05 16:14:10.249  2187 23143 I chatty  : uid=1000(system) Binder:2187_13 expire 3 lines
06-05 16:14:10.396  2187 21203 I chatty  : uid=1000(system) Binder:2187_18 expire 3 lines
06-05 16:14:10.413  2187  2200 I chatty  : uid=1000(system) Binder:2187_1 expire 5 lines
06-05 16:14:10.435  2187  3510 I chatty  : uid=1000(system) Binder:2187_9 expire 5 lines
06-05 16:14:10.439  2187  2657 I chatty  : uid=1000(system) Binder:2187_5 expire 6 lines
06-05 16:14:10.593  2187  2656 I chatty  : uid=1000(system) Binder:2187_4 expire 4 lines
06-05 16:14:10.651  2187 21111 I chatty  : uid=1000(system) Binder:2187_14 expire 3 lines
06-05 16:14:10.683  2187  3503 I chatty  : uid=1000(system) Binder:2187_8 expire 5 lines
06-05 16:14:11.461  2187  2187 I chatty  : uid=1000 system_server expire 2 lines
06-05 16:14:12.081  2187  2201 I chatty  : uid=1000(system) Binder:2187_2 expire 3 lines
06-05 16:14:13.920  2187  3569 I chatty  : uid=1000(system) Binder:2187_10 expire 3 lines
06-05 16:14:13.935  2187  3514 I chatty  : uid=1000(system) Binder:2187_A expire 2 lines
06-05 16:14:13.958  2187  3560 I chatty  : uid=1000(system) Binder:2187_E expire 4 lines
06-05 16:14:14.052  2187  2264 I chatty  : uid=1000(system) android.display expire 5 lines
06-05 16:14:14.208  2187 21313 I chatty  : uid=1000(system) Binder:2187_19 expire 4 lines
06-05 16:14:23.886  2187  3567 I chatty  : uid=1000(system) Binder:2187_F expire 1 line
06-05 16:14:29.605  2187  3559 I chatty  : uid=1000(system) Binder:2187_D expire 1 line
06-05 16:14:29.607  2187  2949 I chatty  : uid=1000(system) Binder:2187_6 expire 4 lines
06-05 16:14:29.637  2187 21112 I chatty  : uid=1000(system) Binder:2187_15 expire 4 lines
06-05 16:14:29.854  2187 11981 I chatty  : uid=1000(system) Binder:2187_1B expire 2 lines
06-05 16:14:31.533  2187 21140 I chatty  : uid=1000(system) Binder:2187_16 expire 1 line
06-05 16:14:40.432  2187 11980 I chatty  : uid=1000(system) Binder:2187_1A expire 4 lines
06-05 16:14:40.466  2187  2541 I chatty  : uid=1000(system) Binder:2187_3 expire 2 lines
06-05 16:14:40.624  2187  3500 I chatty  : uid=1000(system) Binder:2187_7 expire 2 lines
06-05 16:14:41.093  2187  2218 I chatty  : uid=1000(system) android.bg expire 1 line
06-05 16:14:49.057  2187 21140 I chatty  : uid=1000(system) Binder:2187_16 expire 5 lines
06-05 16:14:49.058  2187  2220 I chatty  : uid=1000(system) ActivityManager expire 78 lines
06-05 16:14:49.075  2187 21141 I chatty  : uid=1000(system) Binder:2187_17 expire 3 lines
06-05 16:14:49.078  2187  3571 I chatty  : uid=1000(system) Binder:2187_11 expire 2 lines
06-05 16:14:49.095  2187 21112 I chatty  : uid=1000(system) Binder:2187_15 expire 3 lines
06-05 16:14:49.096  2187 11981 I chatty  : uid=1000(system) Binder:2187_1B expire 2 lines
06-05 16:14:49.268  2187 21313 I chatty  : uid=1000(system) Binder:2187_19 expire 6 lines
06-05 16:14:49.368  2187  2656 I chatty  : uid=1000(system) Binder:2187_4 expire 5 lines
06-05 16:15:00.001  2187  2498 I chatty  : uid=1000(system) AlarmManager expire 7 lines
06-05 16:15:00.086  2187  3567 I chatty  : uid=1000(system) Binder:2187_F expire 5 lines
06-05 16:15:03.575  2187  3559 I chatty  : uid=1000(system) Binder:2187_D expire 4 lines
06-05 16:15:03.647  2187  2187 I chatty  : uid=1000 system_server expire 3 lines
06-05 16:15:03.687  2187 23143 I chatty  : uid=1000(system) Binder:2187_13 expire 4 lines
06-05 16:15:03.710  2187  3500 I chatty  : uid=1000(system) Binder:2187_7 expire 4 lines
06-05 16:15:05.711  2187  2200 I chatty  : uid=1000(system) Binder:2187_1 expire 4 lines
06-05 16:15:06.572  2187  2264 I chatty  : uid=1000(system) android.display expire 2 lines
06-05 16:15:07.168  2187  3503 I chatty  : uid=1000(system) Binder:2187_8 expire 3 lines
06-05 16:15:19.564  2187  3572 I chatty  : uid=1000(system) Binder:2187_12 expire 3 lines
06-05 16:15:19.588  2187  3514 I chatty  : uid=1000(system) Binder:2187_A expire 2 lines
06-05 16:15:19.610  2187  3569 I chatty  : uid=1000(system) Binder:2187_10 expire 4 lines
06-05 16:15:19.859  2187  2657 I chatty  : uid=1000(system) Binder:2187_5 expire 1 line
06-05 16:15:24.544  2187  2201 I chatty  : uid=1000(system) Binder:2187_2 expire 2 lines
06-05 16:15:24.581  2187  3538 I chatty  : uid=1000(system) Binder:2187_C expire 4 lines
06-05 16:15:24.790  2187 11980 I chatty  : uid=1000(system) Binder:2187_1A expire 7 lines
06-05 16:15:24.828  2187 21203 I chatty  : uid=1000(system) Binder:2187_18 expire 4 lines
06-05 16:15:30.442  2187  3510 I chatty  : uid=1000(system) Binder:2187_9 expire 2 lines
06-05 16:15:30.479  2187  2541 I chatty  : uid=1000(system) Binder:2187_3 expire 2 lines
06-05 16:15:30.607  2187  3560 I chatty  : uid=1000(system) Binder:2187_E expire 2 lines
06-05 16:15:30.677  2187 21111 I chatty  : uid=1000(system) Binder:2187_14 expire 2 lines
06-05 16:15:30.716  2187  3535 I chatty  : uid=1000(system) Binder:2187_B expire 9 lines
06-05 16:16:17.329  2187  2657 I chatty  : uid=1000(system) Binder:2187_5 expire 3 lines
06-05 16:16:17.330  2187  2220 I chatty  : uid=1000(system) ActivityManager expire 36 lines
06-05 16:16:17.353  2187  3510 I chatty  : uid=1000(system) Binder:2187_9 expire 4 lines
06-05 16:16:17.357  2187 21140 I chatty  : uid=1000(system) Binder:2187_16 expire 3 lines
06-05 16:16:17.525  2187  2949 I chatty  : uid=1000(system) Binder:2187_6 expire 4 lines
06-05 16:16:17.557  2187 21112 I chatty  : uid=1000(system) Binder:2187_15 expire 4 lines
06-05 16:16:17.593  2187 11980 I chatty  : uid=1000(system) Binder:2187_1A expire 4 lines
06-05 16:16:17.594  2187  3567 I chatty  : uid=1000(system) Binder:2187_F expire 4 lines
06-05 16:16:19.317  2187  3559 I chatty  : uid=1000(system) Binder:2187_D expire 4 lines
06-05 16:16:19.319  2187 23143 I chatty  : uid=1000(system) Binder:2187_13 expire 4 lines
06-05 16:16:19.375  2187 21111 I chatty  : uid=1000(system) Binder:2187_14 expire 3 lines
06-05 16:16:19.429  2187  3514 I chatty  : uid=1000(system) Binder:2187_A expire 4 lines
06-05 16:16:19.447  2187  2656 I chatty  : uid=1000(system) Binder:2187_4 expire 2 lines
06-05 16:16:19.471  2187 21203 I chatty  : uid=1000(system) Binder:2187_18 expire 3 lines
06-05 16:16:24.463  2187  2541 I chatty  : uid=1000(system) Binder:2187_3 expire 3 lines
06-05 16:16:27.638  2187  2201 I chatty  : uid=1000(system) Binder:2187_2 expire 3 lines
06-05 16:16:28.611  2187 21141 I chatty  : uid=1000(system) Binder:2187_17 expire 5 lines
06-05 16:16:28.762  2187  3572 I chatty  : uid=1000(system) Binder:2187_12 expire 2 lines
06-05 16:16:28.826  2187  3560 I chatty  : uid=1000(system) Binder:2187_E expire 2 lines
06-05 16:16:28.865  2187  3503 I chatty  : uid=1000(system) Binder:2187_8 expire 3 lines
06-05 16:16:37.392  2187  3569 I chatty  : uid=1000(system) Binder:2187_10 expire 1 line
06-05 16:16:37.677  2187  2200 I chatty  : uid=1000(system) Binder:2187_1 expire 4 lines
06-05 16:16:41.245  3524  3627 W ContextImpl: Calling a method in the system process without a qualified user: android.app.ContextImpl.bindService:1422 android.content.ContextWrapper.bindService:636 com.google.android.gms.ads.identifier.AdvertisingIdClient.h:-1 com.google.android.gms.ads.identifier.AdvertisingIdClient.b:-1 com.google.android.gms.ads.identifier.AdvertisingIdClient.getAdvertisingIdInfo:-1 
06-05 16:16:43.360  2187  2513 I chatty  : uid=1000(system) NetworkStats expire 1 line
06-05 16:16:43.360  2187  2220 I chatty  : uid=1000(system) ActivityManager expire 50 lines
06-05 16:16:46.647  2187  3500 I chatty  : uid=1000(system) Binder:2187_7 expire 3 lines
06-05 16:16:54.272  2187  3571 I chatty  : uid=1000(system) Binder:2187_11 expire 2 lines
06-05 16:17:00.000  2187  2498 I chatty  : uid=1000(system) AlarmManager expire 4 lines
06-05 16:17:00.079  2187 11981 I chatty  : uid=1000(system) Binder:2187_1B expire 1 line
06-05 16:17:03.757  2187  3538 I chatty  : uid=1000(system) Binder:2187_C expire 5 lines
06-05 16:17:33.881  2187  2524 I chatty  : uid=1000(system) WifiStateMachin expire 2 lines
06-05 16:17:37.026  2187  2187 I chatty  : uid=1000 system_server expire 1 line
06-05 16:17:38.714  2187 21313 I chatty  : uid=1000(system) Binder:2187_19 expire 1 line
06-05 16:17:39.253  2187  2220 I chatty  : uid=1000(system) ActivityManager expire 87 lines
06-05 16:17:39.255  2187 21141 I chatty  : uid=1000(system) Binder:2187_17 expire 1 line
06-05 16:17:39.285  2187  3514 I chatty  : uid=1000(system) Binder:2187_A expire 4 lines
06-05 16:17:39.287  2187  2656 I chatty  : uid=1000(system) Binder:2187_4 expire 7 lines
06-05 16:17:39.449  2187  3503 I chatty  : uid=1000(system) Binder:2187_8 expire 10 lines
06-05 16:17:39.511  2187 21111 I chatty  : uid=1000(system) Binder:2187_14 expire 7 lines
06-05 16:17:39.542  2187  3569 I chatty  : uid=1000(system) Binder:2187_10 expire 5 lines
06-05 16:17:42.982  2187  2524 I chatty  : uid=1000(system) WifiStateMachin expire 2 lines
06-05 16:17:47.742  2187  2657 I chatty  : uid=1000(system) Binder:2187_5 expire 3 lines
06-05 16:17:47.782  2187  3500 I chatty  : uid=1000(system) Binder:2187_7 expire 8 lines
06-05 16:17:47.937  2187 11981 I chatty  : uid=1000(system) Binder:2187_1B expire 5 lines
06-05 16:17:47.982  2187  3559 I chatty  : uid=1000(system) Binder:2187_D expire 3 lines
06-05 16:17:49.873  2187  3572 I chatty  : uid=1000(system) Binder:2187_12 expire 3 lines
06-05 16:17:50.810  2187  2541 I chatty  : uid=1000(system) Binder:2187_3 expire 3 lines
06-05 16:17:55.203  2187  3567 I chatty  : uid=1000(system) Binder:2187_F expire 3 lines
06-05 16:17:57.499  2187  3510 I chatty  : uid=1000(system) Binder:2187_9 expire 4 lines
06-05 16:17:57.529  2187  2201 I chatty  : uid=1000(system) Binder:2187_2 expire 2 lines
06-05 16:17:57.731  2187  3560 I chatty  : uid=1000(system) Binder:2187_E expire 3 lines
06-05 16:17:59.743  2187 21203 I chatty  : uid=1000(system) Binder:2187_18 expire 4 lines
06-05 16:18:00.001  2187  2498 I chatty  : uid=1000(system) AlarmManager expire 3 lines
06-05 16:18:02.694  2187  3538 I chatty  : uid=1000(system) Binder:2187_C expire 1 line
06-05 16:18:02.748  2187  3535 I chatty  : uid=1000(system) Binder:2187_B expire 1 line
06-05 16:18:02.998  2187  2200 I chatty  : uid=1000(system) Binder:2187_1 expire 6 lines
06-05 16:18:05.738  2187 21140 I chatty  : uid=1000(system) Binder:2187_16 expire 1 line
06-05 16:18:17.602  2187 21112 I chatty  : uid=1000(system) Binder:2187_15 expire 1 line
06-05 16:18:19.047  2187  2264 I chatty  : uid=1000(system) android.display expire 1 line
06-05 16:18:23.050  2187  2949 I chatty  : uid=1000(system) Binder:2187_6 expire 1 line
06-05 16:18:24.446  2187 11980 I chatty  : uid=1000(system) Binder:2187_1A expire 4 lines
06-05 16:18:31.418  2187  2220 I chatty  : uid=1000(system) ActivityManager expire 82 lines
06-05 16:18:31.421  2187  3567 I chatty  : uid=1000(system) Binder:2187_F expire 2 lines
06-05 16:18:31.443  2187 23143 I chatty  : uid=1000(system) Binder:2187_13 expire 6 lines
06-05 16:18:31.528  2187  2264 I chatty  : uid=1000(system) android.display expire 3 lines
06-05 16:18:31.596  2187 21111 I chatty  : uid=1000(system) Binder:2187_14 expire 6 lines
06-05 16:18:31.657  2187  2949 I chatty  : uid=1000(system) Binder:2187_6 expire 3 lines
06-05 16:18:31.811  2187  2200 I chatty  : uid=1000(system) Binder:2187_1 expire 3 lines
06-05 16:18:35.265  2187  3510 I chatty  : uid=1000(system) Binder:2187_9 expire 4 lines
06-05 16:18:35.289  2187 21203 I chatty  : uid=1000(system) Binder:2187_18 expire 7 lines
06-05 16:18:35.318  2187  3571 I chatty  : uid=1000(system) Binder:2187_11 expire 7 lines
06-05 16:18:35.563  2187  3560 I chatty  : uid=1000(system) Binder:2187_E expire 4 lines
06-05 16:18:37.290  2187  2201 I chatty  : uid=1000(system) Binder:2187_2 expire 3 lines
06-05 16:18:42.824  2187  3572 I chatty  : uid=1000(system) Binder:2187_12 expire 2 lines
06-05 16:18:47.793  2187  3500 I chatty  : uid=1000(system) Binder:2187_7 expire 3 lines
06-05 16:18:47.796  2187  3514 I chatty  : uid=1000(system) Binder:2187_A expire 1 line
06-05 16:18:48.036  2187  3559 I chatty  : uid=1000(system) Binder:2187_D expire 4 lines
06-05 16:18:51.216  2187  3503 I chatty  : uid=1000(system) Binder:2187_8 expire 4 lines
06-05 16:18:56.230  2187 21112 I chatty  : uid=1000(system) Binder:2187_15 expire 5 lines
06-05 16:18:58.735  2187 21140 I chatty  : uid=1000(system) Binder:2187_16 expire 1 line
06-05 16:18:58.738  2187 21313 I chatty  : uid=1000(system) Binder:2187_19 expire 6 lines
06-05 16:18:58.768  2187  2656 I chatty  : uid=1000(system) Binder:2187_4 expire 2 lines
06-05 16:18:58.898  2187  3538 I chatty  : uid=1000(system) Binder:2187_C expire 2 lines
06-05 16:18:59.178  2187  3569 I chatty  : uid=1000(system) Binder:2187_10 expire 5 lines
06-05 16:19:00.001  2187  2498 I chatty  : uid=1000(system) AlarmManager expire 5 lines
06-05 16:19:01.367  2187  2657 I chatty  : uid=1000(system) Binder:2187_5 expire 3 lines
06-05 16:19:01.650  2187  3535 I chatty  : uid=1000(system) Binder:2187_B expire 3 lines
06-05 16:19:44.364  2187  3572 I chatty  : uid=1000(system) Binder:2187_12 expire 4 lines
06-05 16:19:44.364  2187  2220 I chatty  : uid=1000(system) ActivityManager expire 82 lines
06-05 16:19:44.365  2187  3567 I chatty  : uid=1000(system) Binder:2187_F expire 2 lines
06-05 16:19:44.384  2187 11981 I chatty  : uid=1000(system) Binder:2187_1B expire 2 lines
06-05 16:19:44.385  2187  3514 I chatty  : uid=1000(system) Binder:2187_A expire 4 lines
06-05 16:19:44.520  2187  3510 I chatty  : uid=1000(system) Binder:2187_9 expire 3 lines
06-05 16:19:44.666  2187  2657 I chatty  : uid=1000(system) Binder:2187_5 expire 5 lines
06-05 16:19:44.704  2187 11980 I chatty  : uid=1000(system) Binder:2187_1A expire 5 lines
06-05 16:19:47.747  2187  2949 I chatty  : uid=1000(system) Binder:2187_6 expire 2 lines
06-05 16:19:48.957  2187 21141 I chatty  : uid=1000(system) Binder:2187_17 expire 6 lines
06-05 16:19:57.709  2187  3559 I chatty  : uid=1000(system) Binder:2187_D expire 6 lines
06-05 16:20:00.002  2187  2498 I chatty  : uid=1000(system) AlarmManager expire 7 lines
06-05 16:20:00.076  2187  3569 I chatty  : uid=1000(system) Binder:2187_10 expire 6 lines
06-05 16:20:02.291  2187  3560 I chatty  : uid=1000(system) Binder:2187_E expire 5 lines
06-05 16:20:02.305  2187  2200 I chatty  : uid=1000(system) Binder:2187_1 expire 2 lines
06-05 16:20:02.307  2187 23143 I chatty  : uid=1000(system) Binder:2187_13 expire 4 lines
06-05 16:20:02.331  2187 21112 I chatty  : uid=1000(system) Binder:2187_15 expire 4 lines
06-05 16:20:02.333  2187  2656 I chatty  : uid=1000(system) Binder:2187_4 expire 3 lines
06-05 16:20:02.630  2187 21313 I chatty  : uid=1000(system) Binder:2187_19 expire 2 lines
06-05 16:20:03.736  2187 21140 I chatty  : uid=1000(system) Binder:2187_16 expire 1 line
06-05 16:20:03.757  2187  2541 I chatty  : uid=1000(system) Binder:2187_3 expire 2 lines
06-05 16:20:19.668  2187  3571 I chatty  : uid=1000(system) Binder:2187_11 expire 2 lines
06-05 16:20:20.422  2187  3503 I chatty  : uid=1000(system) Binder:2187_8 expire 3 lines
06-05 16:20:21.698  2187  2187 I chatty  : uid=1000 system_server expire 1 line
06-05 16:20:24.924  2187  2264 I chatty  : uid=1000(system) android.display expire 3 lines
06-05 16:20:27.521  2187 21203 I chatty  : uid=1000(system) Binder:2187_18 expire 4 lines
06-05 16:20:30.394  2187  2201 I chatty  : uid=1000(system) Binder:2187_2 expire 1 line
06-05 16:20:34.919  2187 21111 I chatty  : uid=1000(system) Binder:2187_14 expire 3 lines
06-05 16:20:38.245  2187  3538 I chatty  : uid=1000(system) Binder:2187_C expire 3 lines
06-05 16:21:51.107  2187  3500 I chatty  : uid=1000(system) Binder:2187_7 expire 2 lines
06-05 16:21:52.103  2187  3538 I chatty  : uid=1000(system) Binder:2187_C expire 5 lines
06-05 16:21:52.255  2187  2264 I chatty  : uid=1000(system) android.display expire 6 lines
06-05 16:21:58.227  2187 11981 I chatty  : uid=1000(system) Binder:2187_1B expire 2 lines
06-05 16:21:58.259  2187  2656 I chatty  : uid=1000(system) Binder:2187_4 expire 4 lines
06-05 16:21:58.260  2187  3571 I chatty  : uid=1000(system) Binder:2187_11 expire 4 lines
06-05 16:22:00.000  2187  2498 I chatty  : uid=1000(system) AlarmManager expire 11 lines
06-05 16:22:00.087  2187  2949 I chatty  : uid=1000(system) Binder:2187_6 expire 5 lines
06-05 16:22:00.762  2187 11980 I chatty  : uid=1000(system) Binder:2187_1A expire 2 lines
06-05 16:22:00.763  2187  2220 I chatty  : uid=1000(system) ActivityManager expire 16 lines
06-05 16:22:15.649  2187 21141 I chatty  : uid=1000(system) Binder:2187_17 expire 3 lines
06-05 16:22:15.650  2187  3510 I chatty  : uid=1000(system) Binder:2187_9 expire 5 lines
06-05 16:22:15.763  2187  3560 I chatty  : uid=1000(system) Binder:2187_E expire 5 lines
06-05 16:22:16.433  2187  3569 I chatty  : uid=1000(system) Binder:2187_10 expire 2 lines
06-05 16:22:29.317  2187  2201 I chatty  : uid=1000(system) Binder:2187_2 expire 4 lines
06-05 16:22:31.636  2187  2657 I chatty  : uid=1000(system) Binder:2187_5 expire 8 lines
06-05 16:22:37.376  2187 21140 I chatty  : uid=1000(system) Binder:2187_16 expire 2 lines
06-05 16:22:37.391  2187  2200 I chatty  : uid=1000(system) Binder:2187_1 expire 1 line
06-05 16:23:26.161  2187  3567 I chatty  : uid=1000(system) Binder:2187_F expire 4 lines
06-05 16:23:31.748  2187  3503 I chatty  : uid=1000(system) Binder:2187_8 expire 3 lines
06-05 16:23:32.441  2622  2622 V DeadZone: consuming errant click: (382.0,0.0)
06-05 16:23:35.292  2187  2220 I chatty  : uid=1000(system) ActivityManager expire 53 lines
06-05 16:23:35.293  2187 21203 I chatty  : uid=1000(system) Binder:2187_18 expire 4 lines
06-05 16:23:49.913  2187 21111 I chatty  : uid=1000(system) Binder:2187_14 expire 3 lines
06-05 16:23:57.588  2187  2541 I chatty  : uid=1000(system) Binder:2187_3 expire 2 lines
06-05 16:23:57.723  2187  3535 I chatty  : uid=1000(system) Binder:2187_B expire 3 lines
06-05 16:23:57.944  2187  3572 I chatty  : uid=1000(system) Binder:2187_12 expire 2 lines
06-05 16:23:58.017  2187 21112 I chatty  : uid=1000(system) Binder:2187_15 expire 1 line
06-05 16:24:02.923  2187  3514 I chatty  : uid=1000(system) Binder:2187_A expire 5 lines
06-05 16:24:17.892  2187  2187 I chatty  : uid=1000 system_server expire 1 line
06-05 16:24:17.914  2187  2224 I chatty  : uid=1000(system) batterystats-sy expire 3 lines
06-05 16:24:40.602  2187 23143 I chatty  : uid=1000(system) Binder:2187_13 expire 4 lines
06-05 16:24:47.147  2187 21313 I chatty  : uid=1000(system) Binder:2187_19 expire 2 lines
06-05 16:24:54.700  2187  3559 I chatty  : uid=1000(system) Binder:2187_D expire 4 lines
06-05 16:24:54.935  2187  2220 I chatty  : uid=1000(system) ActivityManager expire 81 lines
06-05 16:24:56.280  2187  2264 I chatty  : uid=1000(system) android.display expire 3 lines
06-05 16:24:57.719  2187  2541 I chatty  : uid=1000(system) Binder:2187_3 expire 3 lines
06-05 16:24:58.268  2187  3538 I chatty  : uid=1000(system) Binder:2187_C expire 7 lines
06-05 16:24:58.301  2187  3571 I chatty  : uid=1000(system) Binder:2187_11 expire 5 lines
06-05 16:24:58.548  2187  3500 I chatty  : uid=1000(system) Binder:2187_7 expire 6 lines
06-05 16:24:59.806  2187 21313 I chatty  : uid=1000(system) Binder:2187_19 expire 2 lines
06-05 16:24:59.809  2187  3510 I chatty  : uid=1000(system) Binder:2187_9 expire 5 lines
06-05 16:24:59.882  2187 21203 I chatty  : uid=1000(system) Binder:2187_18 expire 3 lines
06-05 16:25:00.001  2187 23143 I chatty  : uid=1000(system) Binder:2187_13 expire 4 lines
06-05 16:25:00.002  2187  2498 I chatty  : uid=1000(system) AlarmManager expire 6 lines
06-05 16:25:00.083  2187 21112 I chatty  : uid=1000(system) Binder:2187_15 expire 5 lines
06-05 16:25:09.279  2187 21141 I chatty  : uid=1000(system) Binder:2187_17 expire 5 lines
06-05 16:25:09.296  2187  3535 I chatty  : uid=1000(system) Binder:2187_B expire 5 lines
06-05 16:25:09.319  2187  2656 I chatty  : uid=1000(system) Binder:2187_4 expire 5 lines
06-05 16:25:09.321  2187 21140 I chatty  : uid=1000(system) Binder:2187_16 expire 3 lines
06-05 16:25:09.578  2187  2200 I chatty  : uid=1000(system) Binder:2187_1 expire 3 lines
06-05 16:25:14.191  2187  3514 I chatty  : uid=1000(system) Binder:2187_A expire 3 lines
06-05 16:25:14.368  2187 11981 I chatty  : uid=1000(system) Binder:2187_1B expire 3 lines
06-05 16:25:14.427  2187  3572 I chatty  : uid=1000(system) Binder:2187_12 expire 1 line
06-05 16:25:14.965  2187 21111 I chatty  : uid=1000(system) Binder:2187_14 expire 3 lines
06-05 16:25:14.971  2187  3567 I chatty  : uid=1000(system) Binder:2187_F expire 4 lines
06-05 16:25:23.209  2187  3560 I chatty  : uid=1000(system) Binder:2187_E expire 2 lines
06-05 16:25:23.448  2187  3569 I chatty  : uid=1000(system) Binder:2187_10 expire 2 lines
06-05 16:25:24.718  2187  3503 I chatty  : uid=1000(system) Binder:2187_8 expire 2 lines
06-05 16:25:58.878  2187  2524 I chatty  : uid=1000(system) WifiStateMachin expire 5 lines
06-05 16:26:00.129  2187  2201 I chatty  : uid=1000(system) Binder:2187_2 expire 4 lines
06-05 16:26:21.251  2187  3567 I chatty  : uid=1000(system) Binder:2187_F expire 4 lines
06-05 16:26:21.252  2187  2220 I chatty  : uid=1000(system) ActivityManager expire 82 lines
06-05 16:26:21.311  2187  3503 I chatty  : uid=1000(system) Binder:2187_8 expire 3 lines
06-05 16:26:21.408  2187  3560 I chatty  : uid=1000(system) Binder:2187_E expire 4 lines
06-05 16:26:24.800  2187  2264 I chatty  : uid=1000(system) android.display expire 4 lines
06-05 16:26:33.483  2187 21111 I chatty  : uid=1000(system) Binder:2187_14 expire 3 lines
06-05 16:26:33.485  2187 11980 I chatty  : uid=1000(system) Binder:2187_1A expire 7 lines
06-05 16:26:33.578  2187 21112 I chatty  : uid=1000(system) Binder:2187_15 expire 2 lines
06-05 16:26:33.694  2187  3538 I chatty  : uid=1000(system) Binder:2187_C expire 3 lines
06-05 16:26:39.263  2187  2200 I chatty  : uid=1000(system) Binder:2187_1 expire 4 lines
06-05 16:26:39.419  2187  3510 I chatty  : uid=1000(system) Binder:2187_9 expire 3 lines
06-05 16:26:45.152  2187 21140 I chatty  : uid=1000(system) Binder:2187_16 expire 6 lines
06-05 16:26:45.729  2187 21141 I chatty  : uid=1000(system) Binder:2187_17 expire 4 lines
06-05 16:26:49.693  2187 21313 I chatty  : uid=1000(system) Binder:2187_19 expire 6 lines
06-05 16:26:50.347  2187  2541 I chatty  : uid=1000(system) Binder:2187_3 expire 4 lines
06-05 16:26:51.674  2187  3569 I chatty  : uid=1000(system) Binder:2187_10 expire 3 lines
06-05 16:26:56.137  2187 21203 I chatty  : uid=1000(system) Binder:2187_18 expire 4 lines
06-05 16:27:00.001  2187  2498 I chatty  : uid=1000(system) AlarmManager expire 4 lines
06-05 16:27:00.120  2187  3571 I chatty  : uid=1000(system) Binder:2187_11 expire 2 lines
06-05 16:27:02.078  2187 11981 I chatty  : uid=1000(system) Binder:2187_1B expire 2 lines
06-05 16:27:02.080  2187  3572 I chatty  : uid=1000(system) Binder:2187_12 expire 2 lines
06-05 16:27:02.550  2187  2187 I chatty  : uid=1000 system_server expire 1 line
06-05 16:27:02.573  2187  2224 I chatty  : uid=1000(system) batterystats-sy expire 3 lines
06-05 16:27:07.171  2187  3535 I chatty  : uid=1000(system) Binder:2187_B expire 1 line
06-05 16:27:07.198  2187  2656 I chatty  : uid=1000(system) Binder:2187_4 expire 1 line
06-05 16:27:07.478  2187  3500 I chatty  : uid=1000(system) Binder:2187_7 expire 4 lines
06-05 16:27:11.429  2187  2657 I chatty  : uid=1000(system) Binder:2187_5 expire 3 lines
06-05 16:27:14.556  2187  3559 I chatty  : uid=1000(system) Binder:2187_D expire 3 lines
06-05 16:27:16.295  2187  3514 I chatty  : uid=1000(system) Binder:2187_A expire 2 lines
06-05 16:27:27.935  2187  2949 I chatty  : uid=1000(system) Binder:2187_6 expire 1 line
06-05 16:27:35.241  2187  2513 I chatty  : uid=1000(system) NetworkStats expire 1 line
06-05 16:27:37.417  2187 23143 I chatty  : uid=1000(system) Binder:2187_13 expire 5 lines
06-05 16:27:54.828  2622  2622 V DeadZone: consuming errant click: (54.0,7.0)
06-05 16:27:58.724  2187 11981 I chatty  : uid=1000(system) Binder:2187_1B expire 3 lines
06-05 16:27:58.725  2187  2220 I chatty  : uid=1000(system) ActivityManager expire 74 lines
06-05 16:27:58.726  2187  3535 I chatty  : uid=1000(system) Binder:2187_B expire 6 lines
06-05 16:27:58.736  2187  3572 I chatty  : uid=1000(system) Binder:2187_12 expire 5 lines
06-05 16:27:58.838  2187 21141 I chatty  : uid=1000(system) Binder:2187_17 expire 2 lines
06-05 16:28:00.000  2187  2498 I chatty  : uid=1000(system) AlarmManager expire 9 lines
06-05 16:28:00.107  2187 21140 I chatty  : uid=1000(system) Binder:2187_16 expire 4 lines
06-05 16:28:02.022  2187  2949 I chatty  : uid=1000(system) Binder:2187_6 expire 5 lines
06-05 16:28:04.594  2187  2264 I chatty  : uid=1000(system) android.display expire 3 lines
06-05 16:28:06.931  2187  3503 I chatty  : uid=1000(system) Binder:2187_8 expire 3 lines
06-05 16:28:09.008  2187  2201 I chatty  : uid=1000(system) Binder:2187_2 expire 3 lines
06-05 16:28:09.011  2187 21111 I chatty  : uid=1000(system) Binder:2187_14 expire 6 lines
06-05 16:28:09.093  2187 21203 I chatty  : uid=1000(system) Binder:2187_18 expire 5 lines
06-05 16:28:09.182  2187  3571 I chatty  : uid=1000(system) Binder:2187_11 expire 8 lines
06-05 16:28:17.606  2187 21112 I chatty  : uid=1000(system) Binder:2187_15 expire 4 lines
06-05 16:28:17.650  2187  3514 I chatty  : uid=1000(system) Binder:2187_A expire 2 lines
