05-15 00:32:23.624  2185  2185 I chatty  : uid=1000 system_server expire 4 lines
05-15 00:32:23.717  2185  5139 I chatty  : uid=1000(system) Binder:2185_15 expire 2 lines
05-15 00:32:23.794  2185 24173 I chatty  : uid=1000(system) Binder:2185_19 expire 3 lines
05-15 00:32:24.065  2185  3653 I chatty  : uid=1000(system) Binder:2185_9 expire 2 lines
05-15 00:32:24.463  2185  2200 I chatty  : uid=1000(system) Binder:2185_2 expire 1 line
05-15 00:32:29.500  2646  2646 V KeyguardDisplayManager: hide
05-15 00:32:31.221  2185  3593 I chatty  : uid=1000(system) Binder:2185_7 expire 5 lines
05-15 00:32:34.822  2185  2504 I chatty  : uid=1000(system) AlarmManager expire 11 lines
05-15 00:32:34.846  2185  3725 I chatty  : uid=1000(system) Binder:2185_11 expire 6 lines
05-15 00:32:35.932  2185 19421 I chatty  : uid=1000(system) Binder:2185_13 expire 4 lines
05-15 00:32:38.076  2185  5138 I chatty  : uid=1000(system) Binder:2185_14 expire 3 lines
05-15 00:32:38.124  2185  2258 I chatty  : uid=1000(system) android.display expire 10 lines
05-15 00:32:40.358  2185 19420 I chatty  : uid=1000(system) Binder:2185_12 expire 3 lines
05-15 00:32:46.537  2185  3653 I chatty  : uid=1000(system) Binder:2185_9 expire 2 lines
05-15 00:32:47.331  2185  3657 I chatty  : uid=1000(system) Binder:2185_A expire 1 line
05-15 00:32:47.332  2185 25140 I chatty  : uid=1000(system) Binder:2185_1B expire 3 lines
05-15 00:32:47.333  2185  2537 I chatty  : uid=1000(system) ConnectivitySer expire 1 line
05-15 00:32:49.999  2185 25141 I chatty  : uid=1000(system) Binder:2185_1C expire 3 lines
05-15 00:32:50.013  2185 11206 I chatty  : uid=1000(system) Binder:2185_20 expire 2 lines
05-15 00:32:50.016  2185  2890 I chatty  : uid=1000(system) Binder:2185_5 expire 3 lines
05-15 00:33:00.121  2185  2200 I chatty  : uid=1000(system) Binder:2185_2 expire 5 lines
05-15 00:33:04.772  2185  2218 I chatty  : uid=1000(system) ActivityManager expire 26 lines
05-15 00:33:04.793  2185 11205 I chatty  : uid=1000(system) Binder:2185_1F expire 1 line
05-15 00:33:05.989  2185  3565 I chatty  : uid=1000(system) Binder:2185_6 expire 1 line
05-15 00:33:06.237  2185  3679 I chatty  : uid=1000(system) Binder:2185_C expire 2 lines
05-15 00:33:18.545 12248 12248 W ViewRootImpl[HomeActivity]: Cancelling event due to no window focus: KeyEvent { action=ACTION_UP, keyCode=KEYCODE_BACK, scanCode=0, metaState=0, flags=0x68, repeatCount=0, eventTime=513603016, downTime=513602921, deviceId=-1, source=0x101 }
05-15 00:33:18.545 12248 12248 W ViewRootImpl[HomeActivity]: Cancelling event due to no window focus: KeyEvent { action=ACTION_UP, keyCode=KEYCODE_BACK, scanCode=0, metaState=0, flags=0x68, repeatCount=0, eventTime=513603016, downTime=513602921, deviceId=-1, source=0x101 }
05-15 00:33:18.545 12248 12248 W ViewRootImpl[HomeActivity]: Cancelling event due to no window focus: KeyEvent { action=ACTION_UP, keyCode=KEYCODE_BACK, scanCode=0, metaState=0, flags=0x68, repeatCount=0, eventTime=513603016, downTime=513602921, deviceId=-1, source=0x101 }
05-15 00:33:18.545 12248 12248 W ViewRootImpl[HomeActivity]: Cancelling event due to no window focus: KeyEvent { action=ACTION_UP, keyCode=KEYCODE_BACK, scanCode=0, metaState=0, flags=0x68, repeatCount=0, eventTime=513603016, downTime=513602921, deviceId=-1, source=0x101 }
05-15 00:33:18.545 12248 12248 W ViewRootImpl[HomeActivity]: Cancelling event due to no window focus: KeyEvent { action=ACTION_UP, keyCode=KEYCODE_BACK, scanCode=0, metaState=0, flags=0x68, repeatCount=0, eventTime=513603016, downTime=513602921, deviceId=-1, source=0x101 }
05-15 00:33:18.545 12248 12248 W ViewRootImpl[HomeActivity]: Cancelling event due to no window focus: KeyEvent { action=ACTION_UP, keyCode=KEYCODE_BACK, scanCode=0, metaState=0, flags=0x68, repeatCount=0, eventTime=513603016, downTime=513602921, deviceId=-1, source=0x101 }
05-15 00:33:18.545 12248 12248 W ViewRootImpl[HomeActivity]: Cancelling event due to no window focus: KeyEvent { action=ACTION_UP, keyCode=KEYCODE_BACK, scanCode=0, metaState=0, flags=0x68, repeatCount=0, eventTime=513603016, downTime=513602921, deviceId=-1, source=0x101 }
05-15 00:33:18.545 12248 12248 W ViewRootImpl[HomeActivity]: Cancelling event due to no window focus: KeyEvent { action=ACTION_UP, keyCode=KEYCODE_BACK, scanCode=0, metaState=0, flags=0x68, repeatCount=0, eventTime=513603016, downTime=513602921, deviceId=-1, source=0x101 }
05-15 00:33:18.545 12248 12248 W ViewRootImpl[HomeActivity]: Cancelling event due to no window focus: KeyEvent { action=ACTION_UP, keyCode=KEYCODE_BACK, scanCode=0, metaState=0, flags=0x68, repeatCount=0, eventTime=513603016, downTime=513602921, deviceId=-1, source=0x101 }
05-15 00:33:18.716  2185  2258 I chatty  : uid=1000(system) android.display expire 11 lines
05-15 00:33:21.698  2185 24175 I chatty  : uid=1000(system) Binder:2185_1A expire 1 line
05-15 00:33:31.990  2185  3595 I chatty  : uid=1000(system) Binder:2185_8 expire 1 line
05-15 00:33:34.901  2185  5139 I chatty  : uid=1000(system) Binder:2185_15 expire 2 lines
05-15 00:33:47.332  2185 24171 I chatty  : uid=1000(system) Binder:2185_18 expire 1 line
05-15 00:33:48.860  2185  3698 I chatty  : uid=1000(system) Binder:2185_E expire 4 lines
05-15 00:34:08.184  2185 10699 I chatty  : uid=1000(system) Binder:2185_1E expire 2 lines
05-15 00:34:21.795  2185 31361 I chatty  : uid=1000(system) Binder:2185_17 expire 1 line
05-15 00:34:21.819  3716  3818 W ContextImpl: Calling a method in the system process without a qualified user: android.app.ContextImpl.bindService:1422 android.content.ContextWrapper.bindService:636 com.google.android.gms.ads.identifier.AdvertisingIdClient.h:-1 com.google.android.gms.ads.identifier.AdvertisingIdClient.b:-1 com.google.android.gms.ads.identifier.AdvertisingIdClient.getAdvertisingIdInfo:-1 
05-15 00:34:21.955  2185  2530 I chatty  : uid=1000(system) WifiStateMachin expire 23 lines
05-15 00:34:22.127  2185  2525 I chatty  : uid=1000(system) WifiP2pService expire 6 lines
05-15 00:34:22.129  2185  2258 I chatty  : uid=1000(system) android.display expire 1 line
05-15 00:34:22.236  2185  2222 I chatty  : uid=1000(system) batterystats-sy expire 1 line
05-15 00:34:23.154  2185  2622 I chatty  : uid=1000(system) Binder:2185_4 expire 2 lines
05-15 00:34:23.733  2185  2185 I chatty  : uid=1000 system_server expire 18 lines
05-15 00:34:23.789  2185 24173 I chatty  : uid=1000(system) Binder:2185_19 expire 2 lines
05-15 00:34:24.081  2185  2199 I chatty  : uid=1000(system) Binder:2185_1 expire 1 line
05-15 00:34:26.708  2185  3678 I chatty  : uid=1000(system) Binder:2185_B expire 8 lines
05-15 00:34:27.835  2185  2218 I chatty  : uid=1000(system) ActivityManager expire 21 lines
05-15 00:34:27.841  2185 10699 I chatty  : uid=1000(system) Binder:2185_1E expire 5 lines
05-15 00:34:27.854  2185  2530 I chatty  : uid=1000(system) WifiStateMachin expire 17 lines
05-15 00:34:27.855  2185  2185 I chatty  : uid=1000 system_server expire 15 lines
05-15 00:34:27.873  2185  4613 I chatty  : uid=1000(system) Binder:2185_1D expire 3 lines
05-15 00:34:27.892  2185  2537 I chatty  : uid=1000(system) ConnectivitySer expire 12 lines
05-15 00:34:27.904  2185 31361 I chatty  : uid=1000(system) Binder:2185_17 expire 1 line
05-15 00:34:27.926  2185 24173 I chatty  : uid=1000(system) Binder:2185_19 expire 2 lines
05-15 00:34:27.946  2185 24171 I chatty  : uid=1000(system) Binder:2185_18 expire 4 lines
05-15 00:34:27.963  2185  3595 I chatty  : uid=1000(system) Binder:2185_8 expire 2 lines
05-15 00:34:30.025  2185  2255 I chatty  : uid=1000(system) android.fg expire 3 lines
05-15 00:34:30.026  2185  3653 I chatty  : uid=1000(system) Binder:2185_9 expire 6 lines
05-15 00:34:30.241  2185  3707 I chatty  : uid=1000(system) Binder:2185_F expire 3 lines
05-15 00:34:30.251  2185  2222 I chatty  : uid=1000(system) batterystats-sy expire 1 line
05-15 00:34:30.455  2185  7158 I chatty  : uid=1000 system_server expire 1 line
05-15 00:34:30.821  2185  5138 I chatty  : uid=1000(system) Binder:2185_14 expire 3 lines
05-15 00:34:30.849  2185  2890 I chatty  : uid=1000(system) Binder:2185_5 expire 10 lines
05-15 00:34:30.885  2185  3725 I chatty  : uid=1000(system) Binder:2185_11 expire 2 lines
05-15 00:34:31.029  2185  8479 I chatty  : uid=1000(system) Binder:2185_16 expire 4 lines
05-15 00:34:31.055  2185  3679 I chatty  : uid=1000(system) Binder:2185_C expire 1 line
05-15 00:34:31.089  2185  3698 I chatty  : uid=1000(system) Binder:2185_E expire 1 line
05-15 00:34:31.100  2185  3657 I chatty  : uid=1000(system) Binder:2185_A expire 2 lines
05-15 00:34:31.112  2185 11205 I chatty  : uid=1000(system) Binder:2185_1F expire 7 lines
05-15 00:34:31.455  2185  3723 I chatty  : uid=1000(system) Binder:2185_10 expire 5 lines
05-15 00:34:32.802  2185 25141 I chatty  : uid=1000(system) Binder:2185_1C expire 1 line
05-15 00:34:34.381  2185  2199 I chatty  : uid=1000(system) Binder:2185_1 expire 1 line
05-15 00:34:34.418  2185  2622 I chatty  : uid=1000(system) Binder:2185_4 expire 3 lines
05-15 00:34:34.923  2185  2504 I chatty  : uid=1000(system) AlarmManager expire 4 lines
05-15 00:34:39.257  2185  5139 I chatty  : uid=1000(system) Binder:2185_15 expire 1 line
05-15 00:34:40.263  2185 11206 I chatty  : uid=1000(system) Binder:2185_20 expire 3 lines
05-15 00:34:40.533  2185  3593 I chatty  : uid=1000(system) Binder:2185_7 expire 2 lines
05-15 00:34:41.105  2185 25140 I chatty  : uid=1000(system) Binder:2185_1B expire 5 lines
05-15 00:34:41.121  2185 24175 I chatty  : uid=1000(system) Binder:2185_1A expire 5 lines
05-15 00:34:41.239  7365  7365 D ActivityThread: Loading provider contacts;com.android.contacts: com.android.providers.contacts.SemcContactsProvider2
05-15 00:34:41.275  2185  2258 I chatty  : uid=1000(system) android.display expire 2 lines
05-15 00:34:42.239  2185  2218 I chatty  : uid=1000(system) ActivityManager expire 5 lines
05-15 00:34:43.151  7443  7467 D ActivityThread: Loading provider com.google.android.gmail.provider;com.android.mail.notifier;com.google.android.gm.email.provider;com.google.android.gm.tasks.provider;com.google.android.gm.email.notifier: com.android.email.provider.EmailProvider
05-15 00:34:43.216  2185 19421 I chatty  : uid=1000(system) Binder:2185_13 expire 2 lines
05-15 00:34:43.823  2185  3697 I chatty  : uid=1000(system) Binder:2185_D expire 1 line
05-15 00:34:43.842  2185  3565 I chatty  : uid=1000(system) Binder:2185_6 expire 1 line
05-15 00:34:44.203  2185 19420 I chatty  : uid=1000(system) Binder:2185_12 expire 1 line
05-15 00:34:44.204  2185  2537 I chatty  : uid=1000(system) ConnectivitySer expire 1 line
05-15 00:34:44.269  2185  2282 I chatty  : uid=1000(system) PackageManager expire 1 line
05-15 00:34:44.424  2185  2547 I chatty  : uid=1000(system) Binder:2185_3 expire 1 line
05-15 00:34:45.151  7443  7443 E ActivityThread: Service com.android.email.service.EmailBroadcastProcessorService has leaked ServiceConnection btl@efee7fc that was originally bound here
05-15 00:34:45.151  7443  7443 E ActivityThread: android.app.ServiceConnectionLeaked: Service com.android.email.service.EmailBroadcastProcessorService has leaked ServiceConnection btl@efee7fc that was originally bound here
05-15 00:34:45.151  7443  7443 E ActivityThread: 	at android.app.LoadedApk$ServiceDispatcher.<init>(LoadedApk.java:1337)
05-15 00:34:45.151  7443  7443 E ActivityThread: 	at android.app.LoadedApk.getServiceDispatcher(LoadedApk.java:1232)
05-15 00:34:45.151  7443  7443 E ActivityThread: 	at android.app.ContextImpl.bindServiceCommon(ContextImpl.java:1451)
05-15 00:34:45.151  7443  7443 E ActivityThread: 	at android.app.ContextImpl.bindService(ContextImpl.java:1423)
05-15 00:34:45.151  7443  7443 E ActivityThread: 	at android.content.ContextWrapper.bindService(ContextWrapper.java:636)
05-15 00:34:45.151  7443  7443 E ActivityThread: 	at bti.a(SourceFile:29)
05-15 00:34:45.151  7443  7443 E ActivityThread: 	at bti.d(SourceFile:39)
05-15 00:34:45.151  7443  7443 E ActivityThread: 	at blt.c(SourceFile:35)
05-15 00:34:45.151  7443  7443 E ActivityThread: 	at bjf.a(SourceFile:46)
05-15 00:34:45.151  7443  7443 E ActivityThread: 	at bjf.a(SourceFile:30)
05-15 00:34:45.151  7443  7443 E ActivityThread: 	at com.android.email.service.EmailBroadcastProcessorService.c(SourceFile:197)
05-15 00:34:45.151  7443  7443 E ActivityThread: 	at com.android.email.service.EmailBroadcastProcessorService.onHandleIntent(SourceFile:68)
05-15 00:34:45.151  7443  7443 E ActivityThread: 	at android.app.IntentService$ServiceHandler.handleMessage(IntentService.java:67)
05-15 00:34:45.151  7443  7443 E ActivityThread: 	at android.os.Handler.dispatchMessage(Handler.java:102)
05-15 00:34:45.151  7443  7443 E ActivityThread: 	at android.os.Looper.loop(Looper.java:241)
05-15 00:34:45.151  7443  7443 E ActivityThread: 	at android.os.HandlerThread.run(HandlerThread.java:61)
05-15 00:34:45.217  2185  2185 I chatty  : uid=1000 system_server expire 1 line
05-15 00:34:45.475  2185  3697 I chatty  : uid=1000(system) Binder:2185_D expire 13 lines
05-15 00:34:45.475  2185  2218 I chatty  : uid=1000(system) ActivityManager expire 29 lines
05-15 00:34:45.744  2185  3653 I chatty  : uid=1000(system) Binder:2185_9 expire 3 lines
05-15 00:34:45.809  2185  3679 I chatty  : uid=1000(system) Binder:2185_C expire 4 lines
05-15 00:34:45.810  2185  3565 I chatty  : uid=1000(system) Binder:2185_6 expire 10 lines
05-15 00:34:46.183  2185  2199 I chatty  : uid=1000(system) Binder:2185_1 expire 4 lines
05-15 00:34:46.185  2185  2537 I chatty  : uid=1000(system) ConnectivitySer expire 2 lines
05-15 00:34:46.185  2185  5138 I chatty  : uid=1000(system) Binder:2185_14 expire 8 lines
05-15 00:34:46.245  2185 11206 I chatty  : uid=1000(system) Binder:2185_20 expire 3 lines
05-15 00:34:46.298  2185  2890 I chatty  : uid=1000(system) Binder:2185_5 expire 6 lines
05-15 00:34:46.305  2185  3725 I chatty  : uid=1000(system) Binder:2185_11 expire 2 lines
05-15 00:34:46.357  2185  5139 I chatty  : uid=1000(system) Binder:2185_15 expire 4 lines
05-15 00:34:46.492  2185  2622 I chatty  : uid=1000(system) Binder:2185_4 expire 5 lines
05-15 00:34:46.855  2185  2200 I chatty  : uid=1000(system) Binder:2185_2 expire 5 lines
05-15 00:34:46.924  2185 19420 I chatty  : uid=1000(system) Binder:2185_12 expire 5 lines
05-15 00:34:47.324  2185  3657 I chatty  : uid=1000(system) Binder:2185_A expire 8 lines
05-15 00:34:47.348  2185  3595 I chatty  : uid=1000(system) Binder:2185_8 expire 6 lines
05-15 00:34:47.521  2185  3698 I chatty  : uid=1000(system) Binder:2185_E expire 6 lines
05-15 00:34:47.580  2185  3707 I chatty  : uid=1000(system) Binder:2185_F expire 3 lines
05-15 00:34:48.074  2185 24171 I chatty  : uid=1000(system) Binder:2185_18 expire 7 lines
05-15 00:34:48.399  2185 24175 I chatty  : uid=1000(system) Binder:2185_1A expire 6 lines
05-15 00:34:49.287  2185 10699 I chatty  : uid=1000(system) Binder:2185_1E expire 2 lines
05-15 00:34:49.416  2185  8479 I chatty  : uid=1000(system) Binder:2185_16 expire 1 line
05-15 00:34:49.612  2185 31361 I chatty  : uid=1000(system) Binder:2185_17 expire 5 lines
05-15 00:34:49.688  2185 25140 I chatty  : uid=1000(system) Binder:2185_1B expire 1 line
05-15 00:34:49.692  2185  3593 I chatty  : uid=1000(system) Binder:2185_7 expire 5 lines
05-15 00:34:49.879  2185  2547 I chatty  : uid=1000(system) Binder:2185_3 expire 4 lines
05-15 00:34:49.980  2185  4613 I chatty  : uid=1000(system) Binder:2185_1D expire 7 lines
05-15 00:34:50.035  2185 25141 I chatty  : uid=1000(system) Binder:2185_1C expire 3 lines
05-15 00:34:50.604  2185 11205 I chatty  : uid=1000(system) Binder:2185_1F expire 4 lines
05-15 00:34:50.788  2185 24173 I chatty  : uid=1000(system) Binder:2185_19 expire 3 lines
05-15 00:34:51.140  2185  2504 I chatty  : uid=1000(system) AlarmManager expire 1 line
05-15 00:34:51.455  8177  8199 D ActivityThread: Loading provider com.google.android.gmail.provider;com.android.mail.notifier;com.google.android.gm.email.provider;com.google.android.gm.tasks.provider;com.google.android.gm.email.notifier: com.android.email.provider.EmailProvider
05-15 00:34:51.652  2185  3723 I chatty  : uid=1000(system) Binder:2185_10 expire 6 lines
05-15 00:34:51.666  2185 19421 I chatty  : uid=1000(system) Binder:2185_13 expire 1 line
05-15 00:34:55.586  2185  2530 I chatty  : uid=1000(system) WifiStateMachin expire 1 line
05-15 00:34:56.613  2185 19421 I chatty  : uid=1000(system) Binder:2185_13 expire 1 line
05-15 00:34:57.549  2185  2547 I chatty  : uid=1000(system) Binder:2185_3 expire 6 lines
05-15 00:34:57.586  2185  3679 I chatty  : uid=1000(system) Binder:2185_C expire 3 lines
05-15 00:34:57.847  2185  2622 I chatty  : uid=1000(system) Binder:2185_4 expire 4 lines
05-15 00:34:57.847  2185  2218 I chatty  : uid=1000(system) ActivityManager expire 22 lines
05-15 00:34:57.864  2185 24175 I chatty  : uid=1000(system) Binder:2185_1A expire 1 line
05-15 00:34:58.510  2185 24173 I chatty  : uid=1000(system) Binder:2185_19 expire 3 lines
05-15 00:34:59.459  2185 19420 I chatty  : uid=1000(system) Binder:2185_12 expire 2 lines
05-15 00:34:59.510  2185 24171 I chatty  : uid=1000(system) Binder:2185_18 expire 3 lines
05-15 00:34:59.512  2185  2537 I chatty  : uid=1000(system) ConnectivitySer expire 1 line
05-15 00:35:00.001  2185  2504 I chatty  : uid=1000(system) AlarmManager expire 12 lines
05-15 00:35:00.083  2185 11206 I chatty  : uid=1000(system) Binder:2185_20 expire 3 lines
05-15 00:35:01.067  2185  3678 I chatty  : uid=1000(system) Binder:2185_B expire 4 lines
05-15 00:35:02.813  2185 31361 I chatty  : uid=1000(system) Binder:2185_17 expire 3 lines
05-15 00:35:02.849  2185  3697 I chatty  : uid=1000(system) Binder:2185_D expire 2 lines
05-15 00:35:02.899  2185  4613 I chatty  : uid=1000(system) Binder:2185_1D expire 3 lines
05-15 00:35:06.110  2185  3565 I chatty  : uid=1000(system) Binder:2185_6 expire 9 lines
05-15 00:35:07.134  2185  5139 I chatty  : uid=1000(system) Binder:2185_15 expire 6 lines
05-15 00:35:07.220  2185 25141 I chatty  : uid=1000(system) Binder:2185_1C expire 1 line
05-15 00:35:07.766  2185  3698 I chatty  : uid=1000(system) Binder:2185_E expire 1 line
05-15 00:35:07.768  2185  5138 I chatty  : uid=1000(system) Binder:2185_14 expire 7 lines
05-15 00:35:07.945  2185  2200 I chatty  : uid=1000(system) Binder:2185_2 expire 3 lines
05-15 00:35:10.051  2185  3653 I chatty  : uid=1000(system) Binder:2185_9 expire 6 lines
05-15 00:35:11.340  2185 10699 I chatty  : uid=1000(system) Binder:2185_1E expire 3 lines
05-15 00:35:13.286  2185 25140 I chatty  : uid=1000(system) Binder:2185_1B expire 3 lines
05-15 00:35:14.750  8551  8551 D ActivityThread: Loading provider contacts;com.android.contacts: com.android.providers.contacts.SemcContactsProvider2
05-15 00:35:15.980  2185  2506 I chatty  : uid=1000(system) InputDispatcher expire 4 lines
05-15 00:35:16.124  2185 11205 I chatty  : uid=1000(system) Binder:2185_1F expire 1 line
05-15 00:35:24.800  2185  3707 I chatty  : uid=1000(system) Binder:2185_F expire 2 lines
05-15 00:35:25.104  2185  2199 I chatty  : uid=1000(system) Binder:2185_1 expire 1 line
05-15 00:35:25.237  2185  3593 I chatty  : uid=1000(system) Binder:2185_7 expire 4 lines
05-15 00:35:25.362  2185  2256 I chatty  : uid=1000(system) android.io expire 2 lines
05-15 00:35:25.388  2185  2258 I chatty  : uid=1000(system) android.display expire 6 lines
05-15 00:35:29.878  2185  2185 I chatty  : uid=1000 system_server expire 16 lines
05-15 00:35:34.000  2185  8479 I chatty  : uid=1000(system) Binder:2185_16 expire 6 lines
05-15 00:35:35.646  2185  3657 I chatty  : uid=1000(system) Binder:2185_A expire 1 line
05-15 00:35:37.194  2185  2890 I chatty  : uid=1000(system) Binder:2185_5 expire 4 lines
05-15 00:35:37.879  2185  3725 I chatty  : uid=1000(system) Binder:2185_11 expire 1 line
05-15 00:35:38.859  2185  2507 I chatty  : uid=1000(system) InputReader expire 1 line
05-15 00:35:39.373  2185  2263 I chatty  : uid=1000(system) PowerManagerSer expire 2 lines
05-15 00:35:39.873  2646  2646 V KeyguardStatusView: refresh statusview showing:true
05-15 00:35:39.881  2646  2646 V KeyguardDisplayManager: show
05-15 00:35:39.952  2185  2282 I chatty  : uid=1000(system) PackageManager expire 1 line
05-15 00:35:39.954  2185  2218 I chatty  : uid=1000(system) ActivityManager expire 7 lines
05-15 00:35:39.960  2185  2397 I chatty  : uid=1000(system) OmsHandlerThrea expire 2 lines
05-15 00:35:40.193  2185  2255 I chatty  : uid=1000(system) android.fg expire 4 lines
05-15 00:35:40.210  2185  2222 I chatty  : uid=1000(system) batterystats-sy expire 4 lines
05-15 00:35:41.467  2185  2217 I chatty  : uid=1000(system) android.bg expire 1 line
05-15 00:36:08.765  2185  3595 I chatty  : uid=1000(system) Binder:2185_8 expire 2 lines
05-15 00:37:07.652  2185 24175 I chatty  : uid=1000(system) Binder:2185_1A expire 1 line
05-15 00:37:07.653  2185  2218 I chatty  : uid=1000(system) ActivityManager expire 23 lines
05-15 00:37:08.808  2185  2504 I chatty  : uid=1000(system) AlarmManager expire 51 lines
05-15 00:37:08.855  2185 31361 I chatty  : uid=1000(system) Binder:2185_17 expire 6 lines
05-15 00:37:08.876  2185  3653 I chatty  : uid=1000(system) Binder:2185_9 expire 3 lines
05-15 00:37:08.883  2185  2199 I chatty  : uid=1000(system) Binder:2185_1 expire 4 lines
05-15 00:37:08.930  2185 24173 I chatty  : uid=1000(system) Binder:2185_19 expire 2 lines
05-15 00:37:08.934  2185  2547 I chatty  : uid=1000(system) Binder:2185_3 expire 3 lines
05-15 00:37:09.038  2185  3698 I chatty  : uid=1000(system) Binder:2185_E expire 5 lines
05-15 00:37:09.045  2185  2890 I chatty  : uid=1000(system) Binder:2185_5 expire 2 lines
05-15 00:37:28.534  2185 11205 I chatty  : uid=1000(system) Binder:2185_1F expire 2 lines
05-15 00:37:28.538  2185  2255 I chatty  : uid=1000(system) android.fg expire 13 lines
05-15 00:37:28.546  2185  2222 I chatty  : uid=1000(system) batterystats-sy expire 13 lines
05-15 00:37:28.579  2185  3707 I chatty  : uid=1000(system) Binder:2185_F expire 3 lines
05-15 00:37:34.253  2185  8479 I chatty  : uid=1000(system) Binder:2185_16 expire 3 lines
05-15 00:37:36.001  2185  3565 I chatty  : uid=1000(system) Binder:2185_6 expire 4 lines
05-15 00:37:55.323  2185  3725 I chatty  : uid=1000(system) Binder:2185_11 expire 3 lines
05-15 00:38:36.080  2185 10699 I chatty  : uid=1000(system) Binder:2185_1E expire 3 lines
05-15 00:38:36.159  2185  4613 I chatty  : uid=1000(system) Binder:2185_1D expire 3 lines
05-15 00:38:38.889  2185 25140 I chatty  : uid=1000(system) Binder:2185_1B expire 3 lines
05-15 00:38:39.411  2185  2622 I chatty  : uid=1000(system) Binder:2185_4 expire 1 line
05-15 00:38:39.456  2185 11206 I chatty  : uid=1000(system) Binder:2185_20 expire 3 lines
05-15 00:39:08.130  2185  3697 I chatty  : uid=1000(system) Binder:2185_D expire 4 lines
05-15 00:39:08.995  2185  2200 I chatty  : uid=1000(system) Binder:2185_2 expire 5 lines
05-15 00:39:09.042  2185 19421 I chatty  : uid=1000(system) Binder:2185_13 expire 3 lines
05-15 00:39:09.083  2185  3593 I chatty  : uid=1000(system) Binder:2185_7 expire 1 line
05-15 00:39:10.999  2185 19420 I chatty  : uid=1000(system) Binder:2185_12 expire 1 line
05-15 00:40:00.051  2185  5139 I chatty  : uid=1000(system) Binder:2185_15 expire 3 lines
05-15 00:40:00.143  2185 25141 I chatty  : uid=1000(system) Binder:2185_1C expire 1 line
05-15 00:41:09.383  2185  2217 I chatty  : uid=1000(system) android.bg expire 7 lines
05-15 00:41:40.565  2185  3657 I chatty  : uid=1000(system) Binder:2185_A expire 4 lines
05-15 00:42:10.657  2185  3678 I chatty  : uid=1000(system) Binder:2185_B expire 1 line
05-15 00:46:36.830  2185  2185 I chatty  : uid=1000 system_server expire 1 line
05-15 00:46:38.507  2185  3723 I chatty  : uid=1000(system) Binder:2185_10 expire 3 lines
05-15 00:47:46.549  2185  2504 I chatty  : uid=1000(system) AlarmManager expire 23 lines
05-15 00:47:46.561  2185  8479 I chatty  : uid=1000(system) Binder:2185_16 expire 4 lines
05-15 00:48:40.570  2185 11205 I chatty  : uid=1000(system) Binder:2185_1F expire 10 lines
05-15 00:48:40.587  2185 25141 I chatty  : uid=1000(system) Binder:2185_1C expire 12 lines
05-15 00:48:40.671  2185  3679 I chatty  : uid=1000(system) Binder:2185_C expire 5 lines
05-15 00:48:47.567  2185  5138 I chatty  : uid=1000(system) Binder:2185_14 expire 1 line
05-15 00:49:41.611  2185  3698 I chatty  : uid=1000(system) Binder:2185_E expire 3 lines
05-15 00:49:41.679  2185  2185 I chatty  : uid=1000 system_server expire 3 lines
05-15 00:49:41.748  2185  4613 I chatty  : uid=1000(system) Binder:2185_1D expire 12 lines
05-15 00:49:43.341  2185  2218 I chatty  : uid=1000(system) ActivityManager expire 22 lines
05-15 00:49:49.581  2185  3593 I chatty  : uid=1000(system) Binder:2185_7 expire 2 lines
05-15 00:50:42.588  2185 19420 I chatty  : uid=1000(system) Binder:2185_12 expire 2 lines
05-15 00:50:42.652  2185  2255 I chatty  : uid=1000(system) android.fg expire 7 lines
05-15 00:50:42.668  2185  2222 I chatty  : uid=1000(system) batterystats-sy expire 7 lines
05-15 00:50:42.684  2185 11206 I chatty  : uid=1000(system) Binder:2185_20 expire 4 lines
05-15 00:50:50.559  2185 24173 I chatty  : uid=1000(system) Binder:2185_19 expire 2 lines
05-15 00:50:54.002  2185  5139 I chatty  : uid=1000(system) Binder:2185_15 expire 2 lines
05-15 00:51:44.074  2185  3657 I chatty  : uid=1000(system) Binder:2185_A expire 10 lines
05-15 00:51:44.833  2185  3595 I chatty  : uid=1000(system) Binder:2185_8 expire 3 lines
05-15 00:51:50.538  2185  3653 I chatty  : uid=1000(system) Binder:2185_9 expire 1 line
05-15 00:51:50.620  2185  2547 I chatty  : uid=1000(system) Binder:2185_3 expire 10 lines
05-15 00:52:40.731  2185  3725 I chatty  : uid=1000(system) Binder:2185_11 expire 3 lines
05-15 00:52:40.890  9250  9250 D ActivityThread: Loading provider com.whatsapp.provider.contact: com.whatsapp.contact.ContactProvider
05-15 00:52:41.429  2185  3707 I chatty  : uid=1000(system) Binder:2185_F expire 2 lines
05-15 00:52:41.460  2185 24175 I chatty  : uid=1000(system) Binder:2185_1A expire 1 line
05-15 00:52:51.556  2185  2504 I chatty  : uid=1000(system) AlarmManager expire 21 lines
05-15 00:52:51.567  2185  2200 I chatty  : uid=1000(system) Binder:2185_2 expire 3 lines
05-15 00:52:59.630  2185 31361 I chatty  : uid=1000(system) Binder:2185_17 expire 2 lines
05-15 00:52:59.681  2185  2890 I chatty  : uid=1000(system) Binder:2185_5 expire 3 lines
05-15 00:52:59.691  2185  3697 I chatty  : uid=1000(system) Binder:2185_D expire 2 lines
05-15 00:56:43.799  2185  2217 I chatty  : uid=1000(system) android.bg expire 2 lines
05-15 00:56:43.970  2185  3565 I chatty  : uid=1000(system) Binder:2185_6 expire 1 line
05-15 00:56:44.222  2185  2622 I chatty  : uid=1000(system) Binder:2185_4 expire 1 line
05-15 00:56:44.236  2185 19421 I chatty  : uid=1000(system) Binder:2185_13 expire 1 line
05-15 00:56:44.244  2185  2199 I chatty  : uid=1000(system) Binder:2185_1 expire 3 lines
05-15 00:56:44.246  2185  3679 I chatty  : uid=1000(system) Binder:2185_C expire 5 lines
05-15 00:56:44.247  2185  2218 I chatty  : uid=1000(system) ActivityManager expire 11 lines
05-15 00:56:44.248  2185  3723 I chatty  : uid=1000(system) Binder:2185_10 expire 4 lines
05-15 00:56:44.249  2185  2547 I chatty  : uid=1000(system) Binder:2185_3 expire 2 lines
05-15 00:56:44.251  2185  5139 I chatty  : uid=1000(system) Binder:2185_15 expire 1 line
05-15 00:56:44.252  2185 19420 I chatty  : uid=1000(system) Binder:2185_12 expire 2 lines
05-15 00:56:44.360  2185 24173 I chatty  : uid=1000(system) Binder:2185_19 expire 3 lines
05-15 00:56:49.201  2185  2217 I chatty  : uid=1000(system) android.bg expire 4 lines
05-15 00:56:56.556  2185  2504 I chatty  : uid=1000(system) AlarmManager expire 16 lines
05-15 00:56:56.571  2185 25141 I chatty  : uid=1000(system) Binder:2185_1C expire 11 lines
05-15 00:57:58.558  2185  2255 I chatty  : uid=1000(system) android.fg expire 4 lines
05-15 00:57:58.568  2185 10699 I chatty  : uid=1000(system) Binder:2185_1E expire 8 lines
05-15 00:57:58.582  2185  2222 I chatty  : uid=1000(system) batterystats-sy expire 3 lines
05-15 00:57:58.656  2185  5138 I chatty  : uid=1000(system) Binder:2185_14 expire 4 lines
05-15 00:58:00.042  2185 19421 I chatty  : uid=1000(system) Binder:2185_13 expire 1 line
05-15 00:58:46.464  2185 24175 I chatty  : uid=1000(system) Binder:2185_1A expire 4 lines
05-15 00:58:46.469  2185  2507 I chatty  : uid=1000(system) InputReader expire 1 line
05-15 00:58:46.474  2185  2185 I chatty  : uid=1000 system_server expire 4 lines
05-15 00:58:46.486  2185  2263 I chatty  : uid=1000(system) PowerManagerSer expire 3 lines
05-15 00:58:46.501  2185  2258 I chatty  : uid=1000(system) android.display expire 1 line
05-15 00:58:46.800  2185  8479 I chatty  : uid=1000(system) Binder:2185_16 expire 10 lines
05-15 00:58:46.871  2185  3653 I chatty  : uid=1000(system) Binder:2185_9 expire 3 lines
05-15 00:58:47.008  2185  2200 I chatty  : uid=1000(system) Binder:2185_2 expire 3 lines
05-15 00:58:47.091  2185  3725 I chatty  : uid=1000(system) Binder:2185_11 expire 3 lines
05-15 00:58:47.441  2185 11206 I chatty  : uid=1000(system) Binder:2185_20 expire 2 lines
05-15 00:58:47.591  2646  2646 V KeyguardDisplayManager: hide
05-15 00:58:47.604  2185  2218 I chatty  : uid=1000(system) ActivityManager expire 20 lines
05-15 00:58:47.616  2185  3595 I chatty  : uid=1000(system) Binder:2185_8 expire 3 lines
05-15 00:58:47.906  2185  4613 I chatty  : uid=1000(system) Binder:2185_1D expire 7 lines
05-15 00:58:47.982  2185  3678 I chatty  : uid=1000(system) Binder:2185_B expire 1 line
05-15 00:58:49.389  2185  3565 I chatty  : uid=1000(system) Binder:2185_6 expire 2 lines
05-15 00:58:50.175  2185  3698 I chatty  : uid=1000(system) Binder:2185_E expire 5 lines
05-15 00:58:51.263  2185 11205 I chatty  : uid=1000(system) Binder:2185_1F expire 4 lines
05-15 00:58:51.290  2185 31361 I chatty  : uid=1000(system) Binder:2185_17 expire 10 lines
05-15 00:58:51.293  2185  2622 I chatty  : uid=1000(system) Binder:2185_4 expire 6 lines
05-15 00:58:51.298  2185  2890 I chatty  : uid=1000(system) Binder:2185_5 expire 3 lines
05-15 00:58:51.505  2185  2256 I chatty  : uid=1000(system) android.io expire 2 lines
05-15 00:58:51.808  2185  3593 I chatty  : uid=1000(system) Binder:2185_7 expire 4 lines
05-15 00:58:52.762  9636  9636 D ActivityThread: Loading provider contacts;com.android.contacts: com.android.providers.contacts.SemcContactsProvider2
05-15 00:58:54.655  2185  2519 I chatty  : uid=1000(system) NetworkStats expire 2 lines
05-15 00:58:54.783  2185  2220 I chatty  : uid=1000(system) ActivityManager expire 1 line
05-15 00:58:57.507  2185  3657 I chatty  : uid=1000(system) Binder:2185_A expire 1 line
05-15 00:58:58.651  2185  3697 I chatty  : uid=1000(system) Binder:2185_D expire 1 line
05-15 00:59:02.270  2185 25140 I chatty  : uid=1000(system) Binder:2185_1B expire 9 lines
05-15 00:59:03.290  2185  2218 I chatty  : uid=1000(system) ActivityManager expire 12 lines
05-15 00:59:03.690  2185  3653 I chatty  : uid=1000(system) Binder:2185_9 expire 4 lines
05-15 00:59:06.033  2185  2504 I chatty  : uid=1000(system) AlarmManager expire 31 lines
05-15 00:59:06.055  2185  3697 I chatty  : uid=1000(system) Binder:2185_D expire 2 lines
05-15 00:59:07.675  2185 24175 I chatty  : uid=1000(system) Binder:2185_1A expire 1 line
05-15 00:59:11.203  2185 10699 I chatty  : uid=1000(system) Binder:2185_1E expire 8 lines
05-15 00:59:12.701  2185  2547 I chatty  : uid=1000(system) Binder:2185_3 expire 5 lines
05-15 00:59:17.733  2185  3593 I chatty  : uid=1000(system) Binder:2185_7 expire 5 lines
05-15 00:59:19.688  2185 11205 I chatty  : uid=1000(system) Binder:2185_1F expire 6 lines
05-15 00:59:19.804  2185 19421 I chatty  : uid=1000(system) Binder:2185_13 expire 1 line
05-15 00:59:19.900  2185  2258 I chatty  : uid=1000(system) android.display expire 3 lines
05-15 00:59:20.814  2185  3698 I chatty  : uid=1000(system) Binder:2185_E expire 4 lines
05-15 00:59:20.923  2185 24173 I chatty  : uid=1000(system) Binder:2185_19 expire 4 lines
05-15 00:59:22.603  2185  3723 I chatty  : uid=1000(system) Binder:2185_10 expire 1 line
05-15 00:59:25.559  2185  2200 I chatty  : uid=1000(system) Binder:2185_2 expire 5 lines
05-15 00:59:26.612  2185  2890 I chatty  : uid=1000(system) Binder:2185_5 expire 2 lines
05-15 00:59:27.757  2185  5138 I chatty  : uid=1000(system) Binder:2185_14 expire 5 lines
05-15 00:59:28.738  2185  5139 I chatty  : uid=1000(system) Binder:2185_15 expire 2 lines
05-15 00:59:28.744  2185  2199 I chatty  : uid=1000(system) Binder:2185_1 expire 8 lines
05-15 00:59:29.142  2185  2519 I chatty  : uid=1000(system) NetworkStats expire 1 line
05-15 00:59:31.877  2185  3707 I chatty  : uid=1000(system) Binder:2185_F expire 1 line
05-15 00:59:38.609  2185 19420 I chatty  : uid=1000(system) Binder:2185_12 expire 2 lines
05-15 00:59:46.842  2185  3679 I chatty  : uid=1000(system) Binder:2185_C expire 5 lines
05-15 01:00:16.384  2185  2255 I chatty  : uid=1000(system) android.fg expire 9 lines
05-15 01:00:16.390  2185  8479 I chatty  : uid=1000(system) Binder:2185_16 expire 2 lines
05-15 01:00:18.051  2185 25141 I chatty  : uid=1000(system) Binder:2185_1C expire 6 lines
05-15 01:00:51.684  2185 31361 I chatty  : uid=1000(system) Binder:2185_17 expire 2 lines
05-15 01:01:01.654  2185  3657 I chatty  : uid=1000(system) Binder:2185_A expire 1 line
05-15 01:01:37.840  2185  3595 I chatty  : uid=1000(system) Binder:2185_8 expire 2 lines
05-15 01:01:51.791  2185 11206 I chatty  : uid=1000(system) Binder:2185_20 expire 3 lines
05-15 01:01:58.825  2185  2622 I chatty  : uid=1000(system) Binder:2185_4 expire 6 lines
05-15 01:02:01.726  2185  4613 I chatty  : uid=1000(system) Binder:2185_1D expire 3 lines
05-15 01:02:51.536  2185 24171 I chatty  : uid=1000(system) Binder:2185_18 expire 1 line
05-15 01:03:02.431  2185  3565 I chatty  : uid=1000(system) Binder:2185_6 expire 2 lines
05-15 01:03:52.510  2185  3725 I chatty  : uid=1000(system) Binder:2185_11 expire 1 line
05-15 01:03:53.998  2185  2506 I chatty  : uid=1000(system) InputDispatcher expire 2 lines
05-15 01:03:55.050  2185  2507 I chatty  : uid=1000(system) InputReader expire 1 line
05-15 01:03:55.086  2185  2185 I chatty  : uid=1000 system_server expire 4 lines
05-15 01:03:55.561  2185  2263 I chatty  : uid=1000(system) PowerManagerSer expire 2 lines
05-15 01:03:55.929  2646  2646 V KeyguardStatusView: refresh statusview showing:true
05-15 01:03:55.943  2646  2646 V KeyguardDisplayManager: show
05-15 01:03:56.338  2185  2504 I chatty  : uid=1000(system) AlarmManager expire 15 lines
05-15 01:04:03.720  2185  2218 I chatty  : uid=1000(system) ActivityManager expire 2 lines
05-15 01:04:31.598  2185  2222 I chatty  : uid=1000(system) batterystats-sy expire 15 lines
05-15 01:06:00.644  2185  2255 I chatty  : uid=1000(system) android.fg expire 12 lines
05-15 01:06:00.649  2185 11206 I chatty  : uid=1000(system) Binder:2185_20 expire 2 lines
05-15 01:06:34.569  2185  2504 I chatty  : uid=1000(system) AlarmManager expire 56 lines
05-15 01:06:34.588  2185  3725 I chatty  : uid=1000(system) Binder:2185_11 expire 8 lines
05-15 01:06:34.594  2185  2890 I chatty  : uid=1000(system) Binder:2185_5 expire 4 lines
05-15 01:06:44.382  2185  3698 I chatty  : uid=1000(system) Binder:2185_E expire 2 lines
05-15 01:06:44.744  2185  2218 I chatty  : uid=1000(system) ActivityManager expire 19 lines
05-15 01:07:01.638  2185 19421 I chatty  : uid=1000(system) Binder:2185_13 expire 3 lines
05-15 01:07:01.710  2185  3595 I chatty  : uid=1000(system) Binder:2185_8 expire 2 lines
05-15 01:07:01.718  2185 24171 I chatty  : uid=1000(system) Binder:2185_18 expire 9 lines
05-15 01:07:03.258  2185  5138 I chatty  : uid=1000(system) Binder:2185_14 expire 3 lines
05-15 01:07:03.929  2185  5139 I chatty  : uid=1000(system) Binder:2185_15 expire 4 lines
05-15 01:07:35.584  2185 24175 I chatty  : uid=1000(system) Binder:2185_1A expire 6 lines
05-15 01:09:03.570  2185  4613 I chatty  : uid=1000(system) Binder:2185_1D expire 2 lines
05-15 01:09:03.659  2185  3657 I chatty  : uid=1000(system) Binder:2185_A expire 2 lines
05-15 01:09:37.992  2185  2217 I chatty  : uid=1000(system) android.bg expire 6 lines
05-15 01:09:38.516  2185  8479 I chatty  : uid=1000(system) Binder:2185_16 expire 5 lines
05-15 01:09:39.026  2185 10699 I chatty  : uid=1000(system) Binder:2185_1E expire 1 line
05-15 01:09:39.085  2185  2200 I chatty  : uid=1000(system) Binder:2185_2 expire 3 lines
05-15 01:09:39.091  2185 25140 I chatty  : uid=1000(system) Binder:2185_1B expire 2 lines
05-15 01:10:04.657  2185 19420 I chatty  : uid=1000(system) Binder:2185_12 expire 2 lines
05-15 01:10:04.766  2185  3723 I chatty  : uid=1000(system) Binder:2185_10 expire 2 lines
05-15 01:11:42.580  2185  3678 I chatty  : uid=1000(system) Binder:2185_B expire 2 lines
05-15 01:11:42.595  2185 31361 I chatty  : uid=1000(system) Binder:2185_17 expire 2 lines
05-15 01:13:07.584  2185 11205 I chatty  : uid=1000(system) Binder:2185_1F expire 1 line
05-15 01:14:08.776  2185  2547 I chatty  : uid=1000(system) Binder:2185_3 expire 4 lines
05-15 01:14:23.615  2185 24173 I chatty  : uid=1000(system) Binder:2185_19 expire 1 line
05-15 01:15:24.853  2185  2185 I chatty  : uid=1000 system_server expire 7 lines
05-15 01:16:10.588  2185  3679 I chatty  : uid=1000(system) Binder:2185_C expire 3 lines
05-15 01:16:25.630  2185  3697 I chatty  : uid=1000(system) Binder:2185_D expire 2 lines
05-15 01:17:11.682  2185  3707 I chatty  : uid=1000(system) Binder:2185_F expire 2 lines
05-15 01:17:26.616  2185 25141 I chatty  : uid=1000(system) Binder:2185_1C expire 2 lines
05-15 01:18:12.576  2185  3593 I chatty  : uid=1000(system) Binder:2185_7 expire 1 line
05-15 01:18:14.067  2185  2543 I chatty  : uid=1000(system) onProviders.ECP expire 1 line
05-15 01:18:15.555  2185  2522 I chatty  : uid=1000(system) NetworkPolicy expire 1 line
05-15 01:18:27.676  2185  2537 I chatty  : uid=1000(system) ConnectivitySer expire 1 line
05-15 01:18:28.192  2185  2185 I chatty  : uid=1000 system_server expire 8 lines
05-15 01:18:28.220  2185  5139 I chatty  : uid=1000(system) Binder:2185_15 expire 4 lines
05-15 01:18:28.251  2185  2256 I chatty  : uid=1000(system) android.io expire 2 lines
05-15 01:18:28.280  2185 31361 I chatty  : uid=1000(system) Binder:2185_17 expire 4 lines
05-15 01:18:28.746  2185  2218 I chatty  : uid=1000(system) ActivityManager expire 20 lines
05-15 01:18:28.747  2185  2622 I chatty  : uid=1000(system) Binder:2185_4 expire 6 lines
05-15 01:18:28.914  2185 19421 I chatty  : uid=1000(system) Binder:2185_13 expire 7 lines
05-15 01:18:28.961  2185  3697 I chatty  : uid=1000(system) Binder:2185_D expire 5 lines
05-15 01:18:29.284  2185  2199 I chatty  : uid=1000(system) Binder:2185_1 expire 9 lines
05-15 01:18:29.305  2185  3653 I chatty  : uid=1000(system) Binder:2185_9 expire 8 lines
05-15 01:18:29.320  2185  3723 I chatty  : uid=1000(system) Binder:2185_10 expire 4 lines
05-15 01:18:29.478 11077 11077 D ActivityThread: Loading provider contacts;com.android.contacts: com.android.providers.contacts.SemcContactsProvider2
05-15 01:18:29.582  2185 10699 I chatty  : uid=1000(system) Binder:2185_1E expire 4 lines
05-15 01:18:29.644  2185  3678 I chatty  : uid=1000(system) Binder:2185_B expire 4 lines
05-15 01:18:29.650  2185  3565 I chatty  : uid=1000(system) Binder:2185_6 expire 4 lines
05-15 01:18:29.700  2185  3657 I chatty  : uid=1000(system) Binder:2185_A expire 4 lines
05-15 01:18:29.840  2185  2890 I chatty  : uid=1000(system) Binder:2185_5 expire 4 lines
05-15 01:18:29.919  2185 24173 I chatty  : uid=1000(system) Binder:2185_19 expire 7 lines
05-15 01:18:30.047  2185 25140 I chatty  : uid=1000(system) Binder:2185_1B expire 6 lines
05-15 01:18:30.174  2185  3679 I chatty  : uid=1000(system) Binder:2185_C expire 5 lines
05-15 01:18:30.699  2185  3707 I chatty  : uid=1000(system) Binder:2185_F expire 4 lines
05-15 01:18:30.758  2185  4613 I chatty  : uid=1000(system) Binder:2185_1D expire 2 lines
05-15 01:18:31.897  2185  2255 I chatty  : uid=1000(system) android.fg expire 7 lines
05-15 01:18:31.912  2185  2222 I chatty  : uid=1000(system) batterystats-sy expire 7 lines
05-15 01:18:31.940  2185 11205 I chatty  : uid=1000(system) Binder:2185_1F expire 6 lines
05-15 01:18:32.030  2185  3725 I chatty  : uid=1000(system) Binder:2185_11 expire 6 lines
05-15 01:18:32.610  2185 19420 I chatty  : uid=1000(system) Binder:2185_12 expire 5 lines
05-15 01:18:32.847  2185 11206 I chatty  : uid=1000(system) Binder:2185_20 expire 2 lines
05-15 01:18:32.893  2185  2200 I chatty  : uid=1000(system) Binder:2185_2 expire 4 lines
05-15 01:18:33.143  2185  3698 I chatty  : uid=1000(system) Binder:2185_E expire 9 lines
05-15 01:18:33.817  2185 24175 I chatty  : uid=1000(system) Binder:2185_1A expire 2 lines
05-15 01:19:13.527  2185  2504 I chatty  : uid=1000(system) AlarmManager expire 26 lines
05-15 01:20:01.775  2185  3593 I chatty  : uid=1000(system) Binder:2185_7 expire 1 line
05-15 01:20:15.578  2185  8479 I chatty  : uid=1000(system) Binder:2185_16 expire 2 lines
05-15 01:22:17.556  2185 25141 I chatty  : uid=1000(system) Binder:2185_1C expire 1 line
05-15 01:23:13.583  2185 24171 I chatty  : uid=1000(system) Binder:2185_18 expire 5 lines
05-15 01:24:20.541  2185  2504 I chatty  : uid=1000(system) AlarmManager expire 58 lines
05-15 01:24:20.556  2185 19420 I chatty  : uid=1000(system) Binder:2185_12 expire 3 lines
05-15 01:25:21.563  2185  2255 I chatty  : uid=1000(system) android.fg expire 12 lines
05-15 01:25:21.569  2185  3678 I chatty  : uid=1000(system) Binder:2185_B expire 2 lines
05-15 01:25:21.592  2185  2222 I chatty  : uid=1000(system) batterystats-sy expire 12 lines
05-15 01:25:21.617  2185  3653 I chatty  : uid=1000(system) Binder:2185_9 expire 2 lines
05-15 01:25:21.668  2185 25140 I chatty  : uid=1000(system) Binder:2185_1B expire 1 line
05-15 01:25:30.556  2185  2218 I chatty  : uid=1000(system) ActivityManager expire 26 lines
05-15 01:25:30.670  2185  2622 I chatty  : uid=1000(system) Binder:2185_4 expire 4 lines
05-15 01:25:30.746  2185  3698 I chatty  : uid=1000(system) Binder:2185_E expire 1 line
05-15 01:25:30.833  2185  3723 I chatty  : uid=1000(system) Binder:2185_10 expire 8 lines
05-15 01:25:30.867  2185  2217 I chatty  : uid=1000(system) android.bg expire 4 lines
05-15 01:25:30.924  2185  2199 I chatty  : uid=1000(system) Binder:2185_1 expire 4 lines
05-15 01:25:30.927  2185  2185 I chatty  : uid=1000 system_server expire 2 lines
05-15 01:25:30.964  2185 24173 I chatty  : uid=1000(system) Binder:2185_19 expire 3 lines
05-15 01:25:31.089  2185  5139 I chatty  : uid=1000(system) Binder:2185_15 expire 4 lines
05-15 01:25:31.150  2185  2200 I chatty  : uid=1000(system) Binder:2185_2 expire 3 lines
05-15 01:25:31.169  2185  3595 I chatty  : uid=1000(system) Binder:2185_8 expire 2 lines
05-15 01:25:31.200  2185 19421 I chatty  : uid=1000(system) Binder:2185_13 expire 1 line
05-15 01:25:31.221  2185  3657 I chatty  : uid=1000(system) Binder:2185_A expire 1 line
05-15 01:25:31.238  2185 11205 I chatty  : uid=1000(system) Binder:2185_1F expire 3 lines
05-15 01:25:31.286  2185  2547 I chatty  : uid=1000(system) Binder:2185_3 expire 1 line
05-15 01:25:32.045  2185  3593 I chatty  : uid=1000(system) Binder:2185_7 expire 6 lines
05-15 01:25:32.422  2185 25141 I chatty  : uid=1000(system) Binder:2185_1C expire 4 lines
05-15 01:25:56.511  2185  5138 I chatty  : uid=1000(system) Binder:2185_14 expire 1 line
05-15 01:26:22.638  2185  3707 I chatty  : uid=1000(system) Binder:2185_F expire 5 lines
05-15 01:26:28.425  2185  4613 I chatty  : uid=1000(system) Binder:2185_1D expire 4 lines
05-15 01:26:31.224  2185 24175 I chatty  : uid=1000(system) Binder:2185_1A expire 3 lines
05-15 01:27:23.644  2185  3565 I chatty  : uid=1000(system) Binder:2185_6 expire 3 lines
05-15 01:28:24.562  2185  2890 I chatty  : uid=1000(system) Binder:2185_5 expire 1 line
05-15 01:28:37.654  2185  2519 I chatty  : uid=1000(system) NetworkStats expire 2 lines
05-15 01:29:25.635  2185  3679 I chatty  : uid=1000(system) Binder:2185_C expire 1 line
05-15 01:29:38.983  2185  3725 I chatty  : uid=1000(system) Binder:2185_11 expire 2 lines
05-15 01:30:26.652  2185 10699 I chatty  : uid=1000(system) Binder:2185_1E expire 3 lines
05-15 01:30:40.861  2185 31361 I chatty  : uid=1000(system) Binder:2185_17 expire 2 lines
05-15 01:30:41.624  2185 11206 I chatty  : uid=1000(system) Binder:2185_20 expire 3 lines
05-15 01:36:28.676  2185  3595 I chatty  : uid=1000(system) Binder:2185_8 expire 1 line
05-15 01:36:28.778  2185  3725 I chatty  : uid=1000(system) Binder:2185_11 expire 3 lines
05-15 01:36:29.781  2185  2504 I chatty  : uid=1000(system) AlarmManager expire 42 lines
05-15 01:36:29.792  2185  3707 I chatty  : uid=1000(system) Binder:2185_F expire 8 lines
05-15 01:37:29.553  2185  2255 I chatty  : uid=1000(system) android.fg expire 9 lines
05-15 01:37:29.568  2185  8479 I chatty  : uid=1000(system) Binder:2185_16 expire 2 lines
05-15 01:37:29.577  2185 24171 I chatty  : uid=1000(system) Binder:2185_18 expire 1 line
05-15 01:37:29.582  2185  2222 I chatty  : uid=1000(system) batterystats-sy expire 9 lines
05-15 01:37:29.673  2185  2199 I chatty  : uid=1000(system) Binder:2185_1 expire 5 lines
05-15 01:37:29.840  2185  3697 I chatty  : uid=1000(system) Binder:2185_D expire 3 lines
05-15 01:37:30.527  2185  2218 I chatty  : uid=1000(system) ActivityManager expire 11 lines
05-15 01:38:30.601  2185 31361 I chatty  : uid=1000(system) Binder:2185_17 expire 4 lines
05-15 01:38:30.632  2185 24173 I chatty  : uid=1000(system) Binder:2185_19 expire 1 line
05-15 01:38:30.645  2185  5139 I chatty  : uid=1000(system) Binder:2185_15 expire 2 lines
05-15 01:38:30.717  2185  2622 I chatty  : uid=1000(system) Binder:2185_4 expire 6 lines
05-15 01:39:29.333  2185  3653 I chatty  : uid=1000(system) Binder:2185_9 expire 4 lines
05-15 01:39:30.651  2185  3657 I chatty  : uid=1000(system) Binder:2185_A expire 3 lines
05-15 01:39:30.766  2185  3565 I chatty  : uid=1000(system) Binder:2185_6 expire 2 lines
05-15 01:40:31.579  2185 11205 I chatty  : uid=1000(system) Binder:2185_1F expire 3 lines
05-15 01:40:31.655  2185  3679 I chatty  : uid=1000(system) Binder:2185_C expire 2 lines
05-15 01:40:42.556  2185  2200 I chatty  : uid=1000(system) Binder:2185_2 expire 4 lines
05-15 01:40:42.769  2185  2217 I chatty  : uid=1000(system) android.bg expire 5 lines
05-15 01:40:42.808  2185  2185 I chatty  : uid=1000 system_server expire 2 lines
05-15 01:41:32.560  2185  3698 I chatty  : uid=1000(system) Binder:2185_E expire 3 lines
05-15 01:41:32.644  2185  2890 I chatty  : uid=1000(system) Binder:2185_5 expire 10 lines
05-15 01:41:43.569  2185  4613 I chatty  : uid=1000(system) Binder:2185_1D expire 4 lines
05-15 01:42:01.652  2185  2547 I chatty  : uid=1000(system) Binder:2185_3 expire 2 lines
05-15 01:42:33.572  2185 25141 I chatty  : uid=1000(system) Binder:2185_1C expire 2 lines
05-15 01:43:12.579  2185  5138 I chatty  : uid=1000(system) Binder:2185_14 expire 2 lines
05-15 01:43:34.558  2185  3723 I chatty  : uid=1000(system) Binder:2185_10 expire 3 lines
05-15 01:44:35.567  2185  3593 I chatty  : uid=1000(system) Binder:2185_7 expire 3 lines
05-15 01:46:24.711  2185  3678 I chatty  : uid=1000(system) Binder:2185_B expire 4 lines
05-15 01:46:24.768 12280 12280 D ActivityThread: Loading provider contacts;com.android.contacts: com.android.providers.contacts.SemcContactsProvider2
05-15 01:46:37.559  2185  2504 I chatty  : uid=1000(system) AlarmManager expire 31 lines
05-15 01:49:27.671  2185 24175 I chatty  : uid=1000(system) Binder:2185_1A expire 1 line
05-15 01:50:41.689  2185 10699 I chatty  : uid=1000(system) Binder:2185_1E expire 1 line
05-15 01:50:42.607  2185 25140 I chatty  : uid=1000(system) Binder:2185_1B expire 1 line
05-15 01:51:27.523  2185  2256 I chatty  : uid=1000(system) android.io expire 2 lines
05-15 01:52:40.975 12437 12437 D ActivityThread: Loading provider com.whatsapp.provider.contact: com.whatsapp.contact.ContactProvider
05-15 01:52:41.058  2185  2218 I chatty  : uid=1000(system) ActivityManager expire 14 lines
05-15 01:52:41.448  2185  3723 I chatty  : uid=1000(system) Binder:2185_10 expire 3 lines
05-15 01:52:41.483  2185  3707 I chatty  : uid=1000(system) Binder:2185_F expire 10 lines
05-15 01:52:41.484  2185 19421 I chatty  : uid=1000(system) Binder:2185_13 expire 6 lines
05-15 01:52:41.492  2185  3565 I chatty  : uid=1000(system) Binder:2185_6 expire 10 lines
05-15 01:52:41.539  2185  3679 I chatty  : uid=1000(system) Binder:2185_C expire 2 lines
05-15 01:52:41.549  2185  3697 I chatty  : uid=1000(system) Binder:2185_D expire 10 lines
05-15 01:52:41.549  2185  3657 I chatty  : uid=1000(system) Binder:2185_A expire 13 lines
05-15 01:52:41.649  2185  2255 I chatty  : uid=1000(system) android.fg expire 14 lines
05-15 01:52:41.653  2185  3593 I chatty  : uid=1000(system) Binder:2185_7 expire 1 line
05-15 01:52:41.662  2185  2222 I chatty  : uid=1000(system) batterystats-sy expire 15 lines
05-15 01:52:43.640  2185  2504 I chatty  : uid=1000(system) AlarmManager expire 44 lines
05-15 01:52:43.693  2185  2622 I chatty  : uid=1000(system) Binder:2185_4 expire 3 lines
05-15 01:52:43.710  2185 25140 I chatty  : uid=1000(system) Binder:2185_1B expire 7 lines
05-15 01:53:45.570  2185  5139 I chatty  : uid=1000(system) Binder:2185_15 expire 2 lines
05-15 01:53:45.675  2185  3595 I chatty  : uid=1000(system) Binder:2185_8 expire 1 line
05-15 01:54:02.671  2185  4613 I chatty  : uid=1000(system) Binder:2185_1D expire 3 lines
05-15 01:55:03.679  2185  2199 I chatty  : uid=1000(system) Binder:2185_1 expire 4 lines
05-15 01:55:29.564  2185 19420 I chatty  : uid=1000(system) Binder:2185_12 expire 2 lines
05-15 01:55:47.969  2185 25141 I chatty  : uid=1000(system) Binder:2185_1C expire 11 lines
05-15 01:56:05.634  2185  2547 I chatty  : uid=1000(system) Binder:2185_3 expire 1 line
05-15 01:56:05.637  2185  2185 I chatty  : uid=1000 system_server expire 2 lines
