06-06 15:57:00.002  2187  2498 I chatty  : uid=1000(system) AlarmManager expire 7 lines
06-06 15:57:04.525  2187 21111 I chatty  : uid=1000(system) Binder:2187_14 expire 4 lines
06-06 15:57:08.322  2187  2262 I chatty  : uid=1000(system) android.fg expire 6 lines
06-06 15:57:11.976  2187  2657 I chatty  : uid=1000(system) Binder:2187_5 expire 2 lines
06-06 15:57:46.418  2187  2541 I chatty  : uid=1000(system) Binder:2187_3 expire 2 lines
06-06 15:58:19.344  2187  2187 I chatty  : uid=1000 system_server expire 1 line
06-06 15:58:19.374  2187  2224 I chatty  : uid=1000(system) batterystats-sy expire 2 lines
06-06 15:58:40.464  2187  3567 I chatty  : uid=1000(system) Binder:2187_F expire 1 line
06-06 15:58:51.133  2187  2200 I chatty  : uid=1000(system) Binder:2187_1 expire 5 lines
06-06 15:59:01.634  2187  2220 I chatty  : uid=1000(system) ActivityManager expire 19 lines
06-06 15:59:01.013  2187  3560 I chatty  : uid=1000(system) Binder:2187_E expire 4 lines
06-06 15:59:01.612  2187 21141 I chatty  : uid=1000(system) Binder:2187_17 expire 7 lines
06-06 15:59:01.624  2187 31939 I chatty  : uid=1000(system) Binder:2187_1C expire 3 lines
06-06 15:59:01.662  2187  3569 I chatty  : uid=1000(system) Binder:2187_10 expire 4 lines
06-06 15:59:01.674  2187 21111 I chatty  : uid=1000(system) Binder:2187_14 expire 2 lines
06-06 15:59:01.686  2187 21140 I chatty  : uid=1000(system) Binder:2187_16 expire 3 lines
06-06 15:59:01.706  2187  2531 I chatty  : uid=1000(system) ConnectivitySer expire 12 lines
06-06 15:59:11.500  2187  2498 I chatty  : uid=1000(system) AlarmManager expire 14 lines
06-06 15:59:11.535  2187  3500 I chatty  : uid=1000(system) Binder:2187_7 expire 1 line
06-06 15:59:11.545  2187 21313 I chatty  : uid=1000(system) Binder:2187_19 expire 4 lines
06-06 15:59:11.564  2187  3572 I chatty  : uid=1000(system) Binder:2187_12 expire 3 lines
06-06 15:59:17.968  2187  2949 I chatty  : uid=1000(system) Binder:2187_6 expire 1 line
06-06 15:59:18.020  2187 11980 I chatty  : uid=1000(system) Binder:2187_1A expire 5 lines
06-06 15:59:22.579  2187  2262 I chatty  : uid=1000(system) android.fg expire 14 lines
06-06 15:59:22.583  2187 21112 I chatty  : uid=1000(system) Binder:2187_15 expire 3 lines
06-06 15:59:37.786  2187  2656 I chatty  : uid=1000(system) Binder:2187_4 expire 1 line
06-06 15:59:39.805  2187  2201 I chatty  : uid=1000(system) Binder:2187_2 expire 5 lines
06-06 15:59:45.736  2187  2501 I chatty  : uid=1000(system) InputReader expire 1 line
06-06 15:59:45.765  2187  2187 I chatty  : uid=1000 system_server expire 8 lines
06-06 15:59:46.225  2187  2267 I chatty  : uid=1000(system) PowerManagerSer expire 2 lines
06-06 15:59:46.511  2622  2622 V KeyguardStatusView: refresh statusview showing:true
06-06 15:59:46.518  2622  2622 V KeyguardDisplayManager: show
06-06 15:59:46.744  2187  3567 I chatty  : uid=1000(system) Binder:2187_F expire 2 lines
06-06 15:59:46.808  2187 31940 I chatty  : uid=1000(system) Binder:2187_1D expire 8 lines
06-06 15:59:47.031  2187  2264 I chatty  : uid=1000(system) android.display expire 2 lines
06-06 15:59:56.692  2187 23143 I chatty  : uid=1000(system) Binder:2187_13 expire 2 lines
06-06 15:59:56.693  2187  2220 I chatty  : uid=1000(system) ActivityManager expire 54 lines
06-06 16:00:13.076  2187  3503 I chatty  : uid=1000(system) Binder:2187_8 expire 1 line
06-06 16:00:21.442  2187  3510 I chatty  : uid=1000(system) Binder:2187_9 expire 3 lines
06-06 16:00:29.866  2187 21203 I chatty  : uid=1000(system) Binder:2187_18 expire 3 lines
06-06 16:00:30.545  2187  3514 I chatty  : uid=1000(system) Binder:2187_A expire 2 lines
06-06 16:00:46.838  2187  3535 I chatty  : uid=1000(system) Binder:2187_B expire 3 lines
06-06 16:00:55.061  2187  3538 I chatty  : uid=1000(system) Binder:2187_C expire 1 line
06-06 16:01:13.197  2187  3571 I chatty  : uid=1000(system) Binder:2187_11 expire 1 line
06-06 16:01:13.334  2187 32069 I chatty  : uid=1000(system) Binder:2187_1E expire 4 lines
06-06 16:01:38.072  2187  2537 I chatty  : uid=1000(system) onProviders.ECP expire 1 line
06-06 16:01:39.191  2187  2541 I chatty  : uid=1000(system) Binder:2187_3 expire 5 lines
06-06 16:02:02.268  2187  2531 I chatty  : uid=1000(system) ConnectivitySer expire 9 lines
06-06 16:02:02.268  2187  2220 I chatty  : uid=1000(system) ActivityManager expire 51 lines
06-06 16:02:02.357  2187  2187 I chatty  : uid=1000 system_server expire 8 lines
06-06 16:02:02.371  2187  3571 I chatty  : uid=1000(system) Binder:2187_11 expire 7 lines
06-06 16:02:18.690  2187  3559 I chatty  : uid=1000(system) Binder:2187_D expire 2 lines
06-06 16:02:18.697  2187  2262 I chatty  : uid=1000(system) android.fg expire 10 lines
06-06 16:02:18.725  2187 21112 I chatty  : uid=1000(system) Binder:2187_15 expire 7 lines
06-06 16:02:18.743  2187  3567 I chatty  : uid=1000(system) Binder:2187_F expire 6 lines
06-06 16:02:18.851  2187  2263 I chatty  : uid=1000(system) android.io expire 2 lines
06-06 16:02:19.095  2187  3535 I chatty  : uid=1000(system) Binder:2187_B expire 3 lines
06-06 16:02:19.197  2187  2498 I chatty  : uid=1000(system) AlarmManager expire 7 lines
06-06 16:02:19.558  2187 32069 I chatty  : uid=1000(system) Binder:2187_1E expire 5 lines
06-06 16:02:19.577  2187 11980 I chatty  : uid=1000(system) Binder:2187_1A expire 3 lines
06-06 16:02:19.812  2187  3503 I chatty  : uid=1000(system) Binder:2187_8 expire 1 line
06-06 16:02:19.887  2187  3569 I chatty  : uid=1000(system) Binder:2187_10 expire 3 lines
06-06 16:02:20.985  2187  2656 I chatty  : uid=1000(system) Binder:2187_4 expire 5 lines
06-06 16:02:21.030  2187 23143 I chatty  : uid=1000(system) Binder:2187_13 expire 2 lines
06-06 16:02:21.155  2187  3560 I chatty  : uid=1000(system) Binder:2187_E expire 4 lines
06-06 16:02:21.277  2187 21140 I chatty  : uid=1000(system) Binder:2187_16 expire 3 lines
06-06 16:02:21.358  2187  3510 I chatty  : uid=1000(system) Binder:2187_9 expire 9 lines
06-06 16:02:21.377  2187 21313 I chatty  : uid=1000(system) Binder:2187_19 expire 8 lines
06-06 16:02:21.481  2187  2201 I chatty  : uid=1000(system) Binder:2187_2 expire 6 lines
06-06 16:02:21.772  2187 11981 I chatty  : uid=1000(system) Binder:2187_1B expire 4 lines
06-06 16:02:21.882  2187  3538 I chatty  : uid=1000(system) Binder:2187_C expire 8 lines
06-06 16:02:22.041  2187  3500 I chatty  : uid=1000(system) Binder:2187_7 expire 4 lines
06-06 16:02:22.120  2187  2218 I chatty  : uid=1000(system) android.bg expire 1 line
06-06 16:02:22.197  2187 21141 I chatty  : uid=1000(system) Binder:2187_17 expire 4 lines
06-06 16:02:22.245  2187  2513 I chatty  : uid=1000(system) NetworkStats expire 3 lines
06-06 16:02:22.255  2187 31940 I chatty  : uid=1000(system) Binder:2187_1D expire 3 lines
06-06 16:02:22.390  2187  3572 I chatty  : uid=1000(system) Binder:2187_12 expire 8 lines
06-06 16:02:23.174  2187  2200 I chatty  : uid=1000(system) Binder:2187_1 expire 4 lines
06-06 16:02:23.429  2187  2657 I chatty  : uid=1000(system) Binder:2187_5 expire 3 lines
06-06 16:03:05.665  2187  2949 I chatty  : uid=1000(system) Binder:2187_6 expire 3 lines
06-06 16:03:33.365  2187 21203 I chatty  : uid=1000(system) Binder:2187_18 expire 2 lines
06-06 16:03:57.228  2187  3535 I chatty  : uid=1000(system) Binder:2187_B expire 4 lines
06-06 16:03:57.229  2187  2220 I chatty  : uid=1000(system) ActivityManager expire 62 lines
06-06 16:03:57.245  2187  2949 I chatty  : uid=1000(system) Binder:2187_6 expire 6 lines
06-06 16:03:57.270  2187  2531 I chatty  : uid=1000(system) ConnectivitySer expire 10 lines
06-06 16:04:01.079  2187  2498 I chatty  : uid=1000(system) AlarmManager expire 25 lines
06-06 16:04:01.191  2187  2187 I chatty  : uid=1000 system_server expire 2 lines
06-06 16:04:01.202  2187 32069 I chatty  : uid=1000(system) Binder:2187_1E expire 3 lines
06-06 16:04:01.241  2187  3571 I chatty  : uid=1000(system) Binder:2187_11 expire 4 lines
06-06 16:04:01.294  2187  2657 I chatty  : uid=1000(system) Binder:2187_5 expire 4 lines
06-06 16:04:09.850  2187  2262 I chatty  : uid=1000(system) android.fg expire 12 lines
06-06 16:04:09.853  2187  3560 I chatty  : uid=1000(system) Binder:2187_E expire 5 lines
06-06 16:04:09.855  2187  3559 I chatty  : uid=1000(system) Binder:2187_D expire 2 lines
06-06 16:04:10.011  2187  3500 I chatty  : uid=1000(system) Binder:2187_7 expire 3 lines
06-06 16:04:10.646  2187 21140 I chatty  : uid=1000(system) Binder:2187_16 expire 2 lines
06-06 16:04:10.650  2187  3538 I chatty  : uid=1000(system) Binder:2187_C expire 2 lines
06-06 16:04:10.704  2187  2201 I chatty  : uid=1000(system) Binder:2187_2 expire 2 lines
06-06 16:04:27.096  2187  3514 I chatty  : uid=1000(system) Binder:2187_A expire 3 lines
06-06 16:04:27.108  2187  2656 I chatty  : uid=1000(system) Binder:2187_4 expire 2 lines
06-06 16:04:27.133  2187  3510 I chatty  : uid=1000(system) Binder:2187_9 expire 10 lines
06-06 16:04:27.151  2187  3572 I chatty  : uid=1000(system) Binder:2187_12 expire 2 lines
06-06 16:04:37.716  2187  3567 I chatty  : uid=1000(system) Binder:2187_F expire 6 lines
06-06 16:04:37.724  2187 11980 I chatty  : uid=1000(system) Binder:2187_1A expire 2 lines
06-06 16:04:54.229  2187 21313 I chatty  : uid=1000(system) Binder:2187_19 expire 4 lines
06-06 16:04:54.269  2187 23143 I chatty  : uid=1000(system) Binder:2187_13 expire 2 lines
06-06 16:05:02.287  2187 31939 I chatty  : uid=1000(system) Binder:2187_1C expire 1 line
06-06 16:05:02.493  2187  2218 I chatty  : uid=1000(system) android.bg expire 4 lines
06-06 16:05:03.199  2187 21112 I chatty  : uid=1000(system) Binder:2187_15 expire 2 lines
06-06 16:05:19.454  2187  3503 I chatty  : uid=1000(system) Binder:2187_8 expire 4 lines
06-06 16:05:19.503  2187  2541 I chatty  : uid=1000(system) Binder:2187_3 expire 3 lines
06-06 16:06:03.352  2187 21111 I chatty  : uid=1000(system) Binder:2187_14 expire 1 line
06-06 16:06:03.409  2187 11981 I chatty  : uid=1000(system) Binder:2187_1B expire 5 lines
06-06 16:07:04.258  2187  3569 I chatty  : uid=1000(system) Binder:2187_10 expire 1 line
06-06 16:07:23.260  2187 31940 I chatty  : uid=1000(system) Binder:2187_1D expire 2 lines
06-06 16:10:15.100  2187  2200 I chatty  : uid=1000(system) Binder:2187_1 expire 3 lines
06-06 16:10:15.101  2187  2220 I chatty  : uid=1000(system) ActivityManager expire 44 lines
06-06 16:10:15.101  2187 21313 I chatty  : uid=1000(system) Binder:2187_19 expire 3 lines
06-06 16:10:15.103  2187  2201 I chatty  : uid=1000(system) Binder:2187_2 expire 2 lines
06-06 16:10:15.104  2187  3567 I chatty  : uid=1000(system) Binder:2187_F expire 6 lines
06-06 16:10:15.106  2187  3503 I chatty  : uid=1000(system) Binder:2187_8 expire 5 lines
06-06 16:10:15.107  2187 11980 I chatty  : uid=1000(system) Binder:2187_1A expire 2 lines
06-06 16:10:15.108  2187  3510 I chatty  : uid=1000(system) Binder:2187_9 expire 4 lines
06-06 16:10:15.110  2187  3535 I chatty  : uid=1000(system) Binder:2187_B expire 5 lines
06-06 16:10:15.111  2187  2949 I chatty  : uid=1000(system) Binder:2187_6 expire 3 lines
06-06 16:10:15.114  2187 31940 I chatty  : uid=1000(system) Binder:2187_1D expire 10 lines
06-06 16:10:15.116  2187  3514 I chatty  : uid=1000(system) Binder:2187_A expire 3 lines
06-06 16:10:15.118  2187  3572 I chatty  : uid=1000(system) Binder:2187_12 expire 2 lines
06-06 16:10:15.120  2187  2656 I chatty  : uid=1000(system) Binder:2187_4 expire 5 lines
06-06 16:10:15.121  2187  2657 I chatty  : uid=1000(system) Binder:2187_5 expire 1 line
06-06 16:10:15.342  2187  3569 I chatty  : uid=1000(system) Binder:2187_10 expire 5 lines
06-06 16:10:15.373  2187  3571 I chatty  : uid=1000(system) Binder:2187_11 expire 4 lines
06-06 16:10:17.179  2187 23143 I chatty  : uid=1000(system) Binder:2187_13 expire 6 lines
06-06 16:10:32.103  2187  2262 I chatty  : uid=1000(system) android.fg expire 8 lines
06-06 16:10:32.107  2187  2541 I chatty  : uid=1000(system) Binder:2187_3 expire 2 lines
06-06 16:10:32.124  2187 31939 I chatty  : uid=1000(system) Binder:2187_1C expire 5 lines
06-06 16:10:32.225  2187  2531 I chatty  : uid=1000(system) ConnectivitySer expire 6 lines
06-06 16:10:32.317  2187  2218 I chatty  : uid=1000(system) android.bg expire 4 lines
06-06 16:11:15.212  2187  2498 I chatty  : uid=1000(system) AlarmManager expire 12 lines
06-06 16:11:25.242  2187  3560 I chatty  : uid=1000(system) Binder:2187_E expire 5 lines
06-06 16:11:26.640  2187 11981 I chatty  : uid=1000(system) Binder:2187_1B expire 1 line
06-06 16:11:26.688  2187 21141 I chatty  : uid=1000(system) Binder:2187_17 expire 4 lines
06-06 16:11:43.140  2187 21111 I chatty  : uid=1000(system) Binder:2187_14 expire 1 line
06-06 16:11:43.190  2187 32069 I chatty  : uid=1000(system) Binder:2187_1E expire 6 lines
06-06 16:12:16.329  2187 21203 I chatty  : uid=1000(system) Binder:2187_18 expire 2 lines
06-06 16:12:17.539  2187 21140 I chatty  : uid=1000(system) Binder:2187_16 expire 4 lines
06-06 16:13:50.850  2187  2501 I chatty  : uid=1000(system) InputReader expire 1 line
06-06 16:13:50.852  2187  2187 I chatty  : uid=1000 system_server expire 4 lines
06-06 16:13:50.866  2187  2267 I chatty  : uid=1000(system) PowerManagerSer expire 4 lines
06-06 16:13:50.883  2187  2264 I chatty  : uid=1000(system) android.display expire 1 line
06-06 16:13:51.318  2187  3559 I chatty  : uid=1000(system) Binder:2187_D expire 2 lines
06-06 16:13:51.655   738 21617 W SocketClient: write error (Broken pipe)
06-06 16:13:51.655   738 21617 W SocketClient: write error (Broken pipe)
06-06 16:13:51.655   738 21617 W SocketClient: write error (Broken pipe)
06-06 16:13:51.656   738 21617 W SocketClient: write error (Broken pipe)
06-06 16:13:51.656   738 21617 W SocketClient: write error (Broken pipe)
06-06 16:13:51.656   738 21617 W SocketClient: write error (Broken pipe)
06-06 16:13:51.656   738 21617 W SocketClient: write error (Broken pipe)
06-06 16:13:51.656   738 21617 W SocketClient: write error (Broken pipe)
06-06 16:13:51.656   738 21617 W SocketClient: write error (Broken pipe)
06-06 16:13:52.425  2622  2622 V KeyguardDisplayManager: hide
06-06 16:13:52.432  2187  2220 I chatty  : uid=1000(system) ActivityManager expire 15 lines
06-06 16:13:52.921  2187  2224 I chatty  : uid=1000(system) batterystats-sy expire 2 lines
06-06 16:13:53.156  2187  3500 I chatty  : uid=1000(system) Binder:2187_7 expire 1 line
06-06 16:13:55.971  2187 31940 I chatty  : uid=1000(system) Binder:2187_1D expire 2 lines
06-06 16:13:56.331  2187  2220 I chatty  : uid=1000(system) ActivityManager expire 84 lines
06-06 16:13:56.332  2187 32069 I chatty  : uid=1000(system) Binder:2187_1E expire 2 lines
06-06 16:13:56.334  2187  3571 I chatty  : uid=1000(system) Binder:2187_11 expire 4 lines
06-06 16:13:57.396  2187 21112 I chatty  : uid=1000(system) Binder:2187_15 expire 5 lines
06-06 16:13:58.335  2187  3559 I chatty  : uid=1000(system) Binder:2187_D expire 6 lines
06-06 16:13:58.549  2187  3514 I chatty  : uid=1000(system) Binder:2187_A expire 5 lines
06-06 16:13:58.565  2187  2949 I chatty  : uid=1000(system) Binder:2187_6 expire 5 lines
06-06 16:13:58.701  2187 21203 I chatty  : uid=1000(system) Binder:2187_18 expire 9 lines
06-06 16:13:58.842  2187  3572 I chatty  : uid=1000(system) Binder:2187_12 expire 2 lines
06-06 16:13:58.875  2187 21313 I chatty  : uid=1000(system) Binder:2187_19 expire 2 lines
06-06 16:13:59.014  2187 21111 I chatty  : uid=1000(system) Binder:2187_14 expire 7 lines
06-06 16:14:00.002  2187  2498 I chatty  : uid=1000(system) AlarmManager expire 9 lines
06-06 16:14:00.092  2187 21141 I chatty  : uid=1000(system) Binder:2187_17 expire 3 lines
06-06 16:14:03.469  2187  2263 I chatty  : uid=1000(system) android.io expire 2 lines
06-06 16:14:03.617  2187  3569 I chatty  : uid=1000(system) Binder:2187_10 expire 6 lines
06-06 16:14:04.744  2187  3500 I chatty  : uid=1000(system) Binder:2187_7 expire 3 lines
06-06 16:14:05.097  2187 31939 I chatty  : uid=1000(system) Binder:2187_1C expire 4 lines
06-06 16:14:06.916  2187 21140 I chatty  : uid=1000(system) Binder:2187_16 expire 3 lines
06-06 16:14:11.003  2187 11981 I chatty  : uid=1000(system) Binder:2187_1B expire 1 line
06-06 16:14:13.222  2187  2541 I chatty  : uid=1000(system) Binder:2187_3 expire 2 lines
06-06 16:14:13.342  2187  3567 I chatty  : uid=1000(system) Binder:2187_F expire 3 lines
06-06 16:14:13.561  2187  3510 I chatty  : uid=1000(system) Binder:2187_9 expire 2 lines
06-06 16:14:16.638  2187  3503 I chatty  : uid=1000(system) Binder:2187_8 expire 5 lines
06-06 16:14:16.710  2187  2531 I chatty  : uid=1000(system) ConnectivitySer expire 7 lines
06-06 16:14:17.217  2187 23143 I chatty  : uid=1000(system) Binder:2187_13 expire 3 lines
06-06 16:14:19.790  2187  3535 I chatty  : uid=1000(system) Binder:2187_B expire 3 lines
06-06 16:14:23.132  2187  2264 I chatty  : uid=1000(system) android.display expire 2 lines
06-06 16:14:37.188  2187  2657 I chatty  : uid=1000(system) Binder:2187_5 expire 2 lines
06-06 16:14:37.247  2187  2200 I chatty  : uid=1000(system) Binder:2187_1 expire 3 lines
06-06 16:14:46.657  2187  2201 I chatty  : uid=1000(system) Binder:2187_2 expire 3 lines
06-06 16:14:50.226  2187 11980 I chatty  : uid=1000(system) Binder:2187_1A expire 2 lines
06-06 16:14:59.207  2187  3538 I chatty  : uid=1000(system) Binder:2187_C expire 1 line
06-06 16:14:59.233  2187  3560 I chatty  : uid=1000(system) Binder:2187_E expire 3 lines
06-06 16:15:21.062  2187  3572 I chatty  : uid=1000(system) Binder:2187_12 expire 2 lines
06-06 16:15:21.062  2187  2220 I chatty  : uid=1000(system) ActivityManager expire 27 lines
06-06 16:15:21.009  2187 23143 I chatty  : uid=1000(system) Binder:2187_13 expire 2 lines
06-06 16:15:21.634  2187  3567 I chatty  : uid=1000(system) Binder:2187_F expire 4 lines
06-06 16:15:21.652  2187 21111 I chatty  : uid=1000(system) Binder:2187_14 expire 2 lines
06-06 16:15:21.662  2187  3538 I chatty  : uid=1000(system) Binder:2187_C expire 5 lines
06-06 16:15:21.692  2187  3559 I chatty  : uid=1000(system) Binder:2187_D expire 4 lines
06-06 16:15:21.709  2187 31939 I chatty  : uid=1000(system) Binder:2187_1C expire 5 lines
06-06 16:15:21.728  2187  2531 I chatty  : uid=1000(system) ConnectivitySer expire 9 lines
06-06 16:15:24.383  2187  2657 I chatty  : uid=1000(system) Binder:2187_5 expire 1 line
06-06 16:15:24.390  2187 31940 I chatty  : uid=1000(system) Binder:2187_1D expire 4 lines
06-06 16:15:24.423  2187 21140 I chatty  : uid=1000(system) Binder:2187_16 expire 2 lines
06-06 16:15:24.437  2187  3569 I chatty  : uid=1000(system) Binder:2187_10 expire 7 lines
06-06 16:15:31.745  2187  2262 I chatty  : uid=1000(system) android.fg expire 10 lines
06-06 16:15:31.748  2187  2656 I chatty  : uid=1000(system) Binder:2187_4 expire 7 lines
06-06 16:15:31.825  2187  2187 I chatty  : uid=1000 system_server expire 5 lines
06-06 16:15:31.843  2187  2224 I chatty  : uid=1000(system) batterystats-sy expire 6 lines
06-06 16:15:40.451  2187  3514 I chatty  : uid=1000(system) Binder:2187_A expire 5 lines
06-06 16:15:40.497  2187 21112 I chatty  : uid=1000(system) Binder:2187_15 expire 5 lines
06-06 16:15:47.904  2187  3510 I chatty  : uid=1000(system) Binder:2187_9 expire 4 lines
06-06 16:15:47.910  2187 21141 I chatty  : uid=1000(system) Binder:2187_17 expire 2 lines
06-06 16:15:47.913  2187  3503 I chatty  : uid=1000(system) Binder:2187_8 expire 3 lines
06-06 16:15:57.218  3524  3627 W ContextImpl: Calling a method in the system process without a qualified user: android.app.ContextImpl.bindService:1422 android.content.ContextWrapper.bindService:636 com.google.android.gms.ads.identifier.AdvertisingIdClient.h:-1 com.google.android.gms.ads.identifier.AdvertisingIdClient.b:-1 com.google.android.gms.ads.identifier.AdvertisingIdClient.getAdvertisingIdInfo:-1 
06-06 16:15:59.943  2187  2498 I chatty  : uid=1000(system) AlarmManager expire 7 lines
06-06 16:16:05.314  2187 32069 I chatty  : uid=1000(system) Binder:2187_1E expire 5 lines
06-06 16:16:05.317  2187  2220 I chatty  : uid=1000(system) ActivityManager expire 22 lines
06-06 16:16:05.325  2187 21203 I chatty  : uid=1000(system) Binder:2187_18 expire 2 lines
06-06 16:16:05.374  2187 11981 I chatty  : uid=1000(system) Binder:2187_1B expire 1 line
06-06 16:16:05.825  2187  3535 I chatty  : uid=1000(system) Binder:2187_B expire 1 line
06-06 16:16:22.475  2187  2201 I chatty  : uid=1000(system) Binder:2187_2 expire 3 lines
06-06 16:16:39.798  2187  2541 I chatty  : uid=1000(system) Binder:2187_3 expire 2 lines
06-06 16:16:49.713  2187 11980 I chatty  : uid=1000(system) Binder:2187_1A expire 1 line
06-06 16:16:50.285  2187  2200 I chatty  : uid=1000(system) Binder:2187_1 expire 1 line
06-06 16:16:50.309  2187 21313 I chatty  : uid=1000(system) Binder:2187_19 expire 2 lines
06-06 16:17:10.498  2187  2501 I chatty  : uid=1000(system) InputReader expire 1 line
06-06 16:17:10.998  2187  2267 I chatty  : uid=1000(system) PowerManagerSer expire 2 lines
06-06 16:17:11.183  2622  2622 V KeyguardStatusView: refresh statusview showing:true
06-06 16:17:11.192  2622  2622 V KeyguardDisplayManager: show
06-06 16:17:11.332  2187  3500 I chatty  : uid=1000(system) Binder:2187_7 expire 1 line
06-06 16:17:11.333  2187  2220 I chatty  : uid=1000(system) ActivityManager expire 23 lines
06-06 16:17:11.370  2187  3571 I chatty  : uid=1000(system) Binder:2187_11 expire 4 lines
06-06 16:17:11.745  2187  2264 I chatty  : uid=1000(system) android.display expire 2 lines
06-06 16:17:16.117  2187  2949 I chatty  : uid=1000(system) Binder:2187_6 expire 4 lines
06-06 16:17:29.361  2187 31940 I chatty  : uid=1000(system) Binder:2187_1D expire 4 lines
06-06 16:17:29.362  2187  2220 I chatty  : uid=1000(system) ActivityManager expire 36 lines
06-06 16:17:32.053  2187 32069 I chatty  : uid=1000(system) Binder:2187_1E expire 10 lines
06-06 16:17:32.066  2187  2200 I chatty  : uid=1000(system) Binder:2187_1 expire 3 lines
06-06 16:17:32.067  2187  3500 I chatty  : uid=1000(system) Binder:2187_7 expire 8 lines
06-06 16:17:32.083  2187  3567 I chatty  : uid=1000(system) Binder:2187_F expire 5 lines
06-06 16:17:32.087  2187  2657 I chatty  : uid=1000(system) Binder:2187_5 expire 5 lines
06-06 16:17:32.088  2187  2201 I chatty  : uid=1000(system) Binder:2187_2 expire 3 lines
06-06 16:17:32.088  2187  3514 I chatty  : uid=1000(system) Binder:2187_A expire 5 lines
06-06 16:17:32.090  2187 31939 I chatty  : uid=1000(system) Binder:2187_1C expire 3 lines
06-06 16:17:32.104  2187  3510 I chatty  : uid=1000(system) Binder:2187_9 expire 7 lines
06-06 16:17:32.105  2187 21140 I chatty  : uid=1000(system) Binder:2187_16 expire 3 lines
06-06 16:17:35.237  2187  2656 I chatty  : uid=1000(system) Binder:2187_4 expire 3 lines
06-06 16:17:35.238  2187 11980 I chatty  : uid=1000(system) Binder:2187_1A expire 3 lines
06-06 16:17:35.260  2187  3559 I chatty  : uid=1000(system) Binder:2187_D expire 5 lines
06-06 16:17:35.260  2187  3571 I chatty  : uid=1000(system) Binder:2187_11 expire 4 lines
06-06 16:17:35.263  2187 21112 I chatty  : uid=1000(system) Binder:2187_15 expire 3 lines
06-06 16:17:35.264  2187  3535 I chatty  : uid=1000(system) Binder:2187_B expire 4 lines
06-06 16:17:45.273  2187 21313 I chatty  : uid=1000(system) Binder:2187_19 expire 2 lines
06-06 16:17:45.302  2187  3538 I chatty  : uid=1000(system) Binder:2187_C expire 7 lines
06-06 16:17:45.347  2187  2531 I chatty  : uid=1000(system) ConnectivitySer expire 5 lines
06-06 16:18:00.577  2187  2262 I chatty  : uid=1000(system) android.fg expire 12 lines
06-06 16:18:00.582  2187 21203 I chatty  : uid=1000(system) Binder:2187_18 expire 4 lines
06-06 16:18:01.009  2187 23143 I chatty  : uid=1000(system) Binder:2187_13 expire 3 lines
06-06 16:18:01.695  2187  3572 I chatty  : uid=1000(system) Binder:2187_12 expire 7 lines
06-06 16:18:01.734  2187  3569 I chatty  : uid=1000(system) Binder:2187_10 expire 3 lines
06-06 16:18:18.037  2187  2498 I chatty  : uid=1000(system) AlarmManager expire 11 lines
06-06 16:18:18.094  2187  3503 I chatty  : uid=1000(system) Binder:2187_8 expire 2 lines
06-06 16:19:10.091  2187  2187 I chatty  : uid=1000 system_server expire 10 lines
06-06 16:19:10.117  2187  2537 I chatty  : uid=1000(system) onProviders.ECP expire 1 line
06-06 16:19:10.635  2187 21111 I chatty  : uid=1000(system) Binder:2187_14 expire 3 lines
06-06 16:19:19.668  2187  2263 I chatty  : uid=1000(system) android.io expire 2 lines
06-06 16:19:20.601 22948 22948 D ActivityThread: Loading provider contacts;com.android.contacts: com.android.providers.contacts.SemcContactsProvider2
06-06 16:19:21.830  2187  2541 I chatty  : uid=1000(system) Binder:2187_3 expire 2 lines
06-06 16:19:22.727  2187  2220 I chatty  : uid=1000(system) ActivityManager expire 12 lines
06-06 16:19:23.880  2187 21141 I chatty  : uid=1000(system) Binder:2187_17 expire 2 lines
06-06 16:19:24.131  2187  3560 I chatty  : uid=1000(system) Binder:2187_E expire 3 lines
06-06 16:19:52.174  2187 11980 I chatty  : uid=1000(system) Binder:2187_1A expire 2 lines
06-06 16:19:52.578  2187 31940 I chatty  : uid=1000(system) Binder:2187_1D expire 2 lines
06-06 16:19:52.579  2187  2220 I chatty  : uid=1000(system) ActivityManager expire 72 lines
06-06 16:19:52.613  2187  3510 I chatty  : uid=1000(system) Binder:2187_9 expire 2 lines
06-06 16:19:52.629  2187  3538 I chatty  : uid=1000(system) Binder:2187_C expire 4 lines
06-06 16:19:52.651  2187  2531 I chatty  : uid=1000(system) ConnectivitySer expire 11 lines
06-06 16:19:53.792  2187  3500 I chatty  : uid=1000(system) Binder:2187_7 expire 2 lines
06-06 16:20:02.067  2187  2498 I chatty  : uid=1000(system) AlarmManager expire 14 lines
06-06 16:20:02.117  2187 21141 I chatty  : uid=1000(system) Binder:2187_17 expire 4 lines
06-06 16:20:02.215  2187  3503 I chatty  : uid=1000(system) Binder:2187_8 expire 1 line
06-06 16:20:07.246  2187 21313 I chatty  : uid=1000(system) Binder:2187_19 expire 6 lines
06-06 16:20:08.864  2187  2657 I chatty  : uid=1000(system) Binder:2187_5 expire 4 lines
06-06 16:20:12.817  2187  3572 I chatty  : uid=1000(system) Binder:2187_12 expire 2 lines
06-06 16:20:17.774  2187  3535 I chatty  : uid=1000(system) Binder:2187_B expire 3 lines
06-06 16:20:17.818  2187  2200 I chatty  : uid=1000(system) Binder:2187_1 expire 2 lines
06-06 16:20:17.855  2187  3514 I chatty  : uid=1000(system) Binder:2187_A expire 3 lines
06-06 16:20:36.071  2187  2262 I chatty  : uid=1000(system) android.fg expire 10 lines
06-06 16:20:36.083  2187 32069 I chatty  : uid=1000(system) Binder:2187_1E expire 4 lines
06-06 16:20:37.587  2187  2656 I chatty  : uid=1000(system) Binder:2187_4 expire 4 lines
06-06 16:20:37.593  2187  3559 I chatty  : uid=1000(system) Binder:2187_D expire 5 lines
06-06 16:20:38.080  2187  2541 I chatty  : uid=1000(system) Binder:2187_3 expire 2 lines
06-06 16:20:38.124  2187  2263 I chatty  : uid=1000(system) android.io expire 2 lines
06-06 16:20:38.140  2187  3567 I chatty  : uid=1000(system) Binder:2187_F expire 3 lines
06-06 16:20:54.365  2187 21112 I chatty  : uid=1000(system) Binder:2187_15 expire 4 lines
06-06 16:20:58.214  2187  2949 I chatty  : uid=1000(system) Binder:2187_6 expire 5 lines
06-06 16:21:01.970  2187 11981 I chatty  : uid=1000(system) Binder:2187_1B expire 5 lines
06-06 16:21:21.085  2187 21111 I chatty  : uid=1000(system) Binder:2187_14 expire 3 lines
06-06 16:21:21.127  2187 23143 I chatty  : uid=1000(system) Binder:2187_13 expire 3 lines
06-06 16:21:29.021  2187  2187 I chatty  : uid=1000 system_server expire 10 lines
06-06 16:21:34.089  2187 21203 I chatty  : uid=1000(system) Binder:2187_18 expire 1 line
06-06 16:21:46.397  2187 31939 I chatty  : uid=1000(system) Binder:2187_1C expire 3 lines
06-06 16:21:46.442  2187  2201 I chatty  : uid=1000(system) Binder:2187_2 expire 1 line
06-06 16:21:46.588  2187  2218 I chatty  : uid=1000(system) android.bg expire 2 lines
06-06 16:21:48.051  2187 21140 I chatty  : uid=1000(system) Binder:2187_16 expire 4 lines
06-06 16:22:15.226  2187  3538 I chatty  : uid=1000(system) Binder:2187_C expire 6 lines
06-06 16:22:15.227  2187  2220 I chatty  : uid=1000(system) ActivityManager expire 26 lines
06-06 16:22:15.234  2187  3510 I chatty  : uid=1000(system) Binder:2187_9 expire 2 lines
06-06 16:22:15.270  2187 31939 I chatty  : uid=1000(system) Binder:2187_1C expire 2 lines
06-06 16:22:15.903  2187  2498 I chatty  : uid=1000(system) AlarmManager expire 25 lines
06-06 16:22:15.936  2187  2200 I chatty  : uid=1000(system) Binder:2187_1 expire 6 lines
06-06 16:22:15.964  2187 21141 I chatty  : uid=1000(system) Binder:2187_17 expire 2 lines
06-06 16:22:16.024  2187 21112 I chatty  : uid=1000(system) Binder:2187_15 expire 4 lines
06-06 16:22:16.494  2187  3514 I chatty  : uid=1000(system) Binder:2187_A expire 4 lines
06-06 16:22:17.702  2187  2218 I chatty  : uid=1000(system) android.bg expire 10 lines
06-06 16:22:23.748  2187  2201 I chatty  : uid=1000(system) Binder:2187_2 expire 2 lines
06-06 16:22:23.749  2187  3535 I chatty  : uid=1000(system) Binder:2187_B expire 2 lines
06-06 16:22:27.236  2187  2656 I chatty  : uid=1000(system) Binder:2187_4 expire 8 lines
06-06 16:22:27.317  2187  3567 I chatty  : uid=1000(system) Binder:2187_F expire 4 lines
06-06 16:22:27.335  2187  2531 I chatty  : uid=1000(system) ConnectivitySer expire 3 lines
06-06 16:23:18.087  2187  2262 I chatty  : uid=1000(system) android.fg expire 8 lines
06-06 16:23:18.173  2187 21203 I chatty  : uid=1000(system) Binder:2187_18 expire 5 lines
06-06 16:23:18.298  2187  2657 I chatty  : uid=1000(system) Binder:2187_5 expire 10 lines
06-06 16:24:19.206  2187  2949 I chatty  : uid=1000(system) Binder:2187_6 expire 4 lines
06-06 16:26:01.087  2187  3569 I chatty  : uid=1000(system) Binder:2187_10 expire 10 lines
06-06 16:26:26.006  2187 32069 I chatty  : uid=1000(system) Binder:2187_1E expire 2 lines
06-06 16:26:26.699  2187 23143 I chatty  : uid=1000(system) Binder:2187_13 expire 1 line
06-06 16:26:26.754  2187  3500 I chatty  : uid=1000(system) Binder:2187_7 expire 1 line
06-06 16:26:35.089  2187 31940 I chatty  : uid=1000(system) Binder:2187_1D expire 5 lines
06-06 16:26:43.295  2187  3559 I chatty  : uid=1000(system) Binder:2187_D expire 9 lines
06-06 16:26:43.346  2187  3560 I chatty  : uid=1000(system) Binder:2187_E expire 3 lines
06-06 16:27:34.294  2187  2187 I chatty  : uid=1000 system_server expire 1 line
06-06 16:27:34.298  2187 11981 I chatty  : uid=1000(system) Binder:2187_1B expire 4 lines
06-06 16:28:51.445 23895 23895 D ActivityThread: Loading provider com.whatsapp.provider.contact: com.whatsapp.contact.ContactProvider
06-06 16:28:51.495  2187 11980 I chatty  : uid=1000(system) Binder:2187_1A expire 3 lines
06-06 16:28:51.555  2187  2220 I chatty  : uid=1000(system) ActivityManager expire 5 lines
06-06 16:28:51.842  2187  3571 I chatty  : uid=1000(system) Binder:2187_11 expire 1 line
06-06 16:28:51.854  2187  3503 I chatty  : uid=1000(system) Binder:2187_8 expire 8 lines
06-06 16:30:12.057  2187  2498 I chatty  : uid=1000(system) AlarmManager expire 8 lines
06-06 16:30:12.128  2187  2541 I chatty  : uid=1000(system) Binder:2187_3 expire 1 line
06-06 16:30:13.016  2187  2263 I chatty  : uid=1000(system) android.io expire 3 lines
06-06 16:30:13.669 24050 24050 D ActivityThread: Loading provider contacts;com.android.contacts: com.android.providers.contacts.SemcContactsProvider2
06-06 16:30:13.866  2187 21313 I chatty  : uid=1000(system) Binder:2187_19 expire 3 lines
06-06 16:30:13.867  2187  2220 I chatty  : uid=1000(system) ActivityManager expire 39 lines
06-06 16:30:13.899  2187  3559 I chatty  : uid=1000(system) Binder:2187_D expire 5 lines
06-06 16:30:13.918  2187  3572 I chatty  : uid=1000(system) Binder:2187_12 expire 3 lines
06-06 16:30:13.948  2187  2531 I chatty  : uid=1000(system) ConnectivitySer expire 5 lines
06-06 16:30:14.601  2187  3569 I chatty  : uid=1000(system) Binder:2187_10 expire 6 lines
06-06 16:30:14.611  2187  2541 I chatty  : uid=1000(system) Binder:2187_3 expire 4 lines
06-06 16:30:14.618  2187 21140 I chatty  : uid=1000(system) Binder:2187_16 expire 2 lines
06-06 16:30:14.638  2187  2657 I chatty  : uid=1000(system) Binder:2187_5 expire 8 lines
06-06 16:30:28.053  2187  2498 I chatty  : uid=1000(system) AlarmManager expire 12 lines
06-06 16:30:28.063  2187  2262 I chatty  : uid=1000(system) android.fg expire 6 lines
06-06 16:30:28.065  2187 23143 I chatty  : uid=1000(system) Binder:2187_13 expire 3 lines
06-06 16:30:31.560  2187 31939 I chatty  : uid=1000(system) Binder:2187_1C expire 7 lines
06-06 16:30:31.611  2187 32069 I chatty  : uid=1000(system) Binder:2187_1E expire 5 lines
06-06 16:30:44.111  2187  3514 I chatty  : uid=1000(system) Binder:2187_A expire 5 lines
06-06 16:30:44.142  2187  2949 I chatty  : uid=1000(system) Binder:2187_6 expire 4 lines
06-06 16:30:44.178  2187  3571 I chatty  : uid=1000(system) Binder:2187_11 expire 2 lines
06-06 16:30:44.211  2187 31940 I chatty  : uid=1000(system) Binder:2187_1D expire 7 lines
06-06 16:31:13.087  2187  3503 I chatty  : uid=1000(system) Binder:2187_8 expire 5 lines
06-06 16:31:13.185  2187  3560 I chatty  : uid=1000(system) Binder:2187_E expire 2 lines
06-06 16:31:14.202  2187  3510 I chatty  : uid=1000(system) Binder:2187_9 expire 4 lines
06-06 16:31:14.278  2187  3535 I chatty  : uid=1000(system) Binder:2187_B expire 2 lines
06-06 16:31:30.543  2187  3538 I chatty  : uid=1000(system) Binder:2187_C expire 3 lines
06-06 16:31:30.560  2187  2200 I chatty  : uid=1000(system) Binder:2187_1 expire 3 lines
06-06 16:32:18.107  2187  2513 I chatty  : uid=1000(system) NetworkStats expire 3 lines
06-06 16:32:18.511  2187  2201 I chatty  : uid=1000(system) Binder:2187_2 expire 1 line
06-06 16:32:19.605  2187  3500 I chatty  : uid=1000(system) Binder:2187_7 expire 4 lines
06-06 16:32:19.688  2187 21203 I chatty  : uid=1000(system) Binder:2187_18 expire 4 lines
06-06 16:32:23.345  2187  2501 I chatty  : uid=1000(system) InputReader expire 1 line
06-06 16:32:23.348  2187  2187 I chatty  : uid=1000 system_server expire 5 lines
06-06 16:32:23.353  2187  2267 I chatty  : uid=1000(system) PowerManagerSer expire 4 lines
06-06 16:32:23.372  2187  2264 I chatty  : uid=1000(system) android.display expire 1 line
06-06 16:32:23.574  2187  2218 I chatty  : uid=1000(system) android.bg expire 2 lines
06-06 16:32:23.576  2187  3567 I chatty  : uid=1000(system) Binder:2187_F expire 1 line
06-06 16:32:23.964  2187 21111 I chatty  : uid=1000(system) Binder:2187_14 expire 3 lines
06-06 16:32:24.912  2187 11980 I chatty  : uid=1000(system) Binder:2187_1A expire 1 line
06-06 16:32:25.175  2622  2622 V KeyguardDisplayManager: hide
06-06 16:32:25.186  2187  2220 I chatty  : uid=1000(system) ActivityManager expire 18 lines
06-06 16:32:25.760 23136 24476 E ActivityThread: Failed to find provider info for com.facebook.katana.provider.AttributionIdProvider
06-06 16:32:33.625  2187  2498 I chatty  : uid=1000(system) AlarmManager expire 7 lines
06-06 16:32:46.190  2187 32069 I chatty  : uid=1000(system) Binder:2187_1E expire 4 lines
06-06 16:32:46.192  2187  2220 I chatty  : uid=1000(system) ActivityManager expire 78 lines
06-06 16:32:46.202  2187  2656 I chatty  : uid=1000(system) Binder:2187_4 expire 4 lines
06-06 16:32:46.225  2187  2531 I chatty  : uid=1000(system) ConnectivitySer expire 8 lines
06-06 16:32:47.977  2187 21203 I chatty  : uid=1000(system) Binder:2187_18 expire 4 lines
06-06 16:32:47.989  2187  3535 I chatty  : uid=1000(system) Binder:2187_B expire 11 lines
06-06 16:32:48.030  2187  3569 I chatty  : uid=1000(system) Binder:2187_10 expire 6 lines
06-06 16:32:48.041  2187  3510 I chatty  : uid=1000(system) Binder:2187_9 expire 2 lines
06-06 16:32:52.554  2187  2541 I chatty  : uid=1000(system) Binder:2187_3 expire 6 lines
06-06 16:32:52.712  2187 21313 I chatty  : uid=1000(system) Binder:2187_19 expire 2 lines
06-06 16:32:53.632  2187 11981 I chatty  : uid=1000(system) Binder:2187_1B expire 4 lines
06-06 16:32:55.659  2187  2513 I chatty  : uid=1000(system) NetworkStats expire 2 lines
06-06 16:33:00.100  2187  3572 I chatty  : uid=1000(system) Binder:2187_12 expire 4 lines
06-06 16:33:10.512  2187 21111 I chatty  : uid=1000(system) Binder:2187_14 expire 2 lines
06-06 16:33:10.527  2187 23143 I chatty  : uid=1000(system) Binder:2187_13 expire 2 lines
06-06 16:33:10.557  2187  3567 I chatty  : uid=1000(system) Binder:2187_F expire 5 lines
06-06 16:33:10.568  2187  2201 I chatty  : uid=1000(system) Binder:2187_2 expire 3 lines
06-06 16:33:17.304  2187  2262 I chatty  : uid=1000(system) android.fg expire 2 lines
06-06 16:33:25.599  2187 31939 I chatty  : uid=1000(system) Binder:2187_1C expire 2 lines
06-06 16:33:25.978  2187 21140 I chatty  : uid=1000(system) Binder:2187_16 expire 2 lines
06-06 16:33:26.011  2187  3560 I chatty  : uid=1000(system) Binder:2187_E expire 4 lines
06-06 16:33:26.126  2187  2949 I chatty  : uid=1000(system) Binder:2187_6 expire 4 lines
06-06 16:33:30.292  2187 11980 I chatty  : uid=1000(system) Binder:2187_1A expire 7 lines
06-06 16:33:31.337  2187  3559 I chatty  : uid=1000(system) Binder:2187_D expire 3 lines
06-06 16:33:32.693  2187  2264 I chatty  : uid=1000(system) android.display expire 1 line
06-06 16:33:36.081  2187  3503 I chatty  : uid=1000(system) Binder:2187_8 expire 1 line
06-06 16:33:47.024  2187  3571 I chatty  : uid=1000(system) Binder:2187_11 expire 4 lines
06-06 16:33:57.331  2187  3500 I chatty  : uid=1000(system) Binder:2187_7 expire 1 line
06-06 16:33:57.698  2187 21112 I chatty  : uid=1000(system) Binder:2187_15 expire 1 line
06-06 16:34:00.142  2187  3514 I chatty  : uid=1000(system) Binder:2187_A expire 2 lines
06-06 16:34:03.853  2187  2187 I chatty  : uid=1000 system_server expire 1 line
06-06 16:34:03.903  2187  2224 I chatty  : uid=1000(system) batterystats-sy expire 2 lines
06-06 16:34:05.186  2187  2657 I chatty  : uid=1000(system) Binder:2187_5 expire 2 lines
06-06 16:34:05.204  2187  2218 I chatty  : uid=1000(system) android.bg expire 1 line
06-06 16:34:11.087  2187 31940 I chatty  : uid=1000(system) Binder:2187_1D expire 1 line
06-06 16:34:13.729  2187  2200 I chatty  : uid=1000(system) Binder:2187_1 expire 1 line
06-06 16:34:16.059  2187  3538 I chatty  : uid=1000(system) Binder:2187_C expire 1 line
06-06 16:34:22.006  2187 21141 I chatty  : uid=1000(system) Binder:2187_17 expire 3 lines
06-06 16:34:32.073  2187  2220 I chatty  : uid=1000(system) ActivityManager expire 50 lines
06-06 16:34:33.362  2187 21111 I chatty  : uid=1000(system) Binder:2187_14 expire 6 lines
06-06 16:34:34.278  2187  3535 I chatty  : uid=1000(system) Binder:2187_B expire 3 lines
06-06 16:34:35.685  2187  3560 I chatty  : uid=1000(system) Binder:2187_E expire 6 lines
06-06 16:34:35.697  2187  2656 I chatty  : uid=1000(system) Binder:2187_4 expire 4 lines
06-06 16:34:35.713  2187  3569 I chatty  : uid=1000(system) Binder:2187_10 expire 2 lines
06-06 16:34:35.714  2187  2541 I chatty  : uid=1000(system) Binder:2187_3 expire 3 lines
06-06 16:34:35.748  2187  3559 I chatty  : uid=1000(system) Binder:2187_D expire 7 lines
06-06 16:34:35.750  2187  2201 I chatty  : uid=1000(system) Binder:2187_2 expire 2 lines
06-06 16:34:35.758  2187 32069 I chatty  : uid=1000(system) Binder:2187_1E expire 3 lines
06-06 16:34:35.900  2187  3510 I chatty  : uid=1000(system) Binder:2187_9 expire 3 lines
06-06 16:34:35.946  2187  2949 I chatty  : uid=1000(system) Binder:2187_6 expire 6 lines
06-06 16:34:35.979  2187  3538 I chatty  : uid=1000(system) Binder:2187_C expire 4 lines
06-06 16:34:37.926  2187 21112 I chatty  : uid=1000(system) Binder:2187_15 expire 6 lines
06-06 16:34:38.240  2187 21203 I chatty  : uid=1000(system) Binder:2187_18 expire 2 lines
06-06 16:34:38.267  2187  3572 I chatty  : uid=1000(system) Binder:2187_12 expire 6 lines
06-06 16:34:39.122  2187  2264 I chatty  : uid=1000(system) android.display expire 2 lines
06-06 16:34:42.267  2187 23143 I chatty  : uid=1000(system) Binder:2187_13 expire 3 lines
06-06 16:34:43.006  2187 11980 I chatty  : uid=1000(system) Binder:2187_1A expire 3 lines
06-06 16:34:43.042  2187 31939 I chatty  : uid=1000(system) Binder:2187_1C expire 5 lines
06-06 16:34:47.168  2187  2657 I chatty  : uid=1000(system) Binder:2187_5 expire 5 lines
06-06 16:34:47.186  2187 21313 I chatty  : uid=1000(system) Binder:2187_19 expire 3 lines
06-06 16:34:47.197  2187  2531 I chatty  : uid=1000(system) ConnectivitySer expire 6 lines
06-06 16:34:49.204  2187  3571 I chatty  : uid=1000(system) Binder:2187_11 expire 1 line
06-06 16:34:49.234  2187  3514 I chatty  : uid=1000(system) Binder:2187_A expire 3 lines
06-06 16:34:53.878  2187 11981 I chatty  : uid=1000(system) Binder:2187_1B expire 1 line
06-06 16:34:54.007  2187 31940 I chatty  : uid=1000(system) Binder:2187_1D expire 2 lines
06-06 16:34:54.630  2187  3503 I chatty  : uid=1000(system) Binder:2187_8 expire 4 lines
06-06 16:35:00.454  2187  2498 I chatty  : uid=1000(system) AlarmManager expire 7 lines
06-06 16:35:08.274  2187  2262 I chatty  : uid=1000(system) android.fg expire 4 lines
06-06 16:35:08.277  2187  3567 I chatty  : uid=1000(system) Binder:2187_F expire 1 line
06-06 16:35:16.717  2187  3500 I chatty  : uid=1000(system) Binder:2187_7 expire 2 lines
06-06 16:35:20.968  3606 25151 E ActivityThread: Failed to find provider info for com.facebook.katana.provider.AttributionIdProvider
06-06 16:35:38.567  2187  2220 I chatty  : uid=1000(system) ActivityManager expire 18 lines
06-06 16:35:45.024  2187  2187 I chatty  : uid=1000 system_server expire 10 lines
06-06 16:35:45.972  2187  2263 I chatty  : uid=1000(system) android.io expire 2 lines
06-06 16:35:46.191  2187  2200 I chatty  : uid=1000(system) Binder:2187_1 expire 2 lines
06-06 16:35:46.812  2187 21140 I chatty  : uid=1000(system) Binder:2187_16 expire 2 lines
06-06 16:35:46.866 25321 25321 D ActivityThread: Loading provider contacts;com.android.contacts: com.android.providers.contacts.SemcContactsProvider2
06-06 16:35:47.914  2187 23143 I chatty  : uid=1000(system) Binder:2187_13 expire 6 lines
06-06 16:35:47.932  2187  3503 I chatty  : uid=1000(system) Binder:2187_8 expire 2 lines
06-06 16:35:47.970  2187  3514 I chatty  : uid=1000(system) Binder:2187_A expire 12 lines
06-06 16:35:48.040  2187  2949 I chatty  : uid=1000(system) Binder:2187_6 expire 7 lines
06-06 16:35:48.093  2187 11980 I chatty  : uid=1000(system) Binder:2187_1A expire 9 lines
06-06 16:35:48.108  2187 21111 I chatty  : uid=1000(system) Binder:2187_14 expire 13 lines
06-06 16:35:48.134  2187 32069 I chatty  : uid=1000(system) Binder:2187_1E expire 3 lines
06-06 16:35:48.184  2187  3538 I chatty  : uid=1000(system) Binder:2187_C expire 2 lines
06-06 16:35:48.229  2187 11981 I chatty  : uid=1000(system) Binder:2187_1B expire 7 lines
06-06 16:35:48.297  2187 21141 I chatty  : uid=1000(system) Binder:2187_17 expire 5 lines
06-06 16:35:48.313  2187  3567 I chatty  : uid=1000(system) Binder:2187_F expire 3 lines
06-06 16:35:48.348  2187  2541 I chatty  : uid=1000(system) Binder:2187_3 expire 5 lines
06-06 16:35:48.469  2187  2218 I chatty  : uid=1000(system) android.bg expire 3 lines
06-06 16:35:48.655  2187  3569 I chatty  : uid=1000(system) Binder:2187_10 expire 5 lines
06-06 16:35:48.713  2187 31939 I chatty  : uid=1000(system) Binder:2187_1C expire 4 lines
06-06 16:35:48.718  2187  3572 I chatty  : uid=1000(system) Binder:2187_12 expire 7 lines
06-06 16:35:48.832  2187 21112 I chatty  : uid=1000(system) Binder:2187_15 expire 3 lines
06-06 16:35:48.857  2187  2220 I chatty  : uid=1000(system) ActivityManager expire 49 lines
06-06 16:35:49.013  2187  2656 I chatty  : uid=1000(system) Binder:2187_4 expire 6 lines
06-06 16:35:49.382  2187  3535 I chatty  : uid=1000(system) Binder:2187_B expire 3 lines
06-06 16:35:50.062  2187  2498 I chatty  : uid=1000(system) AlarmManager expire 8 lines
06-06 16:35:50.217  2187  2201 I chatty  : uid=1000(system) Binder:2187_2 expire 1 line
06-06 16:35:50.876  2187  3560 I chatty  : uid=1000(system) Binder:2187_E expire 8 lines
06-06 16:35:51.233  2187  2187 I chatty  : uid=1000 system_server expire 1 line
06-06 16:35:51.254  2187  2224 I chatty  : uid=1000(system) batterystats-sy expire 3 lines
06-06 16:36:02.475  2187  2262 I chatty  : uid=1000(system) android.fg expire 2 lines
06-06 16:36:08.685  2187  3500 I chatty  : uid=1000(system) Binder:2187_7 expire 4 lines
06-06 16:36:08.726  2187 21313 I chatty  : uid=1000(system) Binder:2187_19 expire 2 lines
06-06 16:36:08.739  2187  2657 I chatty  : uid=1000(system) Binder:2187_5 expire 2 lines
06-06 16:36:08.761  2187  2531 I chatty  : uid=1000(system) ConnectivitySer expire 5 lines
06-06 16:36:13.208  2187  3559 I chatty  : uid=1000(system) Binder:2187_D expire 1 line
06-06 16:36:13.249  2187 21203 I chatty  : uid=1000(system) Binder:2187_18 expire 5 lines
06-06 16:36:17.471  2187  2200 I chatty  : uid=1000(system) Binder:2187_1 expire 1 line
06-06 16:36:19.033  2187 31940 I chatty  : uid=1000(system) Binder:2187_1D expire 6 lines
06-06 16:37:08.878  2187  2220 I chatty  : uid=1000(system) ActivityManager expire 17 lines
06-06 16:37:08.985  2187  2656 I chatty  : uid=1000(system) Binder:2187_4 expire 9 lines
06-06 16:37:09.120  2187  3503 I chatty  : uid=1000(system) Binder:2187_8 expire 9 lines
06-06 16:37:12.292  2187  2262 I chatty  : uid=1000(system) android.fg expire 4 lines
06-06 16:37:12.295  2187  3514 I chatty  : uid=1000(system) Binder:2187_A expire 5 lines
06-06 16:37:12.647  2187  3500 I chatty  : uid=1000(system) Binder:2187_7 expire 4 lines
06-06 16:37:19.229  2187  2541 I chatty  : uid=1000(system) Binder:2187_3 expire 1 line
06-06 16:37:19.322  2187  3567 I chatty  : uid=1000(system) Binder:2187_F expire 5 lines
06-06 16:37:23.955  2187  2201 I chatty  : uid=1000(system) Binder:2187_2 expire 3 lines
06-06 16:37:25.017  2187  2657 I chatty  : uid=1000(system) Binder:2187_5 expire 3 lines
06-06 16:37:25.681  2187  3538 I chatty  : uid=1000(system) Binder:2187_C expire 2 lines
06-06 16:37:25.701  2187  3571 I chatty  : uid=1000(system) Binder:2187_11 expire 4 lines
06-06 16:37:25.702  2187 32069 I chatty  : uid=1000(system) Binder:2187_1E expire 6 lines
06-06 16:37:25.011  2187  3569 I chatty  : uid=1000(system) Binder:2187_10 expire 8 lines
06-06 16:37:25.016  2187  2498 I chatty  : uid=1000(system) AlarmManager expire 7 lines
06-06 16:37:25.020  2187  2187 I chatty  : uid=1000 system_server expire 10 lines
06-06 16:37:25.041  2187 21140 I chatty  : uid=1000(system) Binder:2187_16 expire 1 line
06-06 16:37:25.051  2187 21141 I chatty  : uid=1000(system) Binder:2187_17 expire 6 lines
06-06 16:37:25.077  2187  2531 I chatty  : uid=1000(system) ConnectivitySer expire 4 lines
06-06 16:37:25.929  2187  2263 I chatty  : uid=1000(system) android.io expire 2 lines
06-06 16:37:26.816  2187 11980 I chatty  : uid=1000(system) Binder:2187_1A expire 4 lines
06-06 16:37:26.849  2187 21313 I chatty  : uid=1000(system) Binder:2187_19 expire 2 lines
06-06 16:37:26.944 26229 26229 D ActivityThread: Loading provider contacts;com.android.contacts: com.android.providers.contacts.SemcContactsProvider2
06-06 16:37:28.109  2187  3510 I chatty  : uid=1000(system) Binder:2187_9 expire 4 lines
06-06 16:37:28.291  2187  2220 I chatty  : uid=1000(system) ActivityManager expire 34 lines
06-06 16:37:28.295  2187  3535 I chatty  : uid=1000(system) Binder:2187_B expire 3 lines
06-06 16:37:28.298  2187 21112 I chatty  : uid=1000(system) Binder:2187_15 expire 5 lines
06-06 16:37:28.812  2187  3559 I chatty  : uid=1000(system) Binder:2187_D expire 5 lines
06-06 16:37:29.004  2187 21111 I chatty  : uid=1000(system) Binder:2187_14 expire 4 lines
06-06 16:37:29.185  2187 21203 I chatty  : uid=1000(system) Binder:2187_18 expire 4 lines
06-06 16:37:48.603  2187  3560 I chatty  : uid=1000(system) Binder:2187_E expire 4 lines
06-06 16:37:48.656  2187 11981 I chatty  : uid=1000(system) Binder:2187_1B expire 1 line
06-06 16:38:00.128  2187  3572 I chatty  : uid=1000(system) Binder:2187_12 expire 3 lines
06-06 16:38:01.275  2187 31939 I chatty  : uid=1000(system) Binder:2187_1C expire 5 lines
06-06 16:38:01.500  2187  2218 I chatty  : uid=1000(system) android.bg expire 1 line
06-06 16:38:12.090  2187 23143 I chatty  : uid=1000(system) Binder:2187_13 expire 1 line
06-06 16:38:12.094  2187  2949 I chatty  : uid=1000(system) Binder:2187_6 expire 1 line
06-06 16:38:12.561  2187  2200 I chatty  : uid=1000(system) Binder:2187_1 expire 7 lines
06-06 16:38:31.573  2187 21313 I chatty  : uid=1000(system) Binder:2187_19 expire 5 lines
06-06 16:38:31.574  2187  2220 I chatty  : uid=1000(system) ActivityManager expire 48 lines
06-06 16:38:31.623  2187  3571 I chatty  : uid=1000(system) Binder:2187_11 expire 7 lines
06-06 16:38:31.645  2187  2656 I chatty  : uid=1000(system) Binder:2187_4 expire 4 lines
06-06 16:38:31.734  2187 21140 I chatty  : uid=1000(system) Binder:2187_16 expire 3 lines
06-06 16:38:39.583  2187  3567 I chatty  : uid=1000(system) Binder:2187_F expire 3 lines
06-06 16:38:39.592  2187  3559 I chatty  : uid=1000(system) Binder:2187_D expire 4 lines
06-06 16:38:39.660  2187  2531 I chatty  : uid=1000(system) ConnectivitySer expire 5 lines
06-06 16:38:41.823  2187  3572 I chatty  : uid=1000(system) Binder:2187_12 expire 4 lines
06-06 16:38:47.677  2187  2498 I chatty  : uid=1000(system) AlarmManager expire 10 lines
06-06 16:38:47.695  2187  2201 I chatty  : uid=1000(system) Binder:2187_2 expire 7 lines
06-06 16:38:47.816  2187  2541 I chatty  : uid=1000(system) Binder:2187_3 expire 4 lines
06-06 16:38:50.749  2187  2513 I chatty  : uid=1000(system) NetworkStats expire 1 line
06-06 16:39:00.026  2187 31939 I chatty  : uid=1000(system) Binder:2187_1C expire 3 lines
06-06 16:39:00.075  2187  3510 I chatty  : uid=1000(system) Binder:2187_9 expire 5 lines
06-06 16:39:00.194  2187 23143 I chatty  : uid=1000(system) Binder:2187_13 expire 4 lines
06-06 16:39:00.210  2187  3538 I chatty  : uid=1000(system) Binder:2187_C expire 5 lines
06-06 16:39:00.389  2187 21112 I chatty  : uid=1000(system) Binder:2187_15 expire 4 lines
06-06 16:39:00.424  2187  3569 I chatty  : uid=1000(system) Binder:2187_10 expire 3 lines
