06-06 13:11:59.175  2187  2187 I chatty  : uid=1000 system_server expire 5 lines
06-06 13:12:00.147  2187  3538 I chatty  : uid=1000(system) Binder:2187_C expire 5 lines
06-06 13:12:00.977  2187  2263 I chatty  : uid=1000(system) android.io expire 3 lines
06-06 13:12:01.331  2187  3569 I chatty  : uid=1000(system) Binder:2187_10 expire 2 lines
06-06 13:12:01.749 12978 12978 D ActivityThread: Loading provider contacts;com.android.contacts: com.android.providers.contacts.SemcContactsProvider2
06-06 13:12:02.606  2187  3535 I chatty  : uid=1000(system) Binder:2187_B expire 3 lines
06-06 13:12:02.891  2187  2500 I chatty  : uid=1000(system) InputDispatcher expire 2 lines
06-06 13:12:02.892  2187  2220 I chatty  : uid=1000(system) ActivityManager expire 24 lines
06-06 13:12:03.040  2187 23143 I chatty  : uid=1000(system) Binder:2187_13 expire 3 lines
06-06 13:12:04.054  2187  2501 I chatty  : uid=1000(system) InputReader expire 1 line
06-06 13:12:04.565  2187  2267 I chatty  : uid=1000(system) PowerManagerSer expire 2 lines
06-06 13:12:04.847  2622  2622 V KeyguardStatusView: refresh statusview showing:true
06-06 13:12:04.858  2622  2622 V KeyguardDisplayManager: show
06-06 13:12:05.377  2187  2264 I chatty  : uid=1000(system) android.display expire 2 lines
06-06 13:12:10.718  2187  2513 I chatty  : uid=1000(system) NetworkStats expire 1 line
06-06 13:12:22.989  2187  3572 I chatty  : uid=1000(system) Binder:2187_12 expire 4 lines
06-06 13:12:52.312  2187 31939 I chatty  : uid=1000(system) Binder:2187_1C expire 1 line
06-06 13:12:52.322  2187 21203 I chatty  : uid=1000(system) Binder:2187_18 expire 1 line
06-06 13:12:52.363  2187  3510 I chatty  : uid=1000(system) Binder:2187_9 expire 2 lines
06-06 13:13:09.918 12014 13262 E ActivityThread: Failed to find provider info for com.facebook.katana.provider.AttributionIdProvider
06-06 13:13:10.384  2187  2220 I chatty  : uid=1000(system) ActivityManager expire 13 lines
06-06 13:13:11.376  2187 21140 I chatty  : uid=1000(system) Binder:2187_16 expire 1 line
06-06 13:13:30.501  2187  3559 I chatty  : uid=1000(system) Binder:2187_D expire 1 line
06-06 13:13:30.520  2187  2949 I chatty  : uid=1000(system) Binder:2187_6 expire 4 lines
06-06 13:14:04.837  2187  2262 I chatty  : uid=1000(system) android.fg expire 7 lines
06-06 13:14:04.840  2187  2200 I chatty  : uid=1000(system) Binder:2187_1 expire 1 line
06-06 13:14:04.869  2187 21141 I chatty  : uid=1000(system) Binder:2187_17 expire 6 lines
06-06 13:14:04.870  2187  2220 I chatty  : uid=1000(system) ActivityManager expire 14 lines
06-06 13:14:04.883  2187 31939 I chatty  : uid=1000(system) Binder:2187_1C expire 5 lines
06-06 13:14:04.905  2187  2531 I chatty  : uid=1000(system) ConnectivitySer expire 5 lines
06-06 13:14:08.840  2187  3559 I chatty  : uid=1000(system) Binder:2187_D expire 4 lines
06-06 13:14:12.378  2187 11980 I chatty  : uid=1000(system) Binder:2187_1A expire 2 lines
06-06 13:14:17.452  2187  2501 I chatty  : uid=1000(system) InputReader expire 3 lines
06-06 13:14:17.454  2187  2187 I chatty  : uid=1000 system_server expire 10 lines
06-06 13:14:17.460  2187  2267 I chatty  : uid=1000(system) PowerManagerSer expire 8 lines
06-06 13:14:17.496  2187  2264 I chatty  : uid=1000(system) android.display expire 5 lines
06-06 13:14:17.650  2187  3535 I chatty  : uid=1000(system) Binder:2187_B expire 1 line
06-06 13:14:19.094  2187  2656 I chatty  : uid=1000(system) Binder:2187_4 expire 2 lines
06-06 13:14:19.100  2187  3572 I chatty  : uid=1000(system) Binder:2187_12 expire 1 line
06-06 13:14:19.122  2622  2622 V KeyguardDisplayManager: hide
06-06 13:14:19.148  2187 23143 I chatty  : uid=1000(system) Binder:2187_13 expire 5 lines
06-06 13:14:19.188  2187  3571 I chatty  : uid=1000(system) Binder:2187_11 expire 5 lines
06-06 13:14:19.239  2187 21112 I chatty  : uid=1000(system) Binder:2187_15 expire 4 lines
06-06 13:14:20.859  2187  3569 I chatty  : uid=1000(system) Binder:2187_10 expire 4 lines
06-06 13:14:21.099  2187 31940 I chatty  : uid=1000(system) Binder:2187_1D expire 6 lines
06-06 13:14:21.326  2187 11981 I chatty  : uid=1000(system) Binder:2187_1B expire 4 lines
06-06 13:14:24.530  2187 21111 I chatty  : uid=1000(system) Binder:2187_14 expire 4 lines
06-06 13:14:33.408  2187  2500 I chatty  : uid=1000(system) InputDispatcher expire 2 lines
06-06 13:14:33.513  2187  3503 I chatty  : uid=1000(system) Binder:2187_8 expire 4 lines
06-06 13:14:36.228  2622  2622 V KeyguardStatusView: refresh statusview showing:true
06-06 13:14:36.240  2622  2622 V KeyguardDisplayManager: show
06-06 13:14:36.450  2187  2201 I chatty  : uid=1000(system) Binder:2187_2 expire 3 lines
06-06 13:14:45.454  2187  2220 I chatty  : uid=1000(system) ActivityManager expire 16 lines
06-06 13:14:51.374  2187  2657 I chatty  : uid=1000(system) Binder:2187_5 expire 6 lines
06-06 13:15:07.718  2187  3538 I chatty  : uid=1000(system) Binder:2187_C expire 3 lines
06-06 13:15:19.052  2187  2498 I chatty  : uid=1000(system) AlarmManager expire 10 lines
06-06 13:15:35.713  2187  2541 I chatty  : uid=1000(system) Binder:2187_3 expire 3 lines
06-06 13:15:37.813  2622  2622 V KeyguardDisplayManager: hide
06-06 13:15:37.817  2187  3514 I chatty  : uid=1000(system) Binder:2187_A expire 4 lines
06-06 13:15:37.819  2187  2220 I chatty  : uid=1000(system) ActivityManager expire 17 lines
06-06 13:15:37.828  2187 21140 I chatty  : uid=1000(system) Binder:2187_16 expire 3 lines
06-06 13:15:37.911  2187  3500 I chatty  : uid=1000(system) Binder:2187_7 expire 1 line
06-06 13:15:39.651  2187  3510 I chatty  : uid=1000(system) Binder:2187_9 expire 1 line
06-06 13:15:39.772  2187 21313 I chatty  : uid=1000(system) Binder:2187_19 expire 4 lines
06-06 13:15:39.921  2187 21203 I chatty  : uid=1000(system) Binder:2187_18 expire 4 lines
06-06 13:15:52.880  2187  2513 I chatty  : uid=1000(system) NetworkStats expire 2 lines
06-06 13:15:52.881  2187  2220 I chatty  : uid=1000(system) ActivityManager expire 21 lines
06-06 13:15:53.791  2187  2541 I chatty  : uid=1000(system) Binder:2187_3 expire 4 lines
06-06 13:15:53.797  2187  3535 I chatty  : uid=1000(system) Binder:2187_B expire 1 line
06-06 13:15:54.255  2187  2498 I chatty  : uid=1000(system) AlarmManager expire 22 lines
06-06 13:15:54.285  2187  2200 I chatty  : uid=1000(system) Binder:2187_1 expire 4 lines
06-06 13:15:54.698  2187  2657 I chatty  : uid=1000(system) Binder:2187_5 expire 3 lines
06-06 13:15:54.861  2187  2264 I chatty  : uid=1000(system) android.display expire 2 lines
06-06 13:15:55.399  2187  3538 I chatty  : uid=1000(system) Binder:2187_C expire 2 lines
06-06 13:15:56.609  2187  2201 I chatty  : uid=1000(system) Binder:2187_2 expire 4 lines
06-06 13:15:56.619  2187 21112 I chatty  : uid=1000(system) Binder:2187_15 expire 7 lines
06-06 13:15:56.682  2187 21141 I chatty  : uid=1000(system) Binder:2187_17 expire 1 line
06-06 13:15:56.692  2187 21111 I chatty  : uid=1000(system) Binder:2187_14 expire 3 lines
06-06 13:15:57.001  2187  3572 I chatty  : uid=1000(system) Binder:2187_12 expire 3 lines
06-06 13:15:57.032  2187  3500 I chatty  : uid=1000(system) Binder:2187_7 expire 5 lines
06-06 13:15:57.049  2187 11980 I chatty  : uid=1000(system) Binder:2187_1A expire 8 lines
06-06 13:15:57.065  2187  3569 I chatty  : uid=1000(system) Binder:2187_10 expire 5 lines
06-06 13:16:00.074  2187 11981 I chatty  : uid=1000(system) Binder:2187_1B expire 8 lines
06-06 13:16:05.037  2187  2949 I chatty  : uid=1000(system) Binder:2187_6 expire 4 lines
06-06 13:16:07.664  2187 21313 I chatty  : uid=1000(system) Binder:2187_19 expire 3 lines
06-06 13:16:09.348  2187 21140 I chatty  : uid=1000(system) Binder:2187_16 expire 5 lines
06-06 13:16:20.068  2187 32069 I chatty  : uid=1000(system) Binder:2187_1E expire 4 lines
06-06 13:16:21.772  2187  3559 I chatty  : uid=1000(system) Binder:2187_D expire 4 lines
06-06 13:16:23.492  2187 23143 I chatty  : uid=1000(system) Binder:2187_13 expire 5 lines
06-06 13:16:23.544  2187  3560 I chatty  : uid=1000(system) Binder:2187_E expire 4 lines
06-06 13:16:23.569  2187  2531 I chatty  : uid=1000(system) ConnectivitySer expire 2 lines
06-06 13:16:26.090  2187  3503 I chatty  : uid=1000(system) Binder:2187_8 expire 4 lines
06-06 13:16:27.371  2187  2500 I chatty  : uid=1000(system) InputDispatcher expire 2 lines
06-06 13:16:27.465  2187  3510 I chatty  : uid=1000(system) Binder:2187_9 expire 3 lines
06-06 13:16:27.703  2187 31940 I chatty  : uid=1000(system) Binder:2187_1D expire 3 lines
06-06 13:16:28.182  2187  3567 I chatty  : uid=1000(system) Binder:2187_F expire 2 lines
06-06 13:16:31.840  2187  3571 I chatty  : uid=1000(system) Binder:2187_11 expire 5 lines
06-06 13:16:36.768  2622  2622 V DeadZone: consuming errant click: (370.0,7.0)
06-06 13:16:38.717  2187  2498 I chatty  : uid=1000(system) AlarmManager expire 13 lines
06-06 13:16:44.518  2187  2656 I chatty  : uid=1000(system) Binder:2187_4 expire 1 line
06-06 13:16:55.884  2187  2187 I chatty  : uid=1000 system_server expire 1 line
06-06 13:16:55.904  2187  2224 I chatty  : uid=1000(system) batterystats-sy expire 2 lines
06-06 13:16:55.990  2187  2220 I chatty  : uid=1000(system) ActivityManager expire 7 lines
06-06 13:17:00.088  2187 31939 I chatty  : uid=1000(system) Binder:2187_1C expire 4 lines
06-06 13:17:01.078  2187  3514 I chatty  : uid=1000(system) Binder:2187_A expire 6 lines
06-06 13:17:16.713  2187 31939 I chatty  : uid=1000(system) Binder:2187_1C expire 4 lines
06-06 13:17:16.722  2187 21140 I chatty  : uid=1000(system) Binder:2187_16 expire 6 lines
06-06 13:17:20.175  2187 23143 I chatty  : uid=1000(system) Binder:2187_13 expire 4 lines
06-06 13:17:20.185  2187  2657 I chatty  : uid=1000(system) Binder:2187_5 expire 9 lines
06-06 13:17:20.877  2187  2498 I chatty  : uid=1000(system) AlarmManager expire 22 lines
06-06 13:17:20.898  2187  3535 I chatty  : uid=1000(system) Binder:2187_B expire 5 lines
06-06 13:17:21.021  2187  2541 I chatty  : uid=1000(system) Binder:2187_3 expire 6 lines
06-06 13:17:21.023  2187  2220 I chatty  : uid=1000(system) ActivityManager expire 33 lines
06-06 13:17:21.668  2187  2513 I chatty  : uid=1000(system) NetworkStats expire 2 lines
06-06 13:17:22.550  2187  3572 I chatty  : uid=1000(system) Binder:2187_12 expire 7 lines
06-06 13:17:25.419  2187  3571 I chatty  : uid=1000(system) Binder:2187_11 expire 8 lines
06-06 13:17:25.468  2187  3567 I chatty  : uid=1000(system) Binder:2187_F expire 4 lines
06-06 13:17:25.918  2187 21141 I chatty  : uid=1000(system) Binder:2187_17 expire 4 lines
06-06 13:17:28.143  2187  3510 I chatty  : uid=1000(system) Binder:2187_9 expire 8 lines
06-06 13:17:28.903  2187  3569 I chatty  : uid=1000(system) Binder:2187_10 expire 1 line
06-06 13:17:28.967  2187 21111 I chatty  : uid=1000(system) Binder:2187_14 expire 5 lines
06-06 13:17:29.029  2187 21112 I chatty  : uid=1000(system) Binder:2187_15 expire 4 lines
06-06 13:17:29.195  2187  2949 I chatty  : uid=1000(system) Binder:2187_6 expire 5 lines
06-06 13:17:29.196  2187  3500 I chatty  : uid=1000(system) Binder:2187_7 expire 4 lines
06-06 13:17:29.322  2187  2201 I chatty  : uid=1000(system) Binder:2187_2 expire 6 lines
06-06 13:17:30.940  2187 21313 I chatty  : uid=1000(system) Binder:2187_19 expire 5 lines
06-06 13:17:33.609  2187  2524 I chatty  : uid=1000(system) WifiStateMachin expire 1 line
06-06 13:17:39.197  2187  3559 I chatty  : uid=1000(system) Binder:2187_D expire 5 lines
06-06 13:17:39.204  2187  3560 I chatty  : uid=1000(system) Binder:2187_E expire 1 line
06-06 13:17:41.794  2187 11980 I chatty  : uid=1000(system) Binder:2187_1A expire 5 lines
06-06 13:17:44.318  2187  2500 I chatty  : uid=1000(system) InputDispatcher expire 4 lines
06-06 13:17:44.484  2187 32069 I chatty  : uid=1000(system) Binder:2187_1E expire 6 lines
06-06 13:17:46.998  2187 11981 I chatty  : uid=1000(system) Binder:2187_1B expire 4 lines
06-06 13:17:49.958  2187 21203 I chatty  : uid=1000(system) Binder:2187_18 expire 6 lines
06-06 13:17:50.706  2187  2200 I chatty  : uid=1000(system) Binder:2187_1 expire 3 lines
06-06 13:17:56.206  2187 31940 I chatty  : uid=1000(system) Binder:2187_1D expire 1 line
06-06 13:18:20.346  2187  2264 I chatty  : uid=1000(system) android.display expire 1 line
06-06 13:18:30.889  2187  3503 I chatty  : uid=1000(system) Binder:2187_8 expire 1 line
06-06 13:18:31.384  2187  2656 I chatty  : uid=1000(system) Binder:2187_4 expire 1 line
06-06 13:18:32.059  2187  2187 I chatty  : uid=1000 system_server expire 1 line
06-06 13:18:32.072  2187  2224 I chatty  : uid=1000(system) batterystats-sy expire 3 lines
06-06 13:18:34.246  2187  2498 I chatty  : uid=1000(system) AlarmManager expire 19 lines
06-06 13:18:34.255  2187 23143 I chatty  : uid=1000(system) Binder:2187_13 expire 4 lines
06-06 13:18:34.359  2187  3567 I chatty  : uid=1000(system) Binder:2187_F expire 3 lines
06-06 13:18:34.367  2187  2220 I chatty  : uid=1000(system) ActivityManager expire 63 lines
06-06 13:18:34.368  2187  3571 I chatty  : uid=1000(system) Binder:2187_11 expire 5 lines
06-06 13:18:34.373  2187 31939 I chatty  : uid=1000(system) Binder:2187_1C expire 3 lines
06-06 13:18:35.844  2187  3572 I chatty  : uid=1000(system) Binder:2187_12 expire 2 lines
06-06 13:18:36.190  2187  3500 I chatty  : uid=1000(system) Binder:2187_7 expire 4 lines
06-06 13:18:36.590  2187  3560 I chatty  : uid=1000(system) Binder:2187_E expire 3 lines
06-06 13:18:38.296  2187  3514 I chatty  : uid=1000(system) Binder:2187_A expire 3 lines
06-06 13:18:39.791  2187  2656 I chatty  : uid=1000(system) Binder:2187_4 expire 9 lines
06-06 13:18:40.289  2187  2513 I chatty  : uid=1000(system) NetworkStats expire 2 lines
06-06 13:18:43.115  2187  3569 I chatty  : uid=1000(system) Binder:2187_10 expire 5 lines
06-06 13:18:43.603  2187  2264 I chatty  : uid=1000(system) android.display expire 4 lines
06-06 13:18:44.821  2187 21141 I chatty  : uid=1000(system) Binder:2187_17 expire 7 lines
06-06 13:18:50.681  2187 21140 I chatty  : uid=1000(system) Binder:2187_16 expire 4 lines
06-06 13:18:50.745  2187  3538 I chatty  : uid=1000(system) Binder:2187_C expire 4 lines
06-06 13:18:51.935  2187 21111 I chatty  : uid=1000(system) Binder:2187_14 expire 2 lines
06-06 13:18:55.717  2187 21203 I chatty  : uid=1000(system) Binder:2187_18 expire 2 lines
06-06 13:19:00.079  2187 11981 I chatty  : uid=1000(system) Binder:2187_1B expire 4 lines
06-06 13:19:06.701  2187 32069 I chatty  : uid=1000(system) Binder:2187_1E expire 4 lines
06-06 13:19:10.578  2187  2201 I chatty  : uid=1000(system) Binder:2187_2 expire 2 lines
06-06 13:19:10.596  2187 21313 I chatty  : uid=1000(system) Binder:2187_19 expire 4 lines
06-06 13:19:10.631  2187  2949 I chatty  : uid=1000(system) Binder:2187_6 expire 3 lines
06-06 13:19:10.667  2187  2531 I chatty  : uid=1000(system) ConnectivitySer expire 5 lines
06-06 13:19:10.854  2187  2262 I chatty  : uid=1000(system) android.fg expire 4 lines
06-06 13:19:15.570  2187  2657 I chatty  : uid=1000(system) Binder:2187_5 expire 5 lines
06-06 13:19:30.138  2187  2200 I chatty  : uid=1000(system) Binder:2187_1 expire 5 lines
06-06 13:19:43.971  2187  3535 I chatty  : uid=1000(system) Binder:2187_B expire 3 lines
06-06 13:19:47.345  2187 21112 I chatty  : uid=1000(system) Binder:2187_15 expire 3 lines
06-06 13:19:47.470  2187 11980 I chatty  : uid=1000(system) Binder:2187_1A expire 1 line
06-06 13:19:51.379  2187  3510 I chatty  : uid=1000(system) Binder:2187_9 expire 3 lines
06-06 13:19:55.714  2187 31940 I chatty  : uid=1000(system) Binder:2187_1D expire 1 line
06-06 13:19:55.739  2187  3503 I chatty  : uid=1000(system) Binder:2187_8 expire 1 line
06-06 13:19:55.750  2187  2541 I chatty  : uid=1000(system) Binder:2187_3 expire 1 line
06-06 13:19:59.802  2187  3559 I chatty  : uid=1000(system) Binder:2187_D expire 2 lines
06-06 13:20:23.409  2187  2500 I chatty  : uid=1000(system) InputDispatcher expire 2 lines
06-06 13:20:25.653  2187 32069 I chatty  : uid=1000(system) Binder:2187_1E expire 6 lines
06-06 13:20:25.657  2187  2220 I chatty  : uid=1000(system) ActivityManager expire 27 lines
06-06 13:20:25.698  2187 21140 I chatty  : uid=1000(system) Binder:2187_16 expire 9 lines
06-06 13:20:25.715  2187  2949 I chatty  : uid=1000(system) Binder:2187_6 expire 6 lines
06-06 13:20:25.729  2187  2531 I chatty  : uid=1000(system) ConnectivitySer expire 4 lines
06-06 13:20:26.231  2187 21112 I chatty  : uid=1000(system) Binder:2187_15 expire 7 lines
06-06 13:20:26.014  2187 21203 I chatty  : uid=1000(system) Binder:2187_18 expire 4 lines
06-06 13:20:26.019  2187  2498 I chatty  : uid=1000(system) AlarmManager expire 3 lines
06-06 13:20:26.047  2187  2187 I chatty  : uid=1000 system_server expire 10 lines
06-06 13:20:26.066  2187  2537 I chatty  : uid=1000(system) onProviders.ECP expire 1 line
06-06 13:20:26.388  2187 31940 I chatty  : uid=1000(system) Binder:2187_1D expire 8 lines
06-06 13:20:26.621  2187  2657 I chatty  : uid=1000(system) Binder:2187_5 expire 5 lines
06-06 13:20:26.635  2187  3569 I chatty  : uid=1000(system) Binder:2187_10 expire 7 lines
06-06 13:20:27.037  2187  3500 I chatty  : uid=1000(system) Binder:2187_7 expire 8 lines
06-06 13:20:27.127  2187  2263 I chatty  : uid=1000(system) android.io expire 2 lines
06-06 13:20:27.417  2187 21141 I chatty  : uid=1000(system) Binder:2187_17 expire 8 lines
06-06 13:20:27.441  2187  2201 I chatty  : uid=1000(system) Binder:2187_2 expire 5 lines
06-06 13:20:28.044  2187  3535 I chatty  : uid=1000(system) Binder:2187_B expire 4 lines
06-06 13:20:28.080  2187  3538 I chatty  : uid=1000(system) Binder:2187_C expire 6 lines
06-06 13:20:28.397  2187 11981 I chatty  : uid=1000(system) Binder:2187_1B expire 3 lines
06-06 13:20:29.019  2187  3571 I chatty  : uid=1000(system) Binder:2187_11 expire 2 lines
06-06 13:20:29.226  2187  2656 I chatty  : uid=1000(system) Binder:2187_4 expire 3 lines
06-06 13:20:29.291  2187  3503 I chatty  : uid=1000(system) Binder:2187_8 expire 6 lines
06-06 13:20:29.451  2187  2541 I chatty  : uid=1000(system) Binder:2187_3 expire 3 lines
06-06 13:20:29.988  2187  3572 I chatty  : uid=1000(system) Binder:2187_12 expire 8 lines
06-06 13:20:30.044  2187  3559 I chatty  : uid=1000(system) Binder:2187_D expire 3 lines
06-06 13:20:30.169  2187 21313 I chatty  : uid=1000(system) Binder:2187_19 expire 6 lines
06-06 13:20:30.170  2187  3567 I chatty  : uid=1000(system) Binder:2187_F expire 3 lines
06-06 13:20:30.209  2187  3560 I chatty  : uid=1000(system) Binder:2187_E expire 6 lines
06-06 13:20:30.280  2187  2224 I chatty  : uid=1000(system) batterystats-sy expire 1 line
06-06 13:20:31.031  2187 31939 I chatty  : uid=1000(system) Binder:2187_1C expire 4 lines
06-06 13:20:31.442  2187 11980 I chatty  : uid=1000(system) Binder:2187_1A expire 2 lines
06-06 13:20:31.477  2187  2218 I chatty  : uid=1000(system) android.bg expire 4 lines
06-06 13:20:31.607  2187  2200 I chatty  : uid=1000(system) Binder:2187_1 expire 2 lines
06-06 13:20:41.631  2187  2262 I chatty  : uid=1000(system) android.fg expire 2 lines
06-06 13:20:45.103  2622  2622 V DeadZone: consuming errant click: (230.0,3.0)
06-06 13:20:49.709  2187  2220 I chatty  : uid=1000(system) ActivityManager expire 18 lines
06-06 13:20:50.947 15687 15687 D ActivityThread: Loading provider contacts;com.android.contacts: com.android.providers.contacts.SemcContactsProvider2
06-06 13:20:51.698  2187 21111 I chatty  : uid=1000(system) Binder:2187_14 expire 1 line
06-06 13:21:00.092  2187  2949 I chatty  : uid=1000(system) Binder:2187_6 expire 5 lines
06-06 13:21:01.119  3524  3627 W ContextImpl: Calling a method in the system process without a qualified user: android.app.ContextImpl.bindService:1422 android.content.ContextWrapper.bindService:636 com.google.android.gms.ads.identifier.AdvertisingIdClient.h:-1 com.google.android.gms.ads.identifier.AdvertisingIdClient.b:-1 com.google.android.gms.ads.identifier.AdvertisingIdClient.getAdvertisingIdInfo:-1 
06-06 13:21:03.429  2187  2656 I chatty  : uid=1000(system) Binder:2187_4 expire 5 lines
06-06 13:21:03.435  2187  2220 I chatty  : uid=1000(system) ActivityManager expire 68 lines
06-06 13:21:03.790  2187  2264 I chatty  : uid=1000(system) android.display expire 3 lines
06-06 13:21:05.208  2187  2501 I chatty  : uid=1000(system) InputReader expire 1 line
06-06 13:21:05.235  2187  2187 I chatty  : uid=1000 system_server expire 10 lines
06-06 13:21:05.739  2187  2267 I chatty  : uid=1000(system) PowerManagerSer expire 2 lines
06-06 13:21:06.073  2622  2622 V KeyguardStatusView: refresh statusview showing:true
06-06 13:21:06.083  2622  2622 V KeyguardDisplayManager: show
06-06 13:21:06.161  2187 32069 I chatty  : uid=1000(system) Binder:2187_1E expire 5 lines
06-06 13:21:06.394  2187  3535 I chatty  : uid=1000(system) Binder:2187_B expire 5 lines
06-06 13:21:06.396  2187  3571 I chatty  : uid=1000(system) Binder:2187_11 expire 4 lines
06-06 13:21:13.525  2187  2657 I chatty  : uid=1000(system) Binder:2187_5 expire 4 lines
06-06 13:21:13.579  2187 23143 I chatty  : uid=1000(system) Binder:2187_13 expire 3 lines
06-06 13:21:13.597  2187  2531 I chatty  : uid=1000(system) ConnectivitySer expire 10 lines
06-06 13:21:26.072  2187  2498 I chatty  : uid=1000(system) AlarmManager expire 10 lines
06-06 13:21:26.073  2187  2262 I chatty  : uid=1000(system) android.fg expire 8 lines
06-06 13:21:26.078  2187  2201 I chatty  : uid=1000(system) Binder:2187_2 expire 3 lines
06-06 13:21:30.247  2187  3560 I chatty  : uid=1000(system) Binder:2187_E expire 4 lines
06-06 13:21:30.288  2187 21313 I chatty  : uid=1000(system) Binder:2187_19 expire 2 lines
06-06 13:21:34.743  2187  3514 I chatty  : uid=1000(system) Binder:2187_A expire 1 line
06-06 13:21:51.470  2187 11980 I chatty  : uid=1000(system) Binder:2187_1A expire 3 lines
06-06 13:21:51.489  2187  3559 I chatty  : uid=1000(system) Binder:2187_D expire 6 lines
06-06 13:21:51.544  2187 21203 I chatty  : uid=1000(system) Binder:2187_18 expire 5 lines
06-06 13:21:51.665  2187  2200 I chatty  : uid=1000(system) Binder:2187_1 expire 2 lines
06-06 13:21:52.249  2187  3510 I chatty  : uid=1000(system) Binder:2187_9 expire 2 lines
06-06 13:21:52.441  2187  3500 I chatty  : uid=1000(system) Binder:2187_7 expire 4 lines
06-06 13:22:10.531  2187  3567 I chatty  : uid=1000(system) Binder:2187_F expire 2 lines
06-06 13:22:10.546  2187 21112 I chatty  : uid=1000(system) Binder:2187_15 expire 4 lines
06-06 13:22:10.567  2187  3569 I chatty  : uid=1000(system) Binder:2187_10 expire 3 lines
06-06 13:22:10.581  2187 31940 I chatty  : uid=1000(system) Binder:2187_1D expire 4 lines
06-06 13:22:12.279  2187  3503 I chatty  : uid=1000(system) Binder:2187_8 expire 2 lines
06-06 13:22:26.240  2187  3572 I chatty  : uid=1000(system) Binder:2187_12 expire 2 lines
06-06 13:22:26.279  2187 31939 I chatty  : uid=1000(system) Binder:2187_1C expire 2 lines
06-06 13:22:27.205  2187  2263 I chatty  : uid=1000(system) android.io expire 5 lines
06-06 13:22:27.886  2187 21141 I chatty  : uid=1000(system) Binder:2187_17 expire 1 line
06-06 13:22:28.312  2187  2218 I chatty  : uid=1000(system) android.bg expire 4 lines
06-06 13:22:35.227  2187 11981 I chatty  : uid=1000(system) Binder:2187_1B expire 1 line
06-06 13:23:12.015  2187 21140 I chatty  : uid=1000(system) Binder:2187_16 expire 1 line
06-06 13:23:12.092  2187  2537 I chatty  : uid=1000(system) onProviders.ECP expire 1 line
06-06 13:23:16.270  2187  2220 I chatty  : uid=1000(system) ActivityManager expire 56 lines
06-06 13:23:16.271  2187  2187 I chatty  : uid=1000 system_server expire 4 lines
06-06 13:23:16.337  2187 32069 I chatty  : uid=1000(system) Binder:2187_1E expire 7 lines
06-06 13:23:16.350 14693 16473 E ActivityThread: Failed to find provider info for com.facebook.katana.provider.AttributionIdProvider
06-06 13:23:16.355  2187  2263 I chatty  : uid=1000(system) android.io expire 2 lines
06-06 13:23:16.366  2187  2656 I chatty  : uid=1000(system) Binder:2187_4 expire 4 lines
06-06 13:23:16.669  2187  3514 I chatty  : uid=1000(system) Binder:2187_A expire 5 lines
06-06 13:23:21.914  2187  3572 I chatty  : uid=1000(system) Binder:2187_12 expire 6 lines
06-06 13:23:22.176  2187  2541 I chatty  : uid=1000(system) Binder:2187_3 expire 6 lines
06-06 13:23:22.224  2187  3567 I chatty  : uid=1000(system) Binder:2187_F expire 8 lines
06-06 13:23:22.600  2187  2200 I chatty  : uid=1000(system) Binder:2187_1 expire 2 lines
06-06 13:23:22.857  2187  3560 I chatty  : uid=1000(system) Binder:2187_E expire 6 lines
06-06 13:23:23.007  2187  3500 I chatty  : uid=1000(system) Binder:2187_7 expire 8 lines
06-06 13:23:23.180  2187 21112 I chatty  : uid=1000(system) Binder:2187_15 expire 2 lines
06-06 13:23:23.288  2187  2657 I chatty  : uid=1000(system) Binder:2187_5 expire 4 lines
06-06 13:23:23.347  2187 21111 I chatty  : uid=1000(system) Binder:2187_14 expire 7 lines
06-06 13:23:23.760  2187 21313 I chatty  : uid=1000(system) Binder:2187_19 expire 5 lines
06-06 13:23:23.796  2187  3535 I chatty  : uid=1000(system) Binder:2187_B expire 5 lines
06-06 13:23:23.967  2187 21140 I chatty  : uid=1000(system) Binder:2187_16 expire 3 lines
06-06 13:23:24.619  2187  3538 I chatty  : uid=1000(system) Binder:2187_C expire 1 line
06-06 13:23:25.700  2187  2498 I chatty  : uid=1000(system) AlarmManager expire 14 lines
06-06 13:23:25.768  2187  3569 I chatty  : uid=1000(system) Binder:2187_10 expire 4 lines
06-06 13:23:27.187  2187  3503 I chatty  : uid=1000(system) Binder:2187_8 expire 4 lines
06-06 13:23:37.887  2187  2262 I chatty  : uid=1000(system) android.fg expire 12 lines
06-06 13:23:37.914  2187 11981 I chatty  : uid=1000(system) Binder:2187_1B expire 3 lines
06-06 13:23:37.950  2187  2531 I chatty  : uid=1000(system) ConnectivitySer expire 9 lines
06-06 13:23:38.443  2187 31940 I chatty  : uid=1000(system) Binder:2187_1D expire 3 lines
06-06 13:23:38.454  2187  3510 I chatty  : uid=1000(system) Binder:2187_9 expire 2 lines
06-06 13:23:38.493  2187 31939 I chatty  : uid=1000(system) Binder:2187_1C expire 3 lines
06-06 13:23:55.049  2187 11980 I chatty  : uid=1000(system) Binder:2187_1A expire 3 lines
06-06 13:23:55.064  2187  2949 I chatty  : uid=1000(system) Binder:2187_6 expire 4 lines
06-06 13:23:55.072  2187 21141 I chatty  : uid=1000(system) Binder:2187_17 expire 3 lines
06-06 13:23:55.102  2187  3571 I chatty  : uid=1000(system) Binder:2187_11 expire 5 lines
06-06 13:25:33.444  2187 21203 I chatty  : uid=1000(system) Binder:2187_18 expire 4 lines
06-06 13:25:33.448  2187  2220 I chatty  : uid=1000(system) ActivityManager expire 59 lines
06-06 13:25:33.550  2187 21112 I chatty  : uid=1000(system) Binder:2187_15 expire 9 lines
06-06 13:25:33.592  2187 23143 I chatty  : uid=1000(system) Binder:2187_13 expire 2 lines
06-06 13:25:33.679  2187  2531 I chatty  : uid=1000(system) ConnectivitySer expire 6 lines
06-06 13:25:43.062  2187  2501 I chatty  : uid=1000(system) InputReader expire 2 lines
06-06 13:25:43.069  2187  2187 I chatty  : uid=1000 system_server expire 8 lines
06-06 13:25:43.078  2187  2267 I chatty  : uid=1000(system) PowerManagerSer expire 5 lines
06-06 13:25:43.093  2187  2264 I chatty  : uid=1000(system) android.display expire 3 lines
06-06 13:25:43.239  2187  2949 I chatty  : uid=1000(system) Binder:2187_6 expire 6 lines
06-06 13:25:43.286  2187  2262 I chatty  : uid=1000(system) android.fg expire 14 lines
06-06 13:25:43.358  2187  3569 I chatty  : uid=1000(system) Binder:2187_10 expire 2 lines
06-06 13:25:43.363  2187  3559 I chatty  : uid=1000(system) Binder:2187_D expire 3 lines
06-06 13:25:44.754  2187 21141 I chatty  : uid=1000(system) Binder:2187_17 expire 4 lines
06-06 13:25:44.764  2187 11981 I chatty  : uid=1000(system) Binder:2187_1B expire 4 lines
06-06 13:25:45.336  2187 21313 I chatty  : uid=1000(system) Binder:2187_19 expire 5 lines
06-06 13:25:45.369  2187  3535 I chatty  : uid=1000(system) Binder:2187_B expire 4 lines
06-06 13:25:46.253  2187  3500 I chatty  : uid=1000(system) Binder:2187_7 expire 7 lines
06-06 13:25:54.910  2187 21111 I chatty  : uid=1000(system) Binder:2187_14 expire 2 lines
06-06 13:25:59.063  2187  3510 I chatty  : uid=1000(system) Binder:2187_9 expire 2 lines
06-06 13:25:59.097  2187  2656 I chatty  : uid=1000(system) Binder:2187_4 expire 6 lines
06-06 13:26:00.002  2187  2498 I chatty  : uid=1000(system) AlarmManager expire 10 lines
06-06 13:26:07.225  2187 11980 I chatty  : uid=1000(system) Binder:2187_1A expire 4 lines
06-06 13:26:32.050  2187  2200 I chatty  : uid=1000(system) Binder:2187_1 expire 4 lines
06-06 13:26:32.051  2187  3514 I chatty  : uid=1000(system) Binder:2187_A expire 3 lines
06-06 13:26:32.720  2187  3572 I chatty  : uid=1000(system) Binder:2187_12 expire 1 line
06-06 13:26:32.803  2187  3538 I chatty  : uid=1000(system) Binder:2187_C expire 1 line
06-06 13:26:32.898  2187  3567 I chatty  : uid=1000(system) Binder:2187_F expire 2 lines
06-06 13:26:33.322  2187  2201 I chatty  : uid=1000(system) Binder:2187_2 expire 6 lines
06-06 13:26:35.228  2187  2541 I chatty  : uid=1000(system) Binder:2187_3 expire 2 lines
06-06 13:26:52.052  2187 31939 I chatty  : uid=1000(system) Binder:2187_1C expire 2 lines
06-06 13:26:52.156  2187 32069 I chatty  : uid=1000(system) Binder:2187_1E expire 1 line
06-06 13:27:13.159  2187  3560 I chatty  : uid=1000(system) Binder:2187_E expire 2 lines
06-06 13:27:54.910  2187 21140 I chatty  : uid=1000(system) Binder:2187_16 expire 1 line
06-06 13:28:10.219  2187  2224 I chatty  : uid=1000(system) batterystats-sy expire 3 lines
06-06 13:28:17.751  2187  3503 I chatty  : uid=1000(system) Binder:2187_8 expire 8 lines
06-06 13:28:28.841  2187  2498 I chatty  : uid=1000(system) AlarmManager expire 12 lines
06-06 13:28:28.845  2187 21140 I chatty  : uid=1000(system) Binder:2187_16 expire 2 lines
06-06 13:28:28.874  2187  2541 I chatty  : uid=1000(system) Binder:2187_3 expire 2 lines
06-06 13:28:28.958  2187 32069 I chatty  : uid=1000(system) Binder:2187_1E expire 4 lines
06-06 13:28:28.968  2187  3571 I chatty  : uid=1000(system) Binder:2187_11 expire 4 lines
06-06 13:28:29.006  2187  3560 I chatty  : uid=1000(system) Binder:2187_E expire 4 lines
06-06 13:28:29.066  2187 21111 I chatty  : uid=1000(system) Binder:2187_14 expire 3 lines
06-06 13:28:29.238 17535 17535 D ActivityThread: Loading provider com.whatsapp.provider.contact: com.whatsapp.contact.ContactProvider
06-06 13:28:29.307  2187  3567 I chatty  : uid=1000(system) Binder:2187_F expire 5 lines
06-06 13:28:29.380  2187  3535 I chatty  : uid=1000(system) Binder:2187_B expire 3 lines
06-06 13:28:29.381  2187  2220 I chatty  : uid=1000(system) ActivityManager expire 44 lines
06-06 13:28:29.405  2187  2656 I chatty  : uid=1000(system) Binder:2187_4 expire 4 lines
06-06 13:28:29.437  2187  2201 I chatty  : uid=1000(system) Binder:2187_2 expire 5 lines
06-06 13:28:29.466  2187 11980 I chatty  : uid=1000(system) Binder:2187_1A expire 2 lines
06-06 13:28:29.482  2187  2531 I chatty  : uid=1000(system) ConnectivitySer expire 6 lines
06-06 13:28:29.489  2187  2263 I chatty  : uid=1000(system) android.io expire 4 lines
06-06 13:28:29.694  2187 21112 I chatty  : uid=1000(system) Binder:2187_15 expire 8 lines
06-06 13:28:29.723  2187 31940 I chatty  : uid=1000(system) Binder:2187_1D expire 8 lines
06-06 13:28:29.726  2187 23143 I chatty  : uid=1000(system) Binder:2187_13 expire 7 lines
06-06 13:28:29.768  2187  2657 I chatty  : uid=1000(system) Binder:2187_5 expire 6 lines
06-06 13:28:29.769  2187  3510 I chatty  : uid=1000(system) Binder:2187_9 expire 10 lines
06-06 13:28:30.127  2187 21203 I chatty  : uid=1000(system) Binder:2187_18 expire 6 lines
06-06 13:28:33.764  2187 21141 I chatty  : uid=1000(system) Binder:2187_17 expire 7 lines
06-06 13:28:59.286  2187  2949 I chatty  : uid=1000(system) Binder:2187_6 expire 3 lines
06-06 13:28:59.293  2187  2262 I chatty  : uid=1000(system) android.fg expire 8 lines
06-06 13:28:59.339  2187  3559 I chatty  : uid=1000(system) Binder:2187_D expire 1 line
06-06 13:28:59.348  2187  3538 I chatty  : uid=1000(system) Binder:2187_C expire 1 line
06-06 13:28:59.584  2187 21313 I chatty  : uid=1000(system) Binder:2187_19 expire 3 lines
06-06 13:29:19.501  2187  3500 I chatty  : uid=1000(system) Binder:2187_7 expire 2 lines
06-06 13:29:30.678  2187  3514 I chatty  : uid=1000(system) Binder:2187_A expire 1 line
06-06 13:29:30.688  2187  3572 I chatty  : uid=1000(system) Binder:2187_12 expire 1 line
06-06 13:29:30.019  2187  2187 I chatty  : uid=1000 system_server expire 10 lines
06-06 13:29:30.087  2187  2537 I chatty  : uid=1000(system) onProviders.ECP expire 1 line
06-06 13:29:47.333  2187 11981 I chatty  : uid=1000(system) Binder:2187_1B expire 1 line
06-06 13:30:13.214 17991 17991 D ActivityThread: Loading provider contacts;com.android.contacts: com.android.providers.contacts.SemcContactsProvider2
06-06 13:30:13.527  2187  2218 I chatty  : uid=1000(system) android.bg expire 4 lines
06-06 13:30:13.976  2187 31939 I chatty  : uid=1000(system) Binder:2187_1C expire 3 lines
06-06 13:30:15.042  2187  3569 I chatty  : uid=1000(system) Binder:2187_10 expire 3 lines
06-06 13:30:16.086  2187  2220 I chatty  : uid=1000(system) ActivityManager expire 54 lines
06-06 13:30:17.744  2187  2218 I chatty  : uid=1000(system) android.bg expire 4 lines
06-06 13:30:17.827  2187 21111 I chatty  : uid=1000(system) Binder:2187_14 expire 5 lines
06-06 13:30:17.850  2187  2656 I chatty  : uid=1000(system) Binder:2187_4 expire 4 lines
06-06 13:30:17.912  2187 31939 I chatty  : uid=1000(system) Binder:2187_1C expire 4 lines
06-06 13:30:17.920  2187  2201 I chatty  : uid=1000(system) Binder:2187_2 expire 9 lines
06-06 13:30:36.074  2187  2498 I chatty  : uid=1000(system) AlarmManager expire 16 lines
06-06 13:30:36.076  2187  2262 I chatty  : uid=1000(system) android.fg expire 9 lines
06-06 13:30:36.164  2187  3535 I chatty  : uid=1000(system) Binder:2187_B expire 4 lines
06-06 13:30:36.183  2187 21141 I chatty  : uid=1000(system) Binder:2187_17 expire 8 lines
06-06 13:30:36.760  2187  3510 I chatty  : uid=1000(system) Binder:2187_9 expire 1 line
06-06 13:30:36.766  2187 21112 I chatty  : uid=1000(system) Binder:2187_15 expire 4 lines
06-06 13:30:36.777  2187 11980 I chatty  : uid=1000(system) Binder:2187_1A expire 2 lines
06-06 13:30:37.917  2187 11981 I chatty  : uid=1000(system) Binder:2187_1B expire 6 lines
06-06 13:30:37.934  2187  3569 I chatty  : uid=1000(system) Binder:2187_10 expire 4 lines
06-06 13:30:37.961  2187  2531 I chatty  : uid=1000(system) ConnectivitySer expire 4 lines
06-06 13:30:37.979  2187 21140 I chatty  : uid=1000(system) Binder:2187_16 expire 2 lines
06-06 13:30:38.115  2187 21203 I chatty  : uid=1000(system) Binder:2187_18 expire 2 lines
06-06 13:30:39.876  2187 32069 I chatty  : uid=1000(system) Binder:2187_1E expire 5 lines
06-06 13:30:39.898  2187  3538 I chatty  : uid=1000(system) Binder:2187_C expire 4 lines
06-06 13:30:56.268  2187 31940 I chatty  : uid=1000(system) Binder:2187_1D expire 10 lines
06-06 13:30:56.321  2187  3572 I chatty  : uid=1000(system) Binder:2187_12 expire 8 lines
06-06 13:30:56.959  2187  3559 I chatty  : uid=1000(system) Binder:2187_D expire 2 lines
06-06 13:30:57.292  2187  3560 I chatty  : uid=1000(system) Binder:2187_E expire 1 line
06-06 13:31:13.179  2187  3571 I chatty  : uid=1000(system) Binder:2187_11 expire 5 lines
06-06 13:31:15.529  2187  3503 I chatty  : uid=1000(system) Binder:2187_8 expire 2 lines
06-06 13:31:21.208  2187  3567 I chatty  : uid=1000(system) Binder:2187_F expire 1 line
06-06 13:31:21.239  2187 23143 I chatty  : uid=1000(system) Binder:2187_13 expire 2 lines
06-06 13:31:21.241  2187  2541 I chatty  : uid=1000(system) Binder:2187_3 expire 6 lines
06-06 13:31:45.131  2187  3500 I chatty  : uid=1000(system) Binder:2187_7 expire 4 lines
06-06 13:31:45.423  2187  2657 I chatty  : uid=1000(system) Binder:2187_5 expire 2 lines
06-06 13:31:45.858  2187  2949 I chatty  : uid=1000(system) Binder:2187_6 expire 1 line
06-06 13:31:46.247  2187  2200 I chatty  : uid=1000(system) Binder:2187_1 expire 1 line
06-06 13:32:15.686  2187  2513 I chatty  : uid=1000(system) NetworkStats expire 3 lines
06-06 13:32:16.164  2187  2187 I chatty  : uid=1000 system_server expire 2 lines
06-06 13:32:43.121  2187 21313 I chatty  : uid=1000(system) Binder:2187_19 expire 5 lines
06-06 13:32:43.153  2187  2220 I chatty  : uid=1000(system) ActivityManager expire 20 lines
06-06 13:32:43.282  2187  3559 I chatty  : uid=1000(system) Binder:2187_D expire 4 lines
06-06 13:32:43.321  2187  3500 I chatty  : uid=1000(system) Binder:2187_7 expire 6 lines
06-06 13:34:01.081  2187  2498 I chatty  : uid=1000(system) AlarmManager expire 8 lines
06-06 13:34:01.121  2187 21140 I chatty  : uid=1000(system) Binder:2187_16 expire 3 lines
06-06 13:34:01.206  2187  3535 I chatty  : uid=1000(system) Binder:2187_B expire 5 lines
06-06 13:34:51.648  2187  2263 I chatty  : uid=1000(system) android.io expire 5 lines
06-06 13:34:51.656  2187 31939 I chatty  : uid=1000(system) Binder:2187_1C expire 2 lines
06-06 13:34:51.883  2187  2262 I chatty  : uid=1000(system) android.fg expire 5 lines
06-06 13:34:51.884  2187 11980 I chatty  : uid=1000(system) Binder:2187_1A expire 4 lines
06-06 13:34:51.890  2187  2949 I chatty  : uid=1000(system) Binder:2187_6 expire 4 lines
06-06 13:34:51.991  2187  3571 I chatty  : uid=1000(system) Binder:2187_11 expire 2 lines
06-06 13:34:52.021  2187  2657 I chatty  : uid=1000(system) Binder:2187_5 expire 2 lines
06-06 13:34:52.056  2187  3560 I chatty  : uid=1000(system) Binder:2187_E expire 4 lines
06-06 13:34:52.078  2187 11981 I chatty  : uid=1000(system) Binder:2187_1B expire 4 lines
06-06 13:34:52.092  2187  3514 I chatty  : uid=1000(system) Binder:2187_A expire 3 lines
06-06 13:34:52.115  2187  2541 I chatty  : uid=1000(system) Binder:2187_3 expire 7 lines
06-06 13:34:52.210 18809 18809 D ActivityThread: Loading provider contacts;com.android.contacts: com.android.providers.contacts.SemcContactsProvider2
06-06 13:34:53.014  2187 32069 I chatty  : uid=1000(system) Binder:2187_1E expire 1 line
06-06 13:34:53.296  2187 31940 I chatty  : uid=1000(system) Binder:2187_1D expire 4 lines
06-06 13:34:53.639  2187 21141 I chatty  : uid=1000(system) Binder:2187_17 expire 4 lines
06-06 13:34:53.679  2187  2531 I chatty  : uid=1000(system) ConnectivitySer expire 5 lines
06-06 13:35:02.210  2187  3572 I chatty  : uid=1000(system) Binder:2187_12 expire 2 lines
06-06 13:35:10.078  2187 21203 I chatty  : uid=1000(system) Binder:2187_18 expire 4 lines
06-06 13:35:20.639  2187  2656 I chatty  : uid=1000(system) Binder:2187_4 expire 1 line
06-06 13:35:28.894  2187  2501 I chatty  : uid=1000(system) InputReader expire 2 lines
06-06 13:35:28.919  2187  2267 I chatty  : uid=1000(system) PowerManagerSer expire 5 lines
06-06 13:35:28.921  2187  2187 I chatty  : uid=1000 system_server expire 7 lines
06-06 13:35:28.922  2187  2264 I chatty  : uid=1000(system) android.display expire 3 lines
06-06 13:35:29.251  2187  2218 I chatty  : uid=1000(system) android.bg expire 2 lines
06-06 13:35:29.404  2187  3510 I chatty  : uid=1000(system) Binder:2187_9 expire 6 lines
06-06 13:35:30.618  2622  2622 V KeyguardDisplayManager: hide
06-06 13:35:30.624  2187  3569 I chatty  : uid=1000(system) Binder:2187_10 expire 3 lines
06-06 13:35:30.627  2187  2220 I chatty  : uid=1000(system) ActivityManager expire 39 lines
06-06 13:35:30.676  2187 21111 I chatty  : uid=1000(system) Binder:2187_14 expire 4 lines
06-06 13:35:30.838  2187  2200 I chatty  : uid=1000(system) Binder:2187_1 expire 1 line
06-06 13:35:31.053  2187  3567 I chatty  : uid=1000(system) Binder:2187_F expire 3 lines
06-06 13:35:31.086  2187 21112 I chatty  : uid=1000(system) Binder:2187_15 expire 1 line
06-06 13:35:31.278  2187  3503 I chatty  : uid=1000(system) Binder:2187_8 expire 3 lines
06-06 13:35:31.288  2187 23143 I chatty  : uid=1000(system) Binder:2187_13 expire 1 line
06-06 13:35:31.320  2187  3538 I chatty  : uid=1000(system) Binder:2187_C expire 2 lines
06-06 13:35:35.794 18158 19106 E ActivityThread: Failed to find provider info for com.facebook.katana.provider.AttributionIdProvider
06-06 13:35:51.008  2622  2622 V KeyguardStatusView: refresh statusview showing:true
06-06 13:35:51.016  2622  2622 V KeyguardDisplayManager: show
06-06 13:35:53.773  2187  2220 I chatty  : uid=1000(system) ActivityManager expire 78 lines
06-06 13:35:54.429  2187  3535 I chatty  : uid=1000(system) Binder:2187_B expire 2 lines
06-06 13:35:54.436  2187 32069 I chatty  : uid=1000(system) Binder:2187_1E expire 2 lines
06-06 13:36:00.503  2187 23143 I chatty  : uid=1000(system) Binder:2187_13 expire 2 lines
06-06 13:36:02.236  2187  2498 I chatty  : uid=1000(system) AlarmManager expire 12 lines
06-06 13:36:02.287  2187  2657 I chatty  : uid=1000(system) Binder:2187_5 expire 4 lines
06-06 13:36:05.816  2187  3572 I chatty  : uid=1000(system) Binder:2187_12 expire 3 lines
06-06 13:36:05.928  2187  3510 I chatty  : uid=1000(system) Binder:2187_9 expire 5 lines
06-06 13:36:06.038  2187  2531 I chatty  : uid=1000(system) ConnectivitySer expire 10 lines
06-06 13:36:07.607  2187  3560 I chatty  : uid=1000(system) Binder:2187_E expire 7 lines
06-06 13:36:07.642  2187  3559 I chatty  : uid=1000(system) Binder:2187_D expire 5 lines
06-06 13:36:07.655  2187 21111 I chatty  : uid=1000(system) Binder:2187_14 expire 2 lines
06-06 13:36:24.727  2187 21313 I chatty  : uid=1000(system) Binder:2187_19 expire 2 lines
06-06 13:36:24.728  2187  3514 I chatty  : uid=1000(system) Binder:2187_A expire 3 lines
06-06 13:36:24.747  2187  2262 I chatty  : uid=1000(system) android.fg expire 8 lines
06-06 13:36:24.756  2187  2656 I chatty  : uid=1000(system) Binder:2187_4 expire 4 lines
06-06 13:36:24.794  2187  2541 I chatty  : uid=1000(system) Binder:2187_3 expire 2 lines
06-06 13:36:26.391  2187  2201 I chatty  : uid=1000(system) Binder:2187_2 expire 1 line
06-06 13:36:26.401  2187  3567 I chatty  : uid=1000(system) Binder:2187_F expire 6 lines
06-06 13:36:26.404  2187  2200 I chatty  : uid=1000(system) Binder:2187_1 expire 4 lines
06-06 13:36:26.420  2187 11981 I chatty  : uid=1000(system) Binder:2187_1B expire 4 lines
06-06 13:36:26.436  2187 21112 I chatty  : uid=1000(system) Binder:2187_15 expire 2 lines
06-06 13:36:42.101  2187  3503 I chatty  : uid=1000(system) Binder:2187_8 expire 6 lines
06-06 13:36:48.792  2187  3500 I chatty  : uid=1000(system) Binder:2187_7 expire 1 line
06-06 13:36:48.829  2187  3571 I chatty  : uid=1000(system) Binder:2187_11 expire 1 line
06-06 13:36:48.842  2187  3538 I chatty  : uid=1000(system) Binder:2187_C expire 1 line
06-06 13:36:58.887  2187 21141 I chatty  : uid=1000(system) Binder:2187_17 expire 1 line
06-06 13:37:02.260  2187 31940 I chatty  : uid=1000(system) Binder:2187_1D expire 2 lines
06-06 13:37:02.371  2187 21203 I chatty  : uid=1000(system) Binder:2187_18 expire 5 lines
06-06 13:37:08.886  2187  3569 I chatty  : uid=1000(system) Binder:2187_10 expire 3 lines
06-06 13:37:10.014  2187 21140 I chatty  : uid=1000(system) Binder:2187_16 expire 1 line
06-06 13:37:10.009  2187 11980 I chatty  : uid=1000(system) Binder:2187_1A expire 3 lines
06-06 13:37:10.021  2187  2187 I chatty  : uid=1000 system_server expire 10 lines
06-06 13:37:10.061  2187  2537 I chatty  : uid=1000(system) onProviders.ECP expire 1 line
06-06 13:37:30.047  2187 31939 I chatty  : uid=1000(system) Binder:2187_1C expire 2 lines
06-06 13:37:30.080  2187  2516 I chatty  : uid=1000(system) NetworkPolicy expire 1 line
06-06 13:37:33.796  2187  2263 I chatty  : uid=1000(system) android.io expire 2 lines
06-06 13:38:04.079  2187  2949 I chatty  : uid=1000(system) Binder:2187_6 expire 3 lines
06-06 13:38:04.102  2187  2220 I chatty  : uid=1000(system) ActivityManager expire 64 lines
06-06 13:38:04.157  2187  3538 I chatty  : uid=1000(system) Binder:2187_C expire 5 lines
06-06 13:38:04.171  2187  3503 I chatty  : uid=1000(system) Binder:2187_8 expire 2 lines
06-06 13:38:04.178  2187 23143 I chatty  : uid=1000(system) Binder:2187_13 expire 1 line
06-06 13:38:04.186  2187  3535 I chatty  : uid=1000(system) Binder:2187_B expire 7 lines
06-06 13:38:04.540  2187  2187 I chatty  : uid=1000 system_server expire 21 lines
06-06 13:38:04.571  2187  2224 I chatty  : uid=1000(system) batterystats-sy expire 3 lines
06-06 13:38:10.789  2187 21140 I chatty  : uid=1000(system) Binder:2187_16 expire 7 lines
06-06 13:38:10.791  2187 21141 I chatty  : uid=1000(system) Binder:2187_17 expire 4 lines
06-06 13:38:13.482  2187  2201 I chatty  : uid=1000(system) Binder:2187_2 expire 1 line
06-06 13:38:16.915  2187  3572 I chatty  : uid=1000(system) Binder:2187_12 expire 2 lines
06-06 13:38:16.972  2187  2656 I chatty  : uid=1000(system) Binder:2187_4 expire 2 lines
06-06 13:38:17.005  2187  2541 I chatty  : uid=1000(system) Binder:2187_3 expire 3 lines
06-06 13:38:17.054  2187  2531 I chatty  : uid=1000(system) ConnectivitySer expire 6 lines
06-06 13:38:44.835  2187  2262 I chatty  : uid=1000(system) android.fg expire 10 lines
06-06 13:38:44.838  2187  3569 I chatty  : uid=1000(system) Binder:2187_10 expire 4 lines
06-06 13:38:45.649  2187 11981 I chatty  : uid=1000(system) Binder:2187_1B expire 3 lines
06-06 13:39:02.099  2187 21203 I chatty  : uid=1000(system) Binder:2187_18 expire 4 lines
06-06 13:39:02.159  2187 11980 I chatty  : uid=1000(system) Binder:2187_1A expire 3 lines
06-06 13:39:02.217  2187  3560 I chatty  : uid=1000(system) Binder:2187_E expire 2 lines
06-06 13:39:04.396  2187  2498 I chatty  : uid=1000(system) AlarmManager expire 11 lines
06-06 13:39:04.460  2187  3500 I chatty  : uid=1000(system) Binder:2187_7 expire 3 lines
06-06 13:39:24.387  2187  2657 I chatty  : uid=1000(system) Binder:2187_5 expire 3 lines
06-06 13:39:35.504  2187 21313 I chatty  : uid=1000(system) Binder:2187_19 expire 2 lines
06-06 13:39:36.008  2187 31939 I chatty  : uid=1000(system) Binder:2187_1C expire 4 lines
06-06 13:39:37.091  2187  3514 I chatty  : uid=1000(system) Binder:2187_A expire 1 line
06-06 13:39:36.014  2187  3510 I chatty  : uid=1000(system) Binder:2187_9 expire 3 lines
06-06 13:39:36.046  2187  2218 I chatty  : uid=1000(system) android.bg expire 6 lines
06-06 13:39:36.098  2187  2200 I chatty  : uid=1000(system) Binder:2187_1 expire 2 lines
06-06 13:39:36.193  2187 21111 I chatty  : uid=1000(system) Binder:2187_14 expire 2 lines
06-06 13:39:38.722  2187 32069 I chatty  : uid=1000(system) Binder:2187_1E expire 1 line
06-06 13:39:39.989  2187 21112 I chatty  : uid=1000(system) Binder:2187_15 expire 2 lines
06-06 13:39:40.782  2187  3571 I chatty  : uid=1000(system) Binder:2187_11 expire 3 lines
06-06 13:39:54.856  2187  3567 I chatty  : uid=1000(system) Binder:2187_F expire 1 line
06-06 13:39:58.131  2187  3559 I chatty  : uid=1000(system) Binder:2187_D expire 6 lines
06-06 13:40:21.334  2187  2220 I chatty  : uid=1000(system) ActivityManager expire 39 lines
06-06 13:40:21.344  2187  2949 I chatty  : uid=1000(system) Binder:2187_6 expire 5 lines
06-06 13:40:21.371  2187  2531 I chatty  : uid=1000(system) ConnectivitySer expire 9 lines
06-06 13:40:29.043  2187  2262 I chatty  : uid=1000(system) android.fg expire 10 lines
06-06 13:40:29.045  2187  3535 I chatty  : uid=1000(system) Binder:2187_B expire 2 lines
06-06 13:40:40.066  2187  2498 I chatty  : uid=1000(system) AlarmManager expire 6 lines
06-06 13:40:40.133  2187 11980 I chatty  : uid=1000(system) Binder:2187_1A expire 6 lines
06-06 13:40:40.235  2187  2200 I chatty  : uid=1000(system) Binder:2187_1 expire 3 lines
06-06 13:40:44.260  2187 21111 I chatty  : uid=1000(system) Binder:2187_14 expire 3 lines
06-06 13:40:44.276  2187  3514 I chatty  : uid=1000(system) Binder:2187_A expire 3 lines
06-06 13:40:44.313  2187 31940 I chatty  : uid=1000(system) Binder:2187_1D expire 3 lines
06-06 13:41:00.709  2187  3500 I chatty  : uid=1000(system) Binder:2187_7 expire 2 lines
06-06 13:41:00.756  2187  3510 I chatty  : uid=1000(system) Binder:2187_9 expire 6 lines
06-06 13:41:00.770  2187  3571 I chatty  : uid=1000(system) Binder:2187_11 expire 1 line
06-06 13:41:06.649  2187 23143 I chatty  : uid=1000(system) Binder:2187_13 expire 4 lines
06-06 13:41:06.667  2187  3503 I chatty  : uid=1000(system) Binder:2187_8 expire 3 lines
06-06 13:41:06.698  2187 21140 I chatty  : uid=1000(system) Binder:2187_16 expire 2 lines
06-06 13:41:06.712  2187 21203 I chatty  : uid=1000(system) Binder:2187_18 expire 3 lines
06-06 13:41:09.823  2187 21141 I chatty  : uid=1000(system) Binder:2187_17 expire 5 lines
06-06 13:41:26.371  2187  3569 I chatty  : uid=1000(system) Binder:2187_10 expire 6 lines
06-06 13:41:26.411  2187  2657 I chatty  : uid=1000(system) Binder:2187_5 expire 6 lines
06-06 13:41:27.593  2187  3560 I chatty  : uid=1000(system) Binder:2187_E expire 3 lines
06-06 13:41:27.599  2187  2201 I chatty  : uid=1000(system) Binder:2187_2 expire 1 line
06-06 13:41:35.207  2187  2541 I chatty  : uid=1000(system) Binder:2187_3 expire 3 lines
06-06 13:41:35.267  2187  3538 I chatty  : uid=1000(system) Binder:2187_C expire 5 lines
06-06 13:41:52.898  2187  2656 I chatty  : uid=1000(system) Binder:2187_4 expire 3 lines
06-06 13:42:01.322  2187  3567 I chatty  : uid=1000(system) Binder:2187_F expire 6 lines
06-06 13:42:02.149  2187  2218 I chatty  : uid=1000(system) android.bg expire 4 lines
06-06 13:42:28.150  2187  2501 I chatty  : uid=1000(system) InputReader expire 1 line
06-06 13:42:28.153  2187  2187 I chatty  : uid=1000 system_server expire 3 lines
06-06 13:42:28.172  2187  2267 I chatty  : uid=1000(system) PowerManagerSer expire 3 lines
06-06 13:42:28.174  2187  2516 I chatty  : uid=1000(system) NetworkPolicy expire 1 line
06-06 13:42:28.192  2187  2264 I chatty  : uid=1000(system) android.display expire 1 line
06-06 13:42:29.611  2622  2622 V KeyguardDisplayManager: hide
06-06 13:42:29.618  2187  2220 I chatty  : uid=1000(system) ActivityManager expire 28 lines
06-06 13:42:30.157  2187 11981 I chatty  : uid=1000(system) Binder:2187_1B expire 17 lines
06-06 13:42:46.885  2187  2220 I chatty  : uid=1000(system) ActivityManager expire 76 lines
