06-05 14:26:39.912 10910 10910 W ViewRootImpl[MainActivity]: Dropping event due to root view being removed: MotionEvent { action=ACTION_MOVE, actionButton=0, id[0]=0, x[0]=178.0, y[0]=-194.0, toolType[0]=TOOL_TYPE_FINGER, buttonState=0, metaState=0, flags=0x0, edgeFlags=0x0, pointerCount=1, historySize=0, eventTime=42274156, downTime=42274148, deviceId=5, source=0x1002 }
06-05 14:26:39.914  2187 21203 I chatty  : uid=1000(system) Binder:2187_18 expire 5 lines
06-05 14:26:40.101  2187  2264 I chatty  : uid=1000(system) android.display expire 9 lines
06-05 14:26:41.728  2187  3559 I chatty  : uid=1000(system) Binder:2187_D expire 4 lines
06-05 14:26:50.784 10910 10910 W ViewRootImpl[MainActivity]: Dropping event due to root view being removed: MotionEvent { action=ACTION_MOVE, actionButton=0, id[0]=0, x[0]=552.0, y[0]=517.0, toolType[0]=TOOL_TYPE_FINGER, buttonState=0, metaState=0, flags=0x0, edgeFlags=0x0, pointerCount=1, historySize=0, eventTime=42285018, downTime=42285008, deviceId=5, source=0x1002 }
06-05 14:26:50.785  2187  3569 I chatty  : uid=1000(system) Binder:2187_10 expire 2 lines
06-05 14:26:52.016 10910 10910 W ViewRootImpl[MainActivity]: Dropping event due to root view being removed: MotionEvent { action=ACTION_MOVE, actionButton=0, id[0]=0, x[0]=545.0, y[0]=525.0, toolType[0]=TOOL_TYPE_FINGER, buttonState=0, metaState=0, flags=0x0, edgeFlags=0x0, pointerCount=1, historySize=1, eventTime=42286259, downTime=42286239, deviceId=5, source=0x1002 }
06-05 14:26:52.019  2187 21111 I chatty  : uid=1000(system) Binder:2187_14 expire 4 lines
06-05 14:26:54.245 10910 10910 W ViewRootImpl[MainActivity]: Dropping event due to root view being removed: MotionEvent { action=ACTION_MOVE, actionButton=0, id[0]=0, x[0]=29.0, y[0]=-399.0, toolType[0]=TOOL_TYPE_FINGER, buttonState=0, metaState=0, flags=0x0, edgeFlags=0x0, pointerCount=1, historySize=0, eventTime=42288479, downTime=42288471, deviceId=5, source=0x1002 }
06-05 14:26:58.640  2187  2201 I chatty  : uid=1000(system) Binder:2187_2 expire 1 line
06-05 14:26:58.651  2187 21112 I chatty  : uid=1000(system) Binder:2187_15 expire 8 lines
06-05 14:27:16.561  2187  3514 I chatty  : uid=1000(system) Binder:2187_A expire 1 line
06-05 14:27:31.820  2187 21313 I chatty  : uid=1000(system) Binder:2187_19 expire 8 lines
06-05 14:28:00.119  2187  3560 I chatty  : uid=1000(system) Binder:2187_E expire 1 line
06-05 14:28:24.954  2187  2187 I chatty  : uid=1000 system_server expire 9 lines
06-05 14:28:31.907  2187 11981 I chatty  : uid=1000(system) Binder:2187_1B expire 10 lines
06-05 14:29:00.110  2187  2949 I chatty  : uid=1000(system) Binder:2187_6 expire 3 lines
06-05 14:29:31.989  2187  3572 I chatty  : uid=1000(system) Binder:2187_12 expire 2 lines
06-05 14:29:32.311 11639 11639 D ActivityThread: Loading provider com.whatsapp.provider.contact: com.whatsapp.contact.ContactProvider
06-05 14:29:32.356  2187  3538 I chatty  : uid=1000(system) Binder:2187_C expire 9 lines
06-05 14:30:00.004  2187  2498 I chatty  : uid=1000(system) AlarmManager expire 5 lines
06-05 14:30:00.074  2187  2200 I chatty  : uid=1000(system) Binder:2187_1 expire 6 lines
06-05 14:30:10.837  2187  2224 I chatty  : uid=1000(system) batterystats-sy expire 6 lines
06-05 14:30:10.947  2187  2262 I chatty  : uid=1000(system) android.fg expire 2 lines
06-05 14:30:11.075 29688 29688 W ContextImpl: Calling a method in the system process without a qualified user: android.app.ContextImpl.stopService:1364 android.content.ContextWrapper.stopService:618 android.content.ContextWrapper.stopService:618 com.sonymobile.enterprise.service.UsbReceiver.onReceive:28 android.app.ActivityThread.handleReceiver:3085 
06-05 14:30:11.085  2187  3571 I chatty  : uid=1000(system) Binder:2187_11 expire 4 lines
06-05 14:30:11.092  2187 23143 I chatty  : uid=1000(system) Binder:2187_13 expire 5 lines
06-05 14:30:11.334 11878 11915 W ContextImpl: Calling a method in the system process without a qualified user: android.app.ContextImpl.bindService:1422 android.content.ContextWrapper.bindService:636 com.google.android.gms.common.stats.zzb.zza:-1 com.google.android.gms.common.stats.zzb.zza:-1 com.google.android.gms.ads.identifier.AdvertisingIdClient.zzp:-1 
06-05 14:30:11.376  2187  2220 I chatty  : uid=1000(system) ActivityManager expire 5 lines
06-05 14:30:11.442  2187  2541 I chatty  : uid=1000(system) Binder:2187_3 expire 1 line
06-05 14:30:11.531 11938 11938 W ContextImpl: Calling a method in the system process without a qualified user: android.app.ContextImpl.startService:1358 android.content.ContextWrapper.startService:613 android.content.ContextWrapper.startService:613 com.sonyericsson.idd.agent.IDDEnabledBroadcastReceiver.onReceive:58 android.app.ActivityThread.handleReceiver:3085 
06-05 14:30:11.597 28560 28560 W ContextImpl: Calling a method in the system process without a qualified user: android.app.ContextImpl.startService:1358 android.content.ContextWrapper.startService:613 android.content.ContextWrapper.startService:613 com.sonyericsson.usbux.gagtm.GaGtmServiceReceiver.onReceive:62 android.app.ActivityThread.handleReceiver:3085 
06-05 14:30:11.631 28560 29978 W ContextImpl: Calling a method in the system process without a qualified user: android.app.ContextImpl.bindService:1422 android.content.ContextWrapper.bindService:636 com.google.android.gms.common.stats.zzb.zza:-1 com.google.android.gms.common.stats.zzb.zza:-1 com.google.android.gms.ads.identifier.AdvertisingIdClient.zzp:-1 
06-05 14:30:33.101 12044 12044 D ActivityThread: Loading provider contacts;com.android.contacts: com.android.providers.contacts.SemcContactsProvider2
06-05 14:30:33.615  2187  2535 I chatty  : uid=1000(system) ranker expire 1 line
06-05 14:30:36.444 11938 11938 W ContextImpl: Calling a method in the system process without a qualified user: android.app.ContextImpl.startService:1358 android.content.ContextWrapper.startService:613 android.content.ContextWrapper.startService:613 com.sonyericsson.idd.agent.IDDEnabledBroadcastReceiver.onReceive:58 android.app.ActivityThread.handleReceiver:3085 
06-05 14:30:36.453 28560 28560 W ContextImpl: Calling a method in the system process without a qualified user: android.app.ContextImpl.startService:1358 android.content.ContextWrapper.startService:613 android.content.ContextWrapper.startService:613 com.sonyericsson.usbux.gagtm.GaGtmServiceReceiver.onReceive:62 android.app.ActivityThread.handleReceiver:3085 
06-05 14:30:36.506  2187  3571 I chatty  : uid=1000(system) Binder:2187_11 expire 5 lines
06-05 14:30:36.515  2187  2187 I chatty  : uid=1000 system_server expire 4 lines
06-05 14:30:36.531  2187  2220 I chatty  : uid=1000(system) ActivityManager expire 28 lines
06-05 14:30:36.705  2187  2262 I chatty  : uid=1000(system) android.fg expire 7 lines
06-05 14:30:36.711  2187  2657 I chatty  : uid=1000(system) Binder:2187_5 expire 2 lines
06-05 14:30:36.720 28560 28560 W ContextImpl: Calling a method in the system process without a qualified user: android.app.ContextImpl.startService:1358 android.content.ContextWrapper.startService:613 android.content.ContextWrapper.startService:613 com.sonyericsson.usbux.service.UsbServiceReceiver.onReceive:157 android.app.ActivityThread.handleReceiver:3085 
06-05 14:30:36.773  2187  2218 I chatty  : uid=1000(system) android.bg expire 4 lines
06-05 14:30:36.777  2187  3500 I chatty  : uid=1000(system) Binder:2187_7 expire 15 lines
06-05 14:30:36.792  2187 21203 I chatty  : uid=1000(system) Binder:2187_18 expire 2 lines
06-05 14:30:36.805  2187 11981 I chatty  : uid=1000(system) Binder:2187_1B expire 3 lines
06-05 14:30:36.857 29688 29688 W ContextImpl: Calling a method in the system process without a qualified user: android.app.ContextImpl.startService:1358 android.content.ContextWrapper.startService:613 android.content.ContextWrapper.startService:613 com.sonymobile.enterprise.service.UsbReceiver.onReceive:31 android.app.ActivityThread.handleReceiver:3085 
06-05 14:30:36.862  2187  2541 I chatty  : uid=1000(system) Binder:2187_3 expire 4 lines
06-05 14:30:36.873  2187  3569 I chatty  : uid=1000(system) Binder:2187_10 expire 12 lines
06-05 14:30:36.890 28560 28560 W ContextImpl: Calling a method in the system process without a qualified user: android.app.ContextImpl.startService:1358 android.content.ContextWrapper.startService:613 android.content.ContextWrapper.startService:613 com.sonyericsson.usbux.service.UsbServiceReceiver.onReceive:157 android.app.ActivityThread.handleReceiver:3085 
06-05 14:30:36.919  2187  2656 I chatty  : uid=1000(system) Binder:2187_4 expire 3 lines
06-05 14:30:36.925  2187  3510 I chatty  : uid=1000(system) Binder:2187_9 expire 2 lines
06-05 14:30:36.929  2187 21313 I chatty  : uid=1000(system) Binder:2187_19 expire 5 lines
06-05 14:30:36.937 12152 12152 D ActivityThread: Loading provider com.whatsapp.provider.contact: com.whatsapp.contact.ContactProvider
06-05 14:30:36.948 29688 29688 W ContextImpl: Calling a method in the system process without a qualified user: android.app.ContextImpl.startService:1358 android.content.ContextWrapper.startService:613 android.content.ContextWrapper.startService:613 com.sonymobile.enterprise.service.UsbReceiver.onReceive:31 android.app.ActivityThread.handleReceiver:3085 
06-05 14:30:36.972  2187 21141 I chatty  : uid=1000(system) Binder:2187_17 expire 6 lines
06-05 14:30:37.010  2187  2200 I chatty  : uid=1000(system) Binder:2187_1 expire 4 lines
06-05 14:30:37.022 28560 28560 W ContextImpl: Calling a method in the system process without a qualified user: android.app.ContextImpl.startActivity:768 android.content.ContextWrapper.startActivity:356 android.content.ContextWrapper.startActivity:356 com.sonyericsson.usbux.service.UsbServiceReceiver.onReceive:110 android.app.ActivityThread.handleReceiver:3085 
06-05 14:30:37.023 28560 28560 W ContextImpl: Calling a method in the system process without a qualified user: android.app.ContextImpl.startActivity:780 android.app.ContextImpl.startActivity:769 android.content.ContextWrapper.startActivity:356 android.content.ContextWrapper.startActivity:356 com.sonyericsson.usbux.service.UsbServiceReceiver.onReceive:110 
06-05 14:30:37.150  2187 11980 I chatty  : uid=1000(system) Binder:2187_1A expire 2 lines
06-05 14:30:37.315 28560 28560 W ContextImpl: Calling a method in the system process without a qualified user: android.app.ContextImpl.startService:1358 android.content.ContextWrapper.startService:613 android.content.ContextWrapper.startService:613 com.sonyericsson.usbux.service.UsbServiceReceiver.onReceive:157 android.app.ActivityThread.handleReceiver:3085 
06-05 14:30:37.317  2187 21112 I chatty  : uid=1000(system) Binder:2187_15 expire 3 lines
06-05 14:30:37.358 28560 28560 W ContextImpl: Calling a method in the system process without a qualified user: android.app.ContextImpl.startService:1358 android.content.ContextWrapper.startService:613 android.content.ContextWrapper.startService:613 com.sonyericsson.usbux.capabilities.CapabilityUpdaterReceiver.onReceive:46 android.app.ActivityThread.handleReceiver:3085 
06-05 14:30:37.372  2187  3538 I chatty  : uid=1000(system) Binder:2187_C expire 2 lines
06-05 14:30:37.391 28560 28560 W ContextImpl: Calling a method in the system process without a qualified user: android.app.ContextImpl.bindService:1422 android.content.ContextWrapper.bindService:636 android.media.MediaScannerConnection.connect:119 com.sonyericsson.usbux.capabilities.CapabilityUpdaterService.onCreate:271 android.app.ActivityThread.handleCreateService:3236 
06-05 14:30:37.395 29688 29688 W ContextImpl: Calling a method in the system process without a qualified user: android.app.ContextImpl.startService:1358 android.content.ContextWrapper.startService:613 android.content.ContextWrapper.startService:613 com.sonymobile.enterprise.service.UsbReceiver.onReceive:31 android.app.ActivityThread.handleReceiver:3085 
06-05 14:30:37.412  2187  3572 I chatty  : uid=1000(system) Binder:2187_12 expire 11 lines
06-05 14:30:37.533  2187  3560 I chatty  : uid=1000(system) Binder:2187_E expire 6 lines
06-05 14:30:37.537  2187  2264 I chatty  : uid=1000(system) android.display expire 2 lines
06-05 14:30:37.664  2187 21111 I chatty  : uid=1000(system) Binder:2187_14 expire 1 line
06-05 14:30:37.914  2187  3503 I chatty  : uid=1000(system) Binder:2187_8 expire 6 lines
06-05 14:30:38.386  2187  3514 I chatty  : uid=1000(system) Binder:2187_A expire 10 lines
06-05 14:30:38.387  2187  2201 I chatty  : uid=1000(system) Binder:2187_2 expire 9 lines
06-05 14:30:38.628  2187  3567 I chatty  : uid=1000(system) Binder:2187_F expire 1 line
06-05 14:30:43.897  2187  2498 I chatty  : uid=1000(system) AlarmManager expire 18 lines
06-05 14:30:52.956  2187  3535 I chatty  : uid=1000(system) Binder:2187_B expire 2 lines
06-05 14:31:07.595  2187  3559 I chatty  : uid=1000(system) Binder:2187_D expire 2 lines
06-05 14:31:07.966  2187 21140 I chatty  : uid=1000(system) Binder:2187_16 expire 1 line
06-05 14:32:00.055  2187  2949 I chatty  : uid=1000(system) Binder:2187_6 expire 1 line
06-05 14:33:00.145  2187  2513 I chatty  : uid=1000(system) NetworkStats expire 3 lines
06-05 14:33:39.806  3524  3627 W ContextImpl: Calling a method in the system process without a qualified user: android.app.ContextImpl.bindService:1422 android.content.ContextWrapper.bindService:636 com.google.android.gms.ads.identifier.AdvertisingIdClient.h:-1 com.google.android.gms.ads.identifier.AdvertisingIdClient.b:-1 com.google.android.gms.ads.identifier.AdvertisingIdClient.getAdvertisingIdInfo:-1 
06-05 14:34:00.001  2187  2498 I chatty  : uid=1000(system) AlarmManager expire 3 lines
06-05 14:34:00.097  2187  3569 I chatty  : uid=1000(system) Binder:2187_10 expire 7 lines
06-05 14:34:32.040  2187  2498 I chatty  : uid=1000(system) AlarmManager expire 29 lines
06-05 14:34:32.063  2187  3514 I chatty  : uid=1000(system) Binder:2187_A expire 5 lines
06-05 14:34:32.089  2187 21313 I chatty  : uid=1000(system) Binder:2187_19 expire 4 lines
06-05 14:35:00.113  2187 21141 I chatty  : uid=1000(system) Binder:2187_17 expire 4 lines
06-05 14:35:11.943  2187  3500 I chatty  : uid=1000(system) Binder:2187_7 expire 11 lines
06-05 14:35:12.670  2187  3567 I chatty  : uid=1000(system) Binder:2187_F expire 6 lines
06-05 14:35:12.671  2187  2220 I chatty  : uid=1000(system) ActivityManager expire 36 lines
06-05 14:35:12.678  2187  3571 I chatty  : uid=1000(system) Binder:2187_11 expire 3 lines
06-05 14:35:12.764  2187  2657 I chatty  : uid=1000(system) Binder:2187_5 expire 9 lines
06-05 14:35:28.889  2187  3503 I chatty  : uid=1000(system) Binder:2187_8 expire 8 lines
06-05 14:35:29.258  2187 21111 I chatty  : uid=1000(system) Binder:2187_14 expire 3 lines
06-05 14:35:32.165  2187  3538 I chatty  : uid=1000(system) Binder:2187_C expire 4 lines
06-05 14:35:32.354  2187 21203 I chatty  : uid=1000(system) Binder:2187_18 expire 6 lines
06-05 14:35:48.133  2187  2656 I chatty  : uid=1000(system) Binder:2187_4 expire 14 lines
06-05 14:35:55.020  2187  2187 I chatty  : uid=1000 system_server expire 3 lines
06-05 14:36:00.115  2187 21140 I chatty  : uid=1000(system) Binder:2187_16 expire 2 lines
06-05 14:36:47.189  2187  3560 I chatty  : uid=1000(system) Binder:2187_E expire 5 lines
06-05 14:37:03.246  2187  3559 I chatty  : uid=1000(system) Binder:2187_D expire 5 lines
06-05 14:37:04.639  2187  2264 I chatty  : uid=1000(system) android.display expire 4 lines
06-05 14:37:10.389  2187  2201 I chatty  : uid=1000(system) Binder:2187_2 expire 1 line
06-05 14:37:16.712  2187  3510 I chatty  : uid=1000(system) Binder:2187_9 expire 3 lines
06-05 14:38:00.169  2187 11981 I chatty  : uid=1000(system) Binder:2187_1B expire 2 lines
06-05 14:38:16.130  2187  2263 I chatty  : uid=1000(system) android.io expire 2 lines
06-05 14:38:16.255  2187 11980 I chatty  : uid=1000(system) Binder:2187_1A expire 2 lines
06-05 14:38:16.396  2187  3572 I chatty  : uid=1000(system) Binder:2187_12 expire 2 lines
06-05 14:38:16.477  2187  2949 I chatty  : uid=1000(system) Binder:2187_6 expire 8 lines
06-05 14:39:15.445  2187 21112 I chatty  : uid=1000(system) Binder:2187_15 expire 2 lines
06-05 14:39:35.108  2187  3535 I chatty  : uid=1000(system) Binder:2187_B expire 1 line
06-05 14:39:40.944  2187  2541 I chatty  : uid=1000(system) Binder:2187_3 expire 2 lines
06-05 14:39:41.445  2187  2200 I chatty  : uid=1000(system) Binder:2187_1 expire 2 lines
06-05 14:41:12.176  2187 23143 I chatty  : uid=1000(system) Binder:2187_13 expire 5 lines
06-05 14:41:37.211  2187  2656 I chatty  : uid=1000(system) Binder:2187_4 expire 5 lines
06-05 14:41:37.215  2187  2220 I chatty  : uid=1000(system) ActivityManager expire 25 lines
06-05 14:42:00.003  2187  2498 I chatty  : uid=1000(system) AlarmManager expire 12 lines
06-05 14:42:02.339  2187  2949 I chatty  : uid=1000(system) Binder:2187_6 expire 4 lines
06-05 14:42:04.194  2187  3500 I chatty  : uid=1000(system) Binder:2187_7 expire 6 lines
06-05 14:42:06.185  2187  2224 I chatty  : uid=1000(system) batterystats-sy expire 3 lines
06-05 14:42:11.561  2187 21141 I chatty  : uid=1000(system) Binder:2187_17 expire 9 lines
06-05 14:42:27.336  2187  3560 I chatty  : uid=1000(system) Binder:2187_E expire 2 lines
06-05 14:42:31.482  2187  2657 I chatty  : uid=1000(system) Binder:2187_5 expire 2 lines
06-05 14:42:31.491  2187  3514 I chatty  : uid=1000(system) Binder:2187_A expire 3 lines
06-05 14:42:31.592  2187 21203 I chatty  : uid=1000(system) Binder:2187_18 expire 1 line
06-05 14:42:31.598  2187 11980 I chatty  : uid=1000(system) Binder:2187_1A expire 7 lines
06-05 14:42:31.633  2187  2541 I chatty  : uid=1000(system) Binder:2187_3 expire 3 lines
06-05 14:42:35.260  2187  2187 I chatty  : uid=1000 system_server expire 12 lines
06-05 14:43:17.450  2187  3569 I chatty  : uid=1000(system) Binder:2187_10 expire 5 lines
06-05 14:43:17.481  2187 21140 I chatty  : uid=1000(system) Binder:2187_16 expire 5 lines
06-05 14:43:17.482  2187  3567 I chatty  : uid=1000(system) Binder:2187_F expire 3 lines
06-05 14:43:17.752  2187  3503 I chatty  : uid=1000(system) Binder:2187_8 expire 3 lines
06-05 14:43:17.835  2187  3538 I chatty  : uid=1000(system) Binder:2187_C expire 3 lines
06-05 14:43:18.725  2187  3510 I chatty  : uid=1000(system) Binder:2187_9 expire 5 lines
06-05 14:43:22.213  2187  3559 I chatty  : uid=1000(system) Binder:2187_D expire 2 lines
06-05 14:43:31.856  2187 11981 I chatty  : uid=1000(system) Binder:2187_1B expire 2 lines
06-05 14:43:36.712  2187  2264 I chatty  : uid=1000(system) android.display expire 7 lines
06-05 14:43:37.157  2187 21111 I chatty  : uid=1000(system) Binder:2187_14 expire 2 lines
06-05 14:43:57.092  2187  2524 I chatty  : uid=1000(system) WifiStateMachin expire 4 lines
06-05 14:44:00.085  2187 21112 I chatty  : uid=1000(system) Binder:2187_15 expire 4 lines
06-05 14:44:16.358  2187  3572 I chatty  : uid=1000(system) Binder:2187_12 expire 3 lines
06-05 14:44:16.654  2187  2201 I chatty  : uid=1000(system) Binder:2187_2 expire 4 lines
06-05 14:44:19.777  2187  2501 I chatty  : uid=1000(system) InputReader expire 3 lines
06-05 14:44:20.291  2187  2267 I chatty  : uid=1000(system) PowerManagerSer expire 4 lines
06-05 14:44:20.586  2622  2622 V KeyguardStatusView: refresh statusview showing:true
06-05 14:44:20.599  2622  2622 V KeyguardDisplayManager: show
06-05 14:44:21.741  2187  2513 I chatty  : uid=1000(system) NetworkStats expire 1 line
06-05 14:44:21.741  2187  2220 I chatty  : uid=1000(system) ActivityManager expire 12 lines
06-05 14:44:28.401  2187  2498 I chatty  : uid=1000(system) AlarmManager expire 10 lines
06-05 14:44:35.590  2187  2200 I chatty  : uid=1000(system) Binder:2187_1 expire 2 lines
06-05 14:45:11.693 28560 29978 W ContextImpl: Calling a method in the system process without a qualified user: android.app.ContextImpl.bindService:1422 android.content.ContextWrapper.bindService:636 com.google.android.gms.common.stats.zzb.zza:-1 com.google.android.gms.common.stats.zzb.zza:-1 com.google.android.gms.ads.identifier.AdvertisingIdClient.zzp:-1 
06-05 14:46:41.106  3524  3627 W ContextImpl: Calling a method in the system process without a qualified user: android.app.ContextImpl.bindService:1422 android.content.ContextWrapper.bindService:636 com.google.android.gms.ads.identifier.AdvertisingIdClient.h:-1 com.google.android.gms.ads.identifier.AdvertisingIdClient.b:-1 com.google.android.gms.ads.identifier.AdvertisingIdClient.getAdvertisingIdInfo:-1 
06-05 14:46:41.346  2622  2622 V KeyguardDisplayManager: hide
06-05 14:46:41.356  2187  2220 I chatty  : uid=1000(system) ActivityManager expire 6 lines
06-05 14:46:47.155  2187  2498 I chatty  : uid=1000(system) AlarmManager expire 1 line
06-05 14:46:48.403  2187  2187 I chatty  : uid=1000 system_server expire 10 lines
06-05 14:46:49.138  2622  2622 V KeyguardStatusView: refresh statusview showing:true
06-05 14:46:49.148  2622  2622 V KeyguardDisplayManager: show
06-05 14:47:04.230  2187  3569 I chatty  : uid=1000(system) Binder:2187_10 expire 5 lines
06-05 14:47:04.235  2187  2220 I chatty  : uid=1000(system) ActivityManager expire 11 lines
06-05 14:47:12.139  2187  2657 I chatty  : uid=1000(system) Binder:2187_5 expire 5 lines
06-05 14:47:17.858  2187  3567 I chatty  : uid=1000(system) Binder:2187_F expire 3 lines
06-05 14:47:22.641  2187 23143 I chatty  : uid=1000(system) Binder:2187_13 expire 4 lines
06-05 14:47:59.763  2187 21140 I chatty  : uid=1000(system) Binder:2187_16 expire 4 lines
06-05 14:48:00.167  2187  2498 I chatty  : uid=1000(system) AlarmManager expire 12 lines
06-05 14:48:00.219  2187 21112 I chatty  : uid=1000(system) Binder:2187_15 expire 3 lines
06-05 14:48:00.233  2187  2949 I chatty  : uid=1000(system) Binder:2187_6 expire 3 lines
06-05 14:48:00.326  2187 11981 I chatty  : uid=1000(system) Binder:2187_1B expire 3 lines
06-05 14:48:17.956  2187  3572 I chatty  : uid=1000(system) Binder:2187_12 expire 3 lines
06-05 14:48:23.432  2187  2656 I chatty  : uid=1000(system) Binder:2187_4 expire 5 lines
06-05 14:49:00.326  2187  3514 I chatty  : uid=1000(system) Binder:2187_A expire 7 lines
06-05 14:49:00.421  2187 21313 I chatty  : uid=1000(system) Binder:2187_19 expire 4 lines
06-05 14:49:11.079  2187  2501 I chatty  : uid=1000(system) InputReader expire 5 lines
06-05 14:49:11.082  2187  2267 I chatty  : uid=1000(system) PowerManagerSer expire 6 lines
06-05 14:49:11.085  2187  2264 I chatty  : uid=1000(system) android.display expire 4 lines
06-05 14:49:11.530  2187  3560 I chatty  : uid=1000(system) Binder:2187_E expire 5 lines
06-05 14:49:13.509  2187 21111 I chatty  : uid=1000(system) Binder:2187_14 expire 3 lines
06-05 14:49:13.528  2187 21203 I chatty  : uid=1000(system) Binder:2187_18 expire 3 lines
06-05 14:49:13.793  2622  2622 V KeyguardDisplayManager: hide
06-05 14:49:13.798  2187  3538 I chatty  : uid=1000(system) Binder:2187_C expire 6 lines
06-05 14:49:13.799  2187  2220 I chatty  : uid=1000(system) ActivityManager expire 23 lines
06-05 14:49:13.893  2187  2201 I chatty  : uid=1000(system) Binder:2187_2 expire 3 lines
06-05 14:49:15.184  3606 14130 E ActivityThread: Failed to find provider info for com.facebook.katana.provider.AttributionIdProvider
06-05 14:49:30.481  2187  2187 I chatty  : uid=1000 system_server expire 12 lines
06-05 14:49:31.370  2622  2622 V KeyguardStatusView: refresh statusview showing:true
06-05 14:49:31.377  2622  2622 V KeyguardDisplayManager: show
06-05 14:49:31.770  2622  2622 V KeyguardDisplayManager: hide
06-05 14:49:31.774  2187  2541 I chatty  : uid=1000(system) Binder:2187_3 expire 4 lines
06-05 14:49:40.014  2187 21141 I chatty  : uid=1000(system) Binder:2187_17 expire 1 line
06-05 14:50:00.081  2187  3559 I chatty  : uid=1000(system) Binder:2187_D expire 1 line
06-05 14:50:08.339  2187 11980 I chatty  : uid=1000(system) Binder:2187_1A expire 3 lines
06-05 14:50:10.958  2187  2524 I chatty  : uid=1000(system) WifiStateMachin expire 4 lines
06-05 14:50:15.239  2187  3535 I chatty  : uid=1000(system) Binder:2187_B expire 7 lines
06-05 14:50:20.328  2187  2500 I chatty  : uid=1000(system) InputDispatcher expire 2 lines
06-05 14:50:22.526  2622  2622 V KeyguardStatusView: refresh statusview showing:true
06-05 14:50:22.536  2622  2622 V KeyguardDisplayManager: show
06-05 14:50:23.755  2187  2498 I chatty  : uid=1000(system) AlarmManager expire 4 lines
06-05 14:50:27.253  2187  2220 I chatty  : uid=1000(system) ActivityManager expire 12 lines
06-05 14:50:36.360  2187  2187 I chatty  : uid=1000 system_server expire 4 lines
06-05 14:51:03.984  2187  3571 I chatty  : uid=1000(system) Binder:2187_11 expire 1 line
06-05 14:51:09.076  2622  2622 V KeyguardDisplayManager: hide
06-05 14:51:13.736  2187  3500 I chatty  : uid=1000(system) Binder:2187_7 expire 1 line
06-05 14:51:14.353  2187  2949 I chatty  : uid=1000(system) Binder:2187_6 expire 6 lines
06-05 14:51:14.353  2187  2220 I chatty  : uid=1000(system) ActivityManager expire 12 lines
06-05 14:51:14.368  2187  2656 I chatty  : uid=1000(system) Binder:2187_4 expire 4 lines
06-05 14:51:14.634  2187  2657 I chatty  : uid=1000(system) Binder:2187_5 expire 4 lines
06-05 14:51:14.638  2187 21111 I chatty  : uid=1000(system) Binder:2187_14 expire 3 lines
06-05 14:51:14.655  2187 21313 I chatty  : uid=1000(system) Binder:2187_19 expire 4 lines
06-05 14:51:14.786  2187  3569 I chatty  : uid=1000(system) Binder:2187_10 expire 4 lines
06-05 14:51:14.803  2187  2201 I chatty  : uid=1000(system) Binder:2187_2 expire 7 lines
06-05 14:51:15.132  2187  3567 I chatty  : uid=1000(system) Binder:2187_F expire 7 lines
06-05 14:51:17.448  2187 21203 I chatty  : uid=1000(system) Binder:2187_18 expire 4 lines
06-05 14:51:19.746  2187  2500 I chatty  : uid=1000(system) InputDispatcher expire 8 lines
06-05 14:51:19.865  2187  3510 I chatty  : uid=1000(system) Binder:2187_9 expire 3 lines
06-05 14:51:19.937  2187 11981 I chatty  : uid=1000(system) Binder:2187_1B expire 3 lines
06-05 14:51:19.950  2187  3503 I chatty  : uid=1000(system) Binder:2187_8 expire 4 lines
06-05 14:51:20.083  2187  2524 I chatty  : uid=1000(system) WifiStateMachin expire 8 lines
06-05 14:51:24.350  2187  2501 I chatty  : uid=1000(system) InputReader expire 2 lines
06-05 14:51:24.371  2187  2187 I chatty  : uid=1000 system_server expire 7 lines
06-05 14:51:24.857  2187  2267 I chatty  : uid=1000(system) PowerManagerSer expire 3 lines
06-05 14:51:25.151  2622  2622 V KeyguardStatusView: refresh statusview showing:true
06-05 14:51:25.158  2622  2622 V KeyguardDisplayManager: show
06-05 14:51:25.375  2187  3559 I chatty  : uid=1000(system) Binder:2187_D expire 1 line
06-05 14:51:25.635  2187  2264 I chatty  : uid=1000(system) android.display expire 8 lines
06-05 14:51:25.656  2187  2541 I chatty  : uid=1000(system) Binder:2187_3 expire 2 lines
06-05 14:51:25.657  2187  2220 I chatty  : uid=1000(system) ActivityManager expire 31 lines
06-05 14:51:34.155  2187  2498 I chatty  : uid=1000(system) AlarmManager expire 15 lines
06-05 14:51:34.209  2187 11980 I chatty  : uid=1000(system) Binder:2187_1A expire 5 lines
06-05 14:51:42.717  2187  2200 I chatty  : uid=1000(system) Binder:2187_1 expire 2 lines
06-05 14:51:43.128  2187  3514 I chatty  : uid=1000(system) Binder:2187_A expire 4 lines
06-05 14:51:46.178  2187  3572 I chatty  : uid=1000(system) Binder:2187_12 expire 4 lines
06-05 14:51:55.274  2187  3560 I chatty  : uid=1000(system) Binder:2187_E expire 3 lines
06-05 14:52:32.887  2187  3535 I chatty  : uid=1000(system) Binder:2187_B expire 3 lines
06-05 14:52:33.299  2622  2622 V KeyguardDisplayManager: hide
06-05 14:52:33.360  2187 21141 I chatty  : uid=1000(system) Binder:2187_17 expire 2 lines
06-05 14:52:38.681  2187  3571 I chatty  : uid=1000(system) Binder:2187_11 expire 6 lines
06-05 14:52:38.988  2187 21140 I chatty  : uid=1000(system) Binder:2187_16 expire 1 line
06-05 14:52:39.381  2187 23143 I chatty  : uid=1000(system) Binder:2187_13 expire 3 lines
06-05 14:52:39.887  2187  2263 I chatty  : uid=1000(system) android.io expire 2 lines
06-05 14:52:39.933  2187  3538 I chatty  : uid=1000(system) Binder:2187_C expire 2 lines
06-05 14:54:21.681  2622  2622 V DeadZone: consuming errant click: (368.0,3.0)
06-05 14:55:00.002  2187  2498 I chatty  : uid=1000(system) AlarmManager expire 4 lines
06-05 14:55:38.267  2187  2220 I chatty  : uid=1000(system) ActivityManager expire 10 lines
06-05 14:55:52.232  2187  2524 I chatty  : uid=1000(system) WifiStateMachin expire 8 lines
06-05 14:55:55.289  2187  2498 I chatty  : uid=1000(system) AlarmManager expire 16 lines
06-05 14:55:55.309  2187 21313 I chatty  : uid=1000(system) Binder:2187_19 expire 1 line
06-05 14:56:00.128  2187  3569 I chatty  : uid=1000(system) Binder:2187_10 expire 2 lines
06-05 14:56:03.831  2187 11980 I chatty  : uid=1000(system) Binder:2187_1A expire 2 lines
06-05 14:56:08.632  2187  2513 I chatty  : uid=1000(system) NetworkStats expire 3 lines
06-05 14:56:30.192  2187  3514 I chatty  : uid=1000(system) Binder:2187_A expire 1 line
06-05 14:56:43.100  2187  2218 I chatty  : uid=1000(system) android.bg expire 1 line
06-05 14:56:45.827  2187  2656 I chatty  : uid=1000(system) Binder:2187_4 expire 3 lines
06-05 14:56:50.969  2187  2200 I chatty  : uid=1000(system) Binder:2187_1 expire 4 lines
06-05 14:57:00.125  2187 11981 I chatty  : uid=1000(system) Binder:2187_1B expire 3 lines
06-05 14:57:10.025  2622  2622 V DeadZone: consuming errant click: (345.0,25.0)
06-05 14:57:30.270  2187  2949 I chatty  : uid=1000(system) Binder:2187_6 expire 4 lines
06-05 14:58:30.393  2187  2201 I chatty  : uid=1000(system) Binder:2187_2 expire 3 lines
06-05 14:59:00.131  2187  3535 I chatty  : uid=1000(system) Binder:2187_B expire 2 lines
06-05 14:59:21.128  2187  2220 I chatty  : uid=1000(system) ActivityManager expire 18 lines
06-05 14:59:23.928  2187  3500 I chatty  : uid=1000(system) Binder:2187_7 expire 4 lines
06-05 14:59:26.471  2187 23143 I chatty  : uid=1000(system) Binder:2187_13 expire 2 lines
06-05 15:00:00.120  2187  3571 I chatty  : uid=1000(system) Binder:2187_11 expire 5 lines
06-05 15:00:11.807 28560 29978 W ContextImpl: Calling a method in the system process without a qualified user: android.app.ContextImpl.bindService:1422 android.content.ContextWrapper.bindService:636 com.google.android.gms.common.stats.zzb.zza:-1 com.google.android.gms.common.stats.zzb.zza:-1 com.google.android.gms.ads.identifier.AdvertisingIdClient.zzp:-1 
06-05 15:00:14.061  2187  2264 I chatty  : uid=1000(system) android.display expire 3 lines
06-05 15:00:15.378  2187  2500 I chatty  : uid=1000(system) InputDispatcher expire 2 lines
06-05 15:00:15.478  2187  2541 I chatty  : uid=1000(system) Binder:2187_3 expire 1 line
06-05 15:00:16.229  2187  2501 I chatty  : uid=1000(system) InputReader expire 1 line
06-05 15:00:16.249  2187  2187 I chatty  : uid=1000 system_server expire 6 lines
06-05 15:00:16.744  2187  2267 I chatty  : uid=1000(system) PowerManagerSer expire 1 line
06-05 15:00:17.067  2622  2622 V KeyguardStatusView: refresh statusview showing:true
06-05 15:00:17.076  2622  2622 V KeyguardDisplayManager: show
06-05 15:00:19.148  2187 21140 I chatty  : uid=1000(system) Binder:2187_16 expire 3 lines
06-05 15:00:30.538  2187  2498 I chatty  : uid=1000(system) AlarmManager expire 49 lines
06-05 15:00:30.570  2187  3503 I chatty  : uid=1000(system) Binder:2187_8 expire 3 lines
06-05 15:00:30.583  2187  3538 I chatty  : uid=1000(system) Binder:2187_C expire 3 lines
06-05 15:01:30.712  2187  3560 I chatty  : uid=1000(system) Binder:2187_E expire 4 lines
06-05 15:01:41.193  3524  3627 W ContextImpl: Calling a method in the system process without a qualified user: android.app.ContextImpl.bindService:1422 android.content.ContextWrapper.bindService:636 com.google.android.gms.ads.identifier.AdvertisingIdClient.h:-1 com.google.android.gms.ads.identifier.AdvertisingIdClient.b:-1 com.google.android.gms.ads.identifier.AdvertisingIdClient.getAdvertisingIdInfo:-1 
06-05 15:01:48.566  2187  3510 I chatty  : uid=1000(system) Binder:2187_9 expire 5 lines
06-05 15:02:31.767  2187  3572 I chatty  : uid=1000(system) Binder:2187_12 expire 2 lines
06-05 15:03:00.641  2187 21111 I chatty  : uid=1000(system) Binder:2187_14 expire 7 lines
06-05 15:03:00.679  2187 21141 I chatty  : uid=1000(system) Binder:2187_17 expire 3 lines
06-05 15:04:34.901  2187  3567 I chatty  : uid=1000(system) Binder:2187_F expire 2 lines
06-05 15:06:45.022  2187  2657 I chatty  : uid=1000(system) Binder:2187_5 expire 2 lines
06-05 15:12:06.072  2187  2224 I chatty  : uid=1000(system) batterystats-sy expire 3 lines
06-05 15:12:17.391  2187 21112 I chatty  : uid=1000(system) Binder:2187_15 expire 2 lines
06-05 15:13:15.112  2187 21111 I chatty  : uid=1000(system) Binder:2187_14 expire 3 lines
06-05 15:13:15.114  2187  2220 I chatty  : uid=1000(system) ActivityManager expire 17 lines
06-05 15:13:31.948  2187  2498 I chatty  : uid=1000(system) AlarmManager expire 11 lines
06-05 15:13:31.991  2187 21203 I chatty  : uid=1000(system) Binder:2187_18 expire 3 lines
06-05 15:13:32.021  2187  2656 I chatty  : uid=1000(system) Binder:2187_4 expire 5 lines
06-05 15:13:32.096  2187  2187 I chatty  : uid=1000 system_server expire 3 lines
06-05 15:13:32.121  2187  2201 I chatty  : uid=1000(system) Binder:2187_2 expire 7 lines
06-05 15:13:32.162  2187  3538 I chatty  : uid=1000(system) Binder:2187_C expire 3 lines
06-05 15:14:38.054  2187  2200 I chatty  : uid=1000(system) Binder:2187_1 expire 5 lines
06-05 15:14:38.123  2187  2265 I chatty  : uid=1000(system) CpuTracker expire 1 line
06-05 15:15:03.722  2187  3535 I chatty  : uid=1000(system) Binder:2187_B expire 2 lines
06-05 15:15:03.818  2187 21313 I chatty  : uid=1000(system) Binder:2187_19 expire 4 lines
06-05 15:15:05.069  2187  3500 I chatty  : uid=1000(system) Binder:2187_7 expire 3 lines
06-05 15:15:11.707 28560 29978 W ContextImpl: Calling a method in the system process without a qualified user: android.app.ContextImpl.bindService:1422 android.content.ContextWrapper.bindService:636 com.google.android.gms.common.stats.zzb.zza:-1 com.google.android.gms.common.stats.zzb.zza:-1 com.google.android.gms.ads.identifier.AdvertisingIdClient.zzp:-1 
06-05 15:16:03.931  2187 11981 I chatty  : uid=1000(system) Binder:2187_1B expire 5 lines
06-05 15:16:41.068  3524  3627 W ContextImpl: Calling a method in the system process without a qualified user: android.app.ContextImpl.bindService:1422 android.content.ContextWrapper.bindService:636 com.google.android.gms.ads.identifier.AdvertisingIdClient.h:-1 com.google.android.gms.ads.identifier.AdvertisingIdClient.b:-1 com.google.android.gms.ads.identifier.AdvertisingIdClient.getAdvertisingIdInfo:-1 
06-05 15:16:45.026  2187  3567 I chatty  : uid=1000(system) Binder:2187_F expire 2 lines
06-05 15:17:16.524  2187  2218 I chatty  : uid=1000(system) android.bg expire 1 line
06-05 15:17:23.209  2187  2498 I chatty  : uid=1000(system) AlarmManager expire 49 lines
06-05 15:19:23.427  2187 23143 I chatty  : uid=1000(system) Binder:2187_13 expire 10 lines
06-05 15:19:23.443  2187 11980 I chatty  : uid=1000(system) Binder:2187_1A expire 4 lines
06-05 15:20:23.656  2187  3560 I chatty  : uid=1000(system) Binder:2187_E expire 1 line
06-05 15:21:23.623  2187  2541 I chatty  : uid=1000(system) Binder:2187_3 expire 3 lines
06-05 15:22:31.701  2187  3572 I chatty  : uid=1000(system) Binder:2187_12 expire 11 lines
06-05 15:22:54.312  2187  3503 I chatty  : uid=1000(system) Binder:2187_8 expire 1 line
06-05 15:23:31.726  2187  3571 I chatty  : uid=1000(system) Binder:2187_11 expire 3 lines
06-05 15:23:31.792  2187 21140 I chatty  : uid=1000(system) Binder:2187_16 expire 1 line
06-05 15:24:31.789  2187  3559 I chatty  : uid=1000(system) Binder:2187_D expire 18 lines
06-05 15:24:31.885  2187  3514 I chatty  : uid=1000(system) Binder:2187_A expire 3 lines
06-05 15:28:00.156  2187  2657 I chatty  : uid=1000(system) Binder:2187_5 expire 2 lines
06-05 15:28:09.330  2187  3569 I chatty  : uid=1000(system) Binder:2187_10 expire 2 lines
06-05 15:29:24.949  2187  3510 I chatty  : uid=1000(system) Binder:2187_9 expire 1 line
06-05 15:29:25.366 16677 16677 D ActivityThread: Loading provider com.whatsapp.provider.contact: com.whatsapp.contact.ContactProvider
06-05 15:29:25.503  2187  2220 I chatty  : uid=1000(system) ActivityManager expire 18 lines
06-05 15:29:25.986  2187  3559 I chatty  : uid=1000(system) Binder:2187_D expire 2 lines
06-05 15:29:25.989  2187  3572 I chatty  : uid=1000(system) Binder:2187_12 expire 10 lines
06-05 15:29:26.247  2187 21203 I chatty  : uid=1000(system) Binder:2187_18 expire 1 line
06-05 15:29:26.274  2187 23143 I chatty  : uid=1000(system) Binder:2187_13 expire 10 lines
06-05 15:29:28.537  2187  3503 I chatty  : uid=1000(system) Binder:2187_8 expire 7 lines
06-05 15:30:11.797 28560 29978 W ContextImpl: Calling a method in the system process without a qualified user: android.app.ContextImpl.bindService:1422 android.content.ContextWrapper.bindService:636 com.google.android.gms.common.stats.zzb.zza:-1 com.google.android.gms.common.stats.zzb.zza:-1 com.google.android.gms.ads.identifier.AdvertisingIdClient.zzp:-1 
06-05 15:30:25.004  2187  2498 I chatty  : uid=1000(system) AlarmManager expire 54 lines
06-05 15:30:25.174  2187  2200 I chatty  : uid=1000(system) Binder:2187_1 expire 1 line
06-05 15:30:28.757  2187  3560 I chatty  : uid=1000(system) Binder:2187_E expire 9 lines
06-05 15:30:36.180  2187  2187 I chatty  : uid=1000 system_server expire 1 line
06-05 15:31:25.270  2187 21313 I chatty  : uid=1000(system) Binder:2187_19 expire 1 line
06-05 15:31:41.150  3524  3627 W ContextImpl: Calling a method in the system process without a qualified user: android.app.ContextImpl.bindService:1422 android.content.ContextWrapper.bindService:636 com.google.android.gms.ads.identifier.AdvertisingIdClient.h:-1 com.google.android.gms.ads.identifier.AdvertisingIdClient.b:-1 com.google.android.gms.ads.identifier.AdvertisingIdClient.getAdvertisingIdInfo:-1 
06-05 15:32:20.709  2187 21140 I chatty  : uid=1000(system) Binder:2187_16 expire 3 lines
06-05 15:32:25.282  2187 21111 I chatty  : uid=1000(system) Binder:2187_14 expire 13 lines
06-05 15:32:25.397  2187  3514 I chatty  : uid=1000(system) Binder:2187_A expire 4 lines
06-05 15:33:25.383  2187  2513 I chatty  : uid=1000(system) NetworkStats expire 3 lines
06-05 15:33:25.786  2187  3535 I chatty  : uid=1000(system) Binder:2187_B expire 4 lines
06-05 15:33:25.796  2187 11980 I chatty  : uid=1000(system) Binder:2187_1A expire 2 lines
06-05 15:33:27.622  2187 11981 I chatty  : uid=1000(system) Binder:2187_1B expire 4 lines
06-05 15:35:25.975  2187  2201 I chatty  : uid=1000(system) Binder:2187_2 expire 5 lines
06-05 15:36:26.096  2187  3500 I chatty  : uid=1000(system) Binder:2187_7 expire 1 line
06-05 15:36:57.190  2187  3571 I chatty  : uid=1000(system) Binder:2187_11 expire 9 lines
06-05 15:37:26.283  2187 21112 I chatty  : uid=1000(system) Binder:2187_15 expire 1 line
06-05 15:39:44.174  2187  3567 I chatty  : uid=1000(system) Binder:2187_F expire 1 line
06-05 15:39:44.954  2187  2541 I chatty  : uid=1000(system) Binder:2187_3 expire 1 line
06-05 15:40:26.489  2187  3510 I chatty  : uid=1000(system) Binder:2187_9 expire 3 lines
06-05 15:40:58.545  2187  3569 I chatty  : uid=1000(system) Binder:2187_10 expire 9 lines
06-05 15:41:26.574  2187  2656 I chatty  : uid=1000(system) Binder:2187_4 expire 1 line
06-05 15:41:58.611  2187  3538 I chatty  : uid=1000(system) Binder:2187_C expire 8 lines
06-05 15:42:06.085  2187  2224 I chatty  : uid=1000(system) batterystats-sy expire 3 lines
06-05 15:42:31.638  2187 21141 I chatty  : uid=1000(system) Binder:2187_17 expire 4 lines
06-05 15:43:03.651  2187  2498 I chatty  : uid=1000(system) AlarmManager expire 13 lines
06-05 15:43:03.689  2187  3569 I chatty  : uid=1000(system) Binder:2187_10 expire 1 line
06-05 15:43:03.702  2187  3535 I chatty  : uid=1000(system) Binder:2187_B expire 10 lines
06-05 15:43:03.754  2187  2949 I chatty  : uid=1000(system) Binder:2187_6 expire 16 lines
06-05 15:43:03.775  2187  3503 I chatty  : uid=1000(system) Binder:2187_8 expire 13 lines
06-05 15:43:21.432  2187  2220 I chatty  : uid=1000(system) ActivityManager expire 7 lines
06-05 15:43:31.728  2187  3560 I chatty  : uid=1000(system) Binder:2187_E expire 2 lines
06-05 15:44:03.758  2187 21313 I chatty  : uid=1000(system) Binder:2187_19 expire 10 lines
06-05 15:44:03.776  2187  3510 I chatty  : uid=1000(system) Binder:2187_9 expire 8 lines
06-05 15:44:03.821  2187  3538 I chatty  : uid=1000(system) Binder:2187_C expire 16 lines
06-05 15:44:03.825  2187 21140 I chatty  : uid=1000(system) Binder:2187_16 expire 10 lines
06-05 15:44:03.848  2187  2201 I chatty  : uid=1000(system) Binder:2187_2 expire 1 line
06-05 15:44:31.939  2187  2187 I chatty  : uid=1000 system_server expire 3 lines
06-05 15:44:31.961  2187  3567 I chatty  : uid=1000(system) Binder:2187_F expire 4 lines
06-05 15:44:31.972  2187 23143 I chatty  : uid=1000(system) Binder:2187_13 expire 10 lines
06-05 15:44:39.586  2187 11980 I chatty  : uid=1000(system) Binder:2187_1A expire 2 lines
06-05 15:44:39.598  2187  3572 I chatty  : uid=1000(system) Binder:2187_12 expire 1 line
06-05 15:45:03.865  2187  2200 I chatty  : uid=1000(system) Binder:2187_1 expire 2 lines
06-05 15:45:03.941  2187  2265 I chatty  : uid=1000(system) CpuTracker expire 1 line
06-05 15:45:11.865 28560 29978 W ContextImpl: Calling a method in the system process without a qualified user: android.app.ContextImpl.bindService:1422 android.content.ContextWrapper.bindService:636 com.google.android.gms.common.stats.zzb.zza:-1 com.google.android.gms.common.stats.zzb.zza:-1 com.google.android.gms.ads.identifier.AdvertisingIdClient.zzp:-1 
06-05 15:45:31.902  2187  2498 I chatty  : uid=1000(system) AlarmManager expire 22 lines
06-05 15:45:31.920  2187 21112 I chatty  : uid=1000(system) Binder:2187_15 expire 2 lines
06-05 15:46:03.970  2187  2656 I chatty  : uid=1000(system) Binder:2187_4 expire 1 line
06-05 15:46:04.058  2187  3514 I chatty  : uid=1000(system) Binder:2187_A expire 2 lines
06-05 15:46:21.113  2187  3571 I chatty  : uid=1000(system) Binder:2187_11 expire 1 line
06-05 15:46:41.240  3524  3627 W ContextImpl: Calling a method in the system process without a qualified user: android.app.ContextImpl.bindService:1422 android.content.ContextWrapper.bindService:636 com.google.android.gms.ads.identifier.AdvertisingIdClient.h:-1 com.google.android.gms.ads.identifier.AdvertisingIdClient.b:-1 com.google.android.gms.ads.identifier.AdvertisingIdClient.getAdvertisingIdInfo:-1 
06-05 15:46:53.136  2187  2657 I chatty  : uid=1000(system) Binder:2187_5 expire 8 lines
06-05 15:48:00.175  2187  3535 I chatty  : uid=1000(system) Binder:2187_B expire 1 line
06-05 15:48:32.133  2187  3500 I chatty  : uid=1000(system) Binder:2187_7 expire 8 lines
06-05 15:49:26.419  2187 21313 I chatty  : uid=1000(system) Binder:2187_19 expire 5 lines
06-05 15:49:26.460  2187 21111 I chatty  : uid=1000(system) Binder:2187_14 expire 2 lines
06-05 15:49:26.548  2187  2656 I chatty  : uid=1000(system) Binder:2187_4 expire 12 lines
06-05 15:49:58.444  2187  2498 I chatty  : uid=1000(system) AlarmManager expire 10 lines
06-05 15:49:58.455  2187 21112 I chatty  : uid=1000(system) Binder:2187_15 expire 2 lines
06-05 15:49:58.461  2187  3514 I chatty  : uid=1000(system) Binder:2187_A expire 11 lines
06-05 15:49:58.520  2187 11981 I chatty  : uid=1000(system) Binder:2187_1B expire 10 lines
06-05 15:50:14.633  2187  2220 I chatty  : uid=1000(system) ActivityManager expire 40 lines
06-05 15:50:26.562  2187  3560 I chatty  : uid=1000(system) Binder:2187_E expire 3 lines
06-05 15:50:26.658  2187  3500 I chatty  : uid=1000(system) Binder:2187_7 expire 3 lines
06-05 15:50:58.561  2187 21203 I chatty  : uid=1000(system) Binder:2187_18 expire 11 lines
06-05 15:51:24.750  2187  2501 I chatty  : uid=1000(system) InputReader expire 1 line
06-05 15:51:24.753  2187  2187 I chatty  : uid=1000 system_server expire 4 lines
06-05 15:51:24.755  2187  2267 I chatty  : uid=1000(system) PowerManagerSer expire 2 lines
06-05 15:51:24.757  2187  2264 I chatty  : uid=1000(system) android.display expire 3 lines
06-05 15:51:25.233  2187  2657 I chatty  : uid=1000(system) Binder:2187_5 expire 3 lines
06-05 15:51:25.259  2187  2200 I chatty  : uid=1000(system) Binder:2187_1 expire 3 lines
06-05 15:51:25.342  2187  3510 I chatty  : uid=1000(system) Binder:2187_9 expire 3 lines
06-05 15:51:26.625  2187  3567 I chatty  : uid=1000(system) Binder:2187_F expire 3 lines
06-05 15:51:26.690  2187  2201 I chatty  : uid=1000(system) Binder:2187_2 expire 5 lines
06-05 15:51:26.717  2622  2622 V KeyguardDisplayManager: hide
06-05 15:51:27.875  3606 17785 E ActivityThread: Failed to find provider info for com.facebook.katana.provider.AttributionIdProvider
06-05 15:51:27.949  2187 21141 I chatty  : uid=1000(system) Binder:2187_17 expire 1 line
06-05 15:51:28.642  2187  3503 I chatty  : uid=1000(system) Binder:2187_8 expire 2 lines
06-05 15:51:29.611  2187  2541 I chatty  : uid=1000(system) Binder:2187_3 expire 3 lines
06-05 15:51:29.641  2187  3538 I chatty  : uid=1000(system) Binder:2187_C expire 3 lines
06-05 15:51:29.682  2187 11981 I chatty  : uid=1000(system) Binder:2187_1B expire 3 lines
06-05 15:51:29.888  2187  3514 I chatty  : uid=1000(system) Binder:2187_A expire 3 lines
06-05 15:51:33.859  2187  2524 I chatty  : uid=1000(system) WifiStateMachin expire 2 lines
06-05 15:51:36.958  2187  2513 I chatty  : uid=1000(system) NetworkStats expire 2 lines
06-05 15:51:37.897  2187 21140 I chatty  : uid=1000(system) Binder:2187_16 expire 3 lines
06-05 15:51:37.939  2187 11980 I chatty  : uid=1000(system) Binder:2187_1A expire 2 lines
06-05 15:51:41.170  2187  2218 I chatty  : uid=1000(system) android.bg expire 1 line
06-05 15:51:41.544  2187  2949 I chatty  : uid=1000(system) Binder:2187_6 expire 1 line
06-05 15:51:58.590  2187  3535 I chatty  : uid=1000(system) Binder:2187_B expire 2 lines
06-05 15:51:58.677  2187  2498 I chatty  : uid=1000(system) AlarmManager expire 3 lines
06-05 15:51:58.690  2187  3559 I chatty  : uid=1000(system) Binder:2187_D expire 8 lines
06-05 15:51:58.691  2187  3572 I chatty  : uid=1000(system) Binder:2187_12 expire 1 line
06-05 15:52:00.110  2187  3569 I chatty  : uid=1000(system) Binder:2187_10 expire 3 lines
06-05 15:52:18.114  2187  3514 I chatty  : uid=1000(system) Binder:2187_A expire 2 lines
06-05 15:52:18.115  2187  2220 I chatty  : uid=1000(system) ActivityManager expire 69 lines
06-05 15:52:20.948  2187 11980 I chatty  : uid=1000(system) Binder:2187_1A expire 4 lines
06-05 15:52:21.585  2187 21141 I chatty  : uid=1000(system) Binder:2187_17 expire 5 lines
06-05 15:52:21.592  2187  2200 I chatty  : uid=1000(system) Binder:2187_1 expire 6 lines
06-05 15:52:21.655  2187  2656 I chatty  : uid=1000(system) Binder:2187_4 expire 5 lines
06-05 15:52:21.828  2187  3572 I chatty  : uid=1000(system) Binder:2187_12 expire 4 lines
06-05 15:52:23.306  2187  2264 I chatty  : uid=1000(system) android.display expire 5 lines
06-05 15:52:26.271  2187  2498 I chatty  : uid=1000(system) AlarmManager expire 10 lines
06-05 15:52:26.296  2187 21313 I chatty  : uid=1000(system) Binder:2187_19 expire 5 lines
06-05 15:52:26.300  2187  3538 I chatty  : uid=1000(system) Binder:2187_C expire 5 lines
06-05 15:52:26.760  2187  3559 I chatty  : uid=1000(system) Binder:2187_D expire 3 lines
06-05 15:52:27.593  2187  3510 I chatty  : uid=1000(system) Binder:2187_9 expire 3 lines
06-05 15:52:27.595  2187  3535 I chatty  : uid=1000(system) Binder:2187_B expire 3 lines
06-05 15:52:27.620  2187 23143 I chatty  : uid=1000(system) Binder:2187_13 expire 2 lines
06-05 15:52:27.643  2187  3567 I chatty  : uid=1000(system) Binder:2187_F expire 4 lines
06-05 15:52:27.645  2187 21111 I chatty  : uid=1000(system) Binder:2187_14 expire 7 lines
06-05 15:52:27.778  2187  3500 I chatty  : uid=1000(system) Binder:2187_7 expire 3 lines
06-05 15:52:31.310  2187  3560 I chatty  : uid=1000(system) Binder:2187_E expire 3 lines
06-05 15:52:35.024  2187  3503 I chatty  : uid=1000(system) Binder:2187_8 expire 3 lines
06-05 15:52:36.441  2187  3571 I chatty  : uid=1000(system) Binder:2187_11 expire 1 line
06-05 15:52:39.257  2187  2657 I chatty  : uid=1000(system) Binder:2187_5 expire 2 lines
06-05 15:52:39.309  2187 11981 I chatty  : uid=1000(system) Binder:2187_1B expire 2 lines
06-05 15:52:42.380  2187 21112 I chatty  : uid=1000(system) Binder:2187_15 expire 4 lines
06-05 15:52:55.285  2187  2541 I chatty  : uid=1000(system) Binder:2187_3 expire 3 lines
06-05 15:53:00.034  2187  2201 I chatty  : uid=1000(system) Binder:2187_2 expire 3 lines
06-05 15:54:00.072  2187 21203 I chatty  : uid=1000(system) Binder:2187_18 expire 3 lines
06-05 15:54:51.315  2187  2949 I chatty  : uid=1000(system) Binder:2187_6 expire 1 line
06-05 15:55:00.502  2187 21140 I chatty  : uid=1000(system) Binder:2187_16 expire 5 lines
06-05 15:55:00.702  2187  2220 I chatty  : uid=1000(system) ActivityManager expire 68 lines
06-05 15:55:01.955  2187  3571 I chatty  : uid=1000(system) Binder:2187_11 expire 2 lines
06-05 15:55:03.195  2187  3560 I chatty  : uid=1000(system) Binder:2187_E expire 4 lines
06-05 15:55:03.217  2187  3572 I chatty  : uid=1000(system) Binder:2187_12 expire 1 line
06-05 15:55:03.220  2187 21111 I chatty  : uid=1000(system) Binder:2187_14 expire 8 lines
06-05 15:55:03.244  2187 21112 I chatty  : uid=1000(system) Binder:2187_15 expire 6 lines
06-05 15:55:03.246  2187 21203 I chatty  : uid=1000(system) Binder:2187_18 expire 5 lines
06-05 15:55:03.417  2187  3503 I chatty  : uid=1000(system) Binder:2187_8 expire 3 lines
06-05 15:55:03.470  2187  3535 I chatty  : uid=1000(system) Binder:2187_B expire 4 lines
06-05 15:55:03.504  2187  3514 I chatty  : uid=1000(system) Binder:2187_A expire 5 lines
06-05 15:55:07.073  2187  3500 I chatty  : uid=1000(system) Binder:2187_7 expire 3 lines
06-05 15:55:09.868  2187  2513 I chatty  : uid=1000(system) NetworkStats expire 1 line
