05-12 15:11:31.909  2185  8479 I chatty  : uid=1000(system) Binder:2185_16 expire 4 lines
05-12 15:11:33.638  2185  3595 I chatty  : uid=1000(system) Binder:2185_8 expire 6 lines
05-12 15:11:33.711  2185  3707 I chatty  : uid=1000(system) Binder:2185_F expire 2 lines
05-12 15:11:51.745  2185 19420 I chatty  : uid=1000(system) Binder:2185_12 expire 3 lines
05-12 15:11:51.831  2185  2622 I chatty  : uid=1000(system) Binder:2185_4 expire 5 lines
05-12 15:14:01.046  2185  5139 I chatty  : uid=1000(system) Binder:2185_15 expire 4 lines
05-12 15:14:01.118  2185 11206 I chatty  : uid=1000(system) Binder:2185_20 expire 4 lines
05-12 15:14:07.804  2185  2547 I chatty  : uid=1000(system) Binder:2185_3 expire 2 lines
05-12 15:14:08.016  2185 24171 I chatty  : uid=1000(system) Binder:2185_18 expire 3 lines
05-12 15:14:08.741  2185 24173 I chatty  : uid=1000(system) Binder:2185_19 expire 1 line
05-12 15:15:14.293  2185 31361 I chatty  : uid=1000(system) Binder:2185_17 expire 2 lines
05-12 15:15:14.483  2185  2217 I chatty  : uid=1000(system) android.bg expire 4 lines
05-12 15:15:14.523  2185  2185 I chatty  : uid=1000 system_server expire 2 lines
05-12 15:15:17.055  2185 19421 I chatty  : uid=1000(system) Binder:2185_13 expire 1 line
05-12 15:15:19.423  2185  3653 I chatty  : uid=1000(system) Binder:2185_9 expire 1 line
05-12 15:16:01.277  2185  3698 I chatty  : uid=1000(system) Binder:2185_E expire 2 lines
05-12 15:18:01.246  2185  3657 I chatty  : uid=1000(system) Binder:2185_A expire 3 lines
05-12 15:20:03.274  2185  3725 I chatty  : uid=1000(system) Binder:2185_11 expire 8 lines
05-12 15:22:12.214  2185  2504 I chatty  : uid=1000(system) AlarmManager expire 14 lines
05-12 15:22:12.225  2185  3698 I chatty  : uid=1000(system) Binder:2185_E expire 3 lines
05-12 15:22:12.245  2185  2255 I chatty  : uid=1000(system) android.fg expire 5 lines
05-12 15:22:12.248  2185  3697 I chatty  : uid=1000(system) Binder:2185_D expire 4 lines
05-12 15:22:14.301  2185  2218 I chatty  : uid=1000(system) ActivityManager expire 21 lines
05-12 15:22:23.207  2185  2622 I chatty  : uid=1000(system) Binder:2185_4 expire 8 lines
05-12 15:23:06.251  2185 25140 I chatty  : uid=1000(system) Binder:2185_1B expire 5 lines
05-12 15:23:06.337  2185 24173 I chatty  : uid=1000(system) Binder:2185_19 expire 5 lines
05-12 15:24:09.244  2185  3723 I chatty  : uid=1000(system) Binder:2185_10 expire 3 lines
05-12 15:24:09.351  2185  2199 I chatty  : uid=1000(system) Binder:2185_1 expire 8 lines
05-12 15:24:19.441  2185  2185 I chatty  : uid=1000 system_server expire 6 lines
05-12 15:25:10.307  2185  2217 I chatty  : uid=1000(system) android.bg expire 4 lines
05-12 15:25:10.327  2185 19421 I chatty  : uid=1000(system) Binder:2185_13 expire 7 lines
05-12 15:25:10.346  2185  3657 I chatty  : uid=1000(system) Binder:2185_A expire 1 line
05-12 15:25:11.010  2185 19420 I chatty  : uid=1000(system) Binder:2185_12 expire 1 line
05-12 15:25:11.737  2185 24175 I chatty  : uid=1000(system) Binder:2185_1A expire 5 lines
05-12 15:25:11.779  2185  2537 I chatty  : uid=1000(system) ConnectivitySer expire 3 lines
05-12 15:25:28.145  2185  3653 I chatty  : uid=1000(system) Binder:2185_9 expire 8 lines
05-12 15:25:28.179  2185  2200 I chatty  : uid=1000(system) Binder:2185_2 expire 4 lines
05-12 15:27:19.123  2185  2507 I chatty  : uid=1000(system) InputReader expire 1 line
05-12 15:27:19.137  2185  2263 I chatty  : uid=1000(system) PowerManagerSer expire 4 lines
05-12 15:27:19.154  2185  2258 I chatty  : uid=1000(system) android.display expire 3 lines
05-12 15:27:19.189  2185  8479 I chatty  : uid=1000(system) Binder:2185_16 expire 2 lines
05-12 15:27:19.727  2185  2890 I chatty  : uid=1000(system) Binder:2185_5 expire 5 lines
05-12 15:27:20.422  2185 10699 I chatty  : uid=1000(system) Binder:2185_1E expire 3 lines
05-12 15:27:20.434  2646  2646 V KeyguardDisplayManager: hide
05-12 15:27:20.466  2185  2218 I chatty  : uid=1000(system) ActivityManager expire 29 lines
05-12 15:27:20.518  2185  4613 I chatty  : uid=1000(system) Binder:2185_1D expire 2 lines
05-12 15:27:21.087  2185  5139 I chatty  : uid=1000(system) Binder:2185_15 expire 3 lines
05-12 15:27:21.261  2185  5138 I chatty  : uid=1000(system) Binder:2185_14 expire 4 lines
05-12 15:27:21.835  2185  3595 I chatty  : uid=1000(system) Binder:2185_8 expire 2 lines
05-12 15:27:21.965  2185  2547 I chatty  : uid=1000(system) Binder:2185_3 expire 2 lines
05-12 15:27:22.124  2185  3593 I chatty  : uid=1000(system) Binder:2185_7 expire 2 lines
05-12 15:27:22.564  2185  3679 I chatty  : uid=1000(system) Binder:2185_C expire 1 line
05-12 15:27:22.637  2185 11205 I chatty  : uid=1000(system) Binder:2185_1F expire 2 lines
05-12 15:27:22.679  2185 24171 I chatty  : uid=1000(system) Binder:2185_18 expire 4 lines
05-12 15:27:22.797  2185 31361 I chatty  : uid=1000(system) Binder:2185_17 expire 2 lines
05-12 15:27:24.598  2646  2646 V DeadZone: consuming errant click: (271.0,1.0)
05-12 15:27:26.371  2185  3678 I chatty  : uid=1000(system) Binder:2185_B expire 1 line
05-12 15:27:27.184  2185 25141 I chatty  : uid=1000(system) Binder:2185_1C expire 1 line
05-12 15:27:28.046  2185  2504 I chatty  : uid=1000(system) AlarmManager expire 2 lines
05-12 15:27:33.327  2185  2256 I chatty  : uid=1000(system) android.io expire 2 lines
05-12 15:27:43.065  2185 24175 I chatty  : uid=1000(system) Binder:2185_1A expire 6 lines
05-12 15:27:43.066  2185  3657 I chatty  : uid=1000(system) Binder:2185_A expire 5 lines
05-12 15:27:43.068  2185  2537 I chatty  : uid=1000(system) ConnectivitySer expire 9 lines
05-12 15:27:43.078  2185 25141 I chatty  : uid=1000(system) Binder:2185_1C expire 4 lines
05-12 15:27:45.024  2185  2504 I chatty  : uid=1000(system) AlarmManager expire 11 lines
05-12 15:27:45.053  2185  2200 I chatty  : uid=1000(system) Binder:2185_2 expire 5 lines
05-12 15:27:46.299  2185 31361 I chatty  : uid=1000(system) Binder:2185_17 expire 8 lines
05-12 15:27:46.301  2185  2218 I chatty  : uid=1000(system) ActivityManager expire 76 lines
05-12 15:27:47.033  2185  3698 I chatty  : uid=1000(system) Binder:2185_E expire 3 lines
05-12 15:27:50.292  2185  3565 I chatty  : uid=1000(system) Binder:2185_6 expire 2 lines
05-12 15:27:50.302  2185  3697 I chatty  : uid=1000(system) Binder:2185_D expire 5 lines
05-12 15:27:50.353  2185  2199 I chatty  : uid=1000(system) Binder:2185_1 expire 4 lines
05-12 15:27:52.746  2185 19420 I chatty  : uid=1000(system) Binder:2185_12 expire 5 lines
05-12 15:27:53.592  2185  4613 I chatty  : uid=1000(system) Binder:2185_1D expire 4 lines
05-12 15:27:53.604  2185 11205 I chatty  : uid=1000(system) Binder:2185_1F expire 3 lines
05-12 15:27:57.576  2185  3678 I chatty  : uid=1000(system) Binder:2185_B expire 2 lines
05-12 15:27:57.609  2185  3679 I chatty  : uid=1000(system) Binder:2185_C expire 3 lines
05-12 15:27:57.725  2185 25140 I chatty  : uid=1000(system) Binder:2185_1B expire 4 lines
05-12 15:28:00.089  2185  3725 I chatty  : uid=1000(system) Binder:2185_11 expire 2 lines
05-12 15:28:02.631  2185  2185 I chatty  : uid=1000 system_server expire 2 lines
05-12 15:28:02.660  2185  2222 I chatty  : uid=1000(system) batterystats-sy expire 4 lines
05-12 15:28:02.953  2185  3653 I chatty  : uid=1000(system) Binder:2185_9 expire 3 lines
05-12 15:28:02.957  2185 24173 I chatty  : uid=1000(system) Binder:2185_19 expire 4 lines
05-12 15:28:03.912  2185  3595 I chatty  : uid=1000(system) Binder:2185_8 expire 2 lines
05-12 15:28:03.960  2185 10699 I chatty  : uid=1000(system) Binder:2185_1E expire 2 lines
05-12 15:28:04.125  2185  2890 I chatty  : uid=1000(system) Binder:2185_5 expire 4 lines
05-12 15:28:35.580  2185  5138 I chatty  : uid=1000(system) Binder:2185_14 expire 2 lines
05-12 15:28:35.597  2185  8479 I chatty  : uid=1000(system) Binder:2185_16 expire 1 line
05-12 15:28:36.423  2185 11206 I chatty  : uid=1000(system) Binder:2185_20 expire 1 line
05-12 15:28:36.452  2185  2622 I chatty  : uid=1000(system) Binder:2185_4 expire 1 line
05-12 15:28:47.742  2185  2255 I chatty  : uid=1000(system) android.fg expire 2 lines
05-12 15:28:47.746  2185  5139 I chatty  : uid=1000(system) Binder:2185_15 expire 2 lines
05-12 15:28:53.861  2185 19421 I chatty  : uid=1000(system) Binder:2185_13 expire 2 lines
05-12 15:28:53.877  2185  3593 I chatty  : uid=1000(system) Binder:2185_7 expire 3 lines
05-12 15:29:04.188  2185  3707 I chatty  : uid=1000(system) Binder:2185_F expire 1 line
05-12 15:29:50.234  2185  2547 I chatty  : uid=1000(system) Binder:2185_3 expire 2 lines
05-12 15:29:50.267  2185  2537 I chatty  : uid=1000(system) ConnectivitySer expire 11 lines
05-12 15:29:50.268  2185  2218 I chatty  : uid=1000(system) ActivityManager expire 73 lines
05-12 15:29:50.690  2185  2255 I chatty  : uid=1000(system) android.fg expire 10 lines
05-12 15:29:50.693  2185  3657 I chatty  : uid=1000(system) Binder:2185_A expire 3 lines
05-12 15:29:55.746  2185  3725 I chatty  : uid=1000(system) Binder:2185_11 expire 3 lines
05-12 15:29:55.749  2185  2890 I chatty  : uid=1000(system) Binder:2185_5 expire 2 lines
05-12 15:29:56.030  2185  3723 I chatty  : uid=1000(system) Binder:2185_10 expire 8 lines
05-12 15:29:56.042  2185 10699 I chatty  : uid=1000(system) Binder:2185_1E expire 1 line
05-12 15:29:56.044  2185 11206 I chatty  : uid=1000(system) Binder:2185_20 expire 1 line
05-12 15:29:56.078  2185  3679 I chatty  : uid=1000(system) Binder:2185_C expire 3 lines
05-12 15:29:56.091  2185 25140 I chatty  : uid=1000(system) Binder:2185_1B expire 3 lines
05-12 15:30:00.004  2185  2504 I chatty  : uid=1000(system) AlarmManager expire 15 lines
05-12 15:30:00.058  2185 24173 I chatty  : uid=1000(system) Binder:2185_19 expire 4 lines
05-12 15:30:00.141  2185  3593 I chatty  : uid=1000(system) Binder:2185_7 expire 3 lines
05-12 15:30:00.180  2185 24171 I chatty  : uid=1000(system) Binder:2185_18 expire 2 lines
05-12 15:30:07.240  2185  2222 I chatty  : uid=1000(system) batterystats-sy expire 3 lines
05-12 15:30:10.283  2185  2199 I chatty  : uid=1000(system) Binder:2185_1 expire 4 lines
05-12 15:30:12.569  2185 11205 I chatty  : uid=1000(system) Binder:2185_1F expire 4 lines
05-12 15:30:12.580  2185  3698 I chatty  : uid=1000(system) Binder:2185_E expire 1 line
05-12 15:30:21.224  2185 31361 I chatty  : uid=1000(system) Binder:2185_17 expire 3 lines
05-12 15:30:21.752  2185  3595 I chatty  : uid=1000(system) Binder:2185_8 expire 6 lines
05-12 15:30:21.794  2185 19420 I chatty  : uid=1000(system) Binder:2185_12 expire 4 lines
05-12 15:30:33.552  2185  3678 I chatty  : uid=1000(system) Binder:2185_B expire 2 lines
05-12 15:30:36.423  2185 25141 I chatty  : uid=1000(system) Binder:2185_1C expire 5 lines
05-12 15:30:37.450  2185  8479 I chatty  : uid=1000(system) Binder:2185_16 expire 3 lines
05-12 15:30:37.989  2185  2622 I chatty  : uid=1000(system) Binder:2185_4 expire 2 lines
05-12 15:30:41.769  2185  3697 I chatty  : uid=1000(system) Binder:2185_D expire 2 lines
05-12 15:31:00.115  2185  5138 I chatty  : uid=1000(system) Binder:2185_14 expire 3 lines
05-12 15:31:06.529  2185  2200 I chatty  : uid=1000(system) Binder:2185_2 expire 1 line
05-12 15:31:06.582  2185  2519 I chatty  : uid=1000(system) NetworkStats expire 2 lines
05-12 15:31:13.507  2185  3565 I chatty  : uid=1000(system) Binder:2185_6 expire 3 lines
05-12 15:31:21.461  2185  3653 I chatty  : uid=1000(system) Binder:2185_9 expire 3 lines
05-12 15:31:41.866  2185 24175 I chatty  : uid=1000(system) Binder:2185_1A expire 1 line
05-12 15:32:04.756  2185  3707 I chatty  : uid=1000(system) Binder:2185_F expire 4 lines
05-12 15:32:14.015  2185  2537 I chatty  : uid=1000(system) ConnectivitySer expire 9 lines
05-12 15:32:14.015  2185  2218 I chatty  : uid=1000(system) ActivityManager expire 64 lines
05-12 15:32:15.656  2185 19420 I chatty  : uid=1000(system) Binder:2185_12 expire 3 lines
05-12 15:32:20.016  2185  2504 I chatty  : uid=1000(system) AlarmManager expire 11 lines
05-12 15:32:20.051  2185  2199 I chatty  : uid=1000(system) Binder:2185_1 expire 3 lines
05-12 15:32:21.500  2185  2547 I chatty  : uid=1000(system) Binder:2185_3 expire 3 lines
05-12 15:32:28.468  2185  2622 I chatty  : uid=1000(system) Binder:2185_4 expire 3 lines
05-12 15:32:46.150  2185  2255 I chatty  : uid=1000(system) android.fg expire 8 lines
05-12 15:32:46.152  2185  3725 I chatty  : uid=1000(system) Binder:2185_11 expire 5 lines
05-12 15:32:48.746  2185 25140 I chatty  : uid=1000(system) Binder:2185_1B expire 3 lines
05-12 15:32:48.791  2185 11205 I chatty  : uid=1000(system) Binder:2185_1F expire 3 lines
05-12 15:32:48.803  2185  5139 I chatty  : uid=1000(system) Binder:2185_15 expire 3 lines
05-12 15:32:54.879  2185  4613 I chatty  : uid=1000(system) Binder:2185_1D expire 6 lines
05-12 15:32:55.080  2185  2890 I chatty  : uid=1000(system) Binder:2185_5 expire 1 line
05-12 15:32:55.140  2185  8479 I chatty  : uid=1000(system) Binder:2185_16 expire 6 lines
05-12 15:33:00.134  2185 24175 I chatty  : uid=1000(system) Binder:2185_1A expire 5 lines
05-12 15:33:07.314  2185 19421 I chatty  : uid=1000(system) Binder:2185_13 expire 3 lines
05-12 15:33:07.374  2185  5138 I chatty  : uid=1000(system) Binder:2185_14 expire 2 lines
05-12 15:33:07.399  2185  3697 I chatty  : uid=1000(system) Binder:2185_D expire 1 line
05-12 15:33:11.355  2185  2200 I chatty  : uid=1000(system) Binder:2185_2 expire 1 line
05-12 15:33:14.801  2185  3653 I chatty  : uid=1000(system) Binder:2185_9 expire 3 lines
05-12 15:33:21.411  2185  3593 I chatty  : uid=1000(system) Binder:2185_7 expire 2 lines
05-12 15:33:21.415  2185  3723 I chatty  : uid=1000(system) Binder:2185_10 expire 2 lines
05-12 15:33:21.464  2185  3678 I chatty  : uid=1000(system) Binder:2185_B expire 2 lines
05-12 15:33:21.587  2185 25141 I chatty  : uid=1000(system) Binder:2185_1C expire 6 lines
05-12 15:33:40.753  2185 11206 I chatty  : uid=1000(system) Binder:2185_20 expire 4 lines
05-12 15:33:46.516  2185 10699 I chatty  : uid=1000(system) Binder:2185_1E expire 7 lines
05-12 15:33:47.060  2185 24173 I chatty  : uid=1000(system) Binder:2185_19 expire 2 lines
05-12 15:34:05.683  2185 24171 I chatty  : uid=1000(system) Binder:2185_18 expire 1 line
05-12 15:34:05.922  2185  2185 I chatty  : uid=1000 system_server expire 11 lines
05-12 15:34:05.943  2185  2222 I chatty  : uid=1000(system) batterystats-sy expire 3 lines
05-12 15:34:17.580  2185  3679 I chatty  : uid=1000(system) Binder:2185_C expire 2 lines
05-12 15:34:23.088  2185  2543 I chatty  : uid=1000(system) onProviders.ECP expire 1 line
05-12 15:34:23.179  2185  2217 I chatty  : uid=1000(system) android.bg expire 2 lines
05-12 15:34:24.119  2185  2256 I chatty  : uid=1000(system) android.io expire 2 lines
05-12 15:34:24.272  2185  3565 I chatty  : uid=1000(system) Binder:2185_6 expire 3 lines
05-12 15:34:25.010  2185  4613 I chatty  : uid=1000(system) Binder:2185_1D expire 5 lines
05-12 15:34:25.011  2185 11205 I chatty  : uid=1000(system) Binder:2185_1F expire 8 lines
05-12 15:34:25.026  2185  3595 I chatty  : uid=1000(system) Binder:2185_8 expire 9 lines
05-12 15:34:25.082  2185 10699 I chatty  : uid=1000(system) Binder:2185_1E expire 7 lines
05-12 15:34:25.141  2185 24175 I chatty  : uid=1000(system) Binder:2185_1A expire 6 lines
05-12 15:34:25.142  2185  2218 I chatty  : uid=1000(system) ActivityManager expire 47 lines
05-12 15:34:25.173  2185  2199 I chatty  : uid=1000(system) Binder:2185_1 expire 6 lines
05-12 15:34:25.177  2185  3653 I chatty  : uid=1000(system) Binder:2185_9 expire 10 lines
05-12 15:34:25.240 12212 12212 D ActivityThread: Loading provider contacts;com.android.contacts: com.android.providers.contacts.SemcContactsProvider2
05-12 15:34:25.415  2185  3678 I chatty  : uid=1000(system) Binder:2185_B expire 2 lines
05-12 15:34:25.439  2185 19421 I chatty  : uid=1000(system) Binder:2185_13 expire 2 lines
05-12 15:34:27.003  2185 25140 I chatty  : uid=1000(system) Binder:2185_1B expire 7 lines
05-12 15:34:27.030  2185 31361 I chatty  : uid=1000(system) Binder:2185_17 expire 6 lines
05-12 15:34:27.064  2185 24173 I chatty  : uid=1000(system) Binder:2185_19 expire 3 lines
05-12 15:34:27.132  2185  3593 I chatty  : uid=1000(system) Binder:2185_7 expire 6 lines
05-12 15:34:27.165  2185  2622 I chatty  : uid=1000(system) Binder:2185_4 expire 2 lines
05-12 15:34:27.788  2185  3679 I chatty  : uid=1000(system) Binder:2185_C expire 4 lines
05-12 15:34:27.876  2185 25141 I chatty  : uid=1000(system) Binder:2185_1C expire 2 lines
05-12 15:34:28.153  2185 24171 I chatty  : uid=1000(system) Binder:2185_18 expire 5 lines
05-12 15:34:28.203  2185  8479 I chatty  : uid=1000(system) Binder:2185_16 expire 5 lines
05-12 15:34:28.435  2185  2200 I chatty  : uid=1000(system) Binder:2185_2 expire 4 lines
05-12 15:34:28.759  2185  5139 I chatty  : uid=1000(system) Binder:2185_15 expire 4 lines
05-12 15:34:28.832  2185 11206 I chatty  : uid=1000(system) Binder:2185_20 expire 2 lines
05-12 15:34:29.497  2185  2217 I chatty  : uid=1000(system) android.bg expire 2 lines
05-12 15:34:30.065  2185  3698 I chatty  : uid=1000(system) Binder:2185_E expire 3 lines
05-12 15:34:35.953  2185  3657 I chatty  : uid=1000(system) Binder:2185_A expire 4 lines
05-12 15:34:40.881  2185  3707 I chatty  : uid=1000(system) Binder:2185_F expire 1 line
05-12 15:34:40.990  2185  2537 I chatty  : uid=1000(system) ConnectivitySer expire 5 lines
05-12 15:34:46.062  2185  2255 I chatty  : uid=1000(system) android.fg expire 6 lines
05-12 15:34:46.656  2185  3725 I chatty  : uid=1000(system) Binder:2185_11 expire 3 lines
05-12 15:34:53.841  2185 19420 I chatty  : uid=1000(system) Binder:2185_12 expire 9 lines
05-12 15:34:58.173  2185  5138 I chatty  : uid=1000(system) Binder:2185_14 expire 1 line
05-12 15:35:00.001  2185  2504 I chatty  : uid=1000(system) AlarmManager expire 5 lines
05-12 15:35:00.109  2185  3697 I chatty  : uid=1000(system) Binder:2185_D expire 2 lines
05-12 15:35:08.208  2185  3723 I chatty  : uid=1000(system) Binder:2185_10 expire 1 line
05-12 15:35:29.022  3716  3818 W ContextImpl: Calling a method in the system process without a qualified user: android.app.ContextImpl.bindService:1422 android.content.ContextWrapper.bindService:636 com.google.android.gms.ads.identifier.AdvertisingIdClient.h:-1 com.google.android.gms.ads.identifier.AdvertisingIdClient.b:-1 com.google.android.gms.ads.identifier.AdvertisingIdClient.getAdvertisingIdInfo:-1 
05-12 15:35:40.943  2185  2218 I chatty  : uid=1000(system) ActivityManager expire 23 lines
05-12 15:35:40.960  2185  4613 I chatty  : uid=1000(system) Binder:2185_1D expire 3 lines
05-12 15:35:40.992  2185  3697 I chatty  : uid=1000(system) Binder:2185_D expire 3 lines
05-12 15:35:41.008  2185 24173 I chatty  : uid=1000(system) Binder:2185_19 expire 4 lines
05-12 15:35:41.038  2185  2537 I chatty  : uid=1000(system) ConnectivitySer expire 3 lines
05-12 15:35:46.918  2185  5138 I chatty  : uid=1000(system) Binder:2185_14 expire 7 lines
05-12 15:35:53.503  2185  2217 I chatty  : uid=1000(system) android.bg expire 1 line
05-12 15:35:57.380  2185  2255 I chatty  : uid=1000(system) android.fg expire 2 lines
05-12 15:35:57.384  2185  3707 I chatty  : uid=1000(system) Binder:2185_F expire 8 lines
05-12 15:35:57.783  2185  3678 I chatty  : uid=1000(system) Binder:2185_B expire 5 lines
05-12 15:36:00.002  2185  2504 I chatty  : uid=1000(system) AlarmManager expire 8 lines
05-12 15:36:00.131  2185  3679 I chatty  : uid=1000(system) Binder:2185_C expire 7 lines
05-12 15:36:06.861  2185 31361 I chatty  : uid=1000(system) Binder:2185_17 expire 4 lines
05-12 15:36:06.989  2185  2547 I chatty  : uid=1000(system) Binder:2185_3 expire 3 lines
05-12 15:36:07.273  2185  3657 I chatty  : uid=1000(system) Binder:2185_A expire 11 lines
05-12 15:36:07.282  2185  8479 I chatty  : uid=1000(system) Binder:2185_16 expire 4 lines
05-12 15:36:07.338  2185  2622 I chatty  : uid=1000(system) Binder:2185_4 expire 4 lines
05-12 15:36:07.339  2185 11205 I chatty  : uid=1000(system) Binder:2185_1F expire 5 lines
05-12 15:36:13.319  2185  3593 I chatty  : uid=1000(system) Binder:2185_7 expire 1 line
05-12 15:36:13.360  2185  5139 I chatty  : uid=1000(system) Binder:2185_15 expire 1 line
05-12 15:36:14.029  2185  2185 I chatty  : uid=1000 system_server expire 10 lines
05-12 15:36:14.078  2185  2543 I chatty  : uid=1000(system) onProviders.ECP expire 1 line
05-12 15:36:14.196  2185 11206 I chatty  : uid=1000(system) Binder:2185_20 expire 3 lines
05-12 15:36:14.475  2185  3723 I chatty  : uid=1000(system) Binder:2185_10 expire 10 lines
05-12 15:36:14.541  2185  2890 I chatty  : uid=1000(system) Binder:2185_5 expire 3 lines
05-12 15:36:14.602  2185 25140 I chatty  : uid=1000(system) Binder:2185_1B expire 4 lines
05-12 15:36:14.766  2185 19420 I chatty  : uid=1000(system) Binder:2185_12 expire 4 lines
05-12 15:36:14.825  2185  2256 I chatty  : uid=1000(system) android.io expire 4 lines
05-12 15:36:15.907 13188 13188 D ActivityThread: Loading provider contacts;com.android.contacts: com.android.providers.contacts.SemcContactsProvider2
05-12 15:36:17.619  2185  3565 I chatty  : uid=1000(system) Binder:2185_6 expire 2 lines
05-12 15:36:17.696  2185 19421 I chatty  : uid=1000(system) Binder:2185_13 expire 5 lines
05-12 15:36:18.000  2185  2218 I chatty  : uid=1000(system) ActivityManager expire 22 lines
05-12 15:36:18.003  2185  2199 I chatty  : uid=1000(system) Binder:2185_1 expire 7 lines
05-12 15:36:18.005  2185  3595 I chatty  : uid=1000(system) Binder:2185_8 expire 2 lines
05-12 15:36:18.126  2185  3725 I chatty  : uid=1000(system) Binder:2185_11 expire 4 lines
05-12 15:36:18.219  2185  3698 I chatty  : uid=1000(system) Binder:2185_E expire 1 line
05-12 15:36:18.455  2185 24171 I chatty  : uid=1000(system) Binder:2185_18 expire 2 lines
05-12 15:36:19.179  2185 24175 I chatty  : uid=1000(system) Binder:2185_1A expire 2 lines
05-12 15:36:41.104  2185  3653 I chatty  : uid=1000(system) Binder:2185_9 expire 3 lines
05-12 15:36:43.259  2185 10699 I chatty  : uid=1000(system) Binder:2185_1E expire 3 lines
05-12 15:36:43.260  2185  2218 I chatty  : uid=1000(system) ActivityManager expire 77 lines
05-12 15:36:43.271  2185  3678 I chatty  : uid=1000(system) Binder:2185_B expire 1 line
05-12 15:36:43.298  2185  2537 I chatty  : uid=1000(system) ConnectivitySer expire 10 lines
05-12 15:36:43.370  2185 25141 I chatty  : uid=1000(system) Binder:2185_1C expire 9 lines
05-12 15:36:44.124  2185  2200 I chatty  : uid=1000(system) Binder:2185_2 expire 2 lines
05-12 15:36:44.442  2185  3565 I chatty  : uid=1000(system) Binder:2185_6 expire 1 line
05-12 15:36:44.800  2185 24171 I chatty  : uid=1000(system) Binder:2185_18 expire 5 lines
05-12 15:36:44.801  2185 19420 I chatty  : uid=1000(system) Binder:2185_12 expire 4 lines
05-12 15:36:44.854  2185 19421 I chatty  : uid=1000(system) Binder:2185_13 expire 4 lines
05-12 15:36:46.115  2185  2890 I chatty  : uid=1000(system) Binder:2185_5 expire 5 lines
05-12 15:36:46.134  2185  3679 I chatty  : uid=1000(system) Binder:2185_C expire 2 lines
05-12 15:36:46.144  2185  3698 I chatty  : uid=1000(system) Binder:2185_E expire 5 lines
05-12 15:36:46.198  2185  4613 I chatty  : uid=1000(system) Binder:2185_1D expire 4 lines
05-12 15:36:46.255  2185  3723 I chatty  : uid=1000(system) Binder:2185_10 expire 5 lines
05-12 15:36:46.259  2185  2547 I chatty  : uid=1000(system) Binder:2185_3 expire 4 lines
05-12 15:36:51.243  2185  5138 I chatty  : uid=1000(system) Binder:2185_14 expire 2 lines
05-12 15:36:59.812  2185  2504 I chatty  : uid=1000(system) AlarmManager expire 11 lines
05-12 15:36:59.916  2185 11206 I chatty  : uid=1000(system) Binder:2185_20 expire 3 lines
05-12 15:37:03.479  2185 24173 I chatty  : uid=1000(system) Binder:2185_19 expire 4 lines
05-12 15:37:03.482  2185  3697 I chatty  : uid=1000(system) Binder:2185_D expire 4 lines
05-12 15:37:03.569  2185  3593 I chatty  : uid=1000(system) Binder:2185_7 expire 4 lines
05-12 15:37:07.660  2185  2255 I chatty  : uid=1000(system) android.fg expire 6 lines
05-12 15:37:07.822  2185  3595 I chatty  : uid=1000(system) Binder:2185_8 expire 1 line
05-12 15:37:21.596  2185  3725 I chatty  : uid=1000(system) Binder:2185_11 expire 2 lines
05-12 15:37:23.675  2185  3657 I chatty  : uid=1000(system) Binder:2185_A expire 5 lines
05-12 15:37:31.517  2185  5139 I chatty  : uid=1000(system) Binder:2185_15 expire 1 line
05-12 15:37:58.396  2185  3707 I chatty  : uid=1000(system) Binder:2185_F expire 2 lines
05-12 15:37:58.456  2185 25140 I chatty  : uid=1000(system) Binder:2185_1B expire 1 line
05-12 15:38:08.382  2185  8479 I chatty  : uid=1000(system) Binder:2185_16 expire 1 line
05-12 15:38:14.646  2185 11205 I chatty  : uid=1000(system) Binder:2185_1F expire 1 line
05-12 15:38:39.499  2185 24175 I chatty  : uid=1000(system) Binder:2185_1A expire 1 line
05-12 15:38:40.634  2185 31361 I chatty  : uid=1000(system) Binder:2185_17 expire 1 line
05-12 15:38:50.335  2185  2185 I chatty  : uid=1000 system_server expire 1 line
05-12 15:38:58.845  2185  2547 I chatty  : uid=1000(system) Binder:2185_3 expire 3 lines
05-12 15:38:58.847  2185  2218 I chatty  : uid=1000(system) ActivityManager expire 72 lines
05-12 15:38:58.856  2185  2199 I chatty  : uid=1000(system) Binder:2185_1 expire 4 lines
05-12 15:38:58.907  2185 11206 I chatty  : uid=1000(system) Binder:2185_20 expire 3 lines
05-12 15:38:58.924  2185  4613 I chatty  : uid=1000(system) Binder:2185_1D expire 3 lines
05-12 15:38:58.965  2185  2537 I chatty  : uid=1000(system) ConnectivitySer expire 10 lines
05-12 15:38:59.129  2185  2255 I chatty  : uid=1000(system) android.fg expire 10 lines
05-12 15:38:59.132  2185  2200 I chatty  : uid=1000(system) Binder:2185_2 expire 3 lines
05-12 15:39:00.000  2185  2504 I chatty  : uid=1000(system) AlarmManager expire 15 lines
05-12 15:39:00.088  2185  5139 I chatty  : uid=1000(system) Binder:2185_15 expire 4 lines
05-12 15:39:08.967  2185 19420 I chatty  : uid=1000(system) Binder:2185_12 expire 4 lines
05-12 15:39:14.908  2185 25141 I chatty  : uid=1000(system) Binder:2185_1C expire 1 line
05-12 15:39:15.999  2185  3697 I chatty  : uid=1000(system) Binder:2185_D expire 3 lines
05-12 15:39:16.010  2185  3679 I chatty  : uid=1000(system) Binder:2185_C expire 3 lines
05-12 15:39:16.060  2185  3725 I chatty  : uid=1000(system) Binder:2185_11 expire 2 lines
05-12 15:39:16.078  2185 10699 I chatty  : uid=1000(system) Binder:2185_1E expire 5 lines
05-12 15:39:17.056  2185  3565 I chatty  : uid=1000(system) Binder:2185_6 expire 5 lines
05-12 15:39:20.713  2185 19421 I chatty  : uid=1000(system) Binder:2185_13 expire 3 lines
05-12 15:39:22.024  2185  5138 I chatty  : uid=1000(system) Binder:2185_14 expire 4 lines
05-12 15:39:34.410  2185  2890 I chatty  : uid=1000(system) Binder:2185_5 expire 3 lines
05-12 15:39:34.476  2185  3593 I chatty  : uid=1000(system) Binder:2185_7 expire 3 lines
05-12 15:39:39.871  2185  3723 I chatty  : uid=1000(system) Binder:2185_10 expire 2 lines
05-12 15:39:40.289  2185  3595 I chatty  : uid=1000(system) Binder:2185_8 expire 3 lines
05-12 15:39:40.352  2185  2622 I chatty  : uid=1000(system) Binder:2185_4 expire 2 lines
05-12 15:39:56.277  2185  3707 I chatty  : uid=1000(system) Binder:2185_F expire 3 lines
05-12 15:39:56.688  2185 24171 I chatty  : uid=1000(system) Binder:2185_18 expire 3 lines
05-12 15:39:56.731  2185  3653 I chatty  : uid=1000(system) Binder:2185_9 expire 3 lines
05-12 15:39:56.748  2185 25140 I chatty  : uid=1000(system) Binder:2185_1B expire 1 line
05-12 15:40:09.050  2185  8479 I chatty  : uid=1000(system) Binder:2185_16 expire 2 lines
05-12 15:40:09.783  2185 24173 I chatty  : uid=1000(system) Binder:2185_19 expire 1 line
05-12 15:40:10.405  2185 24175 I chatty  : uid=1000(system) Binder:2185_1A expire 1 line
05-12 15:40:27.918  2185 31361 I chatty  : uid=1000(system) Binder:2185_17 expire 2 lines
05-12 15:40:32.203  2185  3678 I chatty  : uid=1000(system) Binder:2185_B expire 3 lines
05-12 15:41:10.910  2185 11205 I chatty  : uid=1000(system) Binder:2185_1F expire 2 lines
05-12 15:41:17.268  2185  3657 I chatty  : uid=1000(system) Binder:2185_A expire 1 line
05-12 15:41:21.913  2185  2256 I chatty  : uid=1000(system) android.io expire 2 lines
05-12 15:41:30.694  2185  3698 I chatty  : uid=1000(system) Binder:2185_E expire 3 lines
05-12 15:41:35.383  2185  3723 I chatty  : uid=1000(system) Binder:2185_10 expire 6 lines
05-12 15:41:35.385  2185  2218 I chatty  : uid=1000(system) ActivityManager expire 48 lines
05-12 15:41:38.630  2185  3593 I chatty  : uid=1000(system) Binder:2185_7 expire 3 lines
05-12 15:41:38.640  2185  8479 I chatty  : uid=1000(system) Binder:2185_16 expire 3 lines
05-12 15:41:38.688  2185  2890 I chatty  : uid=1000(system) Binder:2185_5 expire 1 line
05-12 15:41:38.699  2185 10699 I chatty  : uid=1000(system) Binder:2185_1E expire 4 lines
05-12 15:41:38.742  2185  2537 I chatty  : uid=1000(system) ConnectivitySer expire 10 lines
05-12 15:41:42.490  2185 24175 I chatty  : uid=1000(system) Binder:2185_1A expire 5 lines
05-12 15:41:45.512  2185  2255 I chatty  : uid=1000(system) android.fg expire 10 lines
05-12 15:41:45.530  2185  3707 I chatty  : uid=1000(system) Binder:2185_F expire 2 lines
05-12 15:42:00.002  2185  2504 I chatty  : uid=1000(system) AlarmManager expire 9 lines
05-12 15:42:00.130  2185  5139 I chatty  : uid=1000(system) Binder:2185_15 expire 4 lines
05-12 15:42:01.704  2185 31361 I chatty  : uid=1000(system) Binder:2185_17 expire 5 lines
05-12 15:42:01.727  2185 19421 I chatty  : uid=1000(system) Binder:2185_13 expire 6 lines
05-12 15:42:02.015  2185  3679 I chatty  : uid=1000(system) Binder:2185_C expire 3 lines
05-12 15:42:02.645  2185  3725 I chatty  : uid=1000(system) Binder:2185_11 expire 5 lines
05-12 15:42:02.683  2185  2200 I chatty  : uid=1000(system) Binder:2185_2 expire 2 lines
05-12 15:42:09.932  2185  4613 I chatty  : uid=1000(system) Binder:2185_1D expire 3 lines
05-12 15:42:10.068  2185 11206 I chatty  : uid=1000(system) Binder:2185_20 expire 4 lines
05-12 15:42:11.050  2185  3678 I chatty  : uid=1000(system) Binder:2185_B expire 3 lines
05-12 15:42:11.146  2185 11205 I chatty  : uid=1000(system) Binder:2185_1F expire 3 lines
05-12 15:42:11.554  2185  2199 I chatty  : uid=1000(system) Binder:2185_1 expire 3 lines
05-12 15:42:11.595  2185  3653 I chatty  : uid=1000(system) Binder:2185_9 expire 2 lines
05-12 15:42:21.537  2185 25140 I chatty  : uid=1000(system) Binder:2185_1B expire 6 lines
05-12 15:42:22.829  2185 25141 I chatty  : uid=1000(system) Binder:2185_1C expire 1 line
05-12 15:42:23.289  2185  3697 I chatty  : uid=1000(system) Binder:2185_D expire 2 lines
05-12 15:42:33.559  2185  5138 I chatty  : uid=1000(system) Binder:2185_14 expire 3 lines
05-12 15:42:36.730  2185  3595 I chatty  : uid=1000(system) Binder:2185_8 expire 3 lines
05-12 15:42:40.114  2185 24173 I chatty  : uid=1000(system) Binder:2185_19 expire 2 lines
05-12 15:43:04.903  2185  2622 I chatty  : uid=1000(system) Binder:2185_4 expire 1 line
05-12 15:43:13.735 12248 14731 E ActivityThread: Failed to find provider info for com.facebook.katana.provider.AttributionIdProvider
05-12 15:43:18.987  2185  3565 I chatty  : uid=1000(system) Binder:2185_6 expire 1 line
05-12 15:43:18.991  2185  2218 I chatty  : uid=1000(system) ActivityManager expire 30 lines
05-12 15:43:28.071  2185 19420 I chatty  : uid=1000(system) Binder:2185_12 expire 5 lines
05-12 15:44:09.690  2185  2504 I chatty  : uid=1000(system) AlarmManager expire 15 lines
05-12 15:44:09.723  2185 24175 I chatty  : uid=1000(system) Binder:2185_1A expire 1 line
05-12 15:44:10.554  2185  2185 I chatty  : uid=1000 system_server expire 3 lines
05-12 15:44:10.565  2185  2218 I chatty  : uid=1000(system) ActivityManager expire 75 lines
05-12 15:44:10.596  2185  2222 I chatty  : uid=1000(system) batterystats-sy expire 3 lines
05-12 15:44:21.358  2185  3725 I chatty  : uid=1000(system) Binder:2185_11 expire 3 lines
05-12 15:44:22.311  2185  3678 I chatty  : uid=1000(system) Binder:2185_B expire 4 lines
05-12 15:44:22.314  2185  2890 I chatty  : uid=1000(system) Binder:2185_5 expire 5 lines
05-12 15:44:22.357  2185  3697 I chatty  : uid=1000(system) Binder:2185_D expire 2 lines
05-12 15:44:22.373  2185  3707 I chatty  : uid=1000(system) Binder:2185_F expire 2 lines
05-12 15:44:22.409  2185  2537 I chatty  : uid=1000(system) ConnectivitySer expire 11 lines
05-12 15:44:23.396  2185  3593 I chatty  : uid=1000(system) Binder:2185_7 expire 2 lines
05-12 15:44:23.409  2185  4613 I chatty  : uid=1000(system) Binder:2185_1D expire 3 lines
05-12 15:44:23.454  2185 24173 I chatty  : uid=1000(system) Binder:2185_19 expire 2 lines
05-12 15:44:23.467  2185  3679 I chatty  : uid=1000(system) Binder:2185_C expire 2 lines
05-12 15:44:40.640  2185  3565 I chatty  : uid=1000(system) Binder:2185_6 expire 4 lines
05-12 15:44:40.649  2185  3723 I chatty  : uid=1000(system) Binder:2185_10 expire 3 lines
05-12 15:44:40.700  2185  2200 I chatty  : uid=1000(system) Binder:2185_2 expire 4 lines
05-12 15:44:42.299  2185 11205 I chatty  : uid=1000(system) Binder:2185_1F expire 5 lines
05-12 15:44:59.717  2185  2255 I chatty  : uid=1000(system) android.fg expire 6 lines
05-12 15:44:59.721  2185 25140 I chatty  : uid=1000(system) Binder:2185_1B expire 1 line
05-12 15:45:09.505  2185 25141 I chatty  : uid=1000(system) Binder:2185_1C expire 4 lines
05-12 15:45:09.515  2185  3595 I chatty  : uid=1000(system) Binder:2185_8 expire 3 lines
05-12 15:45:09.517  2185 24171 I chatty  : uid=1000(system) Binder:2185_18 expire 5 lines
05-12 15:45:09.562  2185  5138 I chatty  : uid=1000(system) Binder:2185_14 expire 1 line
05-12 15:45:09.805  2185 31361 I chatty  : uid=1000(system) Binder:2185_17 expire 3 lines
05-12 15:45:21.405  2185 19421 I chatty  : uid=1000(system) Binder:2185_13 expire 3 lines
05-12 15:45:28.907  2185  3653 I chatty  : uid=1000(system) Binder:2185_9 expire 2 lines
05-12 15:45:30.434  2185  8479 I chatty  : uid=1000(system) Binder:2185_16 expire 3 lines
05-12 15:45:32.271  2185  5139 I chatty  : uid=1000(system) Binder:2185_15 expire 2 lines
05-12 15:45:52.636  2185  2199 I chatty  : uid=1000(system) Binder:2185_1 expire 4 lines
05-12 15:46:00.115  2185 11206 I chatty  : uid=1000(system) Binder:2185_20 expire 4 lines
05-12 15:46:21.679  2185  3657 I chatty  : uid=1000(system) Binder:2185_A expire 2 lines
05-12 15:46:47.976  2185  2547 I chatty  : uid=1000(system) Binder:2185_3 expire 1 line
05-12 15:46:48.594  2185  2622 I chatty  : uid=1000(system) Binder:2185_4 expire 6 lines
05-12 15:46:49.248  2185  2218 I chatty  : uid=1000(system) ActivityManager expire 74 lines
05-12 15:46:49.283  2185  2537 I chatty  : uid=1000(system) ConnectivitySer expire 5 lines
05-12 15:47:00.226  2185  2504 I chatty  : uid=1000(system) AlarmManager expire 9 lines
05-12 15:47:00.341  2185 10699 I chatty  : uid=1000(system) Binder:2185_1E expire 7 lines
05-12 15:47:07.050  2185  3678 I chatty  : uid=1000(system) Binder:2185_B expire 6 lines
05-12 15:47:07.057  2185  2200 I chatty  : uid=1000(system) Binder:2185_2 expire 3 lines
05-12 15:47:07.100  2185  4613 I chatty  : uid=1000(system) Binder:2185_1D expire 7 lines
05-12 15:47:09.520  2185  3698 I chatty  : uid=1000(system) Binder:2185_E expire 1 line
05-12 15:47:09.523  2185 19420 I chatty  : uid=1000(system) Binder:2185_12 expire 2 lines
05-12 15:47:09.589  2185 11205 I chatty  : uid=1000(system) Binder:2185_1F expire 3 lines
05-12 15:47:09.613  2185  2258 I chatty  : uid=1000(system) android.display expire 3 lines
05-12 15:47:10.248  2185  2199 I chatty  : uid=1000(system) Binder:2185_1 expire 2 lines
05-12 15:47:10.319  2185  8479 I chatty  : uid=1000(system) Binder:2185_16 expire 2 lines
05-12 15:47:10.337  2185 24173 I chatty  : uid=1000(system) Binder:2185_19 expire 2 lines
05-12 15:47:10.376  2185  5139 I chatty  : uid=1000(system) Binder:2185_15 expire 2 lines
05-12 15:47:10.953  2185  3595 I chatty  : uid=1000(system) Binder:2185_8 expire 2 lines
05-12 15:47:10.975  2185  3697 I chatty  : uid=1000(system) Binder:2185_D expire 6 lines
05-12 15:47:11.766  2185 31361 I chatty  : uid=1000(system) Binder:2185_17 expire 4 lines
05-12 15:47:12.817  2185 25141 I chatty  : uid=1000(system) Binder:2185_1C expire 6 lines
05-12 15:47:12.834  2185  3725 I chatty  : uid=1000(system) Binder:2185_11 expire 3 lines
05-12 15:47:13.727  2185  3593 I chatty  : uid=1000(system) Binder:2185_7 expire 3 lines
05-12 15:47:13.833  2185 24171 I chatty  : uid=1000(system) Binder:2185_18 expire 1 line
05-12 15:47:13.839  2185  3653 I chatty  : uid=1000(system) Binder:2185_9 expire 4 lines
05-12 15:47:13.866  2185 25140 I chatty  : uid=1000(system) Binder:2185_1B expire 3 lines
05-12 15:47:13.912  2185  3679 I chatty  : uid=1000(system) Binder:2185_C expire 4 lines
05-12 15:47:14.075  2185  2185 I chatty  : uid=1000 system_server expire 1 line
05-12 15:47:14.100  2185  2222 I chatty  : uid=1000(system) batterystats-sy expire 2 lines
05-12 15:47:15.601  2185  2890 I chatty  : uid=1000(system) Binder:2185_5 expire 2 lines
05-12 15:47:16.113  2185 19421 I chatty  : uid=1000(system) Binder:2185_13 expire 5 lines
05-12 15:47:22.850  2185  2547 I chatty  : uid=1000(system) Binder:2185_3 expire 3 lines
05-12 15:47:23.893  2185  3657 I chatty  : uid=1000(system) Binder:2185_A expire 2 lines
05-12 15:47:26.776  2185  3723 I chatty  : uid=1000(system) Binder:2185_10 expire 4 lines
05-12 15:47:26.863  2185  2217 I chatty  : uid=1000(system) android.bg expire 1 line
05-12 15:47:26.940  2185  3707 I chatty  : uid=1000(system) Binder:2185_F expire 4 lines
05-12 15:47:27.907  2185 24175 I chatty  : uid=1000(system) Binder:2185_1A expire 4 lines
05-12 15:47:45.552  2185  5138 I chatty  : uid=1000(system) Binder:2185_14 expire 2 lines
05-12 15:47:45.580  2185  3565 I chatty  : uid=1000(system) Binder:2185_6 expire 5 lines
05-12 15:48:26.464  2185  3679 I chatty  : uid=1000(system) Binder:2185_C expire 3 lines
05-12 15:48:26.465  2185  2218 I chatty  : uid=1000(system) ActivityManager expire 80 lines
05-12 15:48:26.475  2185 24175 I chatty  : uid=1000(system) Binder:2185_1A expire 4 lines
05-12 15:48:26.513  2185  2537 I chatty  : uid=1000(system) ConnectivitySer expire 9 lines
05-12 15:48:31.724  2185  5138 I chatty  : uid=1000(system) Binder:2185_14 expire 5 lines
05-12 15:48:42.695  2185  2255 I chatty  : uid=1000(system) android.fg expire 4 lines
05-12 15:48:42.700  2185  3697 I chatty  : uid=1000(system) Binder:2185_D expire 4 lines
05-12 15:48:43.883  2185  3725 I chatty  : uid=1000(system) Binder:2185_11 expire 3 lines
05-12 15:48:44.332  2185  8479 I chatty  : uid=1000(system) Binder:2185_16 expire 3 lines
05-12 15:48:44.344  2185  3707 I chatty  : uid=1000(system) Binder:2185_F expire 4 lines
05-12 15:48:44.391  2185 31361 I chatty  : uid=1000(system) Binder:2185_17 expire 4 lines
05-12 15:48:44.727  2185  2258 I chatty  : uid=1000(system) android.display expire 4 lines
05-12 15:48:44.744  2185 24173 I chatty  : uid=1000(system) Binder:2185_19 expire 4 lines
05-12 15:48:44.804  2185 10699 I chatty  : uid=1000(system) Binder:2185_1E expire 3 lines
05-12 15:48:47.222  2185 25140 I chatty  : uid=1000(system) Binder:2185_1B expire 2 lines
05-12 15:48:47.227  2185  2890 I chatty  : uid=1000(system) Binder:2185_5 expire 6 lines
05-12 15:48:47.298  2185  2200 I chatty  : uid=1000(system) Binder:2185_2 expire 3 lines
05-12 15:48:52.736  2185  2547 I chatty  : uid=1000(system) Binder:2185_3 expire 2 lines
05-12 15:48:54.854  2185  5139 I chatty  : uid=1000(system) Binder:2185_15 expire 2 lines
05-12 15:48:54.868  2185 24171 I chatty  : uid=1000(system) Binder:2185_18 expire 4 lines
05-12 15:48:54.893  2185  2622 I chatty  : uid=1000(system) Binder:2185_4 expire 3 lines
05-12 15:48:55.869  2185 19420 I chatty  : uid=1000(system) Binder:2185_12 expire 5 lines
05-12 15:48:55.871  2185  3595 I chatty  : uid=1000(system) Binder:2185_8 expire 2 lines
05-12 15:49:00.001  2185  2504 I chatty  : uid=1000(system) AlarmManager expire 8 lines
05-12 15:49:03.742  2185 11206 I chatty  : uid=1000(system) Binder:2185_20 expire 3 lines
05-12 15:49:07.133  2185 11205 I chatty  : uid=1000(system) Binder:2185_1F expire 3 lines
05-12 15:49:07.141  2185  3653 I chatty  : uid=1000(system) Binder:2185_9 expire 3 lines
05-12 15:49:07.186  2185  4613 I chatty  : uid=1000(system) Binder:2185_1D expire 1 line
05-12 15:49:08.478  2185  2199 I chatty  : uid=1000(system) Binder:2185_1 expire 3 lines
05-12 15:49:10.503  2185  3723 I chatty  : uid=1000(system) Binder:2185_10 expire 2 lines
05-12 15:49:12.420  2185 25141 I chatty  : uid=1000(system) Binder:2185_1C expire 1 line
05-12 15:49:16.752  2185  3698 I chatty  : uid=1000(system) Binder:2185_E expire 2 lines
05-12 15:49:29.699  2185 19421 I chatty  : uid=1000(system) Binder:2185_13 expire 1 line
05-12 15:49:32.620  2185  3593 I chatty  : uid=1000(system) Binder:2185_7 expire 1 line
05-12 15:49:45.211  2185  3657 I chatty  : uid=1000(system) Binder:2185_A expire 1 line
05-12 15:49:45.395  2185  3678 I chatty  : uid=1000(system) Binder:2185_B expire 2 lines
05-12 15:50:29.964  3716  3818 W ContextImpl: Calling a method in the system process without a qualified user: android.app.ContextImpl.bindService:1422 android.content.ContextWrapper.bindService:636 com.google.android.gms.ads.identifier.AdvertisingIdClient.h:-1 com.google.android.gms.ads.identifier.AdvertisingIdClient.b:-1 com.google.android.gms.ads.identifier.AdvertisingIdClient.getAdvertisingIdInfo:-1 
05-12 15:50:30.248  2185  2218 I chatty  : uid=1000(system) ActivityManager expire 81 lines
05-12 15:50:30.553  2185 11206 I chatty  : uid=1000(system) Binder:2185_20 expire 7 lines
05-12 15:50:30.594  2185  3565 I chatty  : uid=1000(system) Binder:2185_6 expire 3 lines
05-12 15:50:31.798  2185 11205 I chatty  : uid=1000(system) Binder:2185_1F expire 9 lines
05-12 15:50:32.165  2185  3679 I chatty  : uid=1000(system) Binder:2185_C expire 4 lines
05-12 15:50:32.382  2185 24175 I chatty  : uid=1000(system) Binder:2185_1A expire 5 lines
05-12 15:50:33.344  2185  2255 I chatty  : uid=1000(system) android.fg expire 3 lines
05-12 15:50:33.348  2185 19421 I chatty  : uid=1000(system) Binder:2185_13 expire 10 lines
05-12 15:50:39.012  2185  8479 I chatty  : uid=1000(system) Binder:2185_16 expire 3 lines
05-12 15:50:39.886  2185  3657 I chatty  : uid=1000(system) Binder:2185_A expire 2 lines
05-12 15:50:39.900  2185  3707 I chatty  : uid=1000(system) Binder:2185_F expire 2 lines
05-12 15:50:39.902  2185  3723 I chatty  : uid=1000(system) Binder:2185_10 expire 3 lines
05-12 15:50:39.944  2185 25141 I chatty  : uid=1000(system) Binder:2185_1C expire 3 lines
05-12 15:50:39.957  2185 25140 I chatty  : uid=1000(system) Binder:2185_1B expire 2 lines
05-12 15:50:39.984  2185  2537 I chatty  : uid=1000(system) ConnectivitySer expire 5 lines
05-12 15:50:48.996  2185  3725 I chatty  : uid=1000(system) Binder:2185_11 expire 3 lines
05-12 15:50:49.076  2185  3697 I chatty  : uid=1000(system) Binder:2185_D expire 6 lines
05-12 15:50:49.819  2185  3593 I chatty  : uid=1000(system) Binder:2185_7 expire 1 line
05-12 15:50:50.173  2185  2258 I chatty  : uid=1000(system) android.display expire 5 lines
05-12 15:51:00.001  2185  2504 I chatty  : uid=1000(system) AlarmManager expire 6 lines
05-12 15:51:00.106  2185  4613 I chatty  : uid=1000(system) Binder:2185_1D expire 2 lines
05-12 15:51:01.060  2185 10699 I chatty  : uid=1000(system) Binder:2185_1E expire 3 lines
05-12 15:51:01.101  2185  2199 I chatty  : uid=1000(system) Binder:2185_1 expire 6 lines
05-12 15:51:02.508  2185  2185 I chatty  : uid=1000 system_server expire 1 line
05-12 15:51:02.533  2185  2222 I chatty  : uid=1000(system) batterystats-sy expire 2 lines
05-12 15:51:03.638  2185  2200 I chatty  : uid=1000(system) Binder:2185_2 expire 3 lines
05-12 15:51:03.690  2185 31361 I chatty  : uid=1000(system) Binder:2185_17 expire 1 line
05-12 15:51:04.050  2185  5138 I chatty  : uid=1000(system) Binder:2185_14 expire 2 lines
05-12 15:51:05.922  2185  3595 I chatty  : uid=1000(system) Binder:2185_8 expire 2 lines
05-12 15:51:05.991  2185  5139 I chatty  : uid=1000(system) Binder:2185_15 expire 1 line
05-12 15:51:08.125  2185 24171 I chatty  : uid=1000(system) Binder:2185_18 expire 2 lines
05-12 15:51:08.166  2185  3698 I chatty  : uid=1000(system) Binder:2185_E expire 10 lines
05-12 15:51:08.409  2185 24173 I chatty  : uid=1000(system) Binder:2185_19 expire 2 lines
05-12 15:51:08.437  2185  2622 I chatty  : uid=1000(system) Binder:2185_4 expire 1 line
05-12 15:51:10.597  2185  3653 I chatty  : uid=1000(system) Binder:2185_9 expire 2 lines
05-12 15:51:10.645  2185  3678 I chatty  : uid=1000(system) Binder:2185_B expire 4 lines
05-12 15:51:31.280  2185  2890 I chatty  : uid=1000(system) Binder:2185_5 expire 1 line
05-12 15:51:32.179  2185 19420 I chatty  : uid=1000(system) Binder:2185_12 expire 1 line
05-12 15:51:32.213  2185  2217 I chatty  : uid=1000(system) android.bg expire 1 line
05-12 15:51:55.029  2185  3565 I chatty  : uid=1000(system) Binder:2185_6 expire 5 lines
05-12 15:51:55.029  2185  2218 I chatty  : uid=1000(system) ActivityManager expire 76 lines
05-12 15:51:55.045  2185  3678 I chatty  : uid=1000(system) Binder:2185_B expire 8 lines
05-12 15:51:55.083  2185  2537 I chatty  : uid=1000(system) ConnectivitySer expire 11 lines
05-12 15:51:59.229  2185 11206 I chatty  : uid=1000(system) Binder:2185_20 expire 5 lines
05-12 15:51:59.231  2185  2255 I chatty  : uid=1000(system) android.fg expire 14 lines
05-12 15:51:59.239  2185 11205 I chatty  : uid=1000(system) Binder:2185_1F expire 1 line
05-12 15:51:59.460  2185  2622 I chatty  : uid=1000(system) Binder:2185_4 expire 5 lines
05-12 15:51:59.471  2185  3725 I chatty  : uid=1000(system) Binder:2185_11 expire 3 lines
05-12 15:51:59.507  2185 24171 I chatty  : uid=1000(system) Binder:2185_18 expire 2 lines
05-12 15:51:59.524  2185  2890 I chatty  : uid=1000(system) Binder:2185_5 expire 4 lines
05-12 15:52:00.002  2185  2504 I chatty  : uid=1000(system) AlarmManager expire 13 lines
05-12 15:52:00.125  2185 25141 I chatty  : uid=1000(system) Binder:2185_1C expire 4 lines
05-12 15:52:10.663  2185 19421 I chatty  : uid=1000(system) Binder:2185_13 expire 1 line
05-12 15:52:10.714  2185  3698 I chatty  : uid=1000(system) Binder:2185_E expire 5 lines
05-12 15:52:11.029  2185  2547 I chatty  : uid=1000(system) Binder:2185_3 expire 4 lines
05-12 15:52:19.391  2185  3595 I chatty  : uid=1000(system) Binder:2185_8 expire 5 lines
05-12 15:52:23.974  2185 25140 I chatty  : uid=1000(system) Binder:2185_1B expire 1 line
05-12 15:52:23.999  2185  3653 I chatty  : uid=1000(system) Binder:2185_9 expire 3 lines
05-12 15:52:24.007  2185 31361 I chatty  : uid=1000(system) Binder:2185_17 expire 3 lines
05-12 15:52:24.086  2185  2200 I chatty  : uid=1000(system) Binder:2185_2 expire 3 lines
05-12 15:52:24.090  2185  4613 I chatty  : uid=1000(system) Binder:2185_1D expire 4 lines
05-12 15:52:34.224  2185  3679 I chatty  : uid=1000(system) Binder:2185_C expire 4 lines
05-12 15:52:40.485  2185  2199 I chatty  : uid=1000(system) Binder:2185_1 expire 1 line
05-12 15:52:40.510  2185  5139 I chatty  : uid=1000(system) Binder:2185_15 expire 2 lines
05-12 15:52:40.542  2185 10699 I chatty  : uid=1000(system) Binder:2185_1E expire 3 lines
05-12 15:52:42.997  2185  3657 I chatty  : uid=1000(system) Binder:2185_A expire 2 lines
05-12 15:52:53.890  2185  3723 I chatty  : uid=1000(system) Binder:2185_10 expire 3 lines
05-12 15:53:03.584  2185 19420 I chatty  : uid=1000(system) Binder:2185_12 expire 2 lines
05-12 15:53:10.718  2185  5138 I chatty  : uid=1000(system) Binder:2185_14 expire 2 lines
05-12 15:53:10.744  2185  8479 I chatty  : uid=1000(system) Binder:2185_16 expire 2 lines
05-12 15:53:10.973  2185 24173 I chatty  : uid=1000(system) Binder:2185_19 expire 1 line
05-12 15:53:22.051  2185  2256 I chatty  : uid=1000(system) android.io expire 2 lines
05-12 15:53:32.738  2185  3593 I chatty  : uid=1000(system) Binder:2185_7 expire 1 line
05-12 15:54:25.114  2185  3707 I chatty  : uid=1000(system) Binder:2185_F expire 1 line
05-12 15:54:39.636  2185 24175 I chatty  : uid=1000(system) Binder:2185_1A expire 1 line
05-12 15:54:54.644  2185  3697 I chatty  : uid=1000(system) Binder:2185_D expire 5 lines
05-12 15:54:54.655  2185  2218 I chatty  : uid=1000(system) ActivityManager expire 55 lines
05-12 15:54:54.667  2185  2622 I chatty  : uid=1000(system) Binder:2185_4 expire 16 lines
05-12 15:54:54.667  2185  2255 I chatty  : uid=1000(system) android.fg expire 5 lines
05-12 15:54:54.675  2185  2890 I chatty  : uid=1000(system) Binder:2185_5 expire 3 lines
05-12 15:54:54.708  2185  3725 I chatty  : uid=1000(system) Binder:2185_11 expire 6 lines
05-12 15:54:54.728  2185 19420 I chatty  : uid=1000(system) Binder:2185_12 expire 1 line
05-12 15:54:54.755  2185  2537 I chatty  : uid=1000(system) ConnectivitySer expire 6 lines
05-12 15:54:59.672  2185  2504 I chatty  : uid=1000(system) AlarmManager expire 14 lines
05-12 15:54:59.784  2185  8479 I chatty  : uid=1000(system) Binder:2185_16 expire 10 lines
05-12 15:55:04.790  2185  5138 I chatty  : uid=1000(system) Binder:2185_14 expire 2 lines
05-12 15:55:04.995  2185 19421 I chatty  : uid=1000(system) Binder:2185_13 expire 1 line
05-12 15:55:10.644  2185  2199 I chatty  : uid=1000(system) Binder:2185_1 expire 1 line
05-12 15:55:11.128 16353 16353 D ActivityThread: Loading provider com.whatsapp.provider.contact: com.whatsapp.contact.ContactProvider
05-12 15:55:11.233  2185  3678 I chatty  : uid=1000(system) Binder:2185_B expire 3 lines
05-12 15:55:11.236  2185 10699 I chatty  : uid=1000(system) Binder:2185_1E expire 6 lines
05-12 15:55:11.295  2185 11206 I chatty  : uid=1000(system) Binder:2185_20 expire 10 lines
05-12 15:55:11.397  2185  3723 I chatty  : uid=1000(system) Binder:2185_10 expire 10 lines
05-12 15:55:11.397  2185  3653 I chatty  : uid=1000(system) Binder:2185_9 expire 4 lines
05-12 15:55:11.405  2185 24171 I chatty  : uid=1000(system) Binder:2185_18 expire 9 lines
05-12 15:55:11.722  2185 24175 I chatty  : uid=1000(system) Binder:2185_1A expire 2 lines
