05-12 13:56:30.626  2185  2255 I chatty  : uid=1000(system) android.fg expire 3 lines
05-12 13:56:30.628  2185  2890 I chatty  : uid=1000(system) Binder:2185_5 expire 4 lines
05-12 13:56:47.607  2185  2547 I chatty  : uid=1000(system) Binder:2185_3 expire 6 lines
05-12 13:56:47.832  2185  2622 I chatty  : uid=1000(system) Binder:2185_4 expire 3 lines
05-12 13:56:55.644  2185  2504 I chatty  : uid=1000(system) AlarmManager expire 8 lines
05-12 13:56:55.677  2185  5139 I chatty  : uid=1000(system) Binder:2185_15 expire 4 lines
05-12 13:57:01.074  2185  2200 I chatty  : uid=1000(system) Binder:2185_2 expire 8 lines
05-12 13:57:03.160  2185  3653 I chatty  : uid=1000(system) Binder:2185_9 expire 4 lines
05-12 13:57:04.025  2185  2185 I chatty  : uid=1000 system_server expire 19 lines
05-12 13:57:04.067  2185  2543 I chatty  : uid=1000(system) onProviders.ECP expire 1 line
05-12 13:57:04.495  2185  3723 I chatty  : uid=1000(system) Binder:2185_10 expire 4 lines
05-12 13:57:04.631  2185 19421 I chatty  : uid=1000(system) Binder:2185_13 expire 4 lines
05-12 13:57:04.648  2185  3678 I chatty  : uid=1000(system) Binder:2185_B expire 3 lines
05-12 13:57:04.679  2185  3707 I chatty  : uid=1000(system) Binder:2185_F expire 4 lines
05-12 13:57:04.691  2185 19420 I chatty  : uid=1000(system) Binder:2185_12 expire 3 lines
05-12 13:57:04.849  2185 31361 I chatty  : uid=1000(system) Binder:2185_17 expire 3 lines
05-12 13:57:04.302  2185  2256 I chatty  : uid=1000(system) android.io expire 4 lines
05-12 13:57:04.311  2185  2199 I chatty  : uid=1000(system) Binder:2185_1 expire 5 lines
05-12 13:57:05.189  2185  3698 I chatty  : uid=1000(system) Binder:2185_E expire 3 lines
05-12 13:57:05.377  2185 24175 I chatty  : uid=1000(system) Binder:2185_1A expire 1 line
05-12 13:57:05.479  2185 25141 I chatty  : uid=1000(system) Binder:2185_1C expire 11 lines
05-12 13:57:05.542 28928 28928 D ActivityThread: Loading provider contacts;com.android.contacts: com.android.providers.contacts.SemcContactsProvider2
05-12 13:57:05.652  2185 11206 I chatty  : uid=1000(system) Binder:2185_20 expire 3 lines
05-12 13:57:06.621  2185  5138 I chatty  : uid=1000(system) Binder:2185_14 expire 5 lines
05-12 13:57:06.717  2185  2218 I chatty  : uid=1000(system) ActivityManager expire 6 lines
05-12 13:57:07.390  2185  2222 I chatty  : uid=1000(system) batterystats-sy expire 1 line
05-12 13:57:07.423  2185 25140 I chatty  : uid=1000(system) Binder:2185_1B expire 2 lines
05-12 13:57:07.423  2185 24173 I chatty  : uid=1000(system) Binder:2185_19 expire 3 lines
05-12 13:57:07.483  2185 11205 I chatty  : uid=1000(system) Binder:2185_1F expire 5 lines
05-12 13:57:07.878  2185  4613 I chatty  : uid=1000(system) Binder:2185_1D expire 2 lines
05-12 13:57:08.924  2185 24171 I chatty  : uid=1000(system) Binder:2185_18 expire 6 lines
05-12 13:57:08.981  2185  8479 I chatty  : uid=1000(system) Binder:2185_16 expire 1 line
05-12 13:57:10.210  2185  3725 I chatty  : uid=1000(system) Binder:2185_11 expire 1 line
05-12 13:57:10.228  2185  3657 I chatty  : uid=1000(system) Binder:2185_A expire 5 lines
05-12 13:57:10.363 29246 29246 D ActivityThread: Loading provider contacts;com.android.contacts: com.android.providers.contacts.SemcContactsProvider2
05-12 13:57:13.499  2185  2504 I chatty  : uid=1000(system) AlarmManager expire 8 lines
05-12 13:57:13.527  2185  3707 I chatty  : uid=1000(system) Binder:2185_F expire 4 lines
05-12 13:57:16.692  2185  2218 I chatty  : uid=1000(system) ActivityManager expire 42 lines
05-12 13:57:16.854  2185 11205 I chatty  : uid=1000(system) Binder:2185_1F expire 5 lines
05-12 13:57:16.889  2185  3725 I chatty  : uid=1000(system) Binder:2185_11 expire 4 lines
05-12 13:57:16.921  2185  2890 I chatty  : uid=1000(system) Binder:2185_5 expire 2 lines
05-12 13:57:16.952  2185 10699 I chatty  : uid=1000(system) Binder:2185_1E expire 7 lines
05-12 13:57:17.685  2185  3679 I chatty  : uid=1000(system) Binder:2185_C expire 1 line
05-12 13:57:17.906  2185 19421 I chatty  : uid=1000(system) Binder:2185_13 expire 6 lines
05-12 13:57:17.931  2185 19420 I chatty  : uid=1000(system) Binder:2185_12 expire 6 lines
05-12 13:57:22.850  2185  3678 I chatty  : uid=1000(system) Binder:2185_B expire 2 lines
05-12 13:57:22.921  2185  3723 I chatty  : uid=1000(system) Binder:2185_10 expire 5 lines
05-12 13:57:22.926  2185  2537 I chatty  : uid=1000(system) ConnectivitySer expire 12 lines
05-12 13:57:22.939  2185  2199 I chatty  : uid=1000(system) Binder:2185_1 expire 4 lines
05-12 13:57:23.120  2185  2255 I chatty  : uid=1000(system) android.fg expire 4 lines
05-12 13:57:26.734  2185 24171 I chatty  : uid=1000(system) Binder:2185_18 expire 4 lines
05-12 13:57:26.842  2185 31361 I chatty  : uid=1000(system) Binder:2185_17 expire 3 lines
05-12 13:57:26.858  2185  2622 I chatty  : uid=1000(system) Binder:2185_4 expire 4 lines
05-12 13:57:26.884  2185  2200 I chatty  : uid=1000(system) Binder:2185_2 expire 4 lines
05-12 13:57:30.405  2185  3595 I chatty  : uid=1000(system) Binder:2185_8 expire 6 lines
05-12 13:57:30.471  2185  8479 I chatty  : uid=1000(system) Binder:2185_16 expire 1 line
05-12 13:57:32.511  2185 24175 I chatty  : uid=1000(system) Binder:2185_1A expire 4 lines
05-12 13:57:36.812  2185  3698 I chatty  : uid=1000(system) Binder:2185_E expire 6 lines
05-12 13:57:36.832  2185 11206 I chatty  : uid=1000(system) Binder:2185_20 expire 3 lines
05-12 13:57:38.063  2185  2222 I chatty  : uid=1000(system) batterystats-sy expire 1 line
05-12 13:57:42.645  2185 24173 I chatty  : uid=1000(system) Binder:2185_19 expire 2 lines
05-12 13:57:48.287  2185  4613 I chatty  : uid=1000(system) Binder:2185_1D expire 3 lines
05-12 13:57:52.762  2185 25141 I chatty  : uid=1000(system) Binder:2185_1C expire 2 lines
05-12 13:57:52.839  2185 25140 I chatty  : uid=1000(system) Binder:2185_1B expire 3 lines
05-12 13:57:57.055  2185  2185 I chatty  : uid=1000 system_server expire 10 lines
05-12 13:57:57.080  2185  2543 I chatty  : uid=1000(system) onProviders.ECP expire 1 line
05-12 13:57:57.463  2185  5139 I chatty  : uid=1000(system) Binder:2185_15 expire 2 lines
05-12 13:57:58.080  2185  2256 I chatty  : uid=1000(system) android.io expire 2 lines
05-12 13:57:59.058  2185  2547 I chatty  : uid=1000(system) Binder:2185_3 expire 4 lines
05-12 13:57:59.195 29919 29919 D ActivityThread: Loading provider contacts;com.android.contacts: com.android.providers.contacts.SemcContactsProvider2
05-12 13:57:59.513  2185  5138 I chatty  : uid=1000(system) Binder:2185_14 expire 3 lines
05-12 13:58:00.583  2185  3653 I chatty  : uid=1000(system) Binder:2185_9 expire 2 lines
05-12 13:58:00.666  2185  3593 I chatty  : uid=1000(system) Binder:2185_7 expire 2 lines
05-12 13:58:00.866  2185  3565 I chatty  : uid=1000(system) Binder:2185_6 expire 2 lines
05-12 13:58:01.929  2185  2218 I chatty  : uid=1000(system) ActivityManager expire 65 lines
05-12 13:58:14.506  2185  2504 I chatty  : uid=1000(system) AlarmManager expire 7 lines
05-12 13:58:14.693  2185 24175 I chatty  : uid=1000(system) Binder:2185_1A expire 5 lines
05-12 13:58:14.721  2185 31361 I chatty  : uid=1000(system) Binder:2185_17 expire 6 lines
05-12 13:58:14.736  2185 19420 I chatty  : uid=1000(system) Binder:2185_12 expire 8 lines
05-12 13:58:14.768  2185  3725 I chatty  : uid=1000(system) Binder:2185_11 expire 11 lines
05-12 13:58:14.797  2185  2200 I chatty  : uid=1000(system) Binder:2185_2 expire 6 lines
05-12 13:58:14.809  2185 24171 I chatty  : uid=1000(system) Binder:2185_18 expire 2 lines
05-12 13:58:14.828  2185 19421 I chatty  : uid=1000(system) Binder:2185_13 expire 8 lines
05-12 13:58:14.833  2185  2537 I chatty  : uid=1000(system) ConnectivitySer expire 16 lines
05-12 13:58:14.842  2185  8479 I chatty  : uid=1000(system) Binder:2185_16 expire 4 lines
05-12 13:58:14.898  2185  2622 I chatty  : uid=1000(system) Binder:2185_4 expire 5 lines
05-12 13:58:14.986  2185  3679 I chatty  : uid=1000(system) Binder:2185_C expire 1 line
05-12 13:58:17.830  2185  3653 I chatty  : uid=1000(system) Binder:2185_9 expire 3 lines
05-12 13:58:17.866  2185  3678 I chatty  : uid=1000(system) Binder:2185_B expire 3 lines
05-12 13:58:22.869  2185  5139 I chatty  : uid=1000(system) Binder:2185_15 expire 2 lines
05-12 13:58:22.955  2185 25140 I chatty  : uid=1000(system) Binder:2185_1B expire 1 line
05-12 13:58:26.433  2185 11205 I chatty  : uid=1000(system) Binder:2185_1F expire 3 lines
05-12 13:58:26.458  2185  2222 I chatty  : uid=1000(system) batterystats-sy expire 4 lines
05-12 13:58:27.524  2185  2256 I chatty  : uid=1000(system) android.io expire 2 lines
05-12 13:58:37.653  2185  3723 I chatty  : uid=1000(system) Binder:2185_10 expire 3 lines
05-12 13:58:40.110  2185  3657 I chatty  : uid=1000(system) Binder:2185_A expire 2 lines
05-12 13:58:40.168  2185  3698 I chatty  : uid=1000(system) Binder:2185_E expire 3 lines
05-12 13:58:40.186  2185  3707 I chatty  : uid=1000(system) Binder:2185_F expire 1 line
05-12 13:58:44.727  2185  3697 I chatty  : uid=1000(system) Binder:2185_D expire 3 lines
05-12 13:58:59.263  2185 24173 I chatty  : uid=1000(system) Binder:2185_19 expire 3 lines
05-12 13:59:02.723  2185  2255 I chatty  : uid=1000(system) android.fg expire 4 lines
05-12 13:59:06.145  2185 11206 I chatty  : uid=1000(system) Binder:2185_20 expire 3 lines
05-12 13:59:15.017  2185  2199 I chatty  : uid=1000(system) Binder:2185_1 expire 2 lines
05-12 13:59:15.233  2185  2185 I chatty  : uid=1000 system_server expire 1 line
05-12 13:59:17.745  2185  2890 I chatty  : uid=1000(system) Binder:2185_5 expire 4 lines
05-12 13:59:18.265  2185  3565 I chatty  : uid=1000(system) Binder:2185_6 expire 2 lines
05-12 13:59:18.705  2185  2547 I chatty  : uid=1000(system) Binder:2185_3 expire 1 line
05-12 13:59:18.731  2185  5138 I chatty  : uid=1000(system) Binder:2185_14 expire 1 line
05-12 13:59:29.674  2185  3595 I chatty  : uid=1000(system) Binder:2185_8 expire 1 line
05-12 13:59:38.579  2185 25141 I chatty  : uid=1000(system) Binder:2185_1C expire 5 lines
05-12 13:59:44.838  2185  2218 I chatty  : uid=1000(system) ActivityManager expire 73 lines
05-12 13:59:44.843  2185 19420 I chatty  : uid=1000(system) Binder:2185_12 expire 4 lines
05-12 13:59:44.867  2185  3723 I chatty  : uid=1000(system) Binder:2185_10 expire 8 lines
05-12 13:59:44.872  2185  2537 I chatty  : uid=1000(system) ConnectivitySer expire 18 lines
05-12 13:59:44.886  2185  3725 I chatty  : uid=1000(system) Binder:2185_11 expire 4 lines
05-12 13:59:54.977  2185  2255 I chatty  : uid=1000(system) android.fg expire 4 lines
05-12 13:59:54.979  2185  4613 I chatty  : uid=1000(system) Binder:2185_1D expire 3 lines
05-12 13:59:55.244  2185  3678 I chatty  : uid=1000(system) Binder:2185_B expire 5 lines
05-12 13:59:56.750  2185  2504 I chatty  : uid=1000(system) AlarmManager expire 7 lines
05-12 13:59:57.644  2185  3565 I chatty  : uid=1000(system) Binder:2185_6 expire 2 lines
05-12 13:59:59.678  2185 24175 I chatty  : uid=1000(system) Binder:2185_1A expire 4 lines
05-12 14:00:01.288  2185  3657 I chatty  : uid=1000(system) Binder:2185_A expire 3 lines
05-12 14:00:01.297  2185  3595 I chatty  : uid=1000(system) Binder:2185_8 expire 2 lines
05-12 14:00:01.347  2185  3697 I chatty  : uid=1000(system) Binder:2185_D expire 2 lines
05-12 14:00:01.364  2185 11206 I chatty  : uid=1000(system) Binder:2185_20 expire 2 lines
05-12 14:00:03.936  2185  3679 I chatty  : uid=1000(system) Binder:2185_C expire 3 lines
05-12 14:00:04.685  2185  3593 I chatty  : uid=1000(system) Binder:2185_7 expire 3 lines
05-12 14:00:15.063  2185 19421 I chatty  : uid=1000(system) Binder:2185_13 expire 4 lines
05-12 14:00:20.342  2185  2622 I chatty  : uid=1000(system) Binder:2185_4 expire 5 lines
05-12 14:00:20.347  2185  2199 I chatty  : uid=1000(system) Binder:2185_1 expire 2 lines
05-12 14:00:20.733  2185  2547 I chatty  : uid=1000(system) Binder:2185_3 expire 1 line
05-12 14:00:20.761  2185  5139 I chatty  : uid=1000(system) Binder:2185_15 expire 1 line
05-12 14:00:20.905  2185  3707 I chatty  : uid=1000(system) Binder:2185_F expire 5 lines
05-12 14:00:20.906  2185 31361 I chatty  : uid=1000(system) Binder:2185_17 expire 1 line
05-12 14:00:26.939  2185 25140 I chatty  : uid=1000(system) Binder:2185_1B expire 5 lines
05-12 14:00:26.964  2185 24173 I chatty  : uid=1000(system) Binder:2185_19 expire 4 lines
05-12 14:00:27.013  2185 24171 I chatty  : uid=1000(system) Binder:2185_18 expire 2 lines
05-12 14:00:27.025  2185  2200 I chatty  : uid=1000(system) Binder:2185_2 expire 2 lines
05-12 14:00:27.784  2185  5138 I chatty  : uid=1000(system) Binder:2185_14 expire 3 lines
05-12 14:00:36.147  2185  3698 I chatty  : uid=1000(system) Binder:2185_E expire 2 lines
05-12 14:00:40.029  2185 11205 I chatty  : uid=1000(system) Binder:2185_1F expire 1 line
05-12 14:00:43.343  2185  3653 I chatty  : uid=1000(system) Binder:2185_9 expire 3 lines
05-12 14:00:46.458  2185  8479 I chatty  : uid=1000(system) Binder:2185_16 expire 5 lines
05-12 14:01:04.654  2185  2218 I chatty  : uid=1000(system) ActivityManager expire 81 lines
05-12 14:01:04.843  2185 11206 I chatty  : uid=1000(system) Binder:2185_20 expire 3 lines
05-12 14:01:04.855  2185  4613 I chatty  : uid=1000(system) Binder:2185_1D expire 3 lines
05-12 14:01:04.907  2185  2537 I chatty  : uid=1000(system) ConnectivitySer expire 12 lines
05-12 14:01:04.919  2185  3657 I chatty  : uid=1000(system) Binder:2185_A expire 9 lines
05-12 14:01:05.128  2185  3697 I chatty  : uid=1000(system) Binder:2185_D expire 5 lines
05-12 14:01:05.150  2185 24173 I chatty  : uid=1000(system) Binder:2185_19 expire 4 lines
05-12 14:01:05.154  2185  2199 I chatty  : uid=1000(system) Binder:2185_1 expire 5 lines
05-12 14:01:05.176  2185  3698 I chatty  : uid=1000(system) Binder:2185_E expire 5 lines
05-12 14:01:05.178  2185 24171 I chatty  : uid=1000(system) Binder:2185_18 expire 2 lines
05-12 14:01:05.415  2185  2890 I chatty  : uid=1000(system) Binder:2185_5 expire 2 lines
05-12 14:01:06.891  2185  3707 I chatty  : uid=1000(system) Binder:2185_F expire 2 lines
05-12 14:01:08.954  2185 19420 I chatty  : uid=1000(system) Binder:2185_12 expire 5 lines
05-12 14:01:08.956  2185 25141 I chatty  : uid=1000(system) Binder:2185_1C expire 4 lines
05-12 14:01:08.989  2185 19421 I chatty  : uid=1000(system) Binder:2185_13 expire 2 lines
05-12 14:01:09.004  2185  2200 I chatty  : uid=1000(system) Binder:2185_2 expire 3 lines
05-12 14:01:13.154  2185  3593 I chatty  : uid=1000(system) Binder:2185_7 expire 1 line
05-12 14:01:13.566  2185 25140 I chatty  : uid=1000(system) Binder:2185_1B expire 4 lines
05-12 14:01:14.676  2185  2504 I chatty  : uid=1000(system) AlarmManager expire 7 lines
05-12 14:01:14.766  2185  2519 I chatty  : uid=1000(system) NetworkStats expire 2 lines
05-12 14:01:14.783  2185  3723 I chatty  : uid=1000(system) Binder:2185_10 expire 1 line
05-12 14:01:14.790  2185  3653 I chatty  : uid=1000(system) Binder:2185_9 expire 2 lines
05-12 14:01:25.470  2185 11205 I chatty  : uid=1000(system) Binder:2185_1F expire 5 lines
05-12 14:01:27.760  2185 31361 I chatty  : uid=1000(system) Binder:2185_17 expire 4 lines
05-12 14:01:28.128  2185  5139 I chatty  : uid=1000(system) Binder:2185_15 expire 1 line
05-12 14:01:33.750  2185  3725 I chatty  : uid=1000(system) Binder:2185_11 expire 2 lines
05-12 14:01:33.787  2185  3595 I chatty  : uid=1000(system) Binder:2185_8 expire 2 lines
05-12 14:01:33.794  2185  3565 I chatty  : uid=1000(system) Binder:2185_6 expire 2 lines
05-12 14:01:33.839  2185  2622 I chatty  : uid=1000(system) Binder:2185_4 expire 1 line
05-12 14:01:35.705  2185  5138 I chatty  : uid=1000(system) Binder:2185_14 expire 4 lines
05-12 14:01:37.402  2185 24175 I chatty  : uid=1000(system) Binder:2185_1A expire 1 line
05-12 14:01:37.654  2185 10699 I chatty  : uid=1000(system) Binder:2185_1E expire 1 line
05-12 14:01:43.078  2185  3679 I chatty  : uid=1000(system) Binder:2185_C expire 2 lines
05-12 14:01:53.181  2185  2255 I chatty  : uid=1000(system) android.fg expire 1 line
05-12 14:01:54.123  2185  3678 I chatty  : uid=1000(system) Binder:2185_B expire 1 line
05-12 14:01:54.022  2185  2185 I chatty  : uid=1000 system_server expire 12 lines
05-12 14:01:54.037  2185  2218 I chatty  : uid=1000(system) ActivityManager expire 40 lines
05-12 14:01:54.061  2185  2543 I chatty  : uid=1000(system) onProviders.ECP expire 1 line
05-12 14:01:54.489  2185  3565 I chatty  : uid=1000(system) Binder:2185_6 expire 4 lines
05-12 14:01:54.659  2185 11206 I chatty  : uid=1000(system) Binder:2185_20 expire 2 lines
05-12 14:01:54.669  2185  2200 I chatty  : uid=1000(system) Binder:2185_2 expire 1 line
05-12 14:01:54.670  2185  3725 I chatty  : uid=1000(system) Binder:2185_11 expire 6 lines
05-12 14:01:54.677  2185  3678 I chatty  : uid=1000(system) Binder:2185_B expire 11 lines
05-12 14:01:54.677  2185  2255 I chatty  : uid=1000(system) android.fg expire 1 line
05-12 14:01:54.702  2185 19420 I chatty  : uid=1000(system) Binder:2185_12 expire 4 lines
05-12 14:01:54.706  2185  2537 I chatty  : uid=1000(system) ConnectivitySer expire 9 lines
05-12 14:01:54.717  2185  3698 I chatty  : uid=1000(system) Binder:2185_E expire 6 lines
05-12 14:01:54.939  2185  4613 I chatty  : uid=1000(system) Binder:2185_1D expire 1 line
05-12 14:01:55.181  2185  2622 I chatty  : uid=1000(system) Binder:2185_4 expire 4 lines
05-12 14:01:55.184  2185  3679 I chatty  : uid=1000(system) Binder:2185_C expire 8 lines
05-12 14:01:55.236  2185  2256 I chatty  : uid=1000(system) android.io expire 2 lines
05-12 14:01:55.359  2185  3657 I chatty  : uid=1000(system) Binder:2185_A expire 5 lines
05-12 14:01:56.052  2185  3707 I chatty  : uid=1000(system) Binder:2185_F expire 4 lines
05-12 14:01:56.095  2185  2199 I chatty  : uid=1000(system) Binder:2185_1 expire 4 lines
05-12 14:01:56.126  2185  3593 I chatty  : uid=1000(system) Binder:2185_7 expire 7 lines
05-12 14:01:56.285  2185 25141 I chatty  : uid=1000(system) Binder:2185_1C expire 11 lines
05-12 14:01:56.287 31252 31252 D ActivityThread: Loading provider contacts;com.android.contacts: com.android.providers.contacts.SemcContactsProvider2
05-12 14:01:56.631  2185 10699 I chatty  : uid=1000(system) Binder:2185_1E expire 2 lines
05-12 14:01:56.944  2185  2504 I chatty  : uid=1000(system) AlarmManager expire 5 lines
05-12 14:01:57.496  2185  3653 I chatty  : uid=1000(system) Binder:2185_9 expire 9 lines
05-12 14:01:57.855  2185 11205 I chatty  : uid=1000(system) Binder:2185_1F expire 7 lines
05-12 14:01:58.138  2185  2222 I chatty  : uid=1000(system) batterystats-sy expire 4 lines
05-12 14:01:58.713  2185  2890 I chatty  : uid=1000(system) Binder:2185_5 expire 3 lines
05-12 14:01:58.887  2185  5138 I chatty  : uid=1000(system) Binder:2185_14 expire 2 lines
05-12 14:01:59.863  2185 25140 I chatty  : uid=1000(system) Binder:2185_1B expire 2 lines
05-12 14:01:59.899  2185 24171 I chatty  : uid=1000(system) Binder:2185_18 expire 3 lines
05-12 14:01:59.912  2185 31361 I chatty  : uid=1000(system) Binder:2185_17 expire 1 line
05-12 14:02:00.084  2185  3595 I chatty  : uid=1000(system) Binder:2185_8 expire 1 line
05-12 14:02:00.132  2185  3697 I chatty  : uid=1000(system) Binder:2185_D expire 2 lines
05-12 14:02:00.173  2185  2220 I chatty  : uid=1000(system) ActivityManager expire 1 line
05-12 14:02:00.245  2185 19421 I chatty  : uid=1000(system) Binder:2185_13 expire 2 lines
05-12 14:02:06.210  2185  2258 I chatty  : uid=1000(system) android.display expire 2 lines
05-12 14:02:09.942  2185  8479 I chatty  : uid=1000(system) Binder:2185_16 expire 2 lines
05-12 14:02:15.049  2185  5139 I chatty  : uid=1000(system) Binder:2185_15 expire 2 lines
05-12 14:02:19.139  2185 19420 I chatty  : uid=1000(system) Binder:2185_12 expire 4 lines
05-12 14:02:20.411  2185  3593 I chatty  : uid=1000(system) Binder:2185_7 expire 5 lines
05-12 14:02:20.961  2185 10699 I chatty  : uid=1000(system) Binder:2185_1E expire 3 lines
05-12 14:02:20.976  2185  3565 I chatty  : uid=1000(system) Binder:2185_6 expire 3 lines
05-12 14:02:21.475  2185  3653 I chatty  : uid=1000(system) Binder:2185_9 expire 3 lines
05-12 14:02:21.673  2185 31361 I chatty  : uid=1000(system) Binder:2185_17 expire 4 lines
05-12 14:02:21.674  2185  2218 I chatty  : uid=1000(system) ActivityManager expire 34 lines
05-12 14:02:29.073  2185 25140 I chatty  : uid=1000(system) Binder:2185_1B expire 5 lines
05-12 14:02:31.680  2185 24175 I chatty  : uid=1000(system) Binder:2185_1A expire 1 line
05-12 14:02:37.598  2185 11206 I chatty  : uid=1000(system) Binder:2185_20 expire 7 lines
05-12 14:02:37.617  2185  3725 I chatty  : uid=1000(system) Binder:2185_11 expire 2 lines
05-12 14:02:37.619  2185  3679 I chatty  : uid=1000(system) Binder:2185_C expire 4 lines
05-12 14:02:37.649  2185  3698 I chatty  : uid=1000(system) Binder:2185_E expire 2 lines
05-12 14:02:37.650  2185 25141 I chatty  : uid=1000(system) Binder:2185_1C expire 2 lines
05-12 14:02:37.880  2185  2622 I chatty  : uid=1000(system) Binder:2185_4 expire 3 lines
05-12 14:02:37.916  2185 11205 I chatty  : uid=1000(system) Binder:2185_1F expire 2 lines
05-12 14:02:41.027  2185  2200 I chatty  : uid=1000(system) Binder:2185_2 expire 6 lines
05-12 14:02:41.060  2185  3697 I chatty  : uid=1000(system) Binder:2185_D expire 3 lines
05-12 14:02:41.064  2185  2537 I chatty  : uid=1000(system) ConnectivitySer expire 18 lines
05-12 14:02:41.073  2185 19421 I chatty  : uid=1000(system) Binder:2185_13 expire 1 line
05-12 14:02:48.039  2185  2255 I chatty  : uid=1000(system) android.fg expire 4 lines
05-12 14:02:48.042  2185  8479 I chatty  : uid=1000(system) Binder:2185_16 expire 6 lines
05-12 14:02:48.936  2185  3657 I chatty  : uid=1000(system) Binder:2185_A expire 2 lines
05-12 14:02:49.158  2185  3723 I chatty  : uid=1000(system) Binder:2185_10 expire 3 lines
05-12 14:02:49.179  2185  2199 I chatty  : uid=1000(system) Binder:2185_1 expire 2 lines
05-12 14:03:00.003  2185  2504 I chatty  : uid=1000(system) AlarmManager expire 5 lines
05-12 14:03:09.010  2185  2547 I chatty  : uid=1000(system) Binder:2185_3 expire 3 lines
05-12 14:03:16.139  2185  4613 I chatty  : uid=1000(system) Binder:2185_1D expire 6 lines
05-12 14:03:16.515  2185  3678 I chatty  : uid=1000(system) Binder:2185_B expire 2 lines
05-12 14:03:17.344  2185  2890 I chatty  : uid=1000(system) Binder:2185_5 expire 3 lines
05-12 14:03:17.369   774 31870 W SocketClient: write error (Broken pipe)
05-12 14:03:17.436  2185  2218 I chatty  : uid=1000(system) ActivityManager expire 37 lines
05-12 14:03:18.125  2185  3595 I chatty  : uid=1000(system) Binder:2185_8 expire 4 lines
05-12 14:03:38.317  2185  3707 I chatty  : uid=1000(system) Binder:2185_F expire 4 lines
05-12 14:03:55.266  2185  3698 I chatty  : uid=1000(system) Binder:2185_E expire 2 lines
05-12 14:03:55.278  2185  2218 I chatty  : uid=1000(system) ActivityManager expire 78 lines
05-12 14:03:55.314  2185  3725 I chatty  : uid=1000(system) Binder:2185_11 expire 4 lines
05-12 14:03:55.318  2185  2537 I chatty  : uid=1000(system) ConnectivitySer expire 18 lines
05-12 14:03:55.327  2185  3678 I chatty  : uid=1000(system) Binder:2185_B expire 2 lines
05-12 14:03:56.269  2185 11206 I chatty  : uid=1000(system) Binder:2185_20 expire 2 lines
05-12 14:03:56.009  2185 24173 I chatty  : uid=1000(system) Binder:2185_19 expire 6 lines
05-12 14:03:56.686  2185  5139 I chatty  : uid=1000(system) Binder:2185_15 expire 5 lines
05-12 14:03:56.702  2185 25140 I chatty  : uid=1000(system) Binder:2185_1B expire 1 line
05-12 14:03:56.750  2185  3679 I chatty  : uid=1000(system) Binder:2185_C expire 3 lines
05-12 14:03:56.770  2185  2199 I chatty  : uid=1000(system) Binder:2185_1 expire 2 lines
05-12 14:03:59.705  2185  2504 I chatty  : uid=1000(system) AlarmManager expire 10 lines
05-12 14:03:59.841  2185  3595 I chatty  : uid=1000(system) Binder:2185_8 expire 4 lines
05-12 14:04:01.164  2185  5138 I chatty  : uid=1000(system) Binder:2185_14 expire 3 lines
05-12 14:04:02.675  2185 10699 I chatty  : uid=1000(system) Binder:2185_1E expire 4 lines
05-12 14:04:02.711  2185  2890 I chatty  : uid=1000(system) Binder:2185_5 expire 3 lines
05-12 14:04:02.712  2185 19421 I chatty  : uid=1000(system) Binder:2185_13 expire 3 lines
05-12 14:04:02.889  2185 25141 I chatty  : uid=1000(system) Binder:2185_1C expire 3 lines
05-12 14:04:02.941  2185  2622 I chatty  : uid=1000(system) Binder:2185_4 expire 7 lines
05-12 14:04:05.552  2185  3565 I chatty  : uid=1000(system) Binder:2185_6 expire 2 lines
05-12 14:04:06.171  2185  4613 I chatty  : uid=1000(system) Binder:2185_1D expire 4 lines
05-12 14:04:06.969  2185  8479 I chatty  : uid=1000(system) Binder:2185_16 expire 1 line
05-12 14:04:07.018  2185  2200 I chatty  : uid=1000(system) Binder:2185_2 expire 4 lines
05-12 14:04:07.174  2185 24175 I chatty  : uid=1000(system) Binder:2185_1A expire 1 line
05-12 14:04:09.056  2185  3697 I chatty  : uid=1000(system) Binder:2185_D expire 1 line
05-12 14:04:09.059  2185 11205 I chatty  : uid=1000(system) Binder:2185_1F expire 2 lines
05-12 14:04:09.236  2185 31361 I chatty  : uid=1000(system) Binder:2185_17 expire 2 lines
05-12 14:04:09.319  2185  3657 I chatty  : uid=1000(system) Binder:2185_A expire 2 lines
05-12 14:04:19.189  2185  3653 I chatty  : uid=1000(system) Binder:2185_9 expire 1 line
05-12 14:04:19.236  2185 24171 I chatty  : uid=1000(system) Binder:2185_18 expire 2 lines
05-12 14:04:20.294  2185 19420 I chatty  : uid=1000(system) Binder:2185_12 expire 2 lines
05-12 14:04:21.423  2185  3593 I chatty  : uid=1000(system) Binder:2185_7 expire 2 lines
05-12 14:04:45.660  2185  2547 I chatty  : uid=1000(system) Binder:2185_3 expire 6 lines
05-12 14:05:00.768  2185 24173 I chatty  : uid=1000(system) Binder:2185_19 expire 6 lines
05-12 14:05:02.226  2185  3707 I chatty  : uid=1000(system) Binder:2185_F expire 8 lines
05-12 14:05:02.229  2185  2218 I chatty  : uid=1000(system) ActivityManager expire 57 lines
05-12 14:05:02.229  2185  3679 I chatty  : uid=1000(system) Binder:2185_C expire 3 lines
05-12 14:05:02.257  2185  3653 I chatty  : uid=1000(system) Binder:2185_9 expire 4 lines
05-12 14:05:02.264  2185  2537 I chatty  : uid=1000(system) ConnectivitySer expire 12 lines
05-12 14:05:02.661  2185  2504 I chatty  : uid=1000(system) AlarmManager expire 4 lines
05-12 14:05:02.692  2185 24175 I chatty  : uid=1000(system) Binder:2185_1A expire 2 lines
05-12 14:05:02.985  2185  3657 I chatty  : uid=1000(system) Binder:2185_A expire 4 lines
05-12 14:05:05.545  2185 19421 I chatty  : uid=1000(system) Binder:2185_13 expire 2 lines
05-12 14:05:07.609  2185  2199 I chatty  : uid=1000(system) Binder:2185_1 expire 3 lines
05-12 14:05:08.265  2185  5139 I chatty  : uid=1000(system) Binder:2185_15 expire 3 lines
05-12 14:05:08.269  2185  5138 I chatty  : uid=1000(system) Binder:2185_14 expire 4 lines
05-12 14:05:08.346  2185 10699 I chatty  : uid=1000(system) Binder:2185_1E expire 3 lines
05-12 14:05:09.077  2185  8479 I chatty  : uid=1000(system) Binder:2185_16 expire 4 lines
05-12 14:05:11.599  2185  3697 I chatty  : uid=1000(system) Binder:2185_D expire 3 lines
05-12 14:05:11.601  2185  3595 I chatty  : uid=1000(system) Binder:2185_8 expire 4 lines
05-12 14:05:12.195  2185  3725 I chatty  : uid=1000(system) Binder:2185_11 expire 1 line
05-12 14:05:12.921  2185  2258 I chatty  : uid=1000(system) android.display expire 2 lines
05-12 14:05:15.233  2185 24171 I chatty  : uid=1000(system) Binder:2185_18 expire 1 line
05-12 14:05:17.224  2185 11205 I chatty  : uid=1000(system) Binder:2185_1F expire 4 lines
05-12 14:05:17.238  2185  2200 I chatty  : uid=1000(system) Binder:2185_2 expire 2 lines
05-12 14:05:17.461  2185 11206 I chatty  : uid=1000(system) Binder:2185_20 expire 2 lines
05-12 14:05:17.543  2185  3565 I chatty  : uid=1000(system) Binder:2185_6 expire 3 lines
05-12 14:05:21.893  2185  3723 I chatty  : uid=1000(system) Binder:2185_10 expire 1 line
05-12 14:05:21.896  2185  3698 I chatty  : uid=1000(system) Binder:2185_E expire 1 line
05-12 14:05:26.992  2185  2185 I chatty  : uid=1000 system_server expire 2 lines
05-12 14:05:27.030  2185  2222 I chatty  : uid=1000(system) batterystats-sy expire 3 lines
05-12 14:05:27.062  2185 19420 I chatty  : uid=1000(system) Binder:2185_12 expire 3 lines
05-12 14:05:37.999  2185 25141 I chatty  : uid=1000(system) Binder:2185_1C expire 4 lines
05-12 14:05:38.014  2185 25140 I chatty  : uid=1000(system) Binder:2185_1B expire 1 line
05-12 14:05:38.995  2185  2506 I chatty  : uid=1000(system) InputDispatcher expire 2 lines
05-12 14:05:40.298 12248 32273 E ActivityThread: Failed to find provider info for com.facebook.katana.provider.AttributionIdProvider
05-12 14:05:40.999  2185  2218 I chatty  : uid=1000(system) ActivityManager expire 22 lines
05-12 14:05:52.231  2185  4613 I chatty  : uid=1000(system) Binder:2185_1D expire 1 line
05-12 14:05:57.135  2185  3593 I chatty  : uid=1000(system) Binder:2185_7 expire 1 line
05-12 14:06:07.292  2185 31361 I chatty  : uid=1000(system) Binder:2185_17 expire 5 lines
05-12 14:06:07.302  2185  2218 I chatty  : uid=1000(system) ActivityManager expire 73 lines
05-12 14:06:07.358  2185  3679 I chatty  : uid=1000(system) Binder:2185_C expire 1 line
05-12 14:06:07.366  2185  2537 I chatty  : uid=1000(system) ConnectivitySer expire 18 lines
05-12 14:06:07.368  2185  3707 I chatty  : uid=1000(system) Binder:2185_F expire 2 lines
05-12 14:06:09.468  2185  2890 I chatty  : uid=1000(system) Binder:2185_5 expire 4 lines
05-12 14:06:09.530  2185  3678 I chatty  : uid=1000(system) Binder:2185_B expire 8 lines
05-12 14:06:09.724  2185 11206 I chatty  : uid=1000(system) Binder:2185_20 expire 4 lines
05-12 14:06:09.741  2185 24175 I chatty  : uid=1000(system) Binder:2185_1A expire 5 lines
05-12 14:06:09.796  2185  8479 I chatty  : uid=1000(system) Binder:2185_16 expire 4 lines
05-12 14:06:14.755  2185  2504 I chatty  : uid=1000(system) AlarmManager expire 9 lines
05-12 14:06:19.467  2185  2199 I chatty  : uid=1000(system) Binder:2185_1 expire 3 lines
05-12 14:06:22.303  2185  3595 I chatty  : uid=1000(system) Binder:2185_8 expire 3 lines
05-12 14:06:31.617  2185  3697 I chatty  : uid=1000(system) Binder:2185_D expire 4 lines
05-12 14:06:31.619  2185 19420 I chatty  : uid=1000(system) Binder:2185_12 expire 1 line
05-12 14:06:31.623  2185 24171 I chatty  : uid=1000(system) Binder:2185_18 expire 6 lines
05-12 14:06:31.656  2185  3653 I chatty  : uid=1000(system) Binder:2185_9 expire 4 lines
05-12 14:06:31.674  2185  5139 I chatty  : uid=1000(system) Binder:2185_15 expire 3 lines
05-12 14:06:37.070  2185  2200 I chatty  : uid=1000(system) Binder:2185_2 expire 3 lines
05-12 14:06:37.538  2185 19421 I chatty  : uid=1000(system) Binder:2185_13 expire 2 lines
05-12 14:06:37.587  2185  3698 I chatty  : uid=1000(system) Binder:2185_E expire 3 lines
05-12 14:06:37.679  2185  3593 I chatty  : uid=1000(system) Binder:2185_7 expire 3 lines
05-12 14:06:38.067  2185  3657 I chatty  : uid=1000(system) Binder:2185_A expire 4 lines
05-12 14:06:38.540  2185  3723 I chatty  : uid=1000(system) Binder:2185_10 expire 2 lines
05-12 14:06:39.673  2185  3725 I chatty  : uid=1000(system) Binder:2185_11 expire 3 lines
05-12 14:06:40.752  2185  3565 I chatty  : uid=1000(system) Binder:2185_6 expire 2 lines
05-12 14:06:42.448  2185  2547 I chatty  : uid=1000(system) Binder:2185_3 expire 3 lines
05-12 14:07:00.544  2185 11205 I chatty  : uid=1000(system) Binder:2185_1F expire 1 line
05-12 14:07:07.087  2185 25140 I chatty  : uid=1000(system) Binder:2185_1B expire 1 line
05-12 14:07:12.404  2185  5138 I chatty  : uid=1000(system) Binder:2185_14 expire 1 line
05-12 14:07:15.853  2185 25141 I chatty  : uid=1000(system) Binder:2185_1C expire 1 line
05-12 14:07:16.117  2185  2622 I chatty  : uid=1000(system) Binder:2185_4 expire 1 line
05-12 14:07:19.149  2185 10699 I chatty  : uid=1000(system) Binder:2185_1E expire 3 lines
05-12 14:07:19.152  2185  2218 I chatty  : uid=1000(system) ActivityManager expire 81 lines
05-12 14:07:21.593  2185  2200 I chatty  : uid=1000(system) Binder:2185_2 expire 5 lines
05-12 14:07:22.777  2185  3595 I chatty  : uid=1000(system) Binder:2185_8 expire 7 lines
05-12 14:07:23.309  2185  3657 I chatty  : uid=1000(system) Binder:2185_A expire 1 line
05-12 14:07:23.328  2185  4613 I chatty  : uid=1000(system) Binder:2185_1D expire 2 lines
05-12 14:07:23.352  2185 19421 I chatty  : uid=1000(system) Binder:2185_13 expire 3 lines
05-12 14:07:23.355  2185 31361 I chatty  : uid=1000(system) Binder:2185_17 expire 4 lines
05-12 14:07:23.576  2185  3653 I chatty  : uid=1000(system) Binder:2185_9 expire 6 lines
05-12 14:07:23.630  2185  2890 I chatty  : uid=1000(system) Binder:2185_5 expire 7 lines
05-12 14:07:23.659  2185  8479 I chatty  : uid=1000(system) Binder:2185_16 expire 1 line
05-12 14:07:23.715  2185  3707 I chatty  : uid=1000(system) Binder:2185_F expire 5 lines
05-12 14:07:26.657  2185  3697 I chatty  : uid=1000(system) Binder:2185_D expire 4 lines
05-12 14:07:26.947  2185  2256 I chatty  : uid=1000(system) android.io expire 2 lines
05-12 14:07:42.520  2185  2217 I chatty  : uid=1000(system) android.bg expire 1 line
05-12 14:07:48.114  2185  3698 I chatty  : uid=1000(system) Binder:2185_E expire 4 lines
05-12 14:07:48.121  2185 19420 I chatty  : uid=1000(system) Binder:2185_12 expire 1 line
05-12 14:07:48.168  2185 24171 I chatty  : uid=1000(system) Binder:2185_18 expire 3 lines
05-12 14:07:48.175  2185  2537 I chatty  : uid=1000(system) ConnectivitySer expire 12 lines
05-12 14:07:49.104  2185  3678 I chatty  : uid=1000(system) Binder:2185_B expire 4 lines
05-12 14:07:49.264  2185 25141 I chatty  : uid=1000(system) Binder:2185_1C expire 2 lines
05-12 14:07:49.278  2185 24173 I chatty  : uid=1000(system) Binder:2185_19 expire 1 line
05-12 14:07:49.279  2185 24175 I chatty  : uid=1000(system) Binder:2185_1A expire 2 lines
05-12 14:07:49.298  2185  5139 I chatty  : uid=1000(system) Binder:2185_15 expire 3 lines
05-12 14:07:49.503  2185 11206 I chatty  : uid=1000(system) Binder:2185_20 expire 2 lines
05-12 14:07:49.586  2185  3593 I chatty  : uid=1000(system) Binder:2185_7 expire 1 line
05-12 14:07:50.093  2185 25140 I chatty  : uid=1000(system) Binder:2185_1B expire 3 lines
05-12 14:07:55.283  2185  3725 I chatty  : uid=1000(system) Binder:2185_11 expire 3 lines
05-12 14:08:00.001  2185  2504 I chatty  : uid=1000(system) AlarmManager expire 4 lines
05-12 14:08:00.256  2185  3723 I chatty  : uid=1000(system) Binder:2185_10 expire 1 line
05-12 14:08:01.504  2185  2258 I chatty  : uid=1000(system) android.display expire 1 line
05-12 14:08:10.423  2185  5138 I chatty  : uid=1000(system) Binder:2185_14 expire 2 lines
05-12 14:08:12.690  2185  2622 I chatty  : uid=1000(system) Binder:2185_4 expire 3 lines
05-12 14:08:15.534  2185 11205 I chatty  : uid=1000(system) Binder:2185_1F expire 1 line
05-12 14:08:15.590  2185  2547 I chatty  : uid=1000(system) Binder:2185_3 expire 1 line
05-12 14:08:15.773  2185  2199 I chatty  : uid=1000(system) Binder:2185_1 expire 4 lines
05-12 14:08:27.683  2185  3653 I chatty  : uid=1000(system) Binder:2185_9 expire 2 lines
05-12 14:08:27.684  2185  2218 I chatty  : uid=1000(system) ActivityManager expire 81 lines
05-12 14:08:27.699  2185  2547 I chatty  : uid=1000(system) Binder:2185_3 expire 3 lines
05-12 14:08:27.701  2185 11205 I chatty  : uid=1000(system) Binder:2185_1F expire 5 lines
05-12 14:08:27.721  2185  3723 I chatty  : uid=1000(system) Binder:2185_10 expire 2 lines
05-12 14:08:27.723  2185  2622 I chatty  : uid=1000(system) Binder:2185_4 expire 3 lines
05-12 14:08:27.907  2185  3565 I chatty  : uid=1000(system) Binder:2185_6 expire 4 lines
05-12 14:08:28.014  2185  3657 I chatty  : uid=1000(system) Binder:2185_A expire 2 lines
05-12 14:08:31.106  2185  8479 I chatty  : uid=1000(system) Binder:2185_16 expire 3 lines
05-12 14:08:31.152  2185  2537 I chatty  : uid=1000(system) ConnectivitySer expire 12 lines
05-12 14:08:31.159  2185  3707 I chatty  : uid=1000(system) Binder:2185_F expire 3 lines
05-12 14:08:32.938  2185  5138 I chatty  : uid=1000(system) Binder:2185_14 expire 3 lines
05-12 14:08:33.192  2185 19421 I chatty  : uid=1000(system) Binder:2185_13 expire 4 lines
05-12 14:08:33.208  2185  3698 I chatty  : uid=1000(system) Binder:2185_E expire 2 lines
05-12 14:08:33.258  2185  3697 I chatty  : uid=1000(system) Binder:2185_D expire 5 lines
05-12 14:08:33.275  2185 31361 I chatty  : uid=1000(system) Binder:2185_17 expire 1 line
05-12 14:08:33.296  2185  3679 I chatty  : uid=1000(system) Binder:2185_C expire 2 lines
05-12 14:08:33.477  2185 25141 I chatty  : uid=1000(system) Binder:2185_1C expire 4 lines
05-12 14:08:33.481  2185  2504 I chatty  : uid=1000(system) AlarmManager expire 5 lines
05-12 14:08:33.565  2185 19420 I chatty  : uid=1000(system) Binder:2185_12 expire 4 lines
05-12 14:08:36.262  2185  2890 I chatty  : uid=1000(system) Binder:2185_5 expire 3 lines
05-12 14:08:37.387  2185  3595 I chatty  : uid=1000(system) Binder:2185_8 expire 4 lines
05-12 14:08:39.403  2185 10699 I chatty  : uid=1000(system) Binder:2185_1E expire 3 lines
05-12 14:08:39.570  2185  4613 I chatty  : uid=1000(system) Binder:2185_1D expire 2 lines
05-12 14:08:42.090  2185  3678 I chatty  : uid=1000(system) Binder:2185_B expire 3 lines
05-12 14:08:45.081  2185  2185 I chatty  : uid=1000 system_server expire 1 line
05-12 14:08:47.082  2185 24173 I chatty  : uid=1000(system) Binder:2185_19 expire 1 line
05-12 14:08:47.106  2185  5139 I chatty  : uid=1000(system) Binder:2185_15 expire 2 lines
05-12 14:08:47.362  2185 24171 I chatty  : uid=1000(system) Binder:2185_18 expire 1 line
05-12 14:08:52.438  2185  2258 I chatty  : uid=1000(system) android.display expire 1 line
05-12 14:08:53.283  2185  2200 I chatty  : uid=1000(system) Binder:2185_2 expire 2 lines
05-12 14:08:54.495  2185 25140 I chatty  : uid=1000(system) Binder:2185_1B expire 1 line
05-12 14:08:54.659  2185 11206 I chatty  : uid=1000(system) Binder:2185_20 expire 4 lines
05-12 14:08:54.730  2185  3725 I chatty  : uid=1000(system) Binder:2185_11 expire 2 lines
05-12 14:08:58.502  2185  3593 I chatty  : uid=1000(system) Binder:2185_7 expire 3 lines
05-12 14:09:06.296  2185  2622 I chatty  : uid=1000(system) Binder:2185_4 expire 4 lines
05-12 14:09:06.297  2185  2218 I chatty  : uid=1000(system) ActivityManager expire 20 lines
05-12 14:09:06.327  2185  4613 I chatty  : uid=1000(system) Binder:2185_1D expire 6 lines
05-12 14:09:14.212  2185 19421 I chatty  : uid=1000(system) Binder:2185_13 expire 7 lines
05-12 14:09:14.214  2185 11205 I chatty  : uid=1000(system) Binder:2185_1F expire 3 lines
05-12 14:09:16.100  2185  2504 I chatty  : uid=1000(system) AlarmManager expire 6 lines
05-12 14:09:16.288  2185  3653 I chatty  : uid=1000(system) Binder:2185_9 expire 3 lines
05-12 14:09:25.547  2185  3707 I chatty  : uid=1000(system) Binder:2185_F expire 4 lines
05-12 14:09:25.556  2185  2199 I chatty  : uid=1000(system) Binder:2185_1 expire 7 lines
05-12 14:09:25.603  2185  3679 I chatty  : uid=1000(system) Binder:2185_C expire 3 lines
05-12 14:09:25.610  2185  2537 I chatty  : uid=1000(system) ConnectivitySer expire 12 lines
05-12 14:09:25.614  2185  5139 I chatty  : uid=1000(system) Binder:2185_15 expire 4 lines
05-12 14:09:25.847  2185  2255 I chatty  : uid=1000(system) android.fg expire 2 lines
05-12 14:09:26.149  2185 11206 I chatty  : uid=1000(system) Binder:2185_20 expire 3 lines
05-12 14:09:26.870  2185 24175 I chatty  : uid=1000(system) Binder:2185_1A expire 2 lines
05-12 14:09:26.881  2185  3698 I chatty  : uid=1000(system) Binder:2185_E expire 4 lines
05-12 14:09:30.137  2185 24173 I chatty  : uid=1000(system) Binder:2185_19 expire 3 lines
05-12 14:09:31.477  2185  2547 I chatty  : uid=1000(system) Binder:2185_3 expire 1 line
05-12 14:09:36.109  3716  3818 W ContextImpl: Calling a method in the system process without a qualified user: android.app.ContextImpl.bindService:1422 android.content.ContextWrapper.bindService:636 com.google.android.gms.ads.identifier.AdvertisingIdClient.h:-1 com.google.android.gms.ads.identifier.AdvertisingIdClient.b:-1 com.google.android.gms.ads.identifier.AdvertisingIdClient.getAdvertisingIdInfo:-1 
05-12 14:09:38.594  2185  3595 I chatty  : uid=1000(system) Binder:2185_8 expire 2 lines
05-12 14:09:38.599  2185  2218 I chatty  : uid=1000(system) ActivityManager expire 55 lines
05-12 14:09:43.585  2185 24171 I chatty  : uid=1000(system) Binder:2185_18 expire 1 line
05-12 14:09:44.170  2185 10699 I chatty  : uid=1000(system) Binder:2185_1E expire 2 lines
05-12 14:09:44.433  2185  2200 I chatty  : uid=1000(system) Binder:2185_2 expire 1 line
05-12 14:09:44.462  2185  3678 I chatty  : uid=1000(system) Binder:2185_B expire 3 lines
05-12 14:09:44.471  2185 25141 I chatty  : uid=1000(system) Binder:2185_1C expire 3 lines
05-12 14:09:51.356  2185  3657 I chatty  : uid=1000(system) Binder:2185_A expire 1 line
05-12 14:09:53.855  2185  3725 I chatty  : uid=1000(system) Binder:2185_11 expire 2 lines
05-12 14:10:03.444  2185 31361 I chatty  : uid=1000(system) Binder:2185_17 expire 2 lines
05-12 14:10:03.695  2185  3697 I chatty  : uid=1000(system) Binder:2185_D expire 4 lines
05-12 14:10:05.967  2185 25140 I chatty  : uid=1000(system) Binder:2185_1B expire 4 lines
05-12 14:10:06.039  2185  8479 I chatty  : uid=1000(system) Binder:2185_16 expire 1 line
05-12 14:10:06.639  2185  5138 I chatty  : uid=1000(system) Binder:2185_14 expire 6 lines
05-12 14:10:06.694  2185  3565 I chatty  : uid=1000(system) Binder:2185_6 expire 1 line
05-12 14:10:06.982  2185  3723 I chatty  : uid=1000(system) Binder:2185_10 expire 5 lines
05-12 14:10:15.406  2185  3707 I chatty  : uid=1000(system) Binder:2185_F expire 5 lines
05-12 14:10:15.407  2185  2218 I chatty  : uid=1000(system) ActivityManager expire 75 lines
05-12 14:10:15.426  2185  2622 I chatty  : uid=1000(system) Binder:2185_4 expire 2 lines
05-12 14:10:15.429  2185  3653 I chatty  : uid=1000(system) Binder:2185_9 expire 3 lines
05-12 14:10:15.452  2185 19421 I chatty  : uid=1000(system) Binder:2185_13 expire 2 lines
05-12 14:10:15.455  2185 31361 I chatty  : uid=1000(system) Binder:2185_17 expire 1 line
05-12 14:10:15.719  2185 24175 I chatty  : uid=1000(system) Binder:2185_1A expire 3 lines
05-12 14:10:15.750  2185  3725 I chatty  : uid=1000(system) Binder:2185_11 expire 3 lines
05-12 14:10:16.310  2185  2504 I chatty  : uid=1000(system) AlarmManager expire 7 lines
05-12 14:10:16.554  2185 10699 I chatty  : uid=1000(system) Binder:2185_1E expire 4 lines
05-12 14:10:16.614  2185  2890 I chatty  : uid=1000(system) Binder:2185_5 expire 3 lines
05-12 14:10:18.332  2185 11206 I chatty  : uid=1000(system) Binder:2185_20 expire 3 lines
05-12 14:10:18.419  2185  2200 I chatty  : uid=1000(system) Binder:2185_2 expire 3 lines
05-12 14:10:18.880  2185  3678 I chatty  : uid=1000(system) Binder:2185_B expire 5 lines
05-12 14:10:22.095  2185  2537 I chatty  : uid=1000(system) ConnectivitySer expire 12 lines
05-12 14:10:24.224  2185  3679 I chatty  : uid=1000(system) Binder:2185_C expire 2 lines
05-12 14:10:24.229  2185 25140 I chatty  : uid=1000(system) Binder:2185_1B expire 4 lines
05-12 14:10:24.283  2185  3595 I chatty  : uid=1000(system) Binder:2185_8 expire 5 lines
05-12 14:10:24.298  2185 24171 I chatty  : uid=1000(system) Binder:2185_18 expire 1 line
05-12 14:10:26.592  2185 19420 I chatty  : uid=1000(system) Binder:2185_12 expire 2 lines
05-12 14:10:27.003  2185  5138 I chatty  : uid=1000(system) Binder:2185_14 expire 2 lines
05-12 14:10:27.503  2185  2258 I chatty  : uid=1000(system) android.display expire 3 lines
05-12 14:10:29.067  2185 11205 I chatty  : uid=1000(system) Binder:2185_1F expire 2 lines
05-12 14:10:29.081  2185 25141 I chatty  : uid=1000(system) Binder:2185_1C expire 4 lines
05-12 14:10:29.084  2185  3657 I chatty  : uid=1000(system) Binder:2185_A expire 2 lines
05-12 14:10:29.301  2185 24173 I chatty  : uid=1000(system) Binder:2185_19 expire 3 lines
05-12 14:10:29.364  2185  2199 I chatty  : uid=1000(system) Binder:2185_1 expire 2 lines
05-12 14:10:42.391  2185  3697 I chatty  : uid=1000(system) Binder:2185_D expire 1 line
05-12 14:10:44.056  2185  3593 I chatty  : uid=1000(system) Binder:2185_7 expire 3 lines
05-12 14:10:44.131  2185  8479 I chatty  : uid=1000(system) Binder:2185_16 expire 1 line
05-12 14:10:51.164  2185  3698 I chatty  : uid=1000(system) Binder:2185_E expire 3 lines
05-12 14:10:52.212  2185  5139 I chatty  : uid=1000(system) Binder:2185_15 expire 2 lines
05-12 14:11:00.372  2185  4613 I chatty  : uid=1000(system) Binder:2185_1D expire 4 lines
05-12 14:11:14.247  2185  2507 I chatty  : uid=1000(system) InputReader expire 1 line
05-12 14:11:14.276  2185  2185 I chatty  : uid=1000 system_server expire 5 lines
05-12 14:11:14.784  2185  2263 I chatty  : uid=1000(system) PowerManagerSer expire 5 lines
05-12 14:11:14.929  2185 24171 I chatty  : uid=1000(system) Binder:2185_18 expire 7 lines
05-12 14:11:15.075  2185 19420 I chatty  : uid=1000(system) Binder:2185_12 expire 3 lines
05-12 14:11:15.076  2185  2218 I chatty  : uid=1000(system) ActivityManager expire 52 lines
05-12 14:11:15.136  2185 25141 I chatty  : uid=1000(system) Binder:2185_1C expire 1 line
05-12 14:11:15.142  2185  2537 I chatty  : uid=1000(system) ConnectivitySer expire 27 lines
05-12 14:11:15.143  2646  2646 V KeyguardStatusView: refresh statusview showing:true
05-12 14:11:15.149  2185  3697 I chatty  : uid=1000(system) Binder:2185_D expire 5 lines
05-12 14:11:15.154  2646  2646 V KeyguardDisplayManager: show
05-12 14:11:15.670  2185 11205 I chatty  : uid=1000(system) Binder:2185_1F expire 3 lines
05-12 14:11:15.684  2185 31361 I chatty  : uid=1000(system) Binder:2185_17 expire 2 lines
05-12 14:11:15.698  2185  2258 I chatty  : uid=1000(system) android.display expire 4 lines
05-12 14:11:16.330  2185 19421 I chatty  : uid=1000(system) Binder:2185_13 expire 3 lines
05-12 14:11:16.368  2185  2504 I chatty  : uid=1000(system) AlarmManager expire 11 lines
05-12 14:11:16.390  2185  3653 I chatty  : uid=1000(system) Binder:2185_9 expire 1 line
05-12 14:11:16.417  2185  3565 I chatty  : uid=1000(system) Binder:2185_6 expire 8 lines
05-12 14:11:33.408  2185 24173 I chatty  : uid=1000(system) Binder:2185_19 expire 2 lines
05-12 14:11:33.421  2185  2255 I chatty  : uid=1000(system) android.fg expire 8 lines
05-12 14:11:33.423  2185  4613 I chatty  : uid=1000(system) Binder:2185_1D expire 1 line
05-12 14:11:33.465  2185  3657 I chatty  : uid=1000(system) Binder:2185_A expire 5 lines
05-12 14:11:37.777  2185  2200 I chatty  : uid=1000(system) Binder:2185_2 expire 2 lines
05-12 14:11:37.791  2185  2199 I chatty  : uid=1000(system) Binder:2185_1 expire 2 lines
05-12 14:11:55.092  2185  3595 I chatty  : uid=1000(system) Binder:2185_8 expire 4 lines
05-12 14:11:55.133  2185  3593 I chatty  : uid=1000(system) Binder:2185_7 expire 2 lines
05-12 14:12:01.887  2185  2890 I chatty  : uid=1000(system) Binder:2185_5 expire 2 lines
05-12 14:12:01.916  2185  5138 I chatty  : uid=1000(system) Binder:2185_14 expire 2 lines
05-12 14:12:01.968  2185  3679 I chatty  : uid=1000(system) Binder:2185_C expire 1 line
05-12 14:12:06.872  2185  8479 I chatty  : uid=1000(system) Binder:2185_16 expire 1 line
05-12 14:12:18.174  2185  5139 I chatty  : uid=1000(system) Binder:2185_15 expire 2 lines
05-12 14:12:30.720  2185 24175 I chatty  : uid=1000(system) Binder:2185_1A expire 3 lines
05-12 14:12:30.767  2185  2622 I chatty  : uid=1000(system) Binder:2185_4 expire 1 line
05-12 14:12:31.519  2185  2256 I chatty  : uid=1000(system) android.io expire 2 lines
05-12 14:12:52.076  2185  3678 I chatty  : uid=1000(system) Binder:2185_B expire 2 lines
05-12 14:12:52.121  2185 25140 I chatty  : uid=1000(system) Binder:2185_1B expire 1 line
05-12 14:13:03.901  2185  3698 I chatty  : uid=1000(system) Binder:2185_E expire 1 line
05-12 14:13:03.942  2185 10699 I chatty  : uid=1000(system) Binder:2185_1E expire 1 line
05-12 14:13:06.115  2185  3725 I chatty  : uid=1000(system) Binder:2185_11 expire 3 lines
05-12 14:13:09.514  2185 11206 I chatty  : uid=1000(system) Binder:2185_20 expire 1 line
05-12 14:13:23.458  2185  2507 I chatty  : uid=1000(system) InputReader expire 1 line
05-12 14:13:23.693  2185  3707 I chatty  : uid=1000(system) Binder:2185_F expire 7 lines
05-12 14:13:24.122  2185 25140 I chatty  : uid=1000(system) Binder:2185_1B expire 6 lines
05-12 14:13:24.125  2185  2218 I chatty  : uid=1000(system) ActivityManager expire 14 lines
05-12 14:13:24.129  2185  3697 I chatty  : uid=1000(system) Binder:2185_D expire 4 lines
05-12 14:13:24.141  2185  3725 I chatty  : uid=1000(system) Binder:2185_11 expire 7 lines
05-12 14:13:24.178  2185 10699 I chatty  : uid=1000(system) Binder:2185_1E expire 3 lines
05-12 14:13:24.182  2185  2537 I chatty  : uid=1000(system) ConnectivitySer expire 10 lines
05-12 14:13:24.191  2185  3593 I chatty  : uid=1000(system) Binder:2185_7 expire 6 lines
05-12 14:13:25.065  2185  2547 I chatty  : uid=1000(system) Binder:2185_3 expire 8 lines
05-12 14:13:27.611  2185  3565 I chatty  : uid=1000(system) Binder:2185_6 expire 5 lines
05-12 14:13:27.622  2185 24171 I chatty  : uid=1000(system) Binder:2185_18 expire 3 lines
05-12 14:13:29.401  2185  5138 I chatty  : uid=1000(system) Binder:2185_14 expire 5 lines
05-12 14:13:29.944  2185  3595 I chatty  : uid=1000(system) Binder:2185_8 expire 2 lines
05-12 14:13:30.005  2185  2217 I chatty  : uid=1000(system) android.bg expire 1 line
05-12 14:13:30.131  2185  2200 I chatty  : uid=1000(system) Binder:2185_2 expire 3 lines
05-12 14:13:30.468  1851  1868 D ActivityThread: Loading provider com.google.android.gmail.provider;com.android.mail.notifier;com.google.android.gm.email.provider;com.google.android.gm.tasks.provider;com.google.android.gm.email.notifier: com.android.email.provider.EmailProvider
05-12 14:13:30.601  2185  3679 I chatty  : uid=1000(system) Binder:2185_C expire 3 lines
05-12 14:13:30.951  2185  2622 I chatty  : uid=1000(system) Binder:2185_4 expire 10 lines
05-12 14:13:30.959  2185  8479 I chatty  : uid=1000(system) Binder:2185_16 expire 3 lines
