06-05 12:53:21.952  2187 21112 I chatty  : uid=1000(system) Binder:2187_15 expire 5 lines
06-05 12:53:22.000  2187 21141 I chatty  : uid=1000(system) Binder:2187_17 expire 3 lines
06-05 12:53:22.134  2187 21313 I chatty  : uid=1000(system) Binder:2187_19 expire 6 lines
06-05 12:53:22.241  2187  2200 I chatty  : uid=1000(system) Binder:2187_1 expire 2 lines
06-05 12:53:26.822  2187  2498 I chatty  : uid=1000(system) AlarmManager expire 19 lines
06-05 12:53:26.850  2187 11980 I chatty  : uid=1000(system) Binder:2187_1A expire 3 lines
06-05 12:53:27.136  2187  3538 I chatty  : uid=1000(system) Binder:2187_C expire 3 lines
06-05 12:53:27.448  2187  2656 I chatty  : uid=1000(system) Binder:2187_4 expire 2 lines
06-05 12:53:27.463  2187  3514 I chatty  : uid=1000(system) Binder:2187_A expire 3 lines
06-05 12:53:27.649  2187  2541 I chatty  : uid=1000(system) Binder:2187_3 expire 6 lines
06-05 12:53:27.790  2187  3560 I chatty  : uid=1000(system) Binder:2187_E expire 4 lines
06-05 12:53:29.715  2187  3571 I chatty  : uid=1000(system) Binder:2187_11 expire 4 lines
06-05 12:53:29.724  2187 21140 I chatty  : uid=1000(system) Binder:2187_16 expire 4 lines
06-05 12:53:31.441  2187 21203 I chatty  : uid=1000(system) Binder:2187_18 expire 4 lines
06-05 12:53:33.058  2187 11981 I chatty  : uid=1000(system) Binder:2187_1B expire 6 lines
06-05 12:53:43.188  2187  2657 I chatty  : uid=1000(system) Binder:2187_5 expire 4 lines
06-05 12:53:50.281  2187  3503 I chatty  : uid=1000(system) Binder:2187_8 expire 3 lines
06-05 12:53:58.742  2187  3500 I chatty  : uid=1000(system) Binder:2187_7 expire 5 lines
06-05 12:53:58.757  2187  2531 I chatty  : uid=1000(system) ConnectivitySer expire 7 lines
06-05 12:54:02.278  2187  3535 I chatty  : uid=1000(system) Binder:2187_B expire 3 lines
06-05 12:54:03.567  2187  3572 I chatty  : uid=1000(system) Binder:2187_12 expire 1 line
06-05 12:54:03.631  2187  2264 I chatty  : uid=1000(system) android.display expire 1 line
06-05 12:54:06.152  2187  2187 I chatty  : uid=1000 system_server expire 1 line
06-05 12:54:06.168  2187  2224 I chatty  : uid=1000(system) batterystats-sy expire 3 lines
06-05 12:54:12.222  2187  2218 I chatty  : uid=1000(system) android.bg expire 1 line
06-05 12:54:26.787  2187  3569 I chatty  : uid=1000(system) Binder:2187_10 expire 4 lines
06-05 12:54:26.904  2187  3559 I chatty  : uid=1000(system) Binder:2187_D expire 6 lines
06-05 12:54:27.606  2187  2263 I chatty  : uid=1000(system) android.io expire 3 lines
06-05 12:54:27.616  2187 23143 I chatty  : uid=1000(system) Binder:2187_13 expire 2 lines
06-05 12:54:29.229  2187  3510 I chatty  : uid=1000(system) Binder:2187_9 expire 3 lines
06-05 12:54:40.003  2187  2262 I chatty  : uid=1000(system) android.fg expire 6 lines
06-05 12:54:42.078 20101 20978 E ActivityThread: Failed to find provider info for com.facebook.katana.provider.AttributionIdProvider
06-05 12:54:47.035  2187  2220 I chatty  : uid=1000(system) ActivityManager expire 15 lines
06-05 12:55:00.001  2187  2498 I chatty  : uid=1000(system) AlarmManager expire 20 lines
06-05 12:55:58.678  2187  2949 I chatty  : uid=1000(system) Binder:2187_6 expire 5 lines
06-05 12:55:58.705  2187  3538 I chatty  : uid=1000(system) Binder:2187_C expire 7 lines
06-05 12:55:59.206  2187  3510 I chatty  : uid=1000(system) Binder:2187_9 expire 5 lines
06-05 12:55:59.212  2187  3535 I chatty  : uid=1000(system) Binder:2187_B expire 2 lines
06-05 12:55:59.219  2187  2220 I chatty  : uid=1000(system) ActivityManager expire 42 lines
06-05 12:55:59.244  2187 11981 I chatty  : uid=1000(system) Binder:2187_1B expire 10 lines
06-05 12:55:59.255  2187 23143 I chatty  : uid=1000(system) Binder:2187_13 expire 8 lines
06-05 12:55:59.263  2187  2531 I chatty  : uid=1000(system) ConnectivitySer expire 5 lines
06-05 12:56:00.122  2187 21111 I chatty  : uid=1000(system) Binder:2187_14 expire 2 lines
06-05 12:56:02.207  2187  3569 I chatty  : uid=1000(system) Binder:2187_10 expire 5 lines
06-05 12:56:02.273  2187  2264 I chatty  : uid=1000(system) android.display expire 1 line
06-05 12:56:06.390  2187  2513 I chatty  : uid=1000(system) NetworkStats expire 1 line
06-05 12:56:24.234  2187  3503 I chatty  : uid=1000(system) Binder:2187_8 expire 4 lines
06-05 12:56:24.411  2187  2201 I chatty  : uid=1000(system) Binder:2187_2 expire 5 lines
06-05 12:56:25.010  2187  2541 I chatty  : uid=1000(system) Binder:2187_3 expire 2 lines
06-05 12:56:25.388  2187  3567 I chatty  : uid=1000(system) Binder:2187_F expire 1 line
06-05 12:56:25.635  2187 21141 I chatty  : uid=1000(system) Binder:2187_17 expire 4 lines
06-05 12:56:26.747  2187  2657 I chatty  : uid=1000(system) Binder:2187_5 expire 3 lines
06-05 12:56:26.976  2187 21313 I chatty  : uid=1000(system) Binder:2187_19 expire 4 lines
06-05 12:56:26.984  2187  2656 I chatty  : uid=1000(system) Binder:2187_4 expire 7 lines
06-05 12:56:27.093  2187 11980 I chatty  : uid=1000(system) Binder:2187_1A expire 1 line
06-05 12:56:27.376  2187  3571 I chatty  : uid=1000(system) Binder:2187_11 expire 1 line
06-05 12:56:27.409  2187  3500 I chatty  : uid=1000(system) Binder:2187_7 expire 4 lines
06-05 12:56:32.114  2187  2200 I chatty  : uid=1000(system) Binder:2187_1 expire 6 lines
06-05 12:56:32.184  2187 21140 I chatty  : uid=1000(system) Binder:2187_16 expire 2 lines
06-05 12:56:32.576  2187  3514 I chatty  : uid=1000(system) Binder:2187_A expire 6 lines
06-05 12:56:33.665  2187  3572 I chatty  : uid=1000(system) Binder:2187_12 expire 4 lines
06-05 12:56:45.463  2187  2262 I chatty  : uid=1000(system) android.fg expire 2 lines
06-05 12:56:48.213  2187 21112 I chatty  : uid=1000(system) Binder:2187_15 expire 2 lines
06-05 12:56:51.090  2187 21203 I chatty  : uid=1000(system) Binder:2187_18 expire 2 lines
06-05 12:56:54.416  2187  3560 I chatty  : uid=1000(system) Binder:2187_E expire 4 lines
06-05 12:57:00.470  2187  3559 I chatty  : uid=1000(system) Binder:2187_D expire 2 lines
06-05 12:57:01.022  2187  2187 I chatty  : uid=1000 system_server expire 10 lines
06-05 12:57:02.227  2187  2263 I chatty  : uid=1000(system) android.io expire 2 lines
06-05 12:57:04.716  2187  2218 I chatty  : uid=1000(system) android.bg expire 1 line
06-05 12:57:06.050  2187  2498 I chatty  : uid=1000(system) AlarmManager expire 8 lines
06-05 12:57:06.068  2187  3500 I chatty  : uid=1000(system) Binder:2187_7 expire 5 lines
06-05 12:57:06.531  2187 11981 I chatty  : uid=1000(system) Binder:2187_1B expire 4 lines
06-05 12:57:06.540  2187  3569 I chatty  : uid=1000(system) Binder:2187_10 expire 7 lines
06-05 12:57:06.562  2187  3559 I chatty  : uid=1000(system) Binder:2187_D expire 4 lines
06-05 12:57:12.040  2187  2541 I chatty  : uid=1000(system) Binder:2187_3 expire 5 lines
06-05 12:57:12.041  2187  2220 I chatty  : uid=1000(system) ActivityManager expire 29 lines
06-05 12:57:13.745  2187  3567 I chatty  : uid=1000(system) Binder:2187_F expire 5 lines
06-05 12:57:15.208  2187  2949 I chatty  : uid=1000(system) Binder:2187_6 expire 3 lines
06-05 12:57:15.256  2187  3514 I chatty  : uid=1000(system) Binder:2187_A expire 7 lines
06-05 12:57:22.157  2187  2262 I chatty  : uid=1000(system) android.fg expire 6 lines
06-05 12:57:22.162  2187  2200 I chatty  : uid=1000(system) Binder:2187_1 expire 6 lines
06-05 12:57:24.363  2187  3571 I chatty  : uid=1000(system) Binder:2187_11 expire 4 lines
06-05 12:57:24.402  2187  3538 I chatty  : uid=1000(system) Binder:2187_C expire 5 lines
06-05 12:57:24.416  2187  2657 I chatty  : uid=1000(system) Binder:2187_5 expire 4 lines
06-05 12:57:24.435  2187  2531 I chatty  : uid=1000(system) ConnectivitySer expire 6 lines
06-05 12:57:24.565  2187 21112 I chatty  : uid=1000(system) Binder:2187_15 expire 4 lines
06-05 12:57:25.876  2187  3510 I chatty  : uid=1000(system) Binder:2187_9 expire 1 line
06-05 12:57:26.217  2187  2187 I chatty  : uid=1000 system_server expire 10 lines
06-05 12:57:26.351  2187 21313 I chatty  : uid=1000(system) Binder:2187_19 expire 2 lines
06-05 12:57:26.369  2187  3560 I chatty  : uid=1000(system) Binder:2187_E expire 2 lines
06-05 12:57:28.291  2187 21141 I chatty  : uid=1000(system) Binder:2187_17 expire 6 lines
06-05 12:57:30.090  2187  2656 I chatty  : uid=1000(system) Binder:2187_4 expire 5 lines
06-05 12:57:30.170  2187  2535 I chatty  : uid=1000(system) ranker expire 1 line
06-05 12:57:37.484  2187 21140 I chatty  : uid=1000(system) Binder:2187_16 expire 2 lines
06-05 12:57:37.600  2187  2264 I chatty  : uid=1000(system) android.display expire 4 lines
06-05 12:57:38.053  2187 23143 I chatty  : uid=1000(system) Binder:2187_13 expire 1 line
06-05 12:57:39.574  2187  2500 I chatty  : uid=1000(system) InputDispatcher expire 2 lines
06-05 12:57:40.597  2187  3503 I chatty  : uid=1000(system) Binder:2187_8 expire 1 line
06-05 12:57:41.237  2187  3535 I chatty  : uid=1000(system) Binder:2187_B expire 1 line
06-05 12:57:41.751  2187  2501 I chatty  : uid=1000(system) InputReader expire 3 lines
06-05 12:57:42.258  2187  2267 I chatty  : uid=1000(system) PowerManagerSer expire 5 lines
06-05 12:57:42.530  2622  2622 V KeyguardStatusView: refresh statusview showing:true
06-05 12:57:42.564  2622  2622 V KeyguardDisplayManager: show
06-05 12:57:42.899  2187  2201 I chatty  : uid=1000(system) Binder:2187_2 expire 2 lines
06-05 12:57:58.212  2187  2220 I chatty  : uid=1000(system) ActivityManager expire 21 lines
06-05 12:57:58.617  2187  3572 I chatty  : uid=1000(system) Binder:2187_12 expire 1 line
06-05 12:58:20.709  2187 21111 I chatty  : uid=1000(system) Binder:2187_14 expire 3 lines
06-05 12:58:27.701  3524  3627 W ContextImpl: Calling a method in the system process without a qualified user: android.app.ContextImpl.bindService:1422 android.content.ContextWrapper.bindService:636 com.google.android.gms.ads.identifier.AdvertisingIdClient.h:-1 com.google.android.gms.ads.identifier.AdvertisingIdClient.b:-1 com.google.android.gms.ads.identifier.AdvertisingIdClient.getAdvertisingIdInfo:-1 
06-05 12:58:27.937  2622  2622 V KeyguardDisplayManager: hide
06-05 12:58:27.943  2187  2220 I chatty  : uid=1000(system) ActivityManager expire 14 lines
06-05 12:58:30.257  2187  2187 I chatty  : uid=1000 system_server expire 11 lines
06-05 12:58:30.766  2187  2267 I chatty  : uid=1000(system) PowerManagerSer expire 7 lines
06-05 12:58:30.896  2622  2622 V KeyguardStatusView: refresh statusview showing:true
06-05 12:58:30.925  2622  2622 V KeyguardDisplayManager: show
06-05 12:58:31.262  2187 23143 I chatty  : uid=1000(system) Binder:2187_13 expire 3 lines
06-05 12:58:31.263  2187  2656 I chatty  : uid=1000(system) Binder:2187_4 expire 6 lines
06-05 12:58:31.404  2187  2264 I chatty  : uid=1000(system) android.display expire 5 lines
06-05 12:58:43.776  2187  3500 I chatty  : uid=1000(system) Binder:2187_7 expire 4 lines
06-05 12:58:43.786  2187  2262 I chatty  : uid=1000(system) android.fg expire 7 lines
06-05 12:58:43.790  2187 21313 I chatty  : uid=1000(system) Binder:2187_19 expire 1 line
06-05 12:58:43.826  2187  3538 I chatty  : uid=1000(system) Binder:2187_C expire 1 line
06-05 12:58:43.850  2187  2949 I chatty  : uid=1000(system) Binder:2187_6 expire 1 line
06-05 12:58:43.872  2187  2531 I chatty  : uid=1000(system) ConnectivitySer expire 5 lines
06-05 12:58:47.148  2187  3559 I chatty  : uid=1000(system) Binder:2187_D expire 10 lines
06-05 12:59:01.739  2187  3503 I chatty  : uid=1000(system) Binder:2187_8 expire 4 lines
06-05 12:59:01.921  2187  3535 I chatty  : uid=1000(system) Binder:2187_B expire 6 lines
06-05 12:59:10.064  2187  2501 I chatty  : uid=1000(system) InputReader expire 2 lines
06-05 12:59:10.495  2187 21112 I chatty  : uid=1000(system) Binder:2187_15 expire 2 lines
06-05 12:59:10.496  2187  3571 I chatty  : uid=1000(system) Binder:2187_11 expire 4 lines
06-05 12:59:10.656  2187 21203 I chatty  : uid=1000(system) Binder:2187_18 expire 3 lines
06-05 12:59:10.676  2187  2498 I chatty  : uid=1000(system) AlarmManager expire 10 lines
06-05 12:59:10.805  2187  2263 I chatty  : uid=1000(system) android.io expire 4 lines
06-05 12:59:11.159  2187 11980 I chatty  : uid=1000(system) Binder:2187_1A expire 4 lines
06-05 12:59:11.187  2622  2622 V KeyguardDisplayManager: hide
06-05 12:59:11.191  2187  2657 I chatty  : uid=1000(system) Binder:2187_5 expire 2 lines
06-05 12:59:11.194  2187  2220 I chatty  : uid=1000(system) ActivityManager expire 35 lines
06-05 12:59:11.286  2187 21141 I chatty  : uid=1000(system) Binder:2187_17 expire 6 lines
06-05 12:59:12.942  2622  2622 V KeyguardStatusView: refresh statusview showing:true
06-05 12:59:12.973  2622  2622 V KeyguardDisplayManager: show
06-05 12:59:25.483  2187  3510 I chatty  : uid=1000(system) Binder:2187_9 expire 4 lines
06-05 12:59:31.337  2187  2541 I chatty  : uid=1000(system) Binder:2187_3 expire 2 lines
06-05 12:59:42.784  2187  3569 I chatty  : uid=1000(system) Binder:2187_10 expire 3 lines
06-05 13:00:06.610  2187  2200 I chatty  : uid=1000(system) Binder:2187_1 expire 6 lines
06-05 13:00:06.618  2187 21140 I chatty  : uid=1000(system) Binder:2187_16 expire 1 line
06-05 13:00:06.043  2187  2187 I chatty  : uid=1000 system_server expire 10 lines
06-05 13:00:07.090  2187  3514 I chatty  : uid=1000(system) Binder:2187_A expire 1 line
06-05 13:00:11.127  2187 21111 I chatty  : uid=1000(system) Binder:2187_14 expire 2 lines
06-05 13:00:11.226  2187  3567 I chatty  : uid=1000(system) Binder:2187_F expire 1 line
06-05 13:00:11.565  2187  3560 I chatty  : uid=1000(system) Binder:2187_E expire 2 lines
06-05 13:00:14.940  2187 11981 I chatty  : uid=1000(system) Binder:2187_1B expire 1 line
06-05 13:00:14.970  2187  3572 I chatty  : uid=1000(system) Binder:2187_12 expire 5 lines
06-05 13:01:10.389  2187 11980 I chatty  : uid=1000(system) Binder:2187_1A expire 3 lines
06-05 13:01:10.392  2187 21141 I chatty  : uid=1000(system) Binder:2187_17 expire 2 lines
06-05 13:01:10.392  2187  2220 I chatty  : uid=1000(system) ActivityManager expire 60 lines
06-05 13:01:11.122  2187  2262 I chatty  : uid=1000(system) android.fg expire 11 lines
06-05 13:01:11.123  2187 21203 I chatty  : uid=1000(system) Binder:2187_18 expire 3 lines
06-05 13:01:11.133  2187 21140 I chatty  : uid=1000(system) Binder:2187_16 expire 3 lines
06-05 13:01:11.198  2187  3560 I chatty  : uid=1000(system) Binder:2187_E expire 6 lines
06-05 13:01:11.238  2187  3538 I chatty  : uid=1000(system) Binder:2187_C expire 2 lines
06-05 13:01:11.305  2187  2531 I chatty  : uid=1000(system) ConnectivitySer expire 8 lines
06-05 13:01:28.063  2187 21313 I chatty  : uid=1000(system) Binder:2187_19 expire 3 lines
06-05 13:01:28.074  2187  2949 I chatty  : uid=1000(system) Binder:2187_6 expire 2 lines
06-05 13:01:35.051  2187  2498 I chatty  : uid=1000(system) AlarmManager expire 17 lines
06-05 13:01:35.100  2187  3567 I chatty  : uid=1000(system) Binder:2187_F expire 6 lines
06-05 13:01:35.197  2187  2656 I chatty  : uid=1000(system) Binder:2187_4 expire 2 lines
06-05 13:01:38.124  2187  3569 I chatty  : uid=1000(system) Binder:2187_10 expire 6 lines
06-05 13:01:38.184  2187  2541 I chatty  : uid=1000(system) Binder:2187_3 expire 1 line
06-05 13:01:38.205  2187  2657 I chatty  : uid=1000(system) Binder:2187_5 expire 4 lines
06-05 13:01:38.257  2187 21111 I chatty  : uid=1000(system) Binder:2187_14 expire 2 lines
06-05 13:01:42.441  2187 11981 I chatty  : uid=1000(system) Binder:2187_1B expire 4 lines
06-05 13:01:45.208  2187 21112 I chatty  : uid=1000(system) Binder:2187_15 expire 3 lines
06-05 13:01:55.235  2187 23143 I chatty  : uid=1000(system) Binder:2187_13 expire 2 lines
06-05 13:01:55.278  2187  3510 I chatty  : uid=1000(system) Binder:2187_9 expire 1 line
06-05 13:01:55.325  2187  3571 I chatty  : uid=1000(system) Binder:2187_11 expire 3 lines
06-05 13:01:55.352  2187  3503 I chatty  : uid=1000(system) Binder:2187_8 expire 6 lines
06-05 13:02:16.682  2187  2200 I chatty  : uid=1000(system) Binder:2187_1 expire 5 lines
06-05 13:02:16.717  2187  3559 I chatty  : uid=1000(system) Binder:2187_D expire 1 line
06-05 13:02:30.100  2187  2201 I chatty  : uid=1000(system) Binder:2187_2 expire 3 lines
06-05 13:02:42.074  2187  3514 I chatty  : uid=1000(system) Binder:2187_A expire 1 line
06-05 13:03:15.404  2187  2513 I chatty  : uid=1000(system) NetworkStats expire 2 lines
06-05 13:03:23.335  2187  3500 I chatty  : uid=1000(system) Binder:2187_7 expire 1 line
06-05 13:03:29.058  2187  2187 I chatty  : uid=1000 system_server expire 20 lines
06-05 13:03:29.047  2187 21203 I chatty  : uid=1000(system) Binder:2187_18 expire 2 lines
06-05 13:03:29.054  2187  2220 I chatty  : uid=1000(system) ActivityManager expire 39 lines
06-05 13:03:29.066  2187 21111 I chatty  : uid=1000(system) Binder:2187_14 expire 15 lines
06-05 13:03:29.070  2187  2201 I chatty  : uid=1000(system) Binder:2187_2 expire 5 lines
06-05 13:03:29.104  2187  2200 I chatty  : uid=1000(system) Binder:2187_1 expire 11 lines
06-05 13:03:29.111  2187  2531 I chatty  : uid=1000(system) ConnectivitySer expire 2 lines
06-05 13:03:29.275  2187  3503 I chatty  : uid=1000(system) Binder:2187_8 expire 4 lines
06-05 13:03:30.087  2187  3569 I chatty  : uid=1000(system) Binder:2187_10 expire 5 lines
06-05 13:03:30.160  2187  2657 I chatty  : uid=1000(system) Binder:2187_5 expire 5 lines
06-05 13:03:30.216  2187  3567 I chatty  : uid=1000(system) Binder:2187_F expire 4 lines
06-05 13:03:30.241  2187  3500 I chatty  : uid=1000(system) Binder:2187_7 expire 4 lines
06-05 13:03:30.277 23424 23424 D ActivityThread: Loading provider contacts;com.android.contacts: com.android.providers.contacts.SemcContactsProvider2
06-05 13:03:30.365  2187  3571 I chatty  : uid=1000(system) Binder:2187_11 expire 9 lines
06-05 13:03:31.444  2187  2541 I chatty  : uid=1000(system) Binder:2187_3 expire 4 lines
06-05 13:03:31.459  2187 11981 I chatty  : uid=1000(system) Binder:2187_1B expire 4 lines
06-05 13:03:31.668  2187 21112 I chatty  : uid=1000(system) Binder:2187_15 expire 4 lines
06-05 13:03:31.899  2187 11980 I chatty  : uid=1000(system) Binder:2187_1A expire 7 lines
06-05 13:03:32.479  2187  2656 I chatty  : uid=1000(system) Binder:2187_4 expire 6 lines
06-05 13:03:32.546  2187 21140 I chatty  : uid=1000(system) Binder:2187_16 expire 1 line
06-05 13:03:32.612  2187  3572 I chatty  : uid=1000(system) Binder:2187_12 expire 3 lines
06-05 13:03:32.827  2187 21313 I chatty  : uid=1000(system) Binder:2187_19 expire 5 lines
06-05 13:03:32.848  2187  2263 I chatty  : uid=1000(system) android.io expire 2 lines
06-05 13:03:33.077  2187  2949 I chatty  : uid=1000(system) Binder:2187_6 expire 5 lines
06-05 13:03:33.363  2187  3510 I chatty  : uid=1000(system) Binder:2187_9 expire 3 lines
06-05 13:03:33.442  2187  2498 I chatty  : uid=1000(system) AlarmManager expire 6 lines
06-05 13:03:33.667  2187  3535 I chatty  : uid=1000(system) Binder:2187_B expire 2 lines
06-05 13:03:34.692  2187 23143 I chatty  : uid=1000(system) Binder:2187_13 expire 3 lines
06-05 13:03:35.454  2187  3538 I chatty  : uid=1000(system) Binder:2187_C expire 2 lines
06-05 13:03:36.310  2187  2513 I chatty  : uid=1000(system) NetworkStats expire 3 lines
06-05 13:03:58.679  2187  3559 I chatty  : uid=1000(system) Binder:2187_D expire 4 lines
06-05 13:03:58.744  2187  2224 I chatty  : uid=1000(system) batterystats-sy expire 3 lines
06-05 13:04:27.069  2187  2262 I chatty  : uid=1000(system) android.fg expire 5 lines
06-05 13:04:28.243  2187  2498 I chatty  : uid=1000(system) AlarmManager expire 8 lines
06-05 13:04:28.546  2187  2218 I chatty  : uid=1000(system) android.bg expire 6 lines
06-05 13:04:28.579  2187  2220 I chatty  : uid=1000(system) ActivityManager expire 32 lines
06-05 13:04:28.914  2187  3559 I chatty  : uid=1000(system) Binder:2187_D expire 6 lines
06-05 13:04:28.919  2187  2656 I chatty  : uid=1000(system) Binder:2187_4 expire 5 lines
06-05 13:04:28.954  2187 21203 I chatty  : uid=1000(system) Binder:2187_18 expire 3 lines
06-05 13:04:28.009  2187  2541 I chatty  : uid=1000(system) Binder:2187_3 expire 5 lines
06-05 13:04:28.027  2187  2187 I chatty  : uid=1000 system_server expire 11 lines
06-05 13:04:29.065  2187 21111 I chatty  : uid=1000(system) Binder:2187_14 expire 11 lines
06-05 13:04:29.108  2187 23143 I chatty  : uid=1000(system) Binder:2187_13 expire 7 lines
06-05 13:04:29.129  2187 21112 I chatty  : uid=1000(system) Binder:2187_15 expire 4 lines
06-05 13:04:29.145  2187  2531 I chatty  : uid=1000(system) ConnectivitySer expire 2 lines
06-05 13:04:32.355  2187  3571 I chatty  : uid=1000(system) Binder:2187_11 expire 2 lines
06-05 13:04:32.452  2187 21140 I chatty  : uid=1000(system) Binder:2187_16 expire 8 lines
06-05 13:04:32.465  2187  2200 I chatty  : uid=1000(system) Binder:2187_1 expire 4 lines
06-05 13:04:32.843  2187  3500 I chatty  : uid=1000(system) Binder:2187_7 expire 8 lines
06-05 13:04:32.938  2187  3572 I chatty  : uid=1000(system) Binder:2187_12 expire 2 lines
06-05 13:04:32.939  2187  2949 I chatty  : uid=1000(system) Binder:2187_6 expire 2 lines
06-05 13:04:33.248  2187  2201 I chatty  : uid=1000(system) Binder:2187_2 expire 2 lines
06-05 13:04:33.452  2187  2263 I chatty  : uid=1000(system) android.io expire 2 lines
06-05 13:04:33.909  2187  3510 I chatty  : uid=1000(system) Binder:2187_9 expire 2 lines
06-05 13:04:34.307 24339 24339 D ActivityThread: Loading provider contacts;com.android.contacts: com.android.providers.contacts.SemcContactsProvider2
06-05 13:04:34.591  2187  2224 I chatty  : uid=1000(system) batterystats-sy expire 3 lines
06-05 13:04:35.391  2187  3503 I chatty  : uid=1000(system) Binder:2187_8 expire 2 lines
06-05 13:04:35.412  2187 11980 I chatty  : uid=1000(system) Binder:2187_1A expire 9 lines
06-05 13:04:35.510  2187 21313 I chatty  : uid=1000(system) Binder:2187_19 expire 7 lines
06-05 13:04:36.043  2187  3569 I chatty  : uid=1000(system) Binder:2187_10 expire 3 lines
06-05 13:04:36.236  2187 11981 I chatty  : uid=1000(system) Binder:2187_1B expire 2 lines
06-05 13:04:36.559  2187  2657 I chatty  : uid=1000(system) Binder:2187_5 expire 9 lines
06-05 13:04:36.597  2187  3535 I chatty  : uid=1000(system) Binder:2187_B expire 3 lines
06-05 13:04:36.772  2187  3514 I chatty  : uid=1000(system) Binder:2187_A expire 2 lines
06-05 13:04:39.664  2187  3538 I chatty  : uid=1000(system) Binder:2187_C expire 2 lines
06-05 13:05:02.748  2187  3560 I chatty  : uid=1000(system) Binder:2187_E expire 3 lines
06-05 13:05:16.433  2187  3567 I chatty  : uid=1000(system) Binder:2187_F expire 1 line
06-05 13:05:26.587 25157 25157 D ActivityThread: Loading provider contacts;com.android.contacts: com.android.providers.contacts.SemcContactsProvider2
06-05 13:05:26.947  2187 21141 I chatty  : uid=1000(system) Binder:2187_17 expire 3 lines
06-05 13:05:27.021  2187  3560 I chatty  : uid=1000(system) Binder:2187_E expire 1 line
06-05 13:05:27.089  2187  2201 I chatty  : uid=1000(system) Binder:2187_2 expire 6 lines
06-05 13:05:27.764  2187 21203 I chatty  : uid=1000(system) Binder:2187_18 expire 4 lines
06-05 13:05:28.784  2187  3559 I chatty  : uid=1000(system) Binder:2187_D expire 3 lines
06-05 13:05:28.785  2187  2220 I chatty  : uid=1000(system) ActivityManager expire 15 lines
06-05 13:05:32.495  2187  2498 I chatty  : uid=1000(system) AlarmManager expire 15 lines
06-05 13:05:32.552  2187  3572 I chatty  : uid=1000(system) Binder:2187_12 expire 4 lines
06-05 13:05:35.625  2187  2262 I chatty  : uid=1000(system) android.fg expire 10 lines
06-05 13:05:36.726  2187  3503 I chatty  : uid=1000(system) Binder:2187_8 expire 7 lines
06-05 13:05:36.777  2187  3569 I chatty  : uid=1000(system) Binder:2187_10 expire 4 lines
06-05 13:05:36.805  2187 21140 I chatty  : uid=1000(system) Binder:2187_16 expire 3 lines
06-05 13:06:02.085  2187  2200 I chatty  : uid=1000(system) Binder:2187_1 expire 4 lines
06-05 13:06:02.184  2187  3535 I chatty  : uid=1000(system) Binder:2187_B expire 3 lines
06-05 13:07:12.190  2187  3514 I chatty  : uid=1000(system) Binder:2187_A expire 4 lines
06-05 13:07:12.268  2187 21111 I chatty  : uid=1000(system) Binder:2187_14 expire 4 lines
06-05 13:07:12.338  2187  3567 I chatty  : uid=1000(system) Binder:2187_F expire 3 lines
06-05 13:07:17.306  2187  3500 I chatty  : uid=1000(system) Binder:2187_7 expire 4 lines
06-05 13:07:17.334  2187 11980 I chatty  : uid=1000(system) Binder:2187_1A expire 1 line
06-05 13:08:13.088  2187  2541 I chatty  : uid=1000(system) Binder:2187_3 expire 7 lines
06-05 13:08:32.390  2187  2949 I chatty  : uid=1000(system) Binder:2187_6 expire 3 lines
06-05 13:09:07.115  2187  2501 I chatty  : uid=1000(system) InputReader expire 2 lines
06-05 13:09:07.117  2187  2187 I chatty  : uid=1000 system_server expire 8 lines
06-05 13:09:07.138  2187  2267 I chatty  : uid=1000(system) PowerManagerSer expire 6 lines
06-05 13:09:07.156  2187  2264 I chatty  : uid=1000(system) android.display expire 5 lines
06-05 13:09:07.351  2187  2218 I chatty  : uid=1000(system) android.bg expire 3 lines
06-05 13:09:07.860  2187 21313 I chatty  : uid=1000(system) Binder:2187_19 expire 2 lines
06-05 13:09:08.129  2187  3571 I chatty  : uid=1000(system) Binder:2187_11 expire 2 lines
06-05 13:09:08.381  2622  2622 V KeyguardDisplayManager: hide
06-05 13:09:08.387  2187  2220 I chatty  : uid=1000(system) ActivityManager expire 15 lines
06-05 13:09:08.593  2187 21112 I chatty  : uid=1000(system) Binder:2187_15 expire 2 lines
06-05 13:09:09.367  2187  2656 I chatty  : uid=1000(system) Binder:2187_4 expire 2 lines
06-05 13:09:09.375  2187  2657 I chatty  : uid=1000(system) Binder:2187_5 expire 4 lines
06-05 13:09:09.443  2187  2531 I chatty  : uid=1000(system) ConnectivitySer expire 2 lines
06-05 13:09:09.569  3606 25622 E ActivityThread: Failed to find provider info for com.facebook.katana.provider.AttributionIdProvider
06-05 13:09:11.850  2187  3510 I chatty  : uid=1000(system) Binder:2187_9 expire 2 lines
06-05 13:09:12.427  2187  3538 I chatty  : uid=1000(system) Binder:2187_C expire 1 line
06-05 13:09:13.706  2187 23143 I chatty  : uid=1000(system) Binder:2187_13 expire 2 lines
06-05 13:09:16.083  2187  2498 I chatty  : uid=1000(system) AlarmManager expire 2 lines
06-05 13:09:19.545  2187  2263 I chatty  : uid=1000(system) android.io expire 2 lines
06-05 13:09:22.734  2187  2513 I chatty  : uid=1000(system) NetworkStats expire 3 lines
06-05 13:09:38.283  2622  2622 V KeyguardStatusView: refresh statusview showing:true
06-05 13:09:38.323  2622  2622 V KeyguardDisplayManager: show
06-05 13:09:39.055  2187  2220 I chatty  : uid=1000(system) ActivityManager expire 53 lines
06-05 13:10:17.062  2187  2498 I chatty  : uid=1000(system) AlarmManager expire 27 lines
06-05 13:10:17.103  2187 21141 I chatty  : uid=1000(system) Binder:2187_17 expire 1 line
06-05 13:10:17.187  2187 21140 I chatty  : uid=1000(system) Binder:2187_16 expire 5 lines
06-05 13:11:11.026  2187  2262 I chatty  : uid=1000(system) android.fg expire 16 lines
06-05 13:11:11.030  2187 21313 I chatty  : uid=1000(system) Binder:2187_19 expire 5 lines
06-05 13:11:32.174  2187  3514 I chatty  : uid=1000(system) Binder:2187_A expire 4 lines
06-05 13:12:15.686  2187 11980 I chatty  : uid=1000(system) Binder:2187_1A expire 5 lines
06-05 13:12:15.696  2187  3503 I chatty  : uid=1000(system) Binder:2187_8 expire 3 lines
06-05 13:12:15.710  2187 11981 I chatty  : uid=1000(system) Binder:2187_1B expire 2 lines
06-05 13:12:16.591  2187  3567 I chatty  : uid=1000(system) Binder:2187_F expire 2 lines
06-05 13:12:16.663  2187  2531 I chatty  : uid=1000(system) ConnectivitySer expire 8 lines
06-05 13:12:33.066  2187  2201 I chatty  : uid=1000(system) Binder:2187_2 expire 5 lines
06-05 13:12:33.089  2187 21112 I chatty  : uid=1000(system) Binder:2187_15 expire 6 lines
06-05 13:12:33.118  2187  3538 I chatty  : uid=1000(system) Binder:2187_C expire 3 lines
06-05 13:12:34.378  2187  2541 I chatty  : uid=1000(system) Binder:2187_3 expire 2 lines
06-05 13:12:34.437  2187  3559 I chatty  : uid=1000(system) Binder:2187_D expire 2 lines
06-05 13:12:55.272  2187  3571 I chatty  : uid=1000(system) Binder:2187_11 expire 1 line
06-05 13:12:55.317  2187  2656 I chatty  : uid=1000(system) Binder:2187_4 expire 2 lines
06-05 13:13:11.285  2187  3572 I chatty  : uid=1000(system) Binder:2187_12 expire 3 lines
06-05 13:13:11.787  2187  3510 I chatty  : uid=1000(system) Binder:2187_9 expire 2 lines
06-05 13:13:29.131  2187  2200 I chatty  : uid=1000(system) Binder:2187_1 expire 6 lines
06-05 13:13:29.202  2187  2187 I chatty  : uid=1000 system_server expire 4 lines
06-05 13:13:29.235  2187 23143 I chatty  : uid=1000(system) Binder:2187_13 expire 3 lines
06-05 13:13:30.511  2187 21203 I chatty  : uid=1000(system) Binder:2187_18 expire 2 lines
06-05 13:14:00.052  2187  2949 I chatty  : uid=1000(system) Binder:2187_6 expire 1 line
06-05 13:14:06.482  2187  2501 I chatty  : uid=1000(system) InputReader expire 2 lines
06-05 13:14:06.491  2187  2267 I chatty  : uid=1000(system) PowerManagerSer expire 5 lines
06-05 13:14:06.507  2187  2264 I chatty  : uid=1000(system) android.display expire 2 lines
06-05 13:14:06.656  2187  3569 I chatty  : uid=1000(system) Binder:2187_10 expire 2 lines
06-05 13:14:07.648  2187  2657 I chatty  : uid=1000(system) Binder:2187_5 expire 1 line
06-05 13:14:18.720  2187  3560 I chatty  : uid=1000(system) Binder:2187_E expire 1 line
06-05 13:14:28.091  2187  3535 I chatty  : uid=1000(system) Binder:2187_B expire 1 line
06-05 13:14:55.081  2187 21111 I chatty  : uid=1000(system) Binder:2187_14 expire 6 lines
06-05 13:15:05.189  2187  3503 I chatty  : uid=1000(system) Binder:2187_8 expire 6 lines
06-05 13:15:30.326  2187  2501 I chatty  : uid=1000(system) InputReader expire 1 line
06-05 13:15:30.329  2187  2187 I chatty  : uid=1000 system_server expire 4 lines
06-05 13:15:30.335  2187  2267 I chatty  : uid=1000(system) PowerManagerSer expire 3 lines
06-05 13:15:30.349  2187  2220 I chatty  : uid=1000(system) ActivityManager expire 14 lines
06-05 13:15:30.350  2187  2264 I chatty  : uid=1000(system) android.display expire 5 lines
06-05 13:15:30.496  2187  3572 I chatty  : uid=1000(system) Binder:2187_12 expire 4 lines
06-05 13:15:30.551  2187  3559 I chatty  : uid=1000(system) Binder:2187_D expire 2 lines
06-05 13:15:31.042  2187  2263 I chatty  : uid=1000(system) android.io expire 3 lines
06-05 13:15:31.051  2187 21112 I chatty  : uid=1000(system) Binder:2187_15 expire 4 lines
06-05 13:15:31.461  2187 21313 I chatty  : uid=1000(system) Binder:2187_19 expire 5 lines
06-05 13:15:31.466  2187  2262 I chatty  : uid=1000(system) android.fg expire 1 line
06-05 13:15:31.473  2187  3535 I chatty  : uid=1000(system) Binder:2187_B expire 6 lines
06-05 13:15:31.479  2187  2657 I chatty  : uid=1000(system) Binder:2187_5 expire 6 lines
06-05 13:15:31.620  2187 23143 I chatty  : uid=1000(system) Binder:2187_13 expire 6 lines
06-05 13:15:31.769  2187  3500 I chatty  : uid=1000(system) Binder:2187_7 expire 5 lines
06-05 13:15:31.792  2187 11980 I chatty  : uid=1000(system) Binder:2187_1A expire 4 lines
06-05 13:15:31.798  2187 21203 I chatty  : uid=1000(system) Binder:2187_18 expire 4 lines
06-05 13:15:31.898  2622  2622 V KeyguardDisplayManager: hide
06-05 13:15:31.957  2187  2201 I chatty  : uid=1000(system) Binder:2187_2 expire 6 lines
06-05 13:15:31.964  2187 11981 I chatty  : uid=1000(system) Binder:2187_1B expire 2 lines
06-05 13:15:32.017  2187  3560 I chatty  : uid=1000(system) Binder:2187_E expire 1 line
06-05 13:15:32.379  2187  2541 I chatty  : uid=1000(system) Binder:2187_3 expire 2 lines
06-05 13:15:32.454  2187  2531 I chatty  : uid=1000(system) ConnectivitySer expire 3 lines
06-05 13:15:32.859  2187  3514 I chatty  : uid=1000(system) Binder:2187_A expire 3 lines
06-05 13:15:33.673  2187 21140 I chatty  : uid=1000(system) Binder:2187_16 expire 1 line
06-05 13:15:33.740  2187  2656 I chatty  : uid=1000(system) Binder:2187_4 expire 5 lines
06-05 13:15:34.462  2187  3569 I chatty  : uid=1000(system) Binder:2187_10 expire 4 lines
06-05 13:15:35.312  2187  2224 I chatty  : uid=1000(system) batterystats-sy expire 3 lines
06-05 13:15:37.509  2187  2500 I chatty  : uid=1000(system) InputDispatcher expire 4 lines
06-05 13:15:38.967  2187  3567 I chatty  : uid=1000(system) Binder:2187_F expire 3 lines
06-05 13:15:39.303  2187  2200 I chatty  : uid=1000(system) Binder:2187_1 expire 6 lines
06-05 13:15:41.169  2187  2498 I chatty  : uid=1000(system) AlarmManager expire 19 lines
06-05 13:15:44.215  2187  3571 I chatty  : uid=1000(system) Binder:2187_11 expire 1 line
06-05 13:15:45.678 25492 26730 E ActivityThread: Failed to find provider info for com.facebook.katana.provider.AttributionIdProvider
06-05 13:15:46.911  2187  2220 I chatty  : uid=1000(system) ActivityManager expire 19 lines
06-05 13:16:05.916  2622  2622 V DeadZone: consuming errant click: (377.0,1.0)
06-05 13:16:20.507  2187  2949 I chatty  : uid=1000(system) Binder:2187_6 expire 3 lines
06-05 13:16:27.418  2187  3538 I chatty  : uid=1000(system) Binder:2187_C expire 4 lines
06-05 13:16:28.151  2187 21141 I chatty  : uid=1000(system) Binder:2187_17 expire 2 lines
06-05 13:16:52.530  2187  3510 I chatty  : uid=1000(system) Binder:2187_9 expire 5 lines
06-05 13:16:53.199  2187  3500 I chatty  : uid=1000(system) Binder:2187_7 expire 1 line
06-05 13:16:53.199  2187  2220 I chatty  : uid=1000(system) ActivityManager expire 46 lines
06-05 13:17:00.001  2187  2498 I chatty  : uid=1000(system) AlarmManager expire 8 lines
06-05 13:17:00.112  2187 21141 I chatty  : uid=1000(system) Binder:2187_17 expire 3 lines
06-05 13:17:01.732  2187 21313 I chatty  : uid=1000(system) Binder:2187_19 expire 5 lines
06-05 13:17:01.790  2187 11981 I chatty  : uid=1000(system) Binder:2187_1B expire 3 lines
06-05 13:17:01.825  2187  2531 I chatty  : uid=1000(system) ConnectivitySer expire 3 lines
06-05 13:17:02.034  2187  3514 I chatty  : uid=1000(system) Binder:2187_A expire 5 lines
06-05 13:17:09.364  2187  3569 I chatty  : uid=1000(system) Binder:2187_10 expire 2 lines
06-05 13:17:09.769  2187  2500 I chatty  : uid=1000(system) InputDispatcher expire 4 lines
06-05 13:17:09.870  2187 11980 I chatty  : uid=1000(system) Binder:2187_1A expire 5 lines
06-05 13:17:09.874  2187  3571 I chatty  : uid=1000(system) Binder:2187_11 expire 3 lines
06-05 13:17:10.114  2187  2264 I chatty  : uid=1000(system) android.display expire 2 lines
06-05 13:17:10.861  2187  3535 I chatty  : uid=1000(system) Binder:2187_B expire 5 lines
06-05 13:17:10.905  2187  3503 I chatty  : uid=1000(system) Binder:2187_8 expire 8 lines
06-05 13:17:11.455  2187  2656 I chatty  : uid=1000(system) Binder:2187_4 expire 4 lines
06-05 13:17:11.997  2187  3560 I chatty  : uid=1000(system) Binder:2187_E expire 4 lines
06-05 13:17:12.273  2187  2949 I chatty  : uid=1000(system) Binder:2187_6 expire 9 lines
06-05 13:17:12.442  2187  2541 I chatty  : uid=1000(system) Binder:2187_3 expire 3 lines
06-05 13:17:22.021  2187  3538 I chatty  : uid=1000(system) Binder:2187_C expire 6 lines
06-05 13:17:24.268  2187 21111 I chatty  : uid=1000(system) Binder:2187_14 expire 1 line
06-05 13:17:24.274  2187  3567 I chatty  : uid=1000(system) Binder:2187_F expire 6 lines
06-05 13:17:26.909  2187  2200 I chatty  : uid=1000(system) Binder:2187_1 expire 3 lines
06-05 13:17:27.422  2187  2201 I chatty  : uid=1000(system) Binder:2187_2 expire 9 lines
06-05 13:17:27.652  2187 23143 I chatty  : uid=1000(system) Binder:2187_13 expire 2 lines
06-05 13:17:27.799  2187 21203 I chatty  : uid=1000(system) Binder:2187_18 expire 7 lines
06-05 13:17:27.800  2187  3559 I chatty  : uid=1000(system) Binder:2187_D expire 5 lines
06-05 13:17:27.852  2187  2657 I chatty  : uid=1000(system) Binder:2187_5 expire 9 lines
06-05 13:17:32.489  2187  2524 I chatty  : uid=1000(system) WifiStateMachin expire 1 line
06-05 13:17:35.258  2187 21112 I chatty  : uid=1000(system) Binder:2187_15 expire 2 lines
06-05 13:17:43.250  2187  2187 I chatty  : uid=1000 system_server expire 1 line
06-05 13:17:43.269  2187  2224 I chatty  : uid=1000(system) batterystats-sy expire 3 lines
06-05 13:17:47.887  2187  2262 I chatty  : uid=1000(system) android.fg expire 2 lines
06-05 13:17:50.638  2187  2220 I chatty  : uid=1000(system) ActivityManager expire 31 lines
06-05 13:17:50.680  2187  3535 I chatty  : uid=1000(system) Binder:2187_B expire 7 lines
06-05 13:17:50.822  2187  2949 I chatty  : uid=1000(system) Binder:2187_6 expire 14 lines
06-05 13:17:55.731  2187  2500 I chatty  : uid=1000(system) InputDispatcher expire 2 lines
06-05 13:17:55.833  2187  3538 I chatty  : uid=1000(system) Binder:2187_C expire 3 lines
06-05 13:17:55.838  2187 21141 I chatty  : uid=1000(system) Binder:2187_17 expire 7 lines
06-05 13:17:56.877  2622  2622 V DeadZone: consuming errant click: (349.0,10.0)
06-05 13:17:59.747  2187  2656 I chatty  : uid=1000(system) Binder:2187_4 expire 7 lines
06-05 13:17:59.752  2187 21111 I chatty  : uid=1000(system) Binder:2187_14 expire 6 lines
06-05 13:17:59.912  2187  3559 I chatty  : uid=1000(system) Binder:2187_D expire 6 lines
06-05 13:17:59.942  2187 11981 I chatty  : uid=1000(system) Binder:2187_1B expire 1 line
06-05 13:17:59.959  2187 23143 I chatty  : uid=1000(system) Binder:2187_13 expire 3 lines
06-05 13:18:00.001  2187  2498 I chatty  : uid=1000(system) AlarmManager expire 6 lines
06-05 13:18:00.093  2187  3500 I chatty  : uid=1000(system) Binder:2187_7 expire 7 lines
06-05 13:18:01.585  2187 21313 I chatty  : uid=1000(system) Binder:2187_19 expire 8 lines
06-05 13:18:01.634  2187  3571 I chatty  : uid=1000(system) Binder:2187_11 expire 4 lines
06-05 13:18:01.020  2187  2187 I chatty  : uid=1000 system_server expire 10 lines
06-05 13:18:01.084  2187  2537 I chatty  : uid=1000(system) onProviders.ECP expire 1 line
06-05 13:18:01.561  2187  3503 I chatty  : uid=1000(system) Binder:2187_8 expire 2 lines
06-05 13:18:01.656  2187 21112 I chatty  : uid=1000(system) Binder:2187_15 expire 5 lines
06-05 13:18:01.684  2187  2531 I chatty  : uid=1000(system) ConnectivitySer expire 3 lines
06-05 13:18:02.197  2187  3567 I chatty  : uid=1000(system) Binder:2187_F expire 2 lines
06-05 13:18:02.333  2187  2263 I chatty  : uid=1000(system) android.io expire 2 lines
06-05 13:18:03.252  2187  2200 I chatty  : uid=1000(system) Binder:2187_1 expire 4 lines
06-05 13:18:03.891  2187  2524 I chatty  : uid=1000(system) WifiStateMachin expire 1 line
06-05 13:18:04.315  2187  3560 I chatty  : uid=1000(system) Binder:2187_E expire 7 lines
06-05 13:18:04.474  2187  3510 I chatty  : uid=1000(system) Binder:2187_9 expire 5 lines
06-05 13:18:04.525  2187  2201 I chatty  : uid=1000(system) Binder:2187_2 expire 6 lines
06-05 13:18:04.650  2187  3514 I chatty  : uid=1000(system) Binder:2187_A expire 9 lines
06-05 13:18:04.785  2187 11980 I chatty  : uid=1000(system) Binder:2187_1A expire 4 lines
06-05 13:18:05.190  2187  3572 I chatty  : uid=1000(system) Binder:2187_12 expire 5 lines
06-05 13:18:05.234  2187  2541 I chatty  : uid=1000(system) Binder:2187_3 expire 1 line
06-05 13:18:05.291  2187  3569 I chatty  : uid=1000(system) Binder:2187_10 expire 3 lines
06-05 13:18:05.331  2187  2224 I chatty  : uid=1000(system) batterystats-sy expire 1 line
06-05 13:18:06.927  2187 21140 I chatty  : uid=1000(system) Binder:2187_16 expire 2 lines
06-05 13:18:16.020  2187  3567 I chatty  : uid=1000(system) Binder:2187_F expire 9 lines
06-05 13:18:17.610  2187  2501 I chatty  : uid=1000(system) InputReader expire 2 lines
06-05 13:18:17.635  2187  2187 I chatty  : uid=1000 system_server expire 13 lines
06-05 13:18:18.098  2187  2267 I chatty  : uid=1000(system) PowerManagerSer expire 6 lines
06-05 13:18:18.525  2622  2622 V KeyguardStatusView: refresh statusview showing:true
06-05 13:18:18.537  2622  2622 V KeyguardDisplayManager: show
06-05 13:18:18.576  2187  3572 I chatty  : uid=1000(system) Binder:2187_12 expire 11 lines
06-05 13:18:18.895  2187  2657 I chatty  : uid=1000(system) Binder:2187_5 expire 3 lines
06-05 13:18:18.897  2187 21313 I chatty  : uid=1000(system) Binder:2187_19 expire 3 lines
06-05 13:18:19.038  2187  2264 I chatty  : uid=1000(system) android.display expire 5 lines
06-05 13:18:19.136  2187  2220 I chatty  : uid=1000(system) ActivityManager expire 16 lines
06-05 13:18:19.192  2187  2201 I chatty  : uid=1000(system) Binder:2187_2 expire 4 lines
06-05 13:18:19.303  2187  3503 I chatty  : uid=1000(system) Binder:2187_8 expire 2 lines
06-05 13:18:19.566  2187  2262 I chatty  : uid=1000(system) android.fg expire 3 lines
06-05 13:18:19.570  2187 21203 I chatty  : uid=1000(system) Binder:2187_18 expire 6 lines
06-05 13:18:26.280  2187 23143 I chatty  : uid=1000(system) Binder:2187_13 expire 5 lines
06-05 13:18:26.295  2187 21141 I chatty  : uid=1000(system) Binder:2187_17 expire 4 lines
06-05 13:18:26.321  2187  2531 I chatty  : uid=1000(system) ConnectivitySer expire 7 lines
06-05 13:18:33.499  2622  2622 V KeyguardDisplayManager: hide
06-05 13:18:33.626  2187  2949 I chatty  : uid=1000(system) Binder:2187_6 expire 3 lines
06-05 13:18:33.695  2187 21111 I chatty  : uid=1000(system) Binder:2187_14 expire 2 lines
06-05 13:18:33.740  2187  2541 I chatty  : uid=1000(system) Binder:2187_3 expire 2 lines
06-05 13:18:33.760  2187 11980 I chatty  : uid=1000(system) Binder:2187_1A expire 2 lines
06-05 13:18:33.802  2187  3500 I chatty  : uid=1000(system) Binder:2187_7 expire 2 lines
06-05 13:18:35.032  2187  2656 I chatty  : uid=1000(system) Binder:2187_4 expire 2 lines
06-05 13:18:35.044  2187  2200 I chatty  : uid=1000(system) Binder:2187_1 expire 3 lines
06-05 13:18:35.047  2187  3510 I chatty  : uid=1000(system) Binder:2187_9 expire 1 line
06-05 13:18:36.312  2187  2500 I chatty  : uid=1000(system) InputDispatcher expire 2 lines
06-05 13:18:36.355  2187  3569 I chatty  : uid=1000(system) Binder:2187_10 expire 1 line
06-05 13:18:37.369 28520 28520 W ActivityThread: Application com.ibatimesheet can be debugged on port 8100...
06-05 13:18:38.373  2187  2524 I chatty  : uid=1000(system) WifiStateMachin expire 15 lines
06-05 13:18:38.374  2187  2220 I chatty  : uid=1000(system) ActivityManager expire 29 lines
06-05 13:18:39.179  3524  3627 W ContextImpl: Calling a method in the system process without a qualified user: android.app.ContextImpl.bindService:1422 android.content.ContextWrapper.bindService:636 com.google.android.gms.ads.identifier.AdvertisingIdClient.h:-1 com.google.android.gms.ads.identifier.AdvertisingIdClient.b:-1 com.google.android.gms.ads.identifier.AdvertisingIdClient.getAdvertisingIdInfo:-1 
06-05 13:18:39.962  2187 11981 I chatty  : uid=1000(system) Binder:2187_1B expire 4 lines
06-05 13:18:40.275  2187  3559 I chatty  : uid=1000(system) Binder:2187_D expire 1 line
06-05 13:18:40.340  2187 21112 I chatty  : uid=1000(system) Binder:2187_15 expire 4 lines
06-05 13:18:40.696  2187  3535 I chatty  : uid=1000(system) Binder:2187_B expire 2 lines
06-05 13:18:42.080  2187  2498 I chatty  : uid=1000(system) AlarmManager expire 1 line
06-05 13:18:42.111  2187  2519 I chatty  : uid=1000(system) WifiP2pService expire 6 lines
06-05 13:18:42.219  2187  2224 I chatty  : uid=1000(system) batterystats-sy expire 1 line
06-05 13:18:43.162  2187  3514 I chatty  : uid=1000(system) Binder:2187_A expire 1 line
06-05 13:18:43.397  2187 11981 I chatty  : uid=1000(system) Binder:2187_1B expire 3 lines
06-05 13:18:43.479  2187  2524 I chatty  : uid=1000(system) WifiStateMachin expire 27 lines
06-05 13:18:43.481  2187  2220 I chatty  : uid=1000(system) ActivityManager expire 32 lines
06-05 13:18:44.119  2187  3571 I chatty  : uid=1000(system) Binder:2187_11 expire 3 lines
06-05 13:18:45.480  2187 21111 I chatty  : uid=1000(system) Binder:2187_14 expire 4 lines
06-05 13:18:45.554  2187  2201 I chatty  : uid=1000(system) Binder:2187_2 expire 1 line
06-05 13:18:45.602  2187 21141 I chatty  : uid=1000(system) Binder:2187_17 expire 3 lines
06-05 13:18:45.613  2187  2187 I chatty  : uid=1000 system_server expire 47 lines
06-05 13:18:45.832  2187  2263 I chatty  : uid=1000(system) android.io expire 4 lines
06-05 13:18:46.136  2187  3559 I chatty  : uid=1000(system) Binder:2187_D expire 2 lines
06-05 13:18:46.168  2187  3572 I chatty  : uid=1000(system) Binder:2187_12 expire 2 lines
06-05 13:18:46.230  2187 21140 I chatty  : uid=1000(system) Binder:2187_16 expire 3 lines
06-05 13:18:46.309  2187 23143 I chatty  : uid=1000(system) Binder:2187_13 expire 1 line
06-05 13:18:46.853  2187  3510 I chatty  : uid=1000(system) Binder:2187_9 expire 2 lines
06-05 13:18:46.935  2187 21203 I chatty  : uid=1000(system) Binder:2187_18 expire 2 lines
06-05 13:18:46.964  2187  2541 I chatty  : uid=1000(system) Binder:2187_3 expire 1 line
06-05 13:18:47.393  2187  3535 I chatty  : uid=1000(system) Binder:2187_B expire 1 line
06-05 13:18:48.161  2187  2531 I chatty  : uid=1000(system) ConnectivitySer expire 16 lines
06-05 13:18:48.196  2187  2498 I chatty  : uid=1000(system) AlarmManager expire 6 lines
06-05 13:18:48.201  2187  2657 I chatty  : uid=1000(system) Binder:2187_5 expire 2 lines
06-05 13:18:49.204  2187  2262 I chatty  : uid=1000(system) android.fg expire 1 line
06-05 13:18:49.206  2187  2656 I chatty  : uid=1000(system) Binder:2187_4 expire 3 lines
06-05 13:18:49.214  2187  2224 I chatty  : uid=1000(system) batterystats-sy expire 1 line
06-05 13:18:49.778  2187 11980 I chatty  : uid=1000(system) Binder:2187_1A expire 1 line
06-05 13:18:49.808  2187  3500 I chatty  : uid=1000(system) Binder:2187_7 expire 1 line
06-05 13:18:50.283  2187  2949 I chatty  : uid=1000(system) Binder:2187_6 expire 3 lines
06-05 13:18:50.304  2187  3503 I chatty  : uid=1000(system) Binder:2187_8 expire 1 line
06-05 13:18:50.319  2187  3569 I chatty  : uid=1000(system) Binder:2187_10 expire 2 lines
06-05 13:18:50.651  2187  2513 I chatty  : uid=1000(system) NetworkStats expire 3 lines
06-05 13:18:52.439  2187  2200 I chatty  : uid=1000(system) Binder:2187_1 expire 1 line
06-05 13:18:54.822  2187 29037 I chatty  : uid=1000 system_server expire 2 lines
06-05 13:19:01.961  2187  3560 I chatty  : uid=1000(system) Binder:2187_E expire 1 line
06-05 13:19:03.645  2187 21313 I chatty  : uid=1000(system) Binder:2187_19 expire 6 lines
06-05 13:19:08.665  2187  2498 I chatty  : uid=1000(system) AlarmManager expire 9 lines
06-05 13:19:08.684  2187  3500 I chatty  : uid=1000(system) Binder:2187_7 expire 4 lines
06-05 13:19:08.698  2187 21141 I chatty  : uid=1000(system) Binder:2187_17 expire 1 line
06-05 13:19:08.719  2187 11981 I chatty  : uid=1000(system) Binder:2187_1B expire 7 lines
06-05 13:19:09.353  2187 21140 I chatty  : uid=1000(system) Binder:2187_16 expire 12 lines
06-05 13:19:09.360  2187  3538 I chatty  : uid=1000(system) Binder:2187_C expire 5 lines
06-05 13:19:09.550  2187  2264 I chatty  : uid=1000(system) android.display expire 5 lines
06-05 13:19:10.245  2187  2657 I chatty  : uid=1000(system) Binder:2187_5 expire 1 line
06-05 13:19:10.302  2187  3510 I chatty  : uid=1000(system) Binder:2187_9 expire 2 lines
06-05 13:19:10.302  2187  2220 I chatty  : uid=1000(system) ActivityManager expire 14 lines
06-05 13:19:10.444  2187 11980 I chatty  : uid=1000(system) Binder:2187_1A expire 2 lines
06-05 13:19:10.466  2187 23143 I chatty  : uid=1000(system) Binder:2187_13 expire 4 lines
06-05 13:19:13.979  2187  3514 I chatty  : uid=1000(system) Binder:2187_A expire 10 lines
06-05 13:19:14.015  2187  3567 I chatty  : uid=1000(system) Binder:2187_F expire 7 lines
06-05 13:19:31.508  2187  3572 I chatty  : uid=1000(system) Binder:2187_12 expire 4 lines
06-05 13:20:00.095  2187  2201 I chatty  : uid=1000(system) Binder:2187_2 expire 3 lines
06-05 13:20:00.198  2187  2949 I chatty  : uid=1000(system) Binder:2187_6 expire 3 lines
06-05 13:20:08.866  2187  3571 I chatty  : uid=1000(system) Binder:2187_11 expire 5 lines
06-05 13:20:59.461  2187  2187 I chatty  : uid=1000 system_server expire 7 lines
06-05 13:20:59.484  2187  2224 I chatty  : uid=1000(system) batterystats-sy expire 6 lines
06-05 13:21:00.115  2187  2200 I chatty  : uid=1000(system) Binder:2187_1 expire 3 lines
06-05 13:21:49.310  2187  3503 I chatty  : uid=1000(system) Binder:2187_8 expire 10 lines
06-05 13:21:49.409  2187  2262 I chatty  : uid=1000(system) android.fg expire 6 lines
06-05 13:21:49.464 28560 28560 W ContextImpl: Calling a method in the system process without a qualified user: android.app.ContextImpl.startService:1358 android.content.ContextWrapper.startService:613 android.content.ContextWrapper.startService:613 com.sonyericsson.usbux.service.UsbServiceReceiver.onReceive:157 android.app.ActivityThread.handleReceiver:3085 
06-05 13:21:49.490  2187  2220 I chatty  : uid=1000(system) ActivityManager expire 20 lines
06-05 13:21:49.518  2187  2218 I chatty  : uid=1000(system) android.bg expire 2 lines
06-05 13:21:49.813 29688 29688 W ContextImpl: Calling a method in the system process without a qualified user: android.app.ContextImpl.startService:1358 android.content.ContextWrapper.startService:613 android.content.ContextWrapper.startService:613 com.sonymobile.enterprise.service.UsbReceiver.onReceive:31 android.app.ActivityThread.handleReceiver:3085 
06-05 13:21:50.315 29732 29779 W ContextImpl: Calling a method in the system process without a qualified user: android.app.ContextImpl.bindService:1422 android.content.ContextWrapper.bindService:636 com.google.android.gms.common.stats.zzb.zza:-1 com.google.android.gms.common.stats.zzb.zza:-1 com.google.android.gms.ads.identifier.AdvertisingIdClient.zzp:-1 
06-05 13:21:50.433 29655 29655 D ActivityThread: Loading provider com.whatsapp.provider.contact: com.whatsapp.contact.ContactProvider
06-05 13:21:50.573  2187 21111 I chatty  : uid=1000(system) Binder:2187_14 expire 2 lines
06-05 13:21:50.631  2187  3535 I chatty  : uid=1000(system) Binder:2187_B expire 3 lines
06-05 13:21:50.641  2187 21112 I chatty  : uid=1000(system) Binder:2187_15 expire 2 lines
06-05 13:21:50.688  2187  3559 I chatty  : uid=1000(system) Binder:2187_D expire 4 lines
