06-06 15:27:00.107  2187  2200 I chatty  : uid=1000(system) Binder:2187_1 expire 2 lines
06-06 15:27:00.361  2187  2500 I chatty  : uid=1000(system) InputDispatcher expire 2 lines
06-06 15:27:01.240  2187  2501 I chatty  : uid=1000(system) InputReader expire 1 line
06-06 15:27:01.762  2187  2267 I chatty  : uid=1000(system) PowerManagerSer expire 2 lines
06-06 15:27:02.014  2622  2622 V KeyguardStatusView: refresh statusview showing:true
06-06 15:27:02.023  2622  2622 V KeyguardDisplayManager: show
06-06 15:27:02.311  2187 21112 I chatty  : uid=1000(system) Binder:2187_15 expire 2 lines
06-06 15:27:02.510  2187  2264 I chatty  : uid=1000(system) android.display expire 2 lines
06-06 15:27:05.012  2187  2220 I chatty  : uid=1000(system) ActivityManager expire 26 lines
06-06 15:27:15.064  2187  2218 I chatty  : uid=1000(system) android.bg expire 1 line
06-06 15:27:59.845  2187  2220 I chatty  : uid=1000(system) ActivityManager expire 12 lines
06-06 15:28:00.009  2187  2200 I chatty  : uid=1000(system) Binder:2187_1 expire 5 lines
06-06 15:28:00.646  2187 21112 I chatty  : uid=1000(system) Binder:2187_15 expire 4 lines
06-06 15:28:00.653  2187  2262 I chatty  : uid=1000(system) android.fg expire 7 lines
06-06 15:28:00.659  2187  3514 I chatty  : uid=1000(system) Binder:2187_A expire 11 lines
06-06 15:28:00.684  2187 32069 I chatty  : uid=1000(system) Binder:2187_1E expire 5 lines
06-06 15:28:00.694  2187  2656 I chatty  : uid=1000(system) Binder:2187_4 expire 1 line
06-06 15:28:00.718  2187  2531 I chatty  : uid=1000(system) ConnectivitySer expire 7 lines
06-06 15:28:00.748  2187  3510 I chatty  : uid=1000(system) Binder:2187_9 expire 9 lines
06-06 15:28:03.098  2187  3567 I chatty  : uid=1000(system) Binder:2187_F expire 2 lines
06-06 15:28:09.262  2187  2949 I chatty  : uid=1000(system) Binder:2187_6 expire 1 line
06-06 15:28:15.894  2187  2498 I chatty  : uid=1000(system) AlarmManager expire 8 lines
06-06 15:28:16.024  2187  3500 I chatty  : uid=1000(system) Binder:2187_7 expire 1 line
06-06 15:28:16.293 12611 12611 D ActivityThread: Loading provider com.whatsapp.provider.contact: com.whatsapp.contact.ContactProvider
06-06 15:28:16.364  2187  3560 I chatty  : uid=1000(system) Binder:2187_E expire 5 lines
06-06 15:28:16.435  2187  2220 I chatty  : uid=1000(system) ActivityManager expire 23 lines
06-06 15:28:16.747  2187 31939 I chatty  : uid=1000(system) Binder:2187_1C expire 8 lines
06-06 15:28:16.763  2187  3538 I chatty  : uid=1000(system) Binder:2187_C expire 3 lines
06-06 15:28:16.779  2187 21313 I chatty  : uid=1000(system) Binder:2187_19 expire 8 lines
06-06 15:28:20.086  2187 21141 I chatty  : uid=1000(system) Binder:2187_17 expire 7 lines
06-06 15:28:20.125  2187  3571 I chatty  : uid=1000(system) Binder:2187_11 expire 3 lines
06-06 15:28:33.330  2187  3569 I chatty  : uid=1000(system) Binder:2187_10 expire 5 lines
06-06 15:28:35.419  2187  2657 I chatty  : uid=1000(system) Binder:2187_5 expire 3 lines
06-06 15:28:55.458  2187 31940 I chatty  : uid=1000(system) Binder:2187_1D expire 4 lines
06-06 15:28:56.712  2187 21111 I chatty  : uid=1000(system) Binder:2187_14 expire 2 lines
06-06 15:28:56.659  2187  3559 I chatty  : uid=1000(system) Binder:2187_D expire 1 line
06-06 15:28:56.711  2187 11980 I chatty  : uid=1000(system) Binder:2187_1A expire 2 lines
06-06 15:28:56.724  2187  3535 I chatty  : uid=1000(system) Binder:2187_B expire 2 lines
06-06 15:29:13.195  2187 21203 I chatty  : uid=1000(system) Binder:2187_18 expire 3 lines
06-06 15:29:17.061  2187  2501 I chatty  : uid=1000(system) InputReader expire 1 line
06-06 15:29:17.068  2187  2187 I chatty  : uid=1000 system_server expire 5 lines
06-06 15:29:17.075  2187  2267 I chatty  : uid=1000(system) PowerManagerSer expire 3 lines
06-06 15:29:17.092  2187  2264 I chatty  : uid=1000(system) android.display expire 1 line
06-06 15:29:17.253  2187 11981 I chatty  : uid=1000(system) Binder:2187_1B expire 3 lines
06-06 15:29:18.345  3524  3627 W ContextImpl: Calling a method in the system process without a qualified user: android.app.ContextImpl.bindService:1422 android.content.ContextWrapper.bindService:636 com.google.android.gms.ads.identifier.AdvertisingIdClient.h:-1 com.google.android.gms.ads.identifier.AdvertisingIdClient.b:-1 com.google.android.gms.ads.identifier.AdvertisingIdClient.getAdvertisingIdInfo:-1 
06-06 15:29:18.567  2622  2622 V KeyguardDisplayManager: hide
06-06 15:29:18.576  2187  2220 I chatty  : uid=1000(system) ActivityManager expire 22 lines
06-06 15:29:18.634  2187  3503 I chatty  : uid=1000(system) Binder:2187_8 expire 2 lines
06-06 15:29:18.676  2187  2541 I chatty  : uid=1000(system) Binder:2187_3 expire 1 line
06-06 15:29:19.266  2187  3514 I chatty  : uid=1000(system) Binder:2187_A expire 1 line
06-06 15:29:19.376  2187 23143 I chatty  : uid=1000(system) Binder:2187_13 expire 4 lines
06-06 15:29:20.368  2187  3572 I chatty  : uid=1000(system) Binder:2187_12 expire 2 lines
06-06 15:29:33.212  2187  2224 I chatty  : uid=1000(system) batterystats-sy expire 3 lines
06-06 15:29:48.273  2622  2622 V DeadZone: consuming errant click: (87.0,0.0)
06-06 15:29:48.495  2187  2220 I chatty  : uid=1000(system) ActivityManager expire 8 lines
06-06 15:29:56.243  2187  2201 I chatty  : uid=1000(system) Binder:2187_2 expire 8 lines
06-06 15:30:00.650  2187  2220 I chatty  : uid=1000(system) ActivityManager expire 83 lines
06-06 15:30:00.669  2187  3567 I chatty  : uid=1000(system) Binder:2187_F expire 1 line
06-06 15:30:00.704  2187  2531 I chatty  : uid=1000(system) ConnectivitySer expire 9 lines
06-06 15:30:04.466  2187 21313 I chatty  : uid=1000(system) Binder:2187_19 expire 2 lines
06-06 15:30:04.710  2187  3572 I chatty  : uid=1000(system) Binder:2187_12 expire 7 lines
06-06 15:30:04.741  2187 21112 I chatty  : uid=1000(system) Binder:2187_15 expire 3 lines
06-06 15:30:04.776  2187  2657 I chatty  : uid=1000(system) Binder:2187_5 expire 4 lines
06-06 15:30:04.791  2187  3569 I chatty  : uid=1000(system) Binder:2187_10 expire 8 lines
06-06 15:30:07.280  2187  2200 I chatty  : uid=1000(system) Binder:2187_1 expire 8 lines
06-06 15:30:07.957  2187  3503 I chatty  : uid=1000(system) Binder:2187_8 expire 6 lines
06-06 15:30:07.983  2187 32069 I chatty  : uid=1000(system) Binder:2187_1E expire 5 lines
06-06 15:30:08.003  2187  2541 I chatty  : uid=1000(system) Binder:2187_3 expire 4 lines
06-06 15:30:08.006  2187  3559 I chatty  : uid=1000(system) Binder:2187_D expire 5 lines
06-06 15:30:08.272  2187 31940 I chatty  : uid=1000(system) Binder:2187_1D expire 1 line
06-06 15:30:11.245  2187  2498 I chatty  : uid=1000(system) AlarmManager expire 8 lines
06-06 15:30:11.270  2187  2949 I chatty  : uid=1000(system) Binder:2187_6 expire 1 line
06-06 15:30:11.284  2187 21141 I chatty  : uid=1000(system) Binder:2187_17 expire 1 line
06-06 15:30:12.538  2187  3510 I chatty  : uid=1000(system) Binder:2187_9 expire 3 lines
06-06 15:30:12.543  2187  3571 I chatty  : uid=1000(system) Binder:2187_11 expire 3 lines
06-06 15:30:12.564  2187  3560 I chatty  : uid=1000(system) Binder:2187_E expire 3 lines
06-06 15:30:12.597  2187  3514 I chatty  : uid=1000(system) Binder:2187_A expire 2 lines
06-06 15:30:12.622  2187  2656 I chatty  : uid=1000(system) Binder:2187_4 expire 2 lines
06-06 15:30:12.623  2187 31939 I chatty  : uid=1000(system) Binder:2187_1C expire 3 lines
06-06 15:30:12.809  2187  3535 I chatty  : uid=1000(system) Binder:2187_B expire 2 lines
06-06 15:30:24.041  2187  3538 I chatty  : uid=1000(system) Binder:2187_C expire 4 lines
06-06 15:30:24.052  2187 23143 I chatty  : uid=1000(system) Binder:2187_13 expire 2 lines
06-06 15:30:30.325  2187  2224 I chatty  : uid=1000(system) batterystats-sy expire 3 lines
06-06 15:30:30.853  2187  2262 I chatty  : uid=1000(system) android.fg expire 6 lines
06-06 15:30:34.144  2187  3500 I chatty  : uid=1000(system) Binder:2187_7 expire 1 line
06-06 15:30:36.677  2187 21140 I chatty  : uid=1000(system) Binder:2187_16 expire 4 lines
06-06 15:30:43.077  2187 11980 I chatty  : uid=1000(system) Binder:2187_1A expire 1 line
06-06 15:31:00.409  2187 21111 I chatty  : uid=1000(system) Binder:2187_14 expire 3 lines
06-06 15:31:24.890  2187 21203 I chatty  : uid=1000(system) Binder:2187_18 expire 4 lines
06-06 15:31:43.600  2187  2220 I chatty  : uid=1000(system) ActivityManager expire 41 lines
06-06 15:31:43.618  2187  2541 I chatty  : uid=1000(system) Binder:2187_3 expire 2 lines
06-06 15:31:43.636  2187  2531 I chatty  : uid=1000(system) ConnectivitySer expire 4 lines
06-06 15:31:53.836  2187  2262 I chatty  : uid=1000(system) android.fg expire 4 lines
06-06 15:31:53.840  2187 21140 I chatty  : uid=1000(system) Binder:2187_16 expire 8 lines
06-06 15:31:55.798  2187  3514 I chatty  : uid=1000(system) Binder:2187_A expire 6 lines
06-06 15:31:55.809  2187  3538 I chatty  : uid=1000(system) Binder:2187_C expire 7 lines
06-06 15:32:00.089  2187  3572 I chatty  : uid=1000(system) Binder:2187_12 expire 3 lines
06-06 15:32:00.103  2187  3569 I chatty  : uid=1000(system) Binder:2187_10 expire 5 lines
06-06 15:32:00.170  2187  3500 I chatty  : uid=1000(system) Binder:2187_7 expire 1 line
06-06 15:32:00.426  2187  2498 I chatty  : uid=1000(system) AlarmManager expire 12 lines
06-06 15:32:00.540  2187 31940 I chatty  : uid=1000(system) Binder:2187_1D expire 3 lines
06-06 15:32:03.389  2187  3560 I chatty  : uid=1000(system) Binder:2187_E expire 5 lines
06-06 15:32:03.598  2187  3571 I chatty  : uid=1000(system) Binder:2187_11 expire 3 lines
06-06 15:32:03.013  2187 21141 I chatty  : uid=1000(system) Binder:2187_17 expire 5 lines
06-06 15:32:03.023  2187  2187 I chatty  : uid=1000 system_server expire 13 lines
06-06 15:32:03.440  2187  2201 I chatty  : uid=1000(system) Binder:2187_2 expire 10 lines
06-06 15:32:03.449  2187 21313 I chatty  : uid=1000(system) Binder:2187_19 expire 5 lines
06-06 15:32:03.495  2187 21111 I chatty  : uid=1000(system) Binder:2187_14 expire 7 lines
06-06 15:32:03.553  2187 31939 I chatty  : uid=1000(system) Binder:2187_1C expire 1 line
06-06 15:32:03.824  2187  3503 I chatty  : uid=1000(system) Binder:2187_8 expire 13 lines
06-06 15:32:04.101  2187  2263 I chatty  : uid=1000(system) android.io expire 2 lines
06-06 15:32:04.403  2187 23143 I chatty  : uid=1000(system) Binder:2187_13 expire 8 lines
06-06 15:32:04.999  2187  3559 I chatty  : uid=1000(system) Binder:2187_D expire 1 line
06-06 15:32:05.269  2187 32069 I chatty  : uid=1000(system) Binder:2187_1E expire 3 lines
06-06 15:32:05.289  2187  2949 I chatty  : uid=1000(system) Binder:2187_6 expire 7 lines
06-06 15:32:06.566  2187  3567 I chatty  : uid=1000(system) Binder:2187_F expire 4 lines
06-06 15:32:06.615  2187  2657 I chatty  : uid=1000(system) Binder:2187_5 expire 2 lines
06-06 15:32:07.248  2187  2224 I chatty  : uid=1000(system) batterystats-sy expire 3 lines
06-06 15:32:07.669  2187 21112 I chatty  : uid=1000(system) Binder:2187_15 expire 3 lines
06-06 15:32:07.822  2187  3535 I chatty  : uid=1000(system) Binder:2187_B expire 6 lines
06-06 15:32:18.523  2187  2513 I chatty  : uid=1000(system) NetworkStats expire 2 lines
06-06 15:32:18.583  2187  2656 I chatty  : uid=1000(system) Binder:2187_4 expire 3 lines
06-06 15:32:18.905  2187 11980 I chatty  : uid=1000(system) Binder:2187_1A expire 1 line
06-06 15:32:19.039  2187 11981 I chatty  : uid=1000(system) Binder:2187_1B expire 2 lines
06-06 15:32:19.078  2187  2222 I chatty  : uid=1000(system) ActivityManager expire 1 line
06-06 15:32:40.196  2187  2220 I chatty  : uid=1000(system) ActivityManager expire 58 lines
06-06 15:32:40.207  2187  3500 I chatty  : uid=1000(system) Binder:2187_7 expire 5 lines
06-06 15:32:40.246  2187  3560 I chatty  : uid=1000(system) Binder:2187_E expire 6 lines
06-06 15:32:40.272  2187  3571 I chatty  : uid=1000(system) Binder:2187_11 expire 4 lines
06-06 15:32:40.298  2187  2531 I chatty  : uid=1000(system) ConnectivitySer expire 9 lines
06-06 15:32:40.702  2187  3567 I chatty  : uid=1000(system) Binder:2187_F expire 9 lines
06-06 15:32:42.362  2187  3535 I chatty  : uid=1000(system) Binder:2187_B expire 5 lines
06-06 15:32:42.364  2187 31940 I chatty  : uid=1000(system) Binder:2187_1D expire 4 lines
06-06 15:32:42.436  2187  2656 I chatty  : uid=1000(system) Binder:2187_4 expire 4 lines
06-06 15:32:42.464  2187 21112 I chatty  : uid=1000(system) Binder:2187_15 expire 4 lines
06-06 15:32:42.488  2187  3514 I chatty  : uid=1000(system) Binder:2187_A expire 9 lines
06-06 15:32:42.587  2187  2201 I chatty  : uid=1000(system) Binder:2187_2 expire 7 lines
06-06 15:32:42.639  2187  3538 I chatty  : uid=1000(system) Binder:2187_C expire 6 lines
06-06 15:32:43.870  2187  2541 I chatty  : uid=1000(system) Binder:2187_3 expire 2 lines
06-06 15:32:59.853  2187  2262 I chatty  : uid=1000(system) android.fg expire 8 lines
06-06 15:33:00.000  2187  2498 I chatty  : uid=1000(system) AlarmManager expire 10 lines
06-06 15:33:01.620  2187 11981 I chatty  : uid=1000(system) Binder:2187_1B expire 4 lines
06-06 15:33:01.656  2187 32069 I chatty  : uid=1000(system) Binder:2187_1E expire 4 lines
06-06 15:33:11.883  2187  3559 I chatty  : uid=1000(system) Binder:2187_D expire 4 lines
06-06 15:33:11.895  2187  2657 I chatty  : uid=1000(system) Binder:2187_5 expire 1 line
06-06 15:33:25.056  2187 21203 I chatty  : uid=1000(system) Binder:2187_18 expire 2 lines
06-06 15:33:30.479  2187  3510 I chatty  : uid=1000(system) Binder:2187_9 expire 2 lines
06-06 15:33:30.491  2187 21141 I chatty  : uid=1000(system) Binder:2187_17 expire 2 lines
06-06 15:33:34.488  2187  3569 I chatty  : uid=1000(system) Binder:2187_10 expire 1 line
06-06 15:33:35.207  2187 31939 I chatty  : uid=1000(system) Binder:2187_1C expire 2 lines
06-06 15:33:51.729  2187  3572 I chatty  : uid=1000(system) Binder:2187_12 expire 2 lines
06-06 15:33:51.740  2187  2949 I chatty  : uid=1000(system) Binder:2187_6 expire 3 lines
06-06 15:34:16.649  2187 11980 I chatty  : uid=1000(system) Binder:2187_1A expire 2 lines
06-06 15:34:19.216  2187 21140 I chatty  : uid=1000(system) Binder:2187_16 expire 2 lines
06-06 15:34:22.149  2187  3503 I chatty  : uid=1000(system) Binder:2187_8 expire 1 line
06-06 15:34:30.668  2187  2263 I chatty  : uid=1000(system) android.io expire 2 lines
06-06 15:34:50.744  3606 14327 E ActivityThread: Failed to find provider info for com.facebook.katana.provider.AttributionIdProvider
06-06 15:35:00.002  2187  2498 I chatty  : uid=1000(system) AlarmManager expire 4 lines
06-06 15:35:10.709  2187  2220 I chatty  : uid=1000(system) ActivityManager expire 14 lines
06-06 15:35:20.248  2187 23143 I chatty  : uid=1000(system) Binder:2187_13 expire 2 lines
06-06 15:35:30.940  2187 21111 I chatty  : uid=1000(system) Binder:2187_14 expire 6 lines
06-06 15:35:30.949  2187  2220 I chatty  : uid=1000(system) ActivityManager expire 83 lines
06-06 15:35:30.950  2187  2656 I chatty  : uid=1000(system) Binder:2187_4 expire 3 lines
06-06 15:35:30.985  2187  3572 I chatty  : uid=1000(system) Binder:2187_12 expire 4 lines
06-06 15:35:31.009  2187 32069 I chatty  : uid=1000(system) Binder:2187_1E expire 4 lines
06-06 15:35:31.024  2187  2531 I chatty  : uid=1000(system) ConnectivitySer expire 10 lines
06-06 15:35:34.228  2187  3510 I chatty  : uid=1000(system) Binder:2187_9 expire 6 lines
06-06 15:35:36.166  2187  2262 I chatty  : uid=1000(system) android.fg expire 8 lines
06-06 15:35:36.170  2187 31940 I chatty  : uid=1000(system) Binder:2187_1D expire 6 lines
06-06 15:35:52.608  2187  3560 I chatty  : uid=1000(system) Binder:2187_E expire 3 lines
06-06 15:35:53.652  2187  3514 I chatty  : uid=1000(system) Binder:2187_A expire 7 lines
06-06 15:35:53.672  2187 21140 I chatty  : uid=1000(system) Binder:2187_16 expire 2 lines
06-06 15:35:53.686  2187 21141 I chatty  : uid=1000(system) Binder:2187_17 expire 5 lines
06-06 15:35:53.744  2187 21203 I chatty  : uid=1000(system) Binder:2187_18 expire 1 line
06-06 15:36:00.402  2187  2498 I chatty  : uid=1000(system) AlarmManager expire 6 lines
06-06 15:36:02.032  2187  2187 I chatty  : uid=1000 system_server expire 1 line
06-06 15:36:02.062  2187  2224 I chatty  : uid=1000(system) batterystats-sy expire 3 lines
06-06 15:36:03.894  2187  3538 I chatty  : uid=1000(system) Binder:2187_C expire 3 lines
06-06 15:36:08.178  2187  2200 I chatty  : uid=1000(system) Binder:2187_1 expire 4 lines
06-06 15:36:12.782  2187 31939 I chatty  : uid=1000(system) Binder:2187_1C expire 6 lines
06-06 15:36:12.836  2187  2949 I chatty  : uid=1000(system) Binder:2187_6 expire 3 lines
06-06 15:36:23.928  2187  3500 I chatty  : uid=1000(system) Binder:2187_7 expire 2 lines
06-06 15:36:28.202  2187 11981 I chatty  : uid=1000(system) Binder:2187_1B expire 4 lines
06-06 15:36:34.691  2187  3567 I chatty  : uid=1000(system) Binder:2187_F expire 3 lines
06-06 15:36:42.234  2187  3569 I chatty  : uid=1000(system) Binder:2187_10 expire 1 line
06-06 15:36:42.356  2187  3559 I chatty  : uid=1000(system) Binder:2187_D expire 3 lines
06-06 15:36:42.654  2187 11980 I chatty  : uid=1000(system) Binder:2187_1A expire 2 lines
06-06 15:36:42.726  2187 21313 I chatty  : uid=1000(system) Binder:2187_19 expire 2 lines
06-06 15:36:42.759  2187  2541 I chatty  : uid=1000(system) Binder:2187_3 expire 2 lines
06-06 15:36:58.885  2187  2201 I chatty  : uid=1000(system) Binder:2187_2 expire 2 lines
06-06 15:36:58.947  2187  2657 I chatty  : uid=1000(system) Binder:2187_5 expire 2 lines
06-06 15:37:13.163  2187  2218 I chatty  : uid=1000(system) android.bg expire 2 lines
06-06 15:37:21.526  2187 21112 I chatty  : uid=1000(system) Binder:2187_15 expire 1 line
06-06 15:37:24.916  2187  3571 I chatty  : uid=1000(system) Binder:2187_11 expire 1 line
06-06 15:37:30.346  2187  3535 I chatty  : uid=1000(system) Binder:2187_B expire 6 lines
06-06 15:37:46.734  2187 31940 I chatty  : uid=1000(system) Binder:2187_1D expire 4 lines
06-06 15:37:46.741  2187  2541 I chatty  : uid=1000(system) Binder:2187_3 expire 7 lines
06-06 15:37:46.742  2187  2220 I chatty  : uid=1000(system) ActivityManager expire 19 lines
06-06 15:37:46.774  2187 11981 I chatty  : uid=1000(system) Binder:2187_1B expire 6 lines
06-06 15:37:46.791  2187  3500 I chatty  : uid=1000(system) Binder:2187_7 expire 4 lines
06-06 15:37:46.805  2187  2531 I chatty  : uid=1000(system) ConnectivitySer expire 4 lines
06-06 15:37:52.927  2187  2262 I chatty  : uid=1000(system) android.fg expire 4 lines
06-06 15:37:52.931  2187  2200 I chatty  : uid=1000(system) Binder:2187_1 expire 4 lines
06-06 15:37:57.760  2187 21140 I chatty  : uid=1000(system) Binder:2187_16 expire 8 lines
06-06 15:37:58.009  2187  3569 I chatty  : uid=1000(system) Binder:2187_10 expire 3 lines
06-06 15:37:58.015  2187  2498 I chatty  : uid=1000(system) AlarmManager expire 10 lines
06-06 15:37:58.038  2187  2187 I chatty  : uid=1000 system_server expire 20 lines
06-06 15:37:58.063  2187  2537 I chatty  : uid=1000(system) onProviders.ECP expire 1 line
06-06 15:37:58.414  2187  2201 I chatty  : uid=1000(system) Binder:2187_2 expire 2 lines
06-06 15:37:58.615  2187  2656 I chatty  : uid=1000(system) Binder:2187_4 expire 4 lines
06-06 15:37:58.646  2187  2657 I chatty  : uid=1000(system) Binder:2187_5 expire 2 lines
06-06 15:37:58.654  2187 21112 I chatty  : uid=1000(system) Binder:2187_15 expire 3 lines
06-06 15:37:58.006  2187  3567 I chatty  : uid=1000(system) Binder:2187_F expire 2 lines
06-06 15:37:58.043  2187 21203 I chatty  : uid=1000(system) Binder:2187_18 expire 1 line
06-06 15:37:58.057  2187  2949 I chatty  : uid=1000(system) Binder:2187_6 expire 7 lines
06-06 15:37:58.218  2187  2263 I chatty  : uid=1000(system) android.io expire 5 lines
06-06 15:37:59.285 14916 14916 D ActivityThread: Loading provider contacts;com.android.contacts: com.android.providers.contacts.SemcContactsProvider2
06-06 15:38:00.089  2187 21313 I chatty  : uid=1000(system) Binder:2187_19 expire 7 lines
06-06 15:38:00.410  2187  3538 I chatty  : uid=1000(system) Binder:2187_C expire 6 lines
06-06 15:38:00.439  2187  3559 I chatty  : uid=1000(system) Binder:2187_D expire 9 lines
06-06 15:38:00.463  2187 32069 I chatty  : uid=1000(system) Binder:2187_1E expire 4 lines
06-06 15:38:00.528  2187  3510 I chatty  : uid=1000(system) Binder:2187_9 expire 2 lines
06-06 15:38:00.938  2187  3503 I chatty  : uid=1000(system) Binder:2187_8 expire 4 lines
06-06 15:38:00.980  2187 21141 I chatty  : uid=1000(system) Binder:2187_17 expire 3 lines
06-06 15:38:01.072  2187 31939 I chatty  : uid=1000(system) Binder:2187_1C expire 6 lines
06-06 15:38:01.094  2187  3572 I chatty  : uid=1000(system) Binder:2187_12 expire 1 line
06-06 15:38:01.426  2187  2220 I chatty  : uid=1000(system) ActivityManager expire 26 lines
06-06 15:38:01.608  2187  3560 I chatty  : uid=1000(system) Binder:2187_E expire 3 lines
06-06 15:38:03.895  2187  2224 I chatty  : uid=1000(system) batterystats-sy expire 2 lines
06-06 15:38:19.331  2187 21111 I chatty  : uid=1000(system) Binder:2187_14 expire 1 line
06-06 15:38:31.545  2187  3571 I chatty  : uid=1000(system) Binder:2187_11 expire 14 lines
06-06 15:38:31.916  2187  2541 I chatty  : uid=1000(system) Binder:2187_3 expire 4 lines
06-06 15:38:32.033  2187  3572 I chatty  : uid=1000(system) Binder:2187_12 expire 1 line
06-06 15:38:36.209 15176 15463 E ActivityThread: Failed to find provider info for com.facebook.katana.provider.AttributionIdProvider
06-06 15:38:40.148  2187  3535 I chatty  : uid=1000(system) Binder:2187_B expire 6 lines
06-06 15:38:41.448  2187  2220 I chatty  : uid=1000(system) ActivityManager expire 56 lines
06-06 15:38:42.322  2187 23143 I chatty  : uid=1000(system) Binder:2187_13 expire 3 lines
06-06 15:38:42.329  2187 11980 I chatty  : uid=1000(system) Binder:2187_1A expire 1 line
06-06 15:38:42.396  2187  3514 I chatty  : uid=1000(system) Binder:2187_A expire 12 lines
06-06 15:38:42.413  2187  2531 I chatty  : uid=1000(system) ConnectivitySer expire 5 lines
06-06 15:38:47.716  2187  2262 I chatty  : uid=1000(system) android.fg expire 6 lines
06-06 15:38:53.787  2187  2201 I chatty  : uid=1000(system) Binder:2187_2 expire 4 lines
06-06 15:38:53.818  2187 31940 I chatty  : uid=1000(system) Binder:2187_1D expire 5 lines
06-06 15:38:53.821  2187 21111 I chatty  : uid=1000(system) Binder:2187_14 expire 5 lines
06-06 15:39:00.001  2187  2498 I chatty  : uid=1000(system) AlarmManager expire 8 lines
06-06 15:39:00.098  2187  3567 I chatty  : uid=1000(system) Binder:2187_F expire 4 lines
06-06 15:39:00.132  2187  2656 I chatty  : uid=1000(system) Binder:2187_4 expire 6 lines
06-06 15:39:00.146  2187 21203 I chatty  : uid=1000(system) Binder:2187_18 expire 2 lines
06-06 15:39:00.189  2187  2949 I chatty  : uid=1000(system) Binder:2187_6 expire 2 lines
06-06 15:39:00.198  2187  3510 I chatty  : uid=1000(system) Binder:2187_9 expire 2 lines
06-06 15:39:10.408  2187  3559 I chatty  : uid=1000(system) Binder:2187_D expire 3 lines
06-06 15:39:13.118  2187 21112 I chatty  : uid=1000(system) Binder:2187_15 expire 2 lines
06-06 15:39:16.688  2187 11981 I chatty  : uid=1000(system) Binder:2187_1B expire 4 lines
06-06 15:39:16.697  2187  3500 I chatty  : uid=1000(system) Binder:2187_7 expire 3 lines
06-06 15:39:16.744  2187  3503 I chatty  : uid=1000(system) Binder:2187_8 expire 3 lines
06-06 15:39:21.313  2187  3538 I chatty  : uid=1000(system) Binder:2187_C expire 4 lines
06-06 15:39:21.511  2187 21313 I chatty  : uid=1000(system) Binder:2187_19 expire 7 lines
06-06 15:39:22.294  2187 32069 I chatty  : uid=1000(system) Binder:2187_1E expire 5 lines
06-06 15:39:23.036  2187  2187 I chatty  : uid=1000 system_server expire 10 lines
06-06 15:39:23.612  2187  3569 I chatty  : uid=1000(system) Binder:2187_10 expire 5 lines
06-06 15:39:23.662  2187 21140 I chatty  : uid=1000(system) Binder:2187_16 expire 1 line
06-06 15:39:23.950  2187  2263 I chatty  : uid=1000(system) android.io expire 2 lines
06-06 15:39:24.003  2187  2657 I chatty  : uid=1000(system) Binder:2187_5 expire 3 lines
06-06 15:39:24.022  2187 21141 I chatty  : uid=1000(system) Binder:2187_17 expire 2 lines
06-06 15:39:25.797  2187 31939 I chatty  : uid=1000(system) Binder:2187_1C expire 1 line
06-06 15:39:44.993  2187  2200 I chatty  : uid=1000(system) Binder:2187_1 expire 5 lines
06-06 15:40:06.671  2187 21313 I chatty  : uid=1000(system) Binder:2187_19 expire 2 lines
06-06 15:40:06.674  2187  2220 I chatty  : uid=1000(system) ActivityManager expire 76 lines
06-06 15:40:09.401  2187  2657 I chatty  : uid=1000(system) Binder:2187_5 expire 4 lines
06-06 15:40:10.598  2187  2541 I chatty  : uid=1000(system) Binder:2187_3 expire 2 lines
06-06 15:40:10.604  2187  3567 I chatty  : uid=1000(system) Binder:2187_F expire 3 lines
06-06 15:40:10.650  2187 11981 I chatty  : uid=1000(system) Binder:2187_1B expire 4 lines
06-06 15:40:10.674  2187  3571 I chatty  : uid=1000(system) Binder:2187_11 expire 4 lines
06-06 15:40:10.685  2187  2531 I chatty  : uid=1000(system) ConnectivitySer expire 9 lines
06-06 15:40:17.069  2187 32069 I chatty  : uid=1000(system) Binder:2187_1E expire 3 lines
06-06 15:40:22.086  2187  2498 I chatty  : uid=1000(system) AlarmManager expire 11 lines
06-06 15:40:22.109  2187 21140 I chatty  : uid=1000(system) Binder:2187_16 expire 5 lines
06-06 15:40:24.693  2187  3538 I chatty  : uid=1000(system) Binder:2187_C expire 6 lines
06-06 15:40:24.731  2187  3559 I chatty  : uid=1000(system) Binder:2187_D expire 4 lines
06-06 15:40:27.315  2187  3514 I chatty  : uid=1000(system) Binder:2187_A expire 5 lines
06-06 15:40:27.327  2187  2656 I chatty  : uid=1000(system) Binder:2187_4 expire 4 lines
06-06 15:40:27.351  2187 21203 I chatty  : uid=1000(system) Binder:2187_18 expire 1 line
06-06 15:40:27.369  2187  3572 I chatty  : uid=1000(system) Binder:2187_12 expire 3 lines
06-06 15:40:30.396  2187  3569 I chatty  : uid=1000(system) Binder:2187_10 expire 6 lines
06-06 15:40:30.655  2187 21141 I chatty  : uid=1000(system) Binder:2187_17 expire 2 lines
06-06 15:40:33.349  2187  2262 I chatty  : uid=1000(system) android.fg expire 10 lines
06-06 15:40:33.353  2187  2201 I chatty  : uid=1000(system) Binder:2187_2 expire 2 lines
06-06 15:40:40.665  2187 21111 I chatty  : uid=1000(system) Binder:2187_14 expire 4 lines
06-06 15:40:41.009  2187  3500 I chatty  : uid=1000(system) Binder:2187_7 expire 3 lines
06-06 15:40:41.019  2187  3510 I chatty  : uid=1000(system) Binder:2187_9 expire 4 lines
06-06 15:40:41.040  2187  3535 I chatty  : uid=1000(system) Binder:2187_B expire 4 lines
06-06 15:40:57.416  2187 11980 I chatty  : uid=1000(system) Binder:2187_1A expire 3 lines
06-06 15:41:19.429  2187  3503 I chatty  : uid=1000(system) Binder:2187_8 expire 3 lines
06-06 15:41:59.893  2187 31940 I chatty  : uid=1000(system) Binder:2187_1D expire 2 lines
06-06 15:42:10.011  2187 23143 I chatty  : uid=1000(system) Binder:2187_13 expire 1 line
06-06 15:42:10.024  2187  2187 I chatty  : uid=1000 system_server expire 4 lines
06-06 15:42:10.099  2187  2949 I chatty  : uid=1000(system) Binder:2187_6 expire 8 lines
06-06 15:42:10.365  2187 11980 I chatty  : uid=1000(system) Binder:2187_1A expire 6 lines
06-06 15:42:10.541  2187  3535 I chatty  : uid=1000(system) Binder:2187_B expire 2 lines
06-06 15:42:10.653  2187  2187 I chatty  : uid=1000 system_server expire 7 lines
06-06 15:42:10.654  2187  2220 I chatty  : uid=1000(system) ActivityManager expire 47 lines
06-06 15:42:10.670  2187 23143 I chatty  : uid=1000(system) Binder:2187_13 expire 6 lines
06-06 15:42:10.753  2187  3500 I chatty  : uid=1000(system) Binder:2187_7 expire 6 lines
06-06 15:42:10.846  2187 21112 I chatty  : uid=1000(system) Binder:2187_15 expire 7 lines
06-06 15:42:10.919  2187  2263 I chatty  : uid=1000(system) android.io expire 4 lines
06-06 15:42:11.581  2187  3538 I chatty  : uid=1000(system) Binder:2187_C expire 6 lines
06-06 15:42:11.609  2187  3572 I chatty  : uid=1000(system) Binder:2187_12 expire 6 lines
06-06 15:42:11.628  2187 11981 I chatty  : uid=1000(system) Binder:2187_1B expire 5 lines
06-06 15:42:11.714 16695 16695 D ActivityThread: Loading provider contacts;com.android.contacts: com.android.providers.contacts.SemcContactsProvider2
06-06 15:42:11.766  2187 21203 I chatty  : uid=1000(system) Binder:2187_18 expire 4 lines
06-06 15:42:11.806  2187 21141 I chatty  : uid=1000(system) Binder:2187_17 expire 6 lines
06-06 15:42:11.946  2187  3514 I chatty  : uid=1000(system) Binder:2187_A expire 2 lines
06-06 15:42:12.154  2187 21313 I chatty  : uid=1000(system) Binder:2187_19 expire 6 lines
06-06 15:42:12.328  2187  3559 I chatty  : uid=1000(system) Binder:2187_D expire 4 lines
06-06 15:42:12.669  2187 31940 I chatty  : uid=1000(system) Binder:2187_1D expire 10 lines
06-06 15:42:12.831  2187  2224 I chatty  : uid=1000(system) batterystats-sy expire 2 lines
06-06 15:42:12.977  2187  2657 I chatty  : uid=1000(system) Binder:2187_5 expire 4 lines
06-06 15:42:13.145  2187 21111 I chatty  : uid=1000(system) Binder:2187_14 expire 2 lines
06-06 15:42:13.206  2187  2541 I chatty  : uid=1000(system) Binder:2187_3 expire 5 lines
06-06 15:42:13.227  2187  2201 I chatty  : uid=1000(system) Binder:2187_2 expire 4 lines
06-06 15:42:13.645  2187  3567 I chatty  : uid=1000(system) Binder:2187_F expire 5 lines
06-06 15:42:15.070  2187  2498 I chatty  : uid=1000(system) AlarmManager expire 7 lines
06-06 15:42:15.081  2187  3569 I chatty  : uid=1000(system) Binder:2187_10 expire 5 lines
06-06 15:42:27.347  2187  2656 I chatty  : uid=1000(system) Binder:2187_4 expire 4 lines
06-06 15:42:32.009  2187  3571 I chatty  : uid=1000(system) Binder:2187_11 expire 4 lines
06-06 15:42:32.381  2187  2200 I chatty  : uid=1000(system) Binder:2187_1 expire 3 lines
06-06 15:42:32.415  2187  2531 I chatty  : uid=1000(system) ConnectivitySer expire 4 lines
06-06 15:42:33.321  2187  3510 I chatty  : uid=1000(system) Binder:2187_9 expire 5 lines
06-06 15:42:42.165  2187 32069 I chatty  : uid=1000(system) Binder:2187_1E expire 1 line
06-06 15:42:43.660  2187  2262 I chatty  : uid=1000(system) android.fg expire 2 lines
06-06 15:42:56.804  2187 21140 I chatty  : uid=1000(system) Binder:2187_16 expire 2 lines
06-06 15:43:02.260  2187 31939 I chatty  : uid=1000(system) Binder:2187_1C expire 1 line
06-06 15:43:12.219  2187  2500 I chatty  : uid=1000(system) InputDispatcher expire 2 lines
06-06 15:43:12.441  2187  2200 I chatty  : uid=1000(system) Binder:2187_1 expire 6 lines
06-06 15:43:12.445  2187  3572 I chatty  : uid=1000(system) Binder:2187_12 expire 2 lines
06-06 15:43:12.464  2187 21140 I chatty  : uid=1000(system) Binder:2187_16 expire 3 lines
06-06 15:43:12.534  2187 21203 I chatty  : uid=1000(system) Binder:2187_18 expire 5 lines
06-06 15:43:12.693  2187  2264 I chatty  : uid=1000(system) android.display expire 3 lines
06-06 15:43:13.293  2187  2501 I chatty  : uid=1000(system) InputReader expire 1 line
06-06 15:43:13.534  2187  2187 I chatty  : uid=1000 system_server expire 4 lines
06-06 15:43:13.832  2187  2267 I chatty  : uid=1000(system) PowerManagerSer expire 2 lines
06-06 15:43:14.186  2622  2622 V KeyguardStatusView: refresh statusview showing:true
06-06 15:43:14.195  2622  2622 V KeyguardDisplayManager: show
06-06 15:43:14.519  2187  3503 I chatty  : uid=1000(system) Binder:2187_8 expire 4 lines
06-06 15:43:14.520  2187 32069 I chatty  : uid=1000(system) Binder:2187_1E expire 3 lines
06-06 15:43:29.059  2187  2262 I chatty  : uid=1000(system) android.fg expire 15 lines
06-06 15:43:29.061  2187  2201 I chatty  : uid=1000(system) Binder:2187_2 expire 7 lines
06-06 15:43:29.092  2187  2656 I chatty  : uid=1000(system) Binder:2187_4 expire 4 lines
06-06 15:43:29.092  2187  2220 I chatty  : uid=1000(system) ActivityManager expire 67 lines
06-06 15:43:29.103  2187  3560 I chatty  : uid=1000(system) Binder:2187_E expire 4 lines
06-06 15:43:34.207  2187  3500 I chatty  : uid=1000(system) Binder:2187_7 expire 4 lines
06-06 15:43:34.211  2187 31939 I chatty  : uid=1000(system) Binder:2187_1C expire 6 lines
06-06 15:43:34.250  2187  3567 I chatty  : uid=1000(system) Binder:2187_F expire 3 lines
06-06 15:43:34.251  2187  3538 I chatty  : uid=1000(system) Binder:2187_C expire 5 lines
06-06 15:43:34.283  2187 21111 I chatty  : uid=1000(system) Binder:2187_14 expire 2 lines
06-06 15:43:34.338  2187  3559 I chatty  : uid=1000(system) Binder:2187_D expire 5 lines
06-06 15:43:34.341  2187 31940 I chatty  : uid=1000(system) Binder:2187_1D expire 3 lines
06-06 15:43:38.406  2187  3571 I chatty  : uid=1000(system) Binder:2187_11 expire 4 lines
06-06 15:43:38.495  2187  2531 I chatty  : uid=1000(system) ConnectivitySer expire 10 lines
06-06 15:44:00.373  2187  2498 I chatty  : uid=1000(system) AlarmManager expire 9 lines
06-06 15:44:00.685  2187  2541 I chatty  : uid=1000(system) Binder:2187_3 expire 2 lines
06-06 15:44:00.725  2187 11980 I chatty  : uid=1000(system) Binder:2187_1A expire 1 line
06-06 15:44:17.345  2187 21313 I chatty  : uid=1000(system) Binder:2187_19 expire 3 lines
06-06 15:44:38.444  2187 11981 I chatty  : uid=1000(system) Binder:2187_1B expire 3 lines
06-06 15:44:52.652  2187  3569 I chatty  : uid=1000(system) Binder:2187_10 expire 2 lines
06-06 15:45:02.179  2187  2949 I chatty  : uid=1000(system) Binder:2187_6 expire 1 line
06-06 15:45:14.447  2187 21141 I chatty  : uid=1000(system) Binder:2187_17 expire 1 line
06-06 15:45:33.057  2187  3514 I chatty  : uid=1000(system) Binder:2187_A expire 1 line
06-06 15:45:39.862  2187 21112 I chatty  : uid=1000(system) Binder:2187_15 expire 1 line
06-06 15:45:40.036  2187  3535 I chatty  : uid=1000(system) Binder:2187_B expire 1 line
06-06 15:45:56.548  2187  3510 I chatty  : uid=1000(system) Binder:2187_9 expire 1 line
06-06 15:45:56.549  2187  2220 I chatty  : uid=1000(system) ActivityManager expire 52 lines
06-06 15:45:56.571  2187  2531 I chatty  : uid=1000(system) ConnectivitySer expire 10 lines
06-06 15:46:03.061  2187  2498 I chatty  : uid=1000(system) AlarmManager expire 9 lines
06-06 15:46:03.098  2187  3538 I chatty  : uid=1000(system) Binder:2187_C expire 5 lines
06-06 15:46:03.191  2187  2657 I chatty  : uid=1000(system) Binder:2187_5 expire 2 lines
06-06 15:46:08.029  2187  2262 I chatty  : uid=1000(system) android.fg expire 7 lines
06-06 15:46:08.031  2187  3569 I chatty  : uid=1000(system) Binder:2187_10 expire 3 lines
06-06 15:46:08.034  2187  3572 I chatty  : uid=1000(system) Binder:2187_12 expire 2 lines
06-06 15:46:08.065  2187  2949 I chatty  : uid=1000(system) Binder:2187_6 expire 4 lines
06-06 15:46:08.100  2187 21111 I chatty  : uid=1000(system) Binder:2187_14 expire 4 lines
06-06 15:46:17.023  2187 11980 I chatty  : uid=1000(system) Binder:2187_1A expire 3 lines
06-06 15:46:20.029  2187 31939 I chatty  : uid=1000(system) Binder:2187_1C expire 4 lines
06-06 15:46:25.396  2187  2656 I chatty  : uid=1000(system) Binder:2187_4 expire 6 lines
06-06 15:46:28.633  2187 21313 I chatty  : uid=1000(system) Binder:2187_19 expire 5 lines
06-06 15:46:28.691  2187 23143 I chatty  : uid=1000(system) Binder:2187_13 expire 2 lines
06-06 15:46:31.830  2187 32069 I chatty  : uid=1000(system) Binder:2187_1E expire 3 lines
06-06 15:46:31.861  2187  3567 I chatty  : uid=1000(system) Binder:2187_F expire 2 lines
06-06 15:46:31.871  2187  3560 I chatty  : uid=1000(system) Binder:2187_E expire 5 lines
06-06 15:46:31.946  2187  2200 I chatty  : uid=1000(system) Binder:2187_1 expire 3 lines
06-06 15:46:31.967  2187 11981 I chatty  : uid=1000(system) Binder:2187_1B expire 3 lines
06-06 15:46:32.073  2187  2201 I chatty  : uid=1000(system) Binder:2187_2 expire 5 lines
06-06 15:46:32.075  2187  3571 I chatty  : uid=1000(system) Binder:2187_11 expire 3 lines
06-06 15:46:35.924  2187 21141 I chatty  : uid=1000(system) Binder:2187_17 expire 2 lines
06-06 15:46:35.926  2187  3514 I chatty  : uid=1000(system) Binder:2187_A expire 2 lines
06-06 15:46:44.059  2187 21140 I chatty  : uid=1000(system) Binder:2187_16 expire 6 lines
06-06 15:46:44.121  2187  2541 I chatty  : uid=1000(system) Binder:2187_3 expire 4 lines
06-06 15:46:56.099  2187 21203 I chatty  : uid=1000(system) Binder:2187_18 expire 2 lines
06-06 15:47:12.675  2187  3535 I chatty  : uid=1000(system) Binder:2187_B expire 3 lines
06-06 15:47:22.326  2187  3500 I chatty  : uid=1000(system) Binder:2187_7 expire 6 lines
06-06 15:47:35.678  2187  2501 I chatty  : uid=1000(system) InputReader expire 1 line
06-06 15:47:35.680  2187  2187 I chatty  : uid=1000 system_server expire 3 lines
06-06 15:47:35.711  2187  2267 I chatty  : uid=1000(system) PowerManagerSer expire 2 lines
06-06 15:47:35.713  2187  2264 I chatty  : uid=1000(system) android.display expire 2 lines
06-06 15:47:36.778  2622  2622 V KeyguardDisplayManager: hide
06-06 15:47:36.784  2187  2220 I chatty  : uid=1000(system) ActivityManager expire 18 lines
06-06 15:48:06.968  3524  3627 W ContextImpl: Calling a method in the system process without a qualified user: android.app.ContextImpl.bindService:1422 android.content.ContextWrapper.bindService:636 com.google.android.gms.ads.identifier.AdvertisingIdClient.h:-1 com.google.android.gms.ads.identifier.AdvertisingIdClient.b:-1 com.google.android.gms.ads.identifier.AdvertisingIdClient.getAdvertisingIdInfo:-1 
06-06 15:48:07.622  2187  2220 I chatty  : uid=1000(system) ActivityManager expire 7 lines
06-06 15:48:18.572  2187  2531 I chatty  : uid=1000(system) ConnectivitySer expire 1 line
06-06 15:48:18.731  2187 21112 I chatty  : uid=1000(system) Binder:2187_15 expire 5 lines
06-06 15:48:31.588  2187  2262 I chatty  : uid=1000(system) android.fg expire 12 lines
06-06 15:48:31.593  2187 11980 I chatty  : uid=1000(system) Binder:2187_1A expire 3 lines
06-06 15:48:34.831  2187  3569 I chatty  : uid=1000(system) Binder:2187_10 expire 2 lines
06-06 15:48:34.922  2187  2187 I chatty  : uid=1000 system_server expire 1 line
06-06 15:48:34.933  2187  2220 I chatty  : uid=1000(system) ActivityManager expire 19 lines
06-06 15:48:35.243  2187 21141 I chatty  : uid=1000(system) Binder:2187_17 expire 5 lines
06-06 15:48:35.255  2187 32069 I chatty  : uid=1000(system) Binder:2187_1E expire 4 lines
06-06 15:48:35.306  2187  3571 I chatty  : uid=1000(system) Binder:2187_11 expire 3 lines
06-06 15:48:35.324  2187  2531 I chatty  : uid=1000(system) ConnectivitySer expire 10 lines
06-06 15:48:48.491  2187  3500 I chatty  : uid=1000(system) Binder:2187_7 expire 4 lines
06-06 15:48:50.614  2187 21140 I chatty  : uid=1000(system) Binder:2187_16 expire 6 lines
06-06 15:48:50.620  2187  2541 I chatty  : uid=1000(system) Binder:2187_3 expire 4 lines
06-06 15:48:53.881  2187  3560 I chatty  : uid=1000(system) Binder:2187_E expire 5 lines
06-06 15:48:53.886  2187  2656 I chatty  : uid=1000(system) Binder:2187_4 expire 3 lines
06-06 15:49:00.003  2187  2498 I chatty  : uid=1000(system) AlarmManager expire 8 lines
06-06 15:49:00.112  2187 21111 I chatty  : uid=1000(system) Binder:2187_14 expire 6 lines
06-06 15:49:01.331  2187 31940 I chatty  : uid=1000(system) Binder:2187_1D expire 2 lines
06-06 15:49:02.846  2187  2657 I chatty  : uid=1000(system) Binder:2187_5 expire 4 lines
06-06 15:49:02.893  2187  3538 I chatty  : uid=1000(system) Binder:2187_C expire 3 lines
06-06 15:49:04.316  2187  3535 I chatty  : uid=1000(system) Binder:2187_B expire 3 lines
06-06 15:49:05.098  2187  2263 I chatty  : uid=1000(system) android.io expire 3 lines
06-06 15:49:05.106  2187 21203 I chatty  : uid=1000(system) Binder:2187_18 expire 5 lines
06-06 15:49:05.371  2187  2201 I chatty  : uid=1000(system) Binder:2187_2 expire 2 lines
06-06 15:49:05.501  2187  2949 I chatty  : uid=1000(system) Binder:2187_6 expire 1 line
06-06 15:49:05.642  2187  3559 I chatty  : uid=1000(system) Binder:2187_D expire 8 lines
06-06 15:49:05.670  2187 23143 I chatty  : uid=1000(system) Binder:2187_13 expire 2 lines
06-06 15:49:05.760 18439 18439 D ActivityThread: Loading provider contacts;com.android.contacts: com.android.providers.contacts.SemcContactsProvider2
06-06 15:49:06.719  2187 21313 I chatty  : uid=1000(system) Binder:2187_19 expire 2 lines
06-06 15:49:06.734  2187 11981 I chatty  : uid=1000(system) Binder:2187_1B expire 4 lines
06-06 15:49:19.556 17100 18490 E ActivityThread: Failed to find provider info for com.facebook.katana.provider.AttributionIdProvider
06-06 15:49:21.743  2187  2220 I chatty  : uid=1000(system) ActivityManager expire 12 lines
06-06 15:49:25.340  2187  3510 I chatty  : uid=1000(system) Binder:2187_9 expire 4 lines
06-06 15:49:38.624  2187  2218 I chatty  : uid=1000(system) android.bg expire 1 line
06-06 15:49:38.872 18529 18572 D ActivityThread: Loading provider com.google.android.gmail.provider;com.android.mail.notifier;com.google.android.gm.email.provider;com.google.android.gm.tasks.provider;com.google.android.gm.email.notifier: com.android.email.provider.EmailProvider
06-06 15:49:38.913  2187 31939 I chatty  : uid=1000(system) Binder:2187_1C expire 4 lines
06-06 15:49:39.004  2187  3572 I chatty  : uid=1000(system) Binder:2187_12 expire 1 line
06-06 15:49:39.096  2187  3503 I chatty  : uid=1000(system) Binder:2187_8 expire 3 lines
06-06 15:49:39.225  2187  3567 I chatty  : uid=1000(system) Binder:2187_F expire 2 lines
06-06 15:49:57.923  2187  2220 I chatty  : uid=1000(system) ActivityManager expire 31 lines
06-06 15:49:59.496  2187  3514 I chatty  : uid=1000(system) Binder:2187_A expire 6 lines
06-06 15:50:59.735  2187  2220 I chatty  : uid=1000(system) ActivityManager expire 75 lines
06-06 15:50:59.751  2187  2531 I chatty  : uid=1000(system) ConnectivitySer expire 12 lines
06-06 15:51:00.002  2187  2498 I chatty  : uid=1000(system) AlarmManager expire 9 lines
06-06 15:51:00.111  2187  3572 I chatty  : uid=1000(system) Binder:2187_12 expire 6 lines
06-06 15:51:11.043  2187  2200 I chatty  : uid=1000(system) Binder:2187_1 expire 5 lines
06-06 15:51:12.942  2187 11981 I chatty  : uid=1000(system) Binder:2187_1B expire 5 lines
06-06 15:51:17.257  2187 23143 I chatty  : uid=1000(system) Binder:2187_13 expire 4 lines
06-06 15:51:17.282  2187  3503 I chatty  : uid=1000(system) Binder:2187_8 expire 3 lines
06-06 15:51:17.322  2187  2949 I chatty  : uid=1000(system) Binder:2187_6 expire 4 lines
06-06 15:51:23.075  2187  2262 I chatty  : uid=1000(system) android.fg expire 12 lines
06-06 15:51:23.078  2187 31939 I chatty  : uid=1000(system) Binder:2187_1C expire 2 lines
06-06 15:51:39.604  2187 31940 I chatty  : uid=1000(system) Binder:2187_1D expire 2 lines
06-06 15:51:39.627  2187 21140 I chatty  : uid=1000(system) Binder:2187_16 expire 5 lines
06-06 15:51:42.831  2187  2541 I chatty  : uid=1000(system) Binder:2187_3 expire 3 lines
06-06 15:51:52.933  2187  3559 I chatty  : uid=1000(system) Binder:2187_D expire 5 lines
06-06 15:51:54.428  2187  2187 I chatty  : uid=1000 system_server expire 1 line
06-06 15:51:54.454  2187  2224 I chatty  : uid=1000(system) batterystats-sy expire 3 lines
06-06 15:51:56.138  2187  3500 I chatty  : uid=1000(system) Binder:2187_7 expire 4 lines
06-06 15:51:56.154  2187  3571 I chatty  : uid=1000(system) Binder:2187_11 expire 4 lines
06-06 15:51:56.214  2187  3560 I chatty  : uid=1000(system) Binder:2187_E expire 3 lines
06-06 15:51:58.992  2187  3510 I chatty  : uid=1000(system) Binder:2187_9 expire 3 lines
06-06 15:51:59.921  2187 21111 I chatty  : uid=1000(system) Binder:2187_14 expire 1 line
06-06 15:52:11.136  2187 21112 I chatty  : uid=1000(system) Binder:2187_15 expire 2 lines
06-06 15:52:19.358  2187  3535 I chatty  : uid=1000(system) Binder:2187_B expire 1 line
06-06 15:52:19.398  2187 21313 I chatty  : uid=1000(system) Binder:2187_19 expire 2 lines
06-06 15:52:26.213  2187  2657 I chatty  : uid=1000(system) Binder:2187_5 expire 3 lines
06-06 15:52:38.134  2187  2656 I chatty  : uid=1000(system) Binder:2187_4 expire 6 lines
06-06 15:52:38.260  2187 21141 I chatty  : uid=1000(system) Binder:2187_17 expire 3 lines
06-06 15:52:39.402  2187 32069 I chatty  : uid=1000(system) Binder:2187_1E expire 1 line
06-06 15:52:48.880  2187  3569 I chatty  : uid=1000(system) Binder:2187_10 expire 2 lines
06-06 15:53:00.093  2187 21203 I chatty  : uid=1000(system) Binder:2187_18 expire 3 lines
06-06 15:53:01.242  2187  3538 I chatty  : uid=1000(system) Binder:2187_C expire 1 line
06-06 15:53:06.867  2187  2218 I chatty  : uid=1000(system) android.bg expire 1 line
06-06 15:53:11.415  2187  3567 I chatty  : uid=1000(system) Binder:2187_F expire 1 line
06-06 15:53:17.659  2187  2201 I chatty  : uid=1000(system) Binder:2187_2 expire 1 line
06-06 15:53:51.128  2187 11980 I chatty  : uid=1000(system) Binder:2187_1A expire 1 line
06-06 15:54:00.010  2187  3535 I chatty  : uid=1000(system) Binder:2187_B expire 3 lines
06-06 15:54:00.010  2187  2220 I chatty  : uid=1000(system) ActivityManager expire 81 lines
06-06 15:54:00.087  2187  2498 I chatty  : uid=1000(system) AlarmManager expire 9 lines
06-06 15:54:00.164  2187  2657 I chatty  : uid=1000(system) Binder:2187_5 expire 4 lines
06-06 15:54:00.681  2187  2201 I chatty  : uid=1000(system) Binder:2187_2 expire 5 lines
06-06 15:54:00.716  2187  3571 I chatty  : uid=1000(system) Binder:2187_11 expire 2 lines
06-06 15:54:00.728  2187 21313 I chatty  : uid=1000(system) Binder:2187_19 expire 2 lines
06-06 15:54:00.752  2187  2531 I chatty  : uid=1000(system) ConnectivitySer expire 9 lines
06-06 15:54:06.047  2187 23143 I chatty  : uid=1000(system) Binder:2187_13 expire 7 lines
06-06 15:54:06.056  2187 31940 I chatty  : uid=1000(system) Binder:2187_1D expire 4 lines
06-06 15:54:06.076  2187  3572 I chatty  : uid=1000(system) Binder:2187_12 expire 3 lines
06-06 15:54:11.419  2187 11981 I chatty  : uid=1000(system) Binder:2187_1B expire 2 lines
06-06 15:54:11.568  2187  3514 I chatty  : uid=1000(system) Binder:2187_A expire 5 lines
06-06 15:54:17.313  2187 21203 I chatty  : uid=1000(system) Binder:2187_18 expire 3 lines
06-06 15:54:17.330  2187 21112 I chatty  : uid=1000(system) Binder:2187_15 expire 6 lines
06-06 15:54:17.361  2187  3560 I chatty  : uid=1000(system) Binder:2187_E expire 4 lines
06-06 15:54:17.376  2187  3538 I chatty  : uid=1000(system) Binder:2187_C expire 2 lines
06-06 15:54:24.306  2187  3559 I chatty  : uid=1000(system) Binder:2187_D expire 5 lines
06-06 15:54:24.321  2187  2656 I chatty  : uid=1000(system) Binder:2187_4 expire 2 lines
06-06 15:54:24.345  2187  3500 I chatty  : uid=1000(system) Binder:2187_7 expire 1 line
06-06 15:54:24.559  2187  2200 I chatty  : uid=1000(system) Binder:2187_1 expire 5 lines
06-06 15:54:24.621  2187  3567 I chatty  : uid=1000(system) Binder:2187_F expire 4 lines
06-06 15:54:24.664  2187 21111 I chatty  : uid=1000(system) Binder:2187_14 expire 1 line
06-06 15:54:24.727  2187  3569 I chatty  : uid=1000(system) Binder:2187_10 expire 2 lines
06-06 15:54:25.038  2187  3510 I chatty  : uid=1000(system) Binder:2187_9 expire 5 lines
06-06 15:54:34.854  2187  2262 I chatty  : uid=1000(system) android.fg expire 8 lines
06-06 15:54:34.858  2187 32069 I chatty  : uid=1000(system) Binder:2187_1E expire 1 line
06-06 15:54:42.428  2187  3503 I chatty  : uid=1000(system) Binder:2187_8 expire 3 lines
06-06 15:54:49.955  2187  2949 I chatty  : uid=1000(system) Binder:2187_6 expire 2 lines
06-06 15:55:00.103  2187 31939 I chatty  : uid=1000(system) Binder:2187_1C expire 3 lines
06-06 15:55:17.667  2187 21141 I chatty  : uid=1000(system) Binder:2187_17 expire 1 line
06-06 15:55:40.444  2187 21140 I chatty  : uid=1000(system) Binder:2187_16 expire 1 line
06-06 15:55:42.006  2187  2187 I chatty  : uid=1000 system_server expire 1 line
06-06 15:55:42.026  2187  2224 I chatty  : uid=1000(system) batterystats-sy expire 3 lines
06-06 15:55:58.355  2187  2541 I chatty  : uid=1000(system) Binder:2187_3 expire 2 lines
06-06 15:56:10.133  2187  2264 I chatty  : uid=1000(system) android.display expire 2 lines
06-06 15:56:21.855  2187  2220 I chatty  : uid=1000(system) ActivityManager expire 85 lines
06-06 15:56:21.872  2187 21112 I chatty  : uid=1000(system) Binder:2187_15 expire 5 lines
06-06 15:56:21.890  2187  2531 I chatty  : uid=1000(system) ConnectivitySer expire 11 lines
06-06 15:56:21.898  2187  3538 I chatty  : uid=1000(system) Binder:2187_C expire 5 lines
06-06 15:56:22.371  2187  2201 I chatty  : uid=1000(system) Binder:2187_2 expire 3 lines
06-06 15:56:22.421  2187  3503 I chatty  : uid=1000(system) Binder:2187_8 expire 5 lines
06-06 15:56:22.436  2187 21313 I chatty  : uid=1000(system) Binder:2187_19 expire 7 lines
06-06 15:56:25.114  2187 21141 I chatty  : uid=1000(system) Binder:2187_17 expire 4 lines
06-06 15:56:25.622  2187  2656 I chatty  : uid=1000(system) Binder:2187_4 expire 3 lines
06-06 15:56:27.331  2187 11981 I chatty  : uid=1000(system) Binder:2187_1B expire 4 lines
06-06 15:56:30.919  2187  3560 I chatty  : uid=1000(system) Binder:2187_E expire 5 lines
06-06 15:56:34.652  2187 21140 I chatty  : uid=1000(system) Binder:2187_16 expire 1 line
06-06 15:56:34.683  2187  3559 I chatty  : uid=1000(system) Binder:2187_D expire 3 lines
06-06 15:56:34.684  2187 23143 I chatty  : uid=1000(system) Binder:2187_13 expire 5 lines
06-06 15:56:45.501  2187  2513 I chatty  : uid=1000(system) NetworkStats expire 1 line
06-06 15:56:46.077  2187  3569 I chatty  : uid=1000(system) Binder:2187_10 expire 5 lines
06-06 15:56:46.385  2187  3572 I chatty  : uid=1000(system) Binder:2187_12 expire 2 lines
06-06 15:56:50.431  2187 31939 I chatty  : uid=1000(system) Binder:2187_1C expire 2 lines
06-06 15:56:50.457  2187  2949 I chatty  : uid=1000(system) Binder:2187_6 expire 5 lines
06-06 15:56:50.603  2187  3514 I chatty  : uid=1000(system) Binder:2187_A expire 2 lines
06-06 15:56:54.448  2187  3510 I chatty  : uid=1000(system) Binder:2187_9 expire 3 lines
06-06 15:56:54.500  2187  3571 I chatty  : uid=1000(system) Binder:2187_11 expire 2 lines
06-06 15:56:54.584  2187 11980 I chatty  : uid=1000(system) Binder:2187_1A expire 1 line
06-06 15:56:54.586  2187  3535 I chatty  : uid=1000(system) Binder:2187_B expire 2 lines
06-06 15:56:54.601  2187  3500 I chatty  : uid=1000(system) Binder:2187_7 expire 3 lines
06-06 15:56:58.211  2187 32069 I chatty  : uid=1000(system) Binder:2187_1E expire 4 lines
