05-29 10:07:24.160  2185  2200 I chatty  : uid=1000(system) Binder:2185_2 expire 2 lines
05-29 10:07:24.168  2185 11205 I chatty  : uid=1000(system) Binder:2185_1F expire 1 line
05-29 10:07:33.615  2185 25140 I chatty  : uid=1000(system) Binder:2185_1B expire 4 lines
05-29 10:08:00.864  2185 31361 I chatty  : uid=1000(system) Binder:2185_17 expire 1 line
05-29 10:08:00.873  2185 25141 I chatty  : uid=1000(system) Binder:2185_1C expire 9 lines
05-29 10:08:14.155  2185  3653 I chatty  : uid=1000(system) Binder:2185_9 expire 7 lines
05-29 10:08:14.188  2185  3723 I chatty  : uid=1000(system) Binder:2185_10 expire 1 line
05-29 10:09:05.322  2185  2537 I chatty  : uid=1000(system) ConnectivitySer expire 1 line
05-29 10:09:06.411  2185  2199 I chatty  : uid=1000(system) Binder:2185_1 expire 3 lines
05-29 10:09:17.213  2185  3565 I chatty  : uid=1000(system) Binder:2185_6 expire 6 lines
05-29 10:09:19.973  2185  8479 I chatty  : uid=1000(system) Binder:2185_16 expire 1 line
05-29 10:09:19.973  2185  2218 I chatty  : uid=1000(system) ActivityManager expire 12 lines
05-29 10:09:21.015  2185  2199 I chatty  : uid=1000(system) Binder:2185_1 expire 4 lines
05-29 10:09:35.590  2185  3593 I chatty  : uid=1000(system) Binder:2185_7 expire 1 line
05-29 10:09:36.454  2185  3595 I chatty  : uid=1000(system) Binder:2185_8 expire 5 lines
05-29 10:09:37.246  2185 10699 I chatty  : uid=1000(system) Binder:2185_1E expire 2 lines
05-29 10:09:37.247  2185 24173 I chatty  : uid=1000(system) Binder:2185_19 expire 9 lines
05-29 10:09:37.319  2185  2200 I chatty  : uid=1000(system) Binder:2185_2 expire 6 lines
05-29 10:09:55.639 15542 15542 D ActivityThread: Loading provider com.whatsapp.provider.contact: com.whatsapp.contact.ContactProvider
05-29 10:09:55.752  2185  2622 I chatty  : uid=1000(system) Binder:2185_4 expire 5 lines
05-29 10:09:55.752  2185  2218 I chatty  : uid=1000(system) ActivityManager expire 32 lines
05-29 10:09:55.756  2185  2547 I chatty  : uid=1000(system) Binder:2185_3 expire 12 lines
05-29 10:09:56.070  2185  5139 I chatty  : uid=1000(system) Binder:2185_15 expire 2 lines
05-29 10:09:56.140  2185  5138 I chatty  : uid=1000(system) Binder:2185_14 expire 16 lines
05-29 10:09:56.156  2185  3707 I chatty  : uid=1000(system) Binder:2185_F expire 10 lines
05-29 10:09:56.322  2185  3723 I chatty  : uid=1000(system) Binder:2185_10 expire 3 lines
05-29 10:09:56.423  2185 11206 I chatty  : uid=1000(system) Binder:2185_20 expire 8 lines
05-29 10:10:00.005  2185  2504 I chatty  : uid=1000(system) AlarmManager expire 8 lines
05-29 10:10:00.043  2185 31361 I chatty  : uid=1000(system) Binder:2185_17 expire 2 lines
05-29 10:10:00.141  2185 19421 I chatty  : uid=1000(system) Binder:2185_13 expire 2 lines
05-29 10:10:12.638  2185  2890 I chatty  : uid=1000(system) Binder:2185_5 expire 7 lines
05-29 10:10:12.907  2185  3653 I chatty  : uid=1000(system) Binder:2185_9 expire 7 lines
05-29 10:10:14.046  2185 24171 I chatty  : uid=1000(system) Binder:2185_18 expire 5 lines
05-29 10:10:14.393  2185  3679 I chatty  : uid=1000(system) Binder:2185_C expire 2 lines
05-29 10:10:24.133  2185  3657 I chatty  : uid=1000(system) Binder:2185_A expire 3 lines
05-29 10:10:44.305  2185 11205 I chatty  : uid=1000(system) Binder:2185_1F expire 3 lines
05-29 10:10:44.820  2185 25140 I chatty  : uid=1000(system) Binder:2185_1B expire 2 lines
05-29 10:10:45.264  2185  4613 I chatty  : uid=1000(system) Binder:2185_1D expire 4 lines
05-29 10:10:45.308  2185  3678 I chatty  : uid=1000(system) Binder:2185_B expire 1 line
05-29 10:10:45.309  2185 24175 I chatty  : uid=1000(system) Binder:2185_1A expire 3 lines
05-29 10:10:45.310  2185  2537 I chatty  : uid=1000(system) ConnectivitySer expire 1 line
05-29 10:10:47.247  2185  2282 I chatty  : uid=1000(system) PackageManager expire 15 lines
05-29 10:10:53.937  2185 25141 I chatty  : uid=1000(system) Binder:2185_1C expire 1 line
05-29 10:10:54.357  2185  2397 I chatty  : uid=1000(system) OmsHandlerThrea expire 2 lines
05-29 10:10:55.093 16162 16162 W ContextImpl: Calling a method in the system process without a qualified user: android.app.ContextImpl.startService:1358 android.content.ContextWrapper.startService:613 android.content.ContextWrapper.startService:613 com.android.keychain.KeyChainBroadcastReceiver.onReceive:12 android.app.ActivityThread.handleReceiver:3085 
05-29 10:10:55.355  2185  3725 I chatty  : uid=1000(system) Binder:2185_11 expire 1 line
05-29 10:10:55.789  2185  3698 I chatty  : uid=1000(system) Binder:2185_E expire 1 line
05-29 10:10:56.245  2185  2217 I chatty  : uid=1000(system) android.bg expire 1 line
05-29 10:10:56.856  2185  2256 I chatty  : uid=1000(system) android.io expire 2 lines
05-29 10:10:56.967  2185  2218 I chatty  : uid=1000(system) ActivityManager expire 40 lines
05-29 10:10:57.654  2185 11205 I chatty  : uid=1000(system) Binder:2185_1F expire 7 lines
05-29 10:10:57.699  2185  3678 I chatty  : uid=1000(system) Binder:2185_B expire 3 lines
05-29 10:10:57.738  2185  2185 I chatty  : uid=1000 system_server expire 2 lines
05-29 10:10:57.772  2185  2890 I chatty  : uid=1000(system) Binder:2185_5 expire 7 lines
05-29 10:10:57.850  2185 25141 I chatty  : uid=1000(system) Binder:2185_1C expire 4 lines
05-29 10:10:57.856  2185 24173 I chatty  : uid=1000(system) Binder:2185_19 expire 14 lines
05-29 10:10:57.905  2185  5138 I chatty  : uid=1000(system) Binder:2185_14 expire 10 lines
05-29 10:10:58.151  2185  2547 I chatty  : uid=1000(system) Binder:2185_3 expire 3 lines
05-29 10:10:58.182  2185  3679 I chatty  : uid=1000(system) Binder:2185_C expire 5 lines
05-29 10:10:58.208  2185  3657 I chatty  : uid=1000(system) Binder:2185_A expire 7 lines
05-29 10:10:58.503  2185 31361 I chatty  : uid=1000(system) Binder:2185_17 expire 6 lines
05-29 10:10:59.258  2185 11206 I chatty  : uid=1000(system) Binder:2185_20 expire 2 lines
05-29 10:10:59.292  2185 25140 I chatty  : uid=1000(system) Binder:2185_1B expire 1 line
05-29 10:10:59.887  2185  3653 I chatty  : uid=1000(system) Binder:2185_9 expire 2 lines
05-29 10:11:00.000  2185  2504 I chatty  : uid=1000(system) AlarmManager expire 7 lines
05-29 10:11:00.084  2185  3697 I chatty  : uid=1000(system) Binder:2185_D expire 5 lines
05-29 10:11:00.530  2185  8479 I chatty  : uid=1000(system) Binder:2185_16 expire 8 lines
05-29 10:11:00.890  2185  3725 I chatty  : uid=1000(system) Binder:2185_11 expire 14 lines
05-29 10:11:01.020  2185  2199 I chatty  : uid=1000(system) Binder:2185_1 expire 5 lines
05-29 10:11:01.145  2185 24171 I chatty  : uid=1000(system) Binder:2185_18 expire 2 lines
05-29 10:11:01.481  2185  5139 I chatty  : uid=1000(system) Binder:2185_15 expire 4 lines
05-29 10:11:01.632  2185  3565 I chatty  : uid=1000(system) Binder:2185_6 expire 4 lines
05-29 10:11:02.149  2185 10699 I chatty  : uid=1000(system) Binder:2185_1E expire 6 lines
05-29 10:11:02.331 16756 16756 E ActivityThread: Failed to find provider info for com.ibatimesheet.MetricaContentProvider
05-29 10:11:02.335  2185  3698 I chatty  : uid=1000(system) Binder:2185_E expire 5 lines
05-29 10:11:02.586  2185  3595 I chatty  : uid=1000(system) Binder:2185_8 expire 3 lines
05-29 10:11:02.654  2185 19421 I chatty  : uid=1000(system) Binder:2185_13 expire 2 lines
05-29 10:11:02.690  2185 24175 I chatty  : uid=1000(system) Binder:2185_1A expire 5 lines
05-29 10:11:02.902  2185  2200 I chatty  : uid=1000(system) Binder:2185_2 expire 4 lines
05-29 10:11:03.370  2185 19420 I chatty  : uid=1000(system) Binder:2185_12 expire 6 lines
05-29 10:11:04.566  2185  3723 I chatty  : uid=1000(system) Binder:2185_10 expire 4 lines
05-29 10:11:05.895  2185  2256 I chatty  : uid=1000(system) android.io expire 2 lines
05-29 10:11:06.076 16971 16971 W ActivityThread: Application com.ibatimesheet can be debugged on port 8100...
05-29 10:11:06.112  2185  3707 I chatty  : uid=1000(system) Binder:2185_F expire 1 line
05-29 10:11:06.984  2185  2258 I chatty  : uid=1000(system) android.display expire 1 line
05-29 10:11:07.188  2185  2622 I chatty  : uid=1000(system) Binder:2185_4 expire 1 line
05-29 10:11:07.203  2185  3593 I chatty  : uid=1000(system) Binder:2185_7 expire 3 lines
05-29 10:11:50.406  2185  2519 I chatty  : uid=1000(system) NetworkStats expire 4 lines
05-29 10:12:15.885  2185  2504 I chatty  : uid=1000(system) AlarmManager expire 14 lines
05-29 10:12:15.962  2185  3725 I chatty  : uid=1000(system) Binder:2185_11 expire 8 lines
05-29 10:12:15.998  2185 25141 I chatty  : uid=1000(system) Binder:2185_1C expire 3 lines
05-29 10:12:15.999  2185  2218 I chatty  : uid=1000(system) ActivityManager expire 19 lines
05-29 10:12:16.039  2185  2200 I chatty  : uid=1000(system) Binder:2185_2 expire 3 lines
05-29 10:12:16.860  2185 24171 I chatty  : uid=1000(system) Binder:2185_18 expire 5 lines
05-29 10:12:16.867  2185  3698 I chatty  : uid=1000(system) Binder:2185_E expire 15 lines
05-29 10:12:16.908  2185  3653 I chatty  : uid=1000(system) Binder:2185_9 expire 2 lines
05-29 10:12:17.146  2185  2622 I chatty  : uid=1000(system) Binder:2185_4 expire 6 lines
05-29 10:12:43.887  2185  3565 I chatty  : uid=1000(system) Binder:2185_6 expire 10 lines
05-29 10:12:43.971  2185 11206 I chatty  : uid=1000(system) Binder:2185_20 expire 2 lines
05-29 10:13:09.634  2185  3723 I chatty  : uid=1000(system) Binder:2185_10 expire 4 lines
05-29 10:13:37.391  2185  3707 I chatty  : uid=1000(system) Binder:2185_F expire 5 lines
05-29 10:13:41.991  2185  2890 I chatty  : uid=1000(system) Binder:2185_5 expire 4 lines
05-29 10:13:42.117  2185  3678 I chatty  : uid=1000(system) Binder:2185_B expire 7 lines
05-29 10:13:42.342  2185  2199 I chatty  : uid=1000(system) Binder:2185_1 expire 7 lines
05-29 10:13:43.740  2185 19421 I chatty  : uid=1000(system) Binder:2185_13 expire 6 lines
05-29 10:13:43.742  2185  2537 I chatty  : uid=1000(system) ConnectivitySer expire 1 line
05-29 10:13:43.786  2185 19420 I chatty  : uid=1000(system) Binder:2185_12 expire 4 lines
05-29 10:13:46.762  2185  2547 I chatty  : uid=1000(system) Binder:2185_3 expire 1 line
05-29 10:13:46.765  2185  3697 I chatty  : uid=1000(system) Binder:2185_D expire 3 lines
05-29 10:13:53.448  2185  2256 I chatty  : uid=1000(system) android.io expire 5 lines
05-29 10:13:58.726  2185  2185 I chatty  : uid=1000 system_server expire 1 line
05-29 10:13:59.605  2185 24175 I chatty  : uid=1000(system) Binder:2185_1A expire 11 lines
05-29 10:14:03.151  3716  3818 W ContextImpl: Calling a method in the system process without a qualified user: android.app.ContextImpl.bindService:1422 android.content.ContextWrapper.bindService:636 com.google.android.gms.ads.identifier.AdvertisingIdClient.h:-1 com.google.android.gms.ads.identifier.AdvertisingIdClient.b:-1 com.google.android.gms.ads.identifier.AdvertisingIdClient.getAdvertisingIdInfo:-1 
05-29 10:15:00.134  2185  3593 I chatty  : uid=1000(system) Binder:2185_7 expire 5 lines
05-29 10:15:03.518  6597 18272 E ActivityThread: Failed to find provider info for com.facebook.katana.provider.AttributionIdProvider
05-29 10:15:09.763  2185  2504 I chatty  : uid=1000(system) AlarmManager expire 12 lines
05-29 10:15:42.644  2185  3595 I chatty  : uid=1000(system) Binder:2185_8 expire 1 line
05-29 10:15:43.566  2185  3657 I chatty  : uid=1000(system) Binder:2185_A expire 1 line
05-29 10:15:43.567  2185  2218 I chatty  : uid=1000(system) ActivityManager expire 17 lines
05-29 10:15:44.087  2185 24173 I chatty  : uid=1000(system) Binder:2185_19 expire 4 lines
05-29 10:15:44.234  2185 25140 I chatty  : uid=1000(system) Binder:2185_1B expire 2 lines
05-29 10:15:45.284  2185 31361 I chatty  : uid=1000(system) Binder:2185_17 expire 1 line
05-29 10:15:45.807  2185 11205 I chatty  : uid=1000(system) Binder:2185_1F expire 4 lines
05-29 10:15:45.837  2185 10699 I chatty  : uid=1000(system) Binder:2185_1E expire 6 lines
05-29 10:16:47.119  2185  4613 I chatty  : uid=1000(system) Binder:2185_1D expire 1 line
05-29 10:16:47.218  2185  2220 I chatty  : uid=1000(system) ActivityManager expire 1 line
05-29 10:16:47.304  2185 25140 I chatty  : uid=1000(system) Binder:2185_1B expire 3 lines
05-29 10:16:47.788  2185  5138 I chatty  : uid=1000(system) Binder:2185_14 expire 7 lines
05-29 10:16:47.809  2185  2890 I chatty  : uid=1000(system) Binder:2185_5 expire 8 lines
05-29 10:16:47.885  2185  3593 I chatty  : uid=1000(system) Binder:2185_7 expire 4 lines
05-29 10:16:47.910  2185  4613 I chatty  : uid=1000(system) Binder:2185_1D expire 3 lines
05-29 10:16:47.918  2185  2217 I chatty  : uid=1000(system) android.bg expire 2 lines
05-29 10:16:48.349  2185  3678 I chatty  : uid=1000(system) Binder:2185_B expire 9 lines
05-29 10:16:48.363  2185 24175 I chatty  : uid=1000(system) Binder:2185_1A expire 4 lines
05-29 10:16:50.936  2185  2547 I chatty  : uid=1000(system) Binder:2185_3 expire 7 lines
05-29 10:16:52.710  2185 19420 I chatty  : uid=1000(system) Binder:2185_12 expire 6 lines
05-29 10:16:52.736  2185 24171 I chatty  : uid=1000(system) Binder:2185_18 expire 4 lines
05-29 10:16:53.126  2185  8479 I chatty  : uid=1000(system) Binder:2185_16 expire 6 lines
05-29 10:17:00.002  2185  2504 I chatty  : uid=1000(system) AlarmManager expire 6 lines
05-29 10:17:00.120  2185 19421 I chatty  : uid=1000(system) Binder:2185_13 expire 4 lines
05-29 10:17:21.853  2185  2185 I chatty  : uid=1000 system_server expire 3 lines
05-29 10:17:21.869  2185  2218 I chatty  : uid=1000(system) ActivityManager expire 16 lines
05-29 10:17:21.907  2185  2222 I chatty  : uid=1000(system) batterystats-sy expire 3 lines
05-29 10:17:47.287  2185  3707 I chatty  : uid=1000(system) Binder:2185_F expire 5 lines
05-29 10:17:48.781  2185  3725 I chatty  : uid=1000(system) Binder:2185_11 expire 7 lines
05-29 10:17:48.813  2185  3595 I chatty  : uid=1000(system) Binder:2185_8 expire 10 lines
05-29 10:17:56.062  2185  2282 I chatty  : uid=1000(system) PackageManager expire 15 lines
05-29 10:17:58.676  2185  5139 I chatty  : uid=1000(system) Binder:2185_15 expire 8 lines
05-29 10:17:58.747  2185 11206 I chatty  : uid=1000(system) Binder:2185_20 expire 2 lines
05-29 10:17:58.849  2185  3657 I chatty  : uid=1000(system) Binder:2185_A expire 8 lines
05-29 10:18:01.962  2185  3697 I chatty  : uid=1000(system) Binder:2185_D expire 7 lines
05-29 10:18:02.361  2185  2397 I chatty  : uid=1000(system) OmsHandlerThrea expire 2 lines
05-29 10:18:02.939 19167 19167 W ContextImpl: Calling a method in the system process without a qualified user: android.app.ContextImpl.startService:1358 android.content.ContextWrapper.startService:613 android.content.ContextWrapper.startService:613 com.android.keychain.KeyChainBroadcastReceiver.onReceive:12 android.app.ActivityThread.handleReceiver:3085 
05-29 10:18:03.798  2185  2218 I chatty  : uid=1000(system) ActivityManager expire 10 lines
05-29 10:18:04.150  2185  3679 I chatty  : uid=1000(system) Binder:2185_C expire 5 lines
05-29 10:18:04.723  2185  2256 I chatty  : uid=1000(system) android.io expire 4 lines
05-29 10:18:04.844  2185 10699 I chatty  : uid=1000(system) Binder:2185_1E expire 4 lines
05-29 10:18:05.326  2185  2199 I chatty  : uid=1000(system) Binder:2185_1 expire 4 lines
05-29 10:18:05.871  2185 25141 I chatty  : uid=1000(system) Binder:2185_1C expire 2 lines
05-29 10:18:06.953  2185 24173 I chatty  : uid=1000(system) Binder:2185_19 expire 3 lines
05-29 10:18:07.868  2185  2622 I chatty  : uid=1000(system) Binder:2185_4 expire 4 lines
05-29 10:18:08.879  2185 31361 I chatty  : uid=1000(system) Binder:2185_17 expire 3 lines
05-29 10:18:09.286  2185  3565 I chatty  : uid=1000(system) Binder:2185_6 expire 1 line
05-29 10:18:09.288  2185 11205 I chatty  : uid=1000(system) Binder:2185_1F expire 2 lines
05-29 10:18:09.624 19730 19730 E ActivityThread: Failed to find provider info for com.ibatimesheet.MetricaContentProvider
05-29 10:18:10.222  2185  2200 I chatty  : uid=1000(system) Binder:2185_2 expire 4 lines
05-29 10:18:12.689  2185  3678 I chatty  : uid=1000(system) Binder:2185_B expire 1 line
05-29 10:18:12.689  2185  2218 I chatty  : uid=1000(system) ActivityManager expire 40 lines
05-29 10:18:12.897  2185  8479 I chatty  : uid=1000(system) Binder:2185_16 expire 9 lines
05-29 10:18:13.386  2185  3593 I chatty  : uid=1000(system) Binder:2185_7 expire 4 lines
05-29 10:18:13.418  2185  3723 I chatty  : uid=1000(system) Binder:2185_10 expire 2 lines
05-29 10:18:13.457  2185  3653 I chatty  : uid=1000(system) Binder:2185_9 expire 4 lines
05-29 10:18:13.690  2185  2547 I chatty  : uid=1000(system) Binder:2185_3 expire 5 lines
05-29 10:18:13.875  2185 25141 I chatty  : uid=1000(system) Binder:2185_1C expire 5 lines
05-29 10:18:13.877  2185 11206 I chatty  : uid=1000(system) Binder:2185_20 expire 10 lines
05-29 10:18:13.878  2185  2622 I chatty  : uid=1000(system) Binder:2185_4 expire 6 lines
05-29 10:18:13.929  2185  3698 I chatty  : uid=1000(system) Binder:2185_E expire 7 lines
05-29 10:18:13.958  2185 24175 I chatty  : uid=1000(system) Binder:2185_1A expire 8 lines
05-29 10:18:14.092  2185  3707 I chatty  : uid=1000(system) Binder:2185_F expire 5 lines
05-29 10:18:14.097 20054 20054 W ActivityThread: Application com.ibatimesheet can be debugged on port 8100...
05-29 10:18:14.487  2185  2890 I chatty  : uid=1000(system) Binder:2185_5 expire 9 lines
05-29 10:18:14.729  2185 19421 I chatty  : uid=1000(system) Binder:2185_13 expire 8 lines
05-29 10:18:14.845  2185  2258 I chatty  : uid=1000(system) android.display expire 1 line
05-29 10:18:21.586  2185  5138 I chatty  : uid=1000(system) Binder:2185_14 expire 1 line
05-29 10:18:25.970  2185  2504 I chatty  : uid=1000(system) AlarmManager expire 24 lines
05-29 10:18:26.364  2185  2199 I chatty  : uid=1000(system) Binder:2185_1 expire 9 lines
05-29 10:18:38.369  2185 24173 I chatty  : uid=1000(system) Binder:2185_19 expire 2 lines
05-29 10:18:38.396  2185 25140 I chatty  : uid=1000(system) Binder:2185_1B expire 5 lines
05-29 10:18:58.410  2185 31361 I chatty  : uid=1000(system) Binder:2185_17 expire 5 lines
05-29 10:19:04.259  2185  4613 I chatty  : uid=1000(system) Binder:2185_1D expire 2 lines
05-29 10:19:47.440  2185 19420 I chatty  : uid=1000(system) Binder:2185_12 expire 4 lines
05-29 10:19:49.013  2185  2185 I chatty  : uid=1000 system_server expire 5 lines
05-29 10:20:04.430  2185  3657 I chatty  : uid=1000(system) Binder:2185_A expire 1 line
05-29 10:20:16.958  2185  3565 I chatty  : uid=1000(system) Binder:2185_6 expire 6 lines
05-29 10:20:47.491  2185 11205 I chatty  : uid=1000(system) Binder:2185_1F expire 1 line
05-29 10:21:00.112  2185 24171 I chatty  : uid=1000(system) Binder:2185_18 expire 3 lines
05-29 10:21:49.413  2185  3679 I chatty  : uid=1000(system) Binder:2185_C expire 2 lines
05-29 10:21:49.460  2185  3595 I chatty  : uid=1000(system) Binder:2185_8 expire 1 line
05-29 10:21:49.495  2185  5139 I chatty  : uid=1000(system) Binder:2185_15 expire 1 line
05-29 10:22:06.180  2185  2256 I chatty  : uid=1000(system) android.io expire 5 lines
05-29 10:23:28.797 20054 20054 W ViewRootImpl[MainActivity]: Dropping event due to root view being removed: MotionEvent { action=ACTION_MOVE, actionButton=0, id[0]=0, x[0]=570.0, y[0]=-127.0, toolType[0]=TOOL_TYPE_FINGER, buttonState=0, metaState=0, flags=0x0, edgeFlags=0x0, pointerCount=1, historySize=1, eventTime=930466177, downTime=930466160, deviceId=5, source=0x1002 }
05-29 10:23:28.801  2185 19421 I chatty  : uid=1000(system) Binder:2185_13 expire 5 lines
05-29 10:23:28.980  2185  2258 I chatty  : uid=1000(system) android.display expire 1 line
05-29 10:23:47.637  2185  2504 I chatty  : uid=1000(system) AlarmManager expire 28 lines
05-29 10:23:47.655  2185  2200 I chatty  : uid=1000(system) Binder:2185_2 expire 3 lines
05-29 10:23:48.766  2185  2199 I chatty  : uid=1000(system) Binder:2185_1 expire 6 lines
05-29 10:23:58.724  2185  2185 I chatty  : uid=1000 system_server expire 3 lines
05-29 10:23:58.744  2185  2218 I chatty  : uid=1000(system) ActivityManager expire 39 lines
05-29 10:24:00.113  2185 31361 I chatty  : uid=1000(system) Binder:2185_17 expire 1 line
05-29 10:24:47.709  2185  2622 I chatty  : uid=1000(system) Binder:2185_4 expire 7 lines
05-29 10:25:00.117  2185 24173 I chatty  : uid=1000(system) Binder:2185_19 expire 2 lines
05-29 10:25:35.854  2185  2222 I chatty  : uid=1000(system) batterystats-sy expire 3 lines
05-29 10:25:47.771  2185 19420 I chatty  : uid=1000(system) Binder:2185_12 expire 6 lines
05-29 10:25:48.950  2185  3723 I chatty  : uid=1000(system) Binder:2185_10 expire 1 line
05-29 10:25:48.963  2185 24171 I chatty  : uid=1000(system) Binder:2185_18 expire 3 lines
05-29 10:25:48.973  2185  3679 I chatty  : uid=1000(system) Binder:2185_C expire 5 lines
05-29 10:25:49.604  2185 10699 I chatty  : uid=1000(system) Binder:2185_1E expire 4 lines
05-29 10:25:49.763  2185  3657 I chatty  : uid=1000(system) Binder:2185_A expire 12 lines
05-29 10:25:49.817  2185 24175 I chatty  : uid=1000(system) Binder:2185_1A expire 2 lines
05-29 10:25:49.822  2185 25140 I chatty  : uid=1000(system) Binder:2185_1B expire 3 lines
05-29 10:25:50.236  2185  2547 I chatty  : uid=1000(system) Binder:2185_3 expire 4 lines
05-29 10:25:50.256  2185  3678 I chatty  : uid=1000(system) Binder:2185_B expire 4 lines
05-29 10:25:50.326  2185  2890 I chatty  : uid=1000(system) Binder:2185_5 expire 5 lines
05-29 10:25:50.347  2185  5139 I chatty  : uid=1000(system) Binder:2185_15 expire 2 lines
05-29 10:25:51.407  2185 11205 I chatty  : uid=1000(system) Binder:2185_1F expire 5 lines
05-29 10:25:51.421  2185 11206 I chatty  : uid=1000(system) Binder:2185_20 expire 2 lines
05-29 10:25:51.425  2185  3595 I chatty  : uid=1000(system) Binder:2185_8 expire 3 lines
05-29 10:25:51.725  2185  3698 I chatty  : uid=1000(system) Binder:2185_E expire 6 lines
05-29 10:26:01.187  2185  5138 I chatty  : uid=1000(system) Binder:2185_14 expire 2 lines
05-29 10:26:20.810  2185  3565 I chatty  : uid=1000(system) Binder:2185_6 expire 4 lines
05-29 10:26:20.945  2185  3725 I chatty  : uid=1000(system) Binder:2185_11 expire 5 lines
05-29 10:26:21.134  2185  3653 I chatty  : uid=1000(system) Binder:2185_9 expire 6 lines
05-29 10:26:49.841  2185 25141 I chatty  : uid=1000(system) Binder:2185_1C expire 4 lines
05-29 10:27:10.523  2185  3707 I chatty  : uid=1000(system) Binder:2185_F expire 1 line
05-29 10:27:10.738  2185  3593 I chatty  : uid=1000(system) Binder:2185_7 expire 1 line
05-29 10:27:10.939  2185  2220 I chatty  : uid=1000(system) ActivityManager expire 1 line
05-29 10:27:10.940  2185  2537 I chatty  : uid=1000(system) ConnectivitySer expire 1 line
05-29 10:27:11.133  2185  3697 I chatty  : uid=1000(system) Binder:2185_D expire 3 lines
05-29 10:27:15.590  2185  2519 I chatty  : uid=1000(system) NetworkStats expire 1 line
05-29 10:29:03.394  3716  3818 W ContextImpl: Calling a method in the system process without a qualified user: android.app.ContextImpl.bindService:1422 android.content.ContextWrapper.bindService:636 com.google.android.gms.ads.identifier.AdvertisingIdClient.h:-1 com.google.android.gms.ads.identifier.AdvertisingIdClient.b:-1 com.google.android.gms.ads.identifier.AdvertisingIdClient.getAdvertisingIdInfo:-1 
05-29 10:29:07.161  2185  2218 I chatty  : uid=1000(system) ActivityManager expire 1 line
05-29 10:29:26.106  2185  2504 I chatty  : uid=1000(system) AlarmManager expire 9 lines
05-29 10:29:47.988  2185  2622 I chatty  : uid=1000(system) Binder:2185_4 expire 9 lines
05-29 10:30:00.104  2185 10699 I chatty  : uid=1000(system) Binder:2185_1E expire 10 lines
05-29 10:30:11.700  2185 24175 I chatty  : uid=1000(system) Binder:2185_1A expire 9 lines
05-29 10:30:11.705  2185  2218 I chatty  : uid=1000(system) ActivityManager expire 10 lines
05-29 10:30:19.191  2185  2282 I chatty  : uid=1000(system) PackageManager expire 15 lines
05-29 10:30:25.320  2185 25140 I chatty  : uid=1000(system) Binder:2185_1B expire 8 lines
05-29 10:30:25.341  2185  8479 I chatty  : uid=1000(system) Binder:2185_16 expire 1 line
05-29 10:30:25.718  2185  2397 I chatty  : uid=1000(system) OmsHandlerThrea expire 2 lines
05-29 10:30:26.279  2185  2200 I chatty  : uid=1000(system) Binder:2185_2 expire 3 lines
05-29 10:30:26.365 22788 22788 W ContextImpl: Calling a method in the system process without a qualified user: android.app.ContextImpl.startService:1358 android.content.ContextWrapper.startService:613 android.content.ContextWrapper.startService:613 com.android.keychain.KeyChainBroadcastReceiver.onReceive:12 android.app.ActivityThread.handleReceiver:3085 
05-29 10:30:26.725  2185 19421 I chatty  : uid=1000(system) Binder:2185_13 expire 4 lines
05-29 10:30:27.204  2185  3678 I chatty  : uid=1000(system) Binder:2185_B expire 2 lines
05-29 10:30:27.211  2185  2217 I chatty  : uid=1000(system) android.bg expire 1 line
05-29 10:30:27.296  2185 11206 I chatty  : uid=1000(system) Binder:2185_20 expire 3 lines
05-29 10:30:27.743  2185  2256 I chatty  : uid=1000(system) android.io expire 4 lines
05-29 10:30:27.848  2185  5139 I chatty  : uid=1000(system) Binder:2185_15 expire 5 lines
05-29 10:30:27.855  2185  3725 I chatty  : uid=1000(system) Binder:2185_11 expire 3 lines
05-29 10:30:27.859  2185  3653 I chatty  : uid=1000(system) Binder:2185_9 expire 4 lines
05-29 10:30:27.859  2185  2218 I chatty  : uid=1000(system) ActivityManager expire 21 lines
05-29 10:30:27.957  2185  3697 I chatty  : uid=1000(system) Binder:2185_D expire 5 lines
05-29 10:30:28.175  2185 25141 I chatty  : uid=1000(system) Binder:2185_1C expire 6 lines
05-29 10:30:28.176  2185  3698 I chatty  : uid=1000(system) Binder:2185_E expire 12 lines
05-29 10:30:28.194  2185 31361 I chatty  : uid=1000(system) Binder:2185_17 expire 2 lines
05-29 10:30:28.532  2185 11205 I chatty  : uid=1000(system) Binder:2185_1F expire 5 lines
05-29 10:30:28.547  2185  2185 I chatty  : uid=1000 system_server expire 2 lines
05-29 10:30:30.048  2185 19420 I chatty  : uid=1000(system) Binder:2185_12 expire 5 lines
05-29 10:30:30.095  2185  3679 I chatty  : uid=1000(system) Binder:2185_C expire 6 lines
05-29 10:30:30.168  2185 24171 I chatty  : uid=1000(system) Binder:2185_18 expire 2 lines
05-29 10:30:30.197  2185  2890 I chatty  : uid=1000(system) Binder:2185_5 expire 7 lines
05-29 10:30:30.329  2185  4613 I chatty  : uid=1000(system) Binder:2185_1D expire 3 lines
05-29 10:30:30.529  2185  5138 I chatty  : uid=1000(system) Binder:2185_14 expire 8 lines
05-29 10:30:30.707  2185  3723 I chatty  : uid=1000(system) Binder:2185_10 expire 4 lines
05-29 10:30:30.984  2185 24173 I chatty  : uid=1000(system) Binder:2185_19 expire 1 line
05-29 10:30:31.158  2185  3595 I chatty  : uid=1000(system) Binder:2185_8 expire 2 lines
05-29 10:30:31.193  2185  3565 I chatty  : uid=1000(system) Binder:2185_6 expire 3 lines
05-29 10:30:31.330 23289 23289 E ActivityThread: Failed to find provider info for com.ibatimesheet.MetricaContentProvider
05-29 10:30:31.345  2185  2547 I chatty  : uid=1000(system) Binder:2185_3 expire 4 lines
05-29 10:30:32.522  2185  3707 I chatty  : uid=1000(system) Binder:2185_F expire 1 line
05-29 10:30:35.274  2185  2199 I chatty  : uid=1000(system) Binder:2185_1 expire 1 line
05-29 10:30:37.617  2185  3657 I chatty  : uid=1000(system) Binder:2185_A expire 1 line
05-29 10:30:37.661 23625 23625 W ActivityThread: Application com.ibatimesheet can be debugged on port 8100...
05-29 10:30:38.167  2185 10699 I chatty  : uid=1000(system) Binder:2185_1E expire 1 line
05-29 10:30:38.266  2185  2258 I chatty  : uid=1000(system) android.display expire 1 line
05-29 10:30:49.042  2185  2504 I chatty  : uid=1000(system) AlarmManager expire 18 lines
05-29 10:30:49.239  2185  3698 I chatty  : uid=1000(system) Binder:2185_E expire 8 lines
05-29 10:30:49.240  2185  2218 I chatty  : uid=1000(system) ActivityManager expire 42 lines
05-29 10:30:49.335  2185 24173 I chatty  : uid=1000(system) Binder:2185_19 expire 4 lines
05-29 10:30:49.373  2185  2622 I chatty  : uid=1000(system) Binder:2185_4 expire 4 lines
05-29 10:30:49.382  2185  3653 I chatty  : uid=1000(system) Binder:2185_9 expire 6 lines
05-29 10:30:49.408  2185  3678 I chatty  : uid=1000(system) Binder:2185_B expire 5 lines
05-29 10:30:49.480  2185  3723 I chatty  : uid=1000(system) Binder:2185_10 expire 1 line
05-29 10:30:49.490  2185 24175 I chatty  : uid=1000(system) Binder:2185_1A expire 3 lines
05-29 10:30:49.494  2185  3725 I chatty  : uid=1000(system) Binder:2185_11 expire 4 lines
05-29 10:30:49.594  2185  2547 I chatty  : uid=1000(system) Binder:2185_3 expire 4 lines
05-29 10:30:50.919  2185  4613 I chatty  : uid=1000(system) Binder:2185_1D expire 2 lines
05-29 10:30:50.964  2185  3565 I chatty  : uid=1000(system) Binder:2185_6 expire 5 lines
05-29 10:30:51.031  2185 25140 I chatty  : uid=1000(system) Binder:2185_1B expire 7 lines
05-29 10:30:51.138  2185  5139 I chatty  : uid=1000(system) Binder:2185_15 expire 4 lines
05-29 10:30:51.159  2185  3697 I chatty  : uid=1000(system) Binder:2185_D expire 9 lines
05-29 10:30:51.187  2185 31361 I chatty  : uid=1000(system) Binder:2185_17 expire 5 lines
05-29 10:30:51.217  2185  2199 I chatty  : uid=1000(system) Binder:2185_1 expire 3 lines
05-29 10:30:51.253  2185  3595 I chatty  : uid=1000(system) Binder:2185_8 expire 5 lines
05-29 10:30:51.815  2185  2890 I chatty  : uid=1000(system) Binder:2185_5 expire 4 lines
05-29 10:31:00.107  2185  3657 I chatty  : uid=1000(system) Binder:2185_A expire 1 line
05-29 10:31:05.331  2185 10699 I chatty  : uid=1000(system) Binder:2185_1E expire 5 lines
05-29 10:31:05.352  2185 19420 I chatty  : uid=1000(system) Binder:2185_12 expire 3 lines
05-29 10:31:06.957  2185  2256 I chatty  : uid=1000(system) android.io expire 2 lines
05-29 10:31:20.663  2185  2200 I chatty  : uid=1000(system) Binder:2185_2 expire 4 lines
05-29 10:31:30.191  2185  3707 I chatty  : uid=1000(system) Binder:2185_F expire 2 lines
05-29 10:31:30.198  2185  3593 I chatty  : uid=1000(system) Binder:2185_7 expire 3 lines
05-29 10:31:32.131  2185  2222 I chatty  : uid=1000(system) batterystats-sy expire 2 lines
05-29 10:31:40.438  2185  2185 I chatty  : uid=1000 system_server expire 3 lines
05-29 10:31:46.393  2185  3679 I chatty  : uid=1000(system) Binder:2185_C expire 3 lines
05-29 10:31:46.565  2185  5138 I chatty  : uid=1000(system) Binder:2185_14 expire 4 lines
05-29 10:31:46.565  2185  2537 I chatty  : uid=1000(system) ConnectivitySer expire 1 line
05-29 10:31:51.465  2185 11205 I chatty  : uid=1000(system) Binder:2185_1F expire 5 lines
05-29 10:31:59.233  2185  8479 I chatty  : uid=1000(system) Binder:2185_16 expire 2 lines
05-29 10:32:09.415  2185 19421 I chatty  : uid=1000(system) Binder:2185_13 expire 5 lines
05-29 10:32:19.330  2185 11206 I chatty  : uid=1000(system) Binder:2185_20 expire 2 lines
05-29 10:32:55.859  2185  2530 I chatty  : uid=1000(system) WifiStateMachin expire 4 lines
05-29 10:33:44.092  2185 25141 I chatty  : uid=1000(system) Binder:2185_1C expire 1 line
05-29 10:34:05.091  2185 24171 I chatty  : uid=1000(system) Binder:2185_18 expire 4 lines
05-29 10:34:11.485  2185  2218 I chatty  : uid=1000(system) ActivityManager expire 36 lines
05-29 10:34:26.065  2185  2504 I chatty  : uid=1000(system) AlarmManager expire 36 lines
05-29 10:34:26.089  2185 11205 I chatty  : uid=1000(system) Binder:2185_1F expire 5 lines
05-29 10:34:26.136  2185  2890 I chatty  : uid=1000(system) Binder:2185_5 expire 2 lines
05-29 10:34:46.632  2185  3707 I chatty  : uid=1000(system) Binder:2185_F expire 3 lines
05-29 10:35:00.112  2185  5138 I chatty  : uid=1000(system) Binder:2185_14 expire 3 lines
05-29 10:35:32.056  2185  2547 I chatty  : uid=1000(system) Binder:2185_3 expire 9 lines
05-29 10:35:32.068  2185  3679 I chatty  : uid=1000(system) Binder:2185_C expire 2 lines
05-29 10:35:32.070  2185 31361 I chatty  : uid=1000(system) Binder:2185_17 expire 2 lines
05-29 10:35:46.682  2185  8479 I chatty  : uid=1000(system) Binder:2185_16 expire 5 lines
05-29 10:35:48.721  2185  2256 I chatty  : uid=1000(system) android.io expire 5 lines
05-29 10:36:27.158  2185  2185 I chatty  : uid=1000 system_server expire 2 lines
05-29 10:36:27.204  2185  2222 I chatty  : uid=1000(system) batterystats-sy expire 2 lines
05-29 10:36:44.883  2185  3595 I chatty  : uid=1000(system) Binder:2185_8 expire 4 lines
05-29 10:36:46.589  2185  3653 I chatty  : uid=1000(system) Binder:2185_9 expire 2 lines
05-29 10:36:46.809  2185  3565 I chatty  : uid=1000(system) Binder:2185_6 expire 3 lines
05-29 10:36:47.033  2185  3697 I chatty  : uid=1000(system) Binder:2185_D expire 10 lines
05-29 10:36:47.124  2185  2200 I chatty  : uid=1000(system) Binder:2185_2 expire 7 lines
05-29 10:36:47.191  2185 19421 I chatty  : uid=1000(system) Binder:2185_13 expire 2 lines
05-29 10:36:47.256  2185 10699 I chatty  : uid=1000(system) Binder:2185_1E expire 3 lines
05-29 10:36:47.380  2185  3723 I chatty  : uid=1000(system) Binder:2185_10 expire 11 lines
05-29 10:36:47.544  2185  2199 I chatty  : uid=1000(system) Binder:2185_1 expire 3 lines
05-29 10:36:47.652  2185 24175 I chatty  : uid=1000(system) Binder:2185_1A expire 2 lines
05-29 10:36:47.682  2185  3678 I chatty  : uid=1000(system) Binder:2185_B expire 4 lines
05-29 10:36:47.810  2185 25141 I chatty  : uid=1000(system) Binder:2185_1C expire 3 lines
05-29 10:36:48.154  2185 11206 I chatty  : uid=1000(system) Binder:2185_20 expire 6 lines
05-29 10:36:48.190  2185  3698 I chatty  : uid=1000(system) Binder:2185_E expire 2 lines
05-29 10:36:48.318  2185  2537 I chatty  : uid=1000(system) ConnectivitySer expire 2 lines
05-29 10:36:48.482  2185  3593 I chatty  : uid=1000(system) Binder:2185_7 expire 1 line
05-29 10:36:48.512  2185  4613 I chatty  : uid=1000(system) Binder:2185_1D expire 1 line
05-29 10:36:48.597  2185  3657 I chatty  : uid=1000(system) Binder:2185_A expire 4 lines
05-29 10:36:49.532  2185  2622 I chatty  : uid=1000(system) Binder:2185_4 expire 5 lines
05-29 10:36:50.277  2185  2217 I chatty  : uid=1000(system) android.bg expire 1 line
05-29 10:37:50.486  2185  2519 I chatty  : uid=1000(system) NetworkStats expire 1 line
05-29 10:38:59.489  2185  3725 I chatty  : uid=1000(system) Binder:2185_11 expire 1 line
05-29 10:38:59.599  2185 25140 I chatty  : uid=1000(system) Binder:2185_1B expire 2 lines
05-29 10:39:04.174  2185 24173 I chatty  : uid=1000(system) Binder:2185_19 expire 3 lines
05-29 10:40:48.240  2185  3653 I chatty  : uid=1000(system) Binder:2185_9 expire 4 lines
05-29 10:40:48.275  2185  3565 I chatty  : uid=1000(system) Binder:2185_6 expire 1 line
05-29 10:40:48.275  2185  2218 I chatty  : uid=1000(system) ActivityManager expire 24 lines
05-29 10:40:48.559 26307 26307 D ActivityThread: Loading provider com.whatsapp.provider.contact: com.whatsapp.contact.ContactProvider
05-29 10:40:48.682  2185 25140 I chatty  : uid=1000(system) Binder:2185_1B expire 2 lines
05-29 10:40:48.687  2185  5138 I chatty  : uid=1000(system) Binder:2185_14 expire 3 lines
05-29 10:40:48.939  2185  3698 I chatty  : uid=1000(system) Binder:2185_E expire 2 lines
05-29 10:40:48.973  2185  2199 I chatty  : uid=1000(system) Binder:2185_1 expire 10 lines
05-29 10:40:48.974  2185  2200 I chatty  : uid=1000(system) Binder:2185_2 expire 5 lines
05-29 10:40:48.999  2185  3593 I chatty  : uid=1000(system) Binder:2185_7 expire 8 lines
05-29 10:40:49.019  2185  3723 I chatty  : uid=1000(system) Binder:2185_10 expire 9 lines
05-29 10:40:49.069  2185 31361 I chatty  : uid=1000(system) Binder:2185_17 expire 8 lines
05-29 10:40:49.070  2185 11205 I chatty  : uid=1000(system) Binder:2185_1F expire 8 lines
05-29 10:40:49.458  2185  2890 I chatty  : uid=1000(system) Binder:2185_5 expire 4 lines
05-29 10:40:57.285  2185 10699 I chatty  : uid=1000(system) Binder:2185_1E expire 6 lines
05-29 10:40:59.324  2185  2256 I chatty  : uid=1000(system) android.io expire 4 lines
05-29 10:40:59.789  2185 19421 I chatty  : uid=1000(system) Binder:2185_13 expire 3 lines
05-29 10:41:00.001  2185  2504 I chatty  : uid=1000(system) AlarmManager expire 8 lines
05-29 10:41:00.021  2185 19420 I chatty  : uid=1000(system) Binder:2185_12 expire 9 lines
05-29 10:41:00.083  2185 11206 I chatty  : uid=1000(system) Binder:2185_20 expire 9 lines
05-29 10:41:00.974  2185  3679 I chatty  : uid=1000(system) Binder:2185_C expire 7 lines
05-29 10:41:46.630  2185  4613 I chatty  : uid=1000(system) Binder:2185_1D expire 3 lines
05-29 10:41:47.592  2185  8479 I chatty  : uid=1000(system) Binder:2185_16 expire 5 lines
05-29 10:41:48.131  2185  3697 I chatty  : uid=1000(system) Binder:2185_D expire 1 line
05-29 10:41:48.479  2185  3707 I chatty  : uid=1000(system) Binder:2185_F expire 3 lines
05-29 10:41:48.680  2185 25141 I chatty  : uid=1000(system) Binder:2185_1C expire 3 lines
05-29 10:41:50.040  2185  2282 I chatty  : uid=1000(system) PackageManager expire 15 lines
05-29 10:41:55.829  2185  5139 I chatty  : uid=1000(system) Binder:2185_15 expire 2 lines
05-29 10:41:56.228  2185  2397 I chatty  : uid=1000(system) OmsHandlerThrea expire 2 lines
05-29 10:41:57.047 26733 26733 W ContextImpl: Calling a method in the system process without a qualified user: android.app.ContextImpl.startService:1358 android.content.ContextWrapper.startService:613 android.content.ContextWrapper.startService:613 com.android.keychain.KeyChainBroadcastReceiver.onReceive:12 android.app.ActivityThread.handleReceiver:3085 
05-29 10:41:57.280  2185  3678 I chatty  : uid=1000(system) Binder:2185_B expire 2 lines
05-29 10:41:57.390  2185  2547 I chatty  : uid=1000(system) Binder:2185_3 expire 2 lines
05-29 10:41:57.669  2185  3657 I chatty  : uid=1000(system) Binder:2185_A expire 3 lines
05-29 10:41:57.777  2185  2217 I chatty  : uid=1000(system) android.bg expire 1 line
05-29 10:41:58.324  2185 24175 I chatty  : uid=1000(system) Binder:2185_1A expire 4 lines
05-29 10:41:58.566  2185  2218 I chatty  : uid=1000(system) ActivityManager expire 5 lines
05-29 10:41:58.660  2185  3595 I chatty  : uid=1000(system) Binder:2185_8 expire 3 lines
05-29 10:41:58.778  2185  2622 I chatty  : uid=1000(system) Binder:2185_4 expire 4 lines
05-29 10:41:59.196  2185  2185 I chatty  : uid=1000 system_server expire 4 lines
05-29 10:42:00.763  2185 24175 I chatty  : uid=1000(system) Binder:2185_1A expire 4 lines
05-29 10:42:00.868  2185 25141 I chatty  : uid=1000(system) Binder:2185_1C expire 1 line
05-29 10:42:00.885  2185  3657 I chatty  : uid=1000(system) Binder:2185_A expire 4 lines
05-29 10:42:00.934  2185  2547 I chatty  : uid=1000(system) Binder:2185_3 expire 8 lines
05-29 10:42:00.960  2185  2622 I chatty  : uid=1000(system) Binder:2185_4 expire 7 lines
05-29 10:42:01.063  2185  2890 I chatty  : uid=1000(system) Binder:2185_5 expire 9 lines
05-29 10:42:01.069  2185 24171 I chatty  : uid=1000(system) Binder:2185_18 expire 4 lines
05-29 10:42:01.166  2185 19420 I chatty  : uid=1000(system) Binder:2185_12 expire 8 lines
05-29 10:42:01.384  2185  3678 I chatty  : uid=1000(system) Binder:2185_B expire 3 lines
05-29 10:42:01.422  2185  2199 I chatty  : uid=1000(system) Binder:2185_1 expire 3 lines
05-29 10:42:01.422  2185  2218 I chatty  : uid=1000(system) ActivityManager expire 31 lines
05-29 10:42:01.423  2185  4613 I chatty  : uid=1000(system) Binder:2185_1D expire 6 lines
05-29 10:42:01.623  2185  3653 I chatty  : uid=1000(system) Binder:2185_9 expire 6 lines
05-29 10:42:01.671  2185 10699 I chatty  : uid=1000(system) Binder:2185_1E expire 1 line
05-29 10:42:02.227  2185 25140 I chatty  : uid=1000(system) Binder:2185_1B expire 7 lines
05-29 10:42:02.271  2185  3679 I chatty  : uid=1000(system) Binder:2185_C expire 8 lines
05-29 10:42:02.487 27274 27274 E ActivityThread: Failed to find provider info for com.ibatimesheet.MetricaContentProvider
05-29 10:42:02.490  2185  5139 I chatty  : uid=1000(system) Binder:2185_15 expire 3 lines
05-29 10:42:02.595  2185  5138 I chatty  : uid=1000(system) Binder:2185_14 expire 8 lines
05-29 10:42:02.679  2185  3723 I chatty  : uid=1000(system) Binder:2185_10 expire 2 lines
05-29 10:42:02.772  2185  3697 I chatty  : uid=1000(system) Binder:2185_D expire 10 lines
05-29 10:42:03.012  2185  3725 I chatty  : uid=1000(system) Binder:2185_11 expire 2 lines
05-29 10:42:03.585  2185  3593 I chatty  : uid=1000(system) Binder:2185_7 expire 4 lines
05-29 10:42:03.631  2185 19421 I chatty  : uid=1000(system) Binder:2185_13 expire 5 lines
05-29 10:42:05.664  2185  2256 I chatty  : uid=1000(system) android.io expire 4 lines
05-29 10:42:05.740  2185  3707 I chatty  : uid=1000(system) Binder:2185_F expire 4 lines
05-29 10:42:05.773  2185 11206 I chatty  : uid=1000(system) Binder:2185_20 expire 1 line
05-29 10:42:05.943  2185  2200 I chatty  : uid=1000(system) Binder:2185_2 expire 3 lines
05-29 10:42:06.077  2185 11205 I chatty  : uid=1000(system) Binder:2185_1F expire 6 lines
05-29 10:42:06.529  2185  8479 I chatty  : uid=1000(system) Binder:2185_16 expire 3 lines
05-29 10:42:06.678  2185  3595 I chatty  : uid=1000(system) Binder:2185_8 expire 4 lines
05-29 10:42:07.821 27696 27696 W ActivityThread: Application com.ibatimesheet can be debugged on port 8100...
05-29 10:42:08.318  2185  3565 I chatty  : uid=1000(system) Binder:2185_6 expire 4 lines
05-29 10:42:08.458  2185  2258 I chatty  : uid=1000(system) android.display expire 6 lines
05-29 10:42:15.851  2185  2504 I chatty  : uid=1000(system) AlarmManager expire 4 lines
05-29 10:42:42.491  2185  3698 I chatty  : uid=1000(system) Binder:2185_E expire 1 line
05-29 10:42:48.619  2185 24173 I chatty  : uid=1000(system) Binder:2185_19 expire 3 lines
05-29 10:42:53.251  2185  3678 I chatty  : uid=1000(system) Binder:2185_B expire 3 lines
05-29 10:42:53.251  2185  2218 I chatty  : uid=1000(system) ActivityManager expire 29 lines
05-29 10:42:53.396  2185 25141 I chatty  : uid=1000(system) Binder:2185_1C expire 5 lines
05-29 10:42:53.421  2185 11206 I chatty  : uid=1000(system) Binder:2185_20 expire 2 lines
05-29 10:43:00.002  2185  2504 I chatty  : uid=1000(system) AlarmManager expire 10 lines
05-29 10:43:00.120  2185  3725 I chatty  : uid=1000(system) Binder:2185_11 expire 3 lines
05-29 10:43:02.293  2185  2622 I chatty  : uid=1000(system) Binder:2185_4 expire 10 lines
05-29 10:43:12.490  2185 25140 I chatty  : uid=1000(system) Binder:2185_1B expire 10 lines
05-29 10:43:12.491  2185  5138 I chatty  : uid=1000(system) Binder:2185_14 expire 1 line
05-29 10:43:12.522  2185  4613 I chatty  : uid=1000(system) Binder:2185_1D expire 3 lines
05-29 10:43:12.561  2185 24171 I chatty  : uid=1000(system) Binder:2185_18 expire 9 lines
05-29 10:43:15.511  2185  3723 I chatty  : uid=1000(system) Binder:2185_10 expire 2 lines
05-29 10:43:15.545  2185  3593 I chatty  : uid=1000(system) Binder:2185_7 expire 5 lines
05-29 10:43:16.987  2185 24175 I chatty  : uid=1000(system) Binder:2185_1A expire 4 lines
05-29 10:43:17.008  2185 31361 I chatty  : uid=1000(system) Binder:2185_17 expire 4 lines
05-29 10:43:17.202  2185  3657 I chatty  : uid=1000(system) Binder:2185_A expire 7 lines
05-29 10:43:17.228  2185  3565 I chatty  : uid=1000(system) Binder:2185_6 expire 3 lines
05-29 10:43:17.301  2185  3595 I chatty  : uid=1000(system) Binder:2185_8 expire 4 lines
05-29 10:43:17.303  2185  2537 I chatty  : uid=1000(system) ConnectivitySer expire 1 line
05-29 10:43:26.026  2185  3653 I chatty  : uid=1000(system) Binder:2185_9 expire 1 line
05-29 10:43:38.314  2185  3697 I chatty  : uid=1000(system) Binder:2185_D expire 4 lines
05-29 10:43:39.018  2185 10699 I chatty  : uid=1000(system) Binder:2185_1E expire 5 lines
05-29 10:43:39.538  2185  2199 I chatty  : uid=1000(system) Binder:2185_1 expire 4 lines
05-29 10:43:48.670  2185  3707 I chatty  : uid=1000(system) Binder:2185_F expire 2 lines
05-29 10:43:50.728  2185  2200 I chatty  : uid=1000(system) Binder:2185_2 expire 7 lines
05-29 10:43:58.722  2185  2185 I chatty  : uid=1000 system_server expire 2 lines
05-29 10:44:01.343  2185  2890 I chatty  : uid=1000(system) Binder:2185_5 expire 3 lines
05-29 10:44:01.922  2185  5139 I chatty  : uid=1000(system) Binder:2185_15 expire 1 line
05-29 10:44:03.521  3716  3818 W ContextImpl: Calling a method in the system process without a qualified user: android.app.ContextImpl.bindService:1422 android.content.ContextWrapper.bindService:636 com.google.android.gms.ads.identifier.AdvertisingIdClient.h:-1 com.google.android.gms.ads.identifier.AdvertisingIdClient.b:-1 com.google.android.gms.ads.identifier.AdvertisingIdClient.getAdvertisingIdInfo:-1 
05-29 10:44:07.649  2185  2218 I chatty  : uid=1000(system) ActivityManager expire 11 lines
05-29 10:44:08.300  2185 11205 I chatty  : uid=1000(system) Binder:2185_1F expire 2 lines
05-29 10:44:16.433  2185  2222 I chatty  : uid=1000(system) batterystats-sy expire 3 lines
05-29 10:44:47.025 27696 27696 W ViewRootImpl[MainActivity]: Dropping event due to root view being removed: MotionEvent { action=ACTION_MOVE, actionButton=0, id[0]=0, x[0]=585.0, y[0]=330.0, toolType[0]=TOOL_TYPE_FINGER, buttonState=0, metaState=0, flags=0x0, edgeFlags=0x0, pointerCount=1, historySize=1, eventTime=931744412, downTime=931744392, deviceId=5, source=0x1002 }
05-29 10:44:47.208  2185  2258 I chatty  : uid=1000(system) android.display expire 3 lines
05-29 10:45:05.545  6597 28968 E ActivityThread: Failed to find provider info for com.facebook.katana.provider.AttributionIdProvider
05-29 10:45:26.180  2185  2504 I chatty  : uid=1000(system) AlarmManager expire 11 lines
05-29 10:45:26.512  2185 25140 I chatty  : uid=1000(system) Binder:2185_1B expire 1 line
05-29 10:45:26.625  2185  2547 I chatty  : uid=1000(system) Binder:2185_3 expire 1 line
05-29 10:45:46.567  2185  2256 I chatty  : uid=1000(system) android.io expire 5 lines
05-29 10:46:37.842 27696 27696 W ViewRootImpl[MainActivity]: Dropping event due to root view being removed: MotionEvent { action=ACTION_MOVE, actionButton=0, id[0]=0, x[0]=507.0, y[0]=333.0, toolType[0]=TOOL_TYPE_FINGER, buttonState=0, metaState=0, flags=0x0, edgeFlags=0x0, pointerCount=1, historySize=0, eventTime=931855212, downTime=931855204, deviceId=5, source=0x1002 }
05-29 10:46:48.676  2185  2519 I chatty  : uid=1000(system) NetworkStats expire 2 lines
05-29 10:46:48.688  2185  3679 I chatty  : uid=1000(system) Binder:2185_C expire 2 lines
05-29 10:46:48.977  2185 19421 I chatty  : uid=1000(system) Binder:2185_13 expire 2 lines
05-29 10:46:49.905  2185  3697 I chatty  : uid=1000(system) Binder:2185_D expire 3 lines
05-29 10:46:49.930  2185  3679 I chatty  : uid=1000(system) Binder:2185_C expire 6 lines
05-29 10:46:49.938  2185  3593 I chatty  : uid=1000(system) Binder:2185_7 expire 4 lines
05-29 10:46:50.192  2185 24171 I chatty  : uid=1000(system) Binder:2185_18 expire 14 lines
05-29 10:46:50.440  2185 24173 I chatty  : uid=1000(system) Binder:2185_19 expire 2 lines
05-29 10:46:50.443  2185  2218 I chatty  : uid=1000(system) ActivityManager expire 46 lines
05-29 10:46:50.444  2185  8479 I chatty  : uid=1000(system) Binder:2185_16 expire 5 lines
05-29 10:46:50.621  2185  2622 I chatty  : uid=1000(system) Binder:2185_4 expire 5 lines
05-29 10:46:51.005  2185  3723 I chatty  : uid=1000(system) Binder:2185_10 expire 2 lines
05-29 10:46:51.018  2185  3595 I chatty  : uid=1000(system) Binder:2185_8 expire 2 lines
05-29 10:46:51.394  2185  2890 I chatty  : uid=1000(system) Binder:2185_5 expire 7 lines
05-29 10:47:00.003  2185  2504 I chatty  : uid=1000(system) AlarmManager expire 16 lines
05-29 10:47:00.108  2185  3657 I chatty  : uid=1000(system) Binder:2185_A expire 10 lines
05-29 10:47:05.493  2185  3698 I chatty  : uid=1000(system) Binder:2185_E expire 4 lines
05-29 10:47:05.805  2185 11206 I chatty  : uid=1000(system) Binder:2185_20 expire 3 lines
05-29 10:47:05.854  2185  4613 I chatty  : uid=1000(system) Binder:2185_1D expire 8 lines
05-29 10:47:06.316  2185  3725 I chatty  : uid=1000(system) Binder:2185_11 expire 5 lines
05-29 10:47:06.322  2185  5139 I chatty  : uid=1000(system) Binder:2185_15 expire 1 line
05-29 10:47:06.672  2185  3565 I chatty  : uid=1000(system) Binder:2185_6 expire 7 lines
05-29 10:47:07.850  2185 11205 I chatty  : uid=1000(system) Binder:2185_1F expire 3 lines
05-29 10:47:09.085  2185  2547 I chatty  : uid=1000(system) Binder:2185_3 expire 2 lines
05-29 10:47:09.797  2185  2185 I chatty  : uid=1000 system_server expire 2 lines
05-29 10:47:09.872  2185  2200 I chatty  : uid=1000(system) Binder:2185_2 expire 4 lines
05-29 10:47:17.872  2185  3653 I chatty  : uid=1000(system) Binder:2185_9 expire 6 lines
05-29 10:47:17.944  2185  2199 I chatty  : uid=1000(system) Binder:2185_1 expire 10 lines
05-29 10:47:37.967  2185 19420 I chatty  : uid=1000(system) Binder:2185_12 expire 2 lines
05-29 10:47:48.919  2185  3707 I chatty  : uid=1000(system) Binder:2185_F expire 2 lines
05-29 10:47:49.275  2185  2258 I chatty  : uid=1000(system) android.display expire 1 line
05-29 10:47:49.968  2185  3678 I chatty  : uid=1000(system) Binder:2185_B expire 3 lines
05-29 10:48:00.093  2185 25140 I chatty  : uid=1000(system) Binder:2185_1B expire 1 line
05-29 10:48:30.102  2185 10699 I chatty  : uid=1000(system) Binder:2185_1E expire 3 lines
05-29 10:49:19.699  2185 31361 I chatty  : uid=1000(system) Binder:2185_17 expire 11 lines
05-29 10:50:17.974  2185  3697 I chatty  : uid=1000(system) Binder:2185_D expire 5 lines
05-29 10:50:17.978  2185  3707 I chatty  : uid=1000(system) Binder:2185_F expire 1 line
05-29 10:50:17.986  2185  3723 I chatty  : uid=1000(system) Binder:2185_10 expire 2 lines
05-29 10:50:19.004  2185  2218 I chatty  : uid=1000(system) ActivityManager expire 19 lines
05-29 10:50:19.312  2185  3678 I chatty  : uid=1000(system) Binder:2185_B expire 2 lines
05-29 10:50:19.686  2185  2199 I chatty  : uid=1000(system) Binder:2185_1 expire 3 lines
05-29 10:50:19.888  2185  2547 I chatty  : uid=1000(system) Binder:2185_3 expire 3 lines
05-29 10:50:19.893  2185 24171 I chatty  : uid=1000(system) Binder:2185_18 expire 4 lines
05-29 10:50:20.734  2185  2185 I chatty  : uid=1000 system_server expire 13 lines
05-29 10:50:20.763  2185  2222 I chatty  : uid=1000(system) batterystats-sy expire 3 lines
05-29 10:50:21.019  2185  3593 I chatty  : uid=1000(system) Binder:2185_7 expire 2 lines
