05-15 07:42:39.861  2185 19420 I chatty  : uid=1000(system) Binder:2185_12 expire 4 lines
05-15 07:44:17.747  2185 10699 I chatty  : uid=1000(system) Binder:2185_1E expire 1 line
05-15 07:46:26.791  2185  4613 I chatty  : uid=1000(system) Binder:2185_1D expire 1 line
05-15 07:47:25.745  2185  3723 I chatty  : uid=1000(system) Binder:2185_10 expire 3 lines
05-15 07:48:27.604  2185  5139 I chatty  : uid=1000(system) Binder:2185_15 expire 3 lines
05-15 07:50:29.643  2185  3595 I chatty  : uid=1000(system) Binder:2185_8 expire 1 line
05-15 07:51:30.578  2185  2200 I chatty  : uid=1000(system) Binder:2185_2 expire 3 lines
05-15 07:52:02.017  2185  3565 I chatty  : uid=1000(system) Binder:2185_6 expire 1 line
05-15 07:52:31.732  2185  3698 I chatty  : uid=1000(system) Binder:2185_E expire 6 lines
05-15 07:52:33.316  2185  2504 I chatty  : uid=1000(system) AlarmManager expire 51 lines
05-15 07:52:33.329  2185 25141 I chatty  : uid=1000(system) Binder:2185_1C expire 3 lines
05-15 07:52:33.534 19114 19114 D ActivityThread: Loading provider com.whatsapp.provider.contact: com.whatsapp.contact.ContactProvider
05-15 07:52:33.585  2185  5139 I chatty  : uid=1000(system) Binder:2185_15 expire 1 line
05-15 07:52:33.585  2185  2218 I chatty  : uid=1000(system) ActivityManager expire 11 lines
05-15 07:52:33.589  2185  3707 I chatty  : uid=1000(system) Binder:2185_F expire 10 lines
05-15 07:52:33.836  2185 19421 I chatty  : uid=1000(system) Binder:2185_13 expire 4 lines
05-15 07:52:33.873  2185 25140 I chatty  : uid=1000(system) Binder:2185_1B expire 1 line
05-15 07:52:33.879  2185 24171 I chatty  : uid=1000(system) Binder:2185_18 expire 13 lines
05-15 07:52:33.909  2185  3697 I chatty  : uid=1000(system) Binder:2185_D expire 2 lines
05-15 07:52:33.914  2185 11205 I chatty  : uid=1000(system) Binder:2185_1F expire 11 lines
05-15 07:52:33.914  2185 24175 I chatty  : uid=1000(system) Binder:2185_1A expire 11 lines
05-15 07:53:04.559  2185  2255 I chatty  : uid=1000(system) android.fg expire 13 lines
05-15 07:53:04.568  2185  3657 I chatty  : uid=1000(system) Binder:2185_A expire 5 lines
05-15 07:53:04.578  2185  2222 I chatty  : uid=1000(system) batterystats-sy expire 13 lines
05-15 07:53:04.689  2185  2547 I chatty  : uid=1000(system) Binder:2185_3 expire 3 lines
05-15 07:53:04.778  2185  2200 I chatty  : uid=1000(system) Binder:2185_2 expire 2 lines
05-15 07:53:04.785  2185  2199 I chatty  : uid=1000(system) Binder:2185_1 expire 3 lines
05-15 07:53:33.405  2185 31361 I chatty  : uid=1000(system) Binder:2185_17 expire 2 lines
05-15 07:53:33.425  2185 11206 I chatty  : uid=1000(system) Binder:2185_20 expire 1 line
05-15 07:54:33.582  2185  4613 I chatty  : uid=1000(system) Binder:2185_1D expire 3 lines
05-15 07:54:33.677  2185  5138 I chatty  : uid=1000(system) Binder:2185_14 expire 3 lines
05-15 07:56:35.660  2185  3678 I chatty  : uid=1000(system) Binder:2185_B expire 1 line
05-15 07:57:05.899  2185  3565 I chatty  : uid=1000(system) Binder:2185_6 expire 2 lines
05-15 07:57:05.906  2185  8479 I chatty  : uid=1000(system) Binder:2185_16 expire 1 line
05-15 07:57:06.650  2185  3723 I chatty  : uid=1000(system) Binder:2185_10 expire 1 line
05-15 07:57:36.594  2185  3595 I chatty  : uid=1000(system) Binder:2185_8 expire 2 lines
05-15 07:57:36.796  2185  2217 I chatty  : uid=1000(system) android.bg expire 4 lines
05-15 07:57:36.827  2185  3679 I chatty  : uid=1000(system) Binder:2185_C expire 1 line
05-15 07:57:36.860  2185  2185 I chatty  : uid=1000 system_server expire 1 line
05-15 07:58:37.633  2185  2519 I chatty  : uid=1000(system) NetworkStats expire 2 lines
05-15 08:00:01.621  2185 24173 I chatty  : uid=1000(system) Binder:2185_19 expire 1 line
05-15 08:01:02.692  2185  3725 I chatty  : uid=1000(system) Binder:2185_11 expire 4 lines
05-15 08:03:43.544  2185  2504 I chatty  : uid=1000(system) AlarmManager expire 14 lines
05-15 08:03:43.558  2185  5139 I chatty  : uid=1000(system) Binder:2185_15 expire 3 lines
05-15 08:04:35.577  2185 24175 I chatty  : uid=1000(system) Binder:2185_1A expire 6 lines
05-15 08:04:35.591  2185  3679 I chatty  : uid=1000(system) Binder:2185_C expire 6 lines
05-15 08:04:44.577  2185  2200 I chatty  : uid=1000(system) Binder:2185_2 expire 6 lines
05-15 08:05:36.586  2185 24173 I chatty  : uid=1000(system) Binder:2185_19 expire 2 lines
05-15 08:05:45.557  2185  2218 I chatty  : uid=1000(system) ActivityManager expire 13 lines
05-15 08:05:45.668  2185  3697 I chatty  : uid=1000(system) Binder:2185_D expire 2 lines
05-15 08:06:37.634  2185  2890 I chatty  : uid=1000(system) Binder:2185_5 expire 3 lines
05-15 08:06:37.781  2185 19420 I chatty  : uid=1000(system) Binder:2185_12 expire 3 lines
05-15 08:06:46.574  2185  8479 I chatty  : uid=1000(system) Binder:2185_16 expire 10 lines
05-15 08:07:15.737  2185  2507 I chatty  : uid=1000(system) InputReader expire 3 lines
05-15 08:07:15.742  2185  2185 I chatty  : uid=1000 system_server expire 11 lines
05-15 08:07:15.746  2185  2263 I chatty  : uid=1000(system) PowerManagerSer expire 9 lines
05-15 08:07:15.768  2185  2258 I chatty  : uid=1000(system) android.display expire 6 lines
05-15 08:07:16.011  2185  2217 I chatty  : uid=1000(system) android.bg expire 3 lines
05-15 08:07:16.095  2185 11206 I chatty  : uid=1000(system) Binder:2185_20 expire 6 lines
05-15 08:07:16.130  2185  3723 I chatty  : uid=1000(system) Binder:2185_10 expire 3 lines
05-15 08:07:16.205  2185  3698 I chatty  : uid=1000(system) Binder:2185_E expire 3 lines
05-15 08:07:16.222  2185  2255 I chatty  : uid=1000(system) android.fg expire 2 lines
05-15 08:07:16.305  2185  4613 I chatty  : uid=1000(system) Binder:2185_1D expire 7 lines
05-15 08:07:16.431  2185  3707 I chatty  : uid=1000(system) Binder:2185_F expire 3 lines
05-15 08:07:16.579  2185  5138 I chatty  : uid=1000(system) Binder:2185_14 expire 2 lines
05-15 08:07:16.609  2646  2646 V KeyguardDisplayManager: hide
05-15 08:07:16.667  2185  2622 I chatty  : uid=1000(system) Binder:2185_4 expire 2 lines
05-15 08:07:16.779  2185 19421 I chatty  : uid=1000(system) Binder:2185_13 expire 1 line
05-15 08:07:16.834  2185 11205 I chatty  : uid=1000(system) Binder:2185_1F expire 3 lines
05-15 08:07:16.885  2185 10699 I chatty  : uid=1000(system) Binder:2185_1E expire 3 lines
05-15 08:07:17.429  2185  3595 I chatty  : uid=1000(system) Binder:2185_8 expire 3 lines
05-15 08:07:17.568  2185 31361 I chatty  : uid=1000(system) Binder:2185_17 expire 2 lines
05-15 08:07:17.596  2185  3678 I chatty  : uid=1000(system) Binder:2185_B expire 2 lines
05-15 08:07:18.072  2646  2646 V KeyguardStatusView: refresh statusview showing:true
05-15 08:07:18.083  2646  2646 V KeyguardDisplayManager: show
05-15 08:07:21.522  2185  3565 I chatty  : uid=1000(system) Binder:2185_6 expire 3 lines
05-15 08:07:29.542  2185  2504 I chatty  : uid=1000(system) AlarmManager expire 6 lines
05-15 08:07:38.589  2185  2222 I chatty  : uid=1000(system) batterystats-sy expire 1 line
05-15 08:07:38.667  2185 25141 I chatty  : uid=1000(system) Binder:2185_1C expire 2 lines
05-15 08:07:42.053  2185  2199 I chatty  : uid=1000(system) Binder:2185_1 expire 4 lines
05-15 08:08:00.556  2185 24171 I chatty  : uid=1000(system) Binder:2185_18 expire 2 lines
05-15 08:08:00.617  2185 25140 I chatty  : uid=1000(system) Binder:2185_1B expire 1 line
05-15 08:08:01.795  2646  2646 V KeyguardDisplayManager: hide
05-15 08:08:01.804  2185  2218 I chatty  : uid=1000(system) ActivityManager expire 12 lines
05-15 08:08:06.381  2185  2530 I chatty  : uid=1000(system) WifiStateMachin expire 1 line
05-15 08:08:13.353  2185  2547 I chatty  : uid=1000(system) Binder:2185_3 expire 2 lines
05-15 08:08:13.436 19613 19613 D ActivityThread: Loading provider contacts;com.android.contacts: com.android.providers.contacts.SemcContactsProvider2
05-15 08:08:14.079  2185  2506 I chatty  : uid=1000(system) InputDispatcher expire 4 lines
05-15 08:08:14.313  2185  3657 I chatty  : uid=1000(system) Binder:2185_A expire 1 line
05-15 08:08:14.318  2185  8479 I chatty  : uid=1000(system) Binder:2185_16 expire 1 line
05-15 08:08:14.916  2185  3593 I chatty  : uid=1000(system) Binder:2185_7 expire 5 lines
05-15 08:08:15.716  2185  2218 I chatty  : uid=1000(system) ActivityManager expire 24 lines
05-15 08:08:15.735  2185  2255 I chatty  : uid=1000(system) android.fg expire 1 line
05-15 08:08:15.795  2185  3653 I chatty  : uid=1000(system) Binder:2185_9 expire 9 lines
05-15 08:08:15.867  2185  5138 I chatty  : uid=1000(system) Binder:2185_14 expire 4 lines
05-15 08:08:15.924  2185  2185 I chatty  : uid=1000 system_server expire 8 lines
05-15 08:08:16.069  2185  3678 I chatty  : uid=1000(system) Binder:2185_B expire 4 lines
05-15 08:08:16.100  2185 19421 I chatty  : uid=1000(system) Binder:2185_13 expire 2 lines
05-15 08:08:16.172  2185  2504 I chatty  : uid=1000(system) AlarmManager expire 4 lines
05-15 08:08:16.182  2185  2890 I chatty  : uid=1000(system) Binder:2185_5 expire 3 lines
05-15 08:08:16.305  2185 11206 I chatty  : uid=1000(system) Binder:2185_20 expire 4 lines
05-15 08:08:16.316  2185  3725 I chatty  : uid=1000(system) Binder:2185_11 expire 10 lines
05-15 08:08:16.493  2185  2622 I chatty  : uid=1000(system) Binder:2185_4 expire 2 lines
05-15 08:08:16.614  2185  2258 I chatty  : uid=1000(system) android.display expire 3 lines
05-15 08:08:17.134  2185 11205 I chatty  : uid=1000(system) Binder:2185_1F expire 3 lines
05-15 08:08:17.146  2185 19420 I chatty  : uid=1000(system) Binder:2185_12 expire 4 lines
05-15 08:08:17.239  2185 25140 I chatty  : uid=1000(system) Binder:2185_1B expire 2 lines
05-15 08:08:17.447  2185 25141 I chatty  : uid=1000(system) Binder:2185_1C expire 3 lines
05-15 08:08:18.300  2185 24175 I chatty  : uid=1000(system) Binder:2185_1A expire 4 lines
05-15 08:08:18.309  2185  3698 I chatty  : uid=1000(system) Binder:2185_E expire 8 lines
05-15 08:08:18.543  2185  2530 I chatty  : uid=1000(system) WifiStateMachin expire 2 lines
05-15 08:08:18.902  2185  2200 I chatty  : uid=1000(system) Binder:2185_2 expire 5 lines
05-15 08:08:18.949  2185  2507 I chatty  : uid=1000(system) InputReader expire 3 lines
05-15 08:08:19.135  2185  3723 I chatty  : uid=1000(system) Binder:2185_10 expire 6 lines
05-15 08:08:19.235  2185  3565 I chatty  : uid=1000(system) Binder:2185_6 expire 2 lines
05-15 08:08:19.253  2185  3697 I chatty  : uid=1000(system) Binder:2185_D expire 6 lines
05-15 08:08:19.309  2185  3679 I chatty  : uid=1000(system) Binder:2185_C expire 14 lines
05-15 08:08:19.397  2185 10699 I chatty  : uid=1000(system) Binder:2185_1E expire 3 lines
05-15 08:08:19.684  2185  2199 I chatty  : uid=1000(system) Binder:2185_1 expire 7 lines
05-15 08:08:20.086  2185  3707 I chatty  : uid=1000(system) Binder:2185_F expire 8 lines
05-15 08:08:22.521  2185  3657 I chatty  : uid=1000(system) Binder:2185_A expire 1 line
05-15 08:08:22.809  2185  2222 I chatty  : uid=1000(system) batterystats-sy expire 3 lines
05-15 08:08:22.880  2185  8479 I chatty  : uid=1000(system) Binder:2185_16 expire 4 lines
05-15 08:08:24.049  2185  5139 I chatty  : uid=1000(system) Binder:2185_15 expire 4 lines
05-15 08:08:24.246  2185  2547 I chatty  : uid=1000(system) Binder:2185_3 expire 1 line
05-15 08:08:24.501  2185  4613 I chatty  : uid=1000(system) Binder:2185_1D expire 1 line
05-15 08:08:24.821  2185 24171 I chatty  : uid=1000(system) Binder:2185_18 expire 2 lines
05-15 08:08:26.159  2185  2263 I chatty  : uid=1000(system) PowerManagerSer expire 2 lines
05-15 08:08:26.335  2185  3595 I chatty  : uid=1000(system) Binder:2185_8 expire 3 lines
05-15 08:08:26.491  2646  2646 V KeyguardStatusView: refresh statusview showing:true
05-15 08:08:26.501  2646  2646 V KeyguardDisplayManager: show
05-15 08:08:32.202  2185  2218 I chatty  : uid=1000(system) ActivityManager expire 22 lines
05-15 08:08:39.551  2185  2622 I chatty  : uid=1000(system) Binder:2185_4 expire 3 lines
05-15 08:08:42.053  2185 25140 I chatty  : uid=1000(system) Binder:2185_1B expire 4 lines
05-15 08:08:42.086  2185 25141 I chatty  : uid=1000(system) Binder:2185_1C expire 2 lines
05-15 08:08:42.096  2185  3678 I chatty  : uid=1000(system) Binder:2185_B expire 7 lines
05-15 08:08:53.542  2185  2504 I chatty  : uid=1000(system) AlarmManager expire 29 lines
05-15 08:08:53.558  2185  3657 I chatty  : uid=1000(system) Binder:2185_A expire 1 line
05-15 08:09:17.571  2185  2255 I chatty  : uid=1000(system) android.fg expire 8 lines
05-15 08:09:17.593  2185  2222 I chatty  : uid=1000(system) batterystats-sy expire 8 lines
05-15 08:09:17.675  2185 19421 I chatty  : uid=1000(system) Binder:2185_13 expire 6 lines
05-15 08:09:17.921  2185  2890 I chatty  : uid=1000(system) Binder:2185_5 expire 5 lines
05-15 08:10:00.582  2185  2199 I chatty  : uid=1000(system) Binder:2185_1 expire 3 lines
05-15 08:10:00.646  2185  2547 I chatty  : uid=1000(system) Binder:2185_3 expire 2 lines
05-15 08:10:18.563  2185  8479 I chatty  : uid=1000(system) Binder:2185_16 expire 5 lines
05-15 08:11:01.300  2185  3565 I chatty  : uid=1000(system) Binder:2185_6 expire 1 line
05-15 08:11:01.393  2185 31361 I chatty  : uid=1000(system) Binder:2185_17 expire 3 lines
05-15 08:11:20.550  2185  3707 I chatty  : uid=1000(system) Binder:2185_F expire 2 lines
05-15 08:12:01.798  2185 24173 I chatty  : uid=1000(system) Binder:2185_19 expire 7 lines
05-15 08:12:16.908  2185  3595 I chatty  : uid=1000(system) Binder:2185_8 expire 5 lines
05-15 08:12:21.660  2185  3653 I chatty  : uid=1000(system) Binder:2185_9 expire 4 lines
05-15 08:12:24.819  2185  3593 I chatty  : uid=1000(system) Binder:2185_7 expire 4 lines
05-15 08:13:02.621  2185  2200 I chatty  : uid=1000(system) Binder:2185_2 expire 3 lines
05-15 08:13:02.650  2185  3679 I chatty  : uid=1000(system) Binder:2185_C expire 3 lines
05-15 08:13:02.688  2185  2185 I chatty  : uid=1000 system_server expire 9 lines
05-15 08:13:02.691  2185  3725 I chatty  : uid=1000(system) Binder:2185_11 expire 1 line
05-15 08:13:02.716  2185 24171 I chatty  : uid=1000(system) Binder:2185_18 expire 5 lines
05-15 08:13:26.159  2185 11205 I chatty  : uid=1000(system) Binder:2185_1F expire 4 lines
05-15 08:13:26.243  2185 19420 I chatty  : uid=1000(system) Binder:2185_12 expire 6 lines
05-15 08:14:17.940  2185  2217 I chatty  : uid=1000(system) android.bg expire 4 lines
05-15 08:14:18.608  2185  4613 I chatty  : uid=1000(system) Binder:2185_1D expire 3 lines
05-15 08:14:28.579  2185  2507 I chatty  : uid=1000(system) InputReader expire 2 lines
05-15 08:14:28.616  2185  2263 I chatty  : uid=1000(system) PowerManagerSer expire 4 lines
05-15 08:14:28.617  2185  2258 I chatty  : uid=1000(system) android.display expire 2 lines
05-15 08:14:28.831  2185  5138 I chatty  : uid=1000(system) Binder:2185_14 expire 1 line
05-15 08:14:29.493  2646  2646 V KeyguardDisplayManager: hide
05-15 08:14:29.507  2185  2218 I chatty  : uid=1000(system) ActivityManager expire 10 lines
05-15 08:14:29.534  2185  3698 I chatty  : uid=1000(system) Binder:2185_E expire 3 lines
05-15 08:14:29.542  2185  5139 I chatty  : uid=1000(system) Binder:2185_15 expire 2 lines
05-15 08:14:29.787  2185  3723 I chatty  : uid=1000(system) Binder:2185_10 expire 1 line
05-15 08:14:32.401  2185  3697 I chatty  : uid=1000(system) Binder:2185_D expire 4 lines
05-15 08:14:34.796  2646  2646 V KeyguardStatusView: refresh statusview showing:true
05-15 08:14:34.805  2646  2646 V KeyguardDisplayManager: show
05-15 08:14:35.629  2185  2258 I chatty  : uid=1000(system) android.display expire 4 lines
05-15 08:14:50.124  2185  2255 I chatty  : uid=1000(system) android.fg expire 6 lines
05-15 08:14:50.128  2185  3653 I chatty  : uid=1000(system) Binder:2185_9 expire 2 lines
05-15 08:14:50.145  2185  2222 I chatty  : uid=1000(system) batterystats-sy expire 8 lines
05-15 08:14:50.153  2185  2622 I chatty  : uid=1000(system) Binder:2185_4 expire 3 lines
05-15 08:15:20.533  2185  2504 I chatty  : uid=1000(system) AlarmManager expire 20 lines
05-15 08:15:20.547  2185  3707 I chatty  : uid=1000(system) Binder:2185_F expire 4 lines
05-15 08:15:20.597  2185  4613 I chatty  : uid=1000(system) Binder:2185_1D expire 5 lines
05-15 08:15:20.701  2185  5138 I chatty  : uid=1000(system) Binder:2185_14 expire 4 lines
05-15 08:15:24.525  2185  2218 I chatty  : uid=1000(system) ActivityManager expire 12 lines
05-15 08:15:24.667  2185 25140 I chatty  : uid=1000(system) Binder:2185_1B expire 10 lines
05-15 08:16:25.546  2185  2199 I chatty  : uid=1000(system) Binder:2185_1 expire 2 lines
05-15 08:16:25.575  2185  8479 I chatty  : uid=1000(system) Binder:2185_16 expire 2 lines
05-15 08:16:25.595  2185  3698 I chatty  : uid=1000(system) Binder:2185_E expire 4 lines
05-15 08:16:26.431  2185  2537 I chatty  : uid=1000(system) ConnectivitySer expire 3 lines
05-15 08:16:26.470  2185 24171 I chatty  : uid=1000(system) Binder:2185_18 expire 7 lines
05-15 08:16:26.488  2185  3679 I chatty  : uid=1000(system) Binder:2185_C expire 8 lines
05-15 08:16:27.750  2185  2890 I chatty  : uid=1000(system) Binder:2185_5 expire 3 lines
05-15 08:16:27.750  2185  3595 I chatty  : uid=1000(system) Binder:2185_8 expire 3 lines
05-15 08:16:27.770  2185 10699 I chatty  : uid=1000(system) Binder:2185_1E expire 5 lines
05-15 08:16:27.801  2185 19420 I chatty  : uid=1000(system) Binder:2185_12 expire 6 lines
05-15 08:16:27.829  2185  3593 I chatty  : uid=1000(system) Binder:2185_7 expire 4 lines
05-15 08:16:27.861  2185  5139 I chatty  : uid=1000(system) Binder:2185_15 expire 4 lines
05-15 08:16:27.964  2185 24175 I chatty  : uid=1000(system) Binder:2185_1A expire 1 line
05-15 08:16:28.061  2185 24173 I chatty  : uid=1000(system) Binder:2185_19 expire 5 lines
05-15 08:16:28.071  2185  2200 I chatty  : uid=1000(system) Binder:2185_2 expire 3 lines
05-15 08:16:28.115  2185  2547 I chatty  : uid=1000(system) Binder:2185_3 expire 7 lines
05-15 08:16:28.149  2185  2185 I chatty  : uid=1000 system_server expire 11 lines
05-15 08:17:22.571  2185  3725 I chatty  : uid=1000(system) Binder:2185_11 expire 2 lines
05-15 08:17:22.665  2185  3723 I chatty  : uid=1000(system) Binder:2185_10 expire 1 line
05-15 08:17:22.676  2185 19421 I chatty  : uid=1000(system) Binder:2185_13 expire 2 lines
05-15 08:19:22.740  2185  2507 I chatty  : uid=1000(system) InputReader expire 2 lines
05-15 08:19:22.770  2185  2263 I chatty  : uid=1000(system) PowerManagerSer expire 5 lines
05-15 08:19:22.949  2185  2530 I chatty  : uid=1000(system) WifiStateMachin expire 1 line
05-15 08:19:23.424  2185 11206 I chatty  : uid=1000(system) Binder:2185_20 expire 3 lines
05-15 08:19:23.430  2185 11205 I chatty  : uid=1000(system) Binder:2185_1F expire 4 lines
05-15 08:19:23.845  2185  3657 I chatty  : uid=1000(system) Binder:2185_A expire 1 line
05-15 08:19:23.875  2646  2646 V KeyguardDisplayManager: hide
05-15 08:19:23.887  2185  2218 I chatty  : uid=1000(system) ActivityManager expire 10 lines
05-15 08:19:24.661  2185 25141 I chatty  : uid=1000(system) Binder:2185_1C expire 2 lines
05-15 08:19:25.333  2646  2646 V KeyguardStatusView: refresh statusview showing:true
05-15 08:19:25.343  2646  2646 V KeyguardDisplayManager: show
05-15 08:19:25.693  2185  3678 I chatty  : uid=1000(system) Binder:2185_B expire 3 lines
05-15 08:19:39.628  2185  3725 I chatty  : uid=1000(system) Binder:2185_11 expire 6 lines
05-15 08:19:39.629  2185  2218 I chatty  : uid=1000(system) ActivityManager expire 11 lines
05-15 08:19:39.108  2185  8479 I chatty  : uid=1000(system) Binder:2185_16 expire 6 lines
05-15 08:19:39.128  2185  2504 I chatty  : uid=1000(system) AlarmManager expire 20 lines
05-15 08:19:39.145  2185  2185 I chatty  : uid=1000 system_server expire 10 lines
05-15 08:19:40.542  2185  2543 I chatty  : uid=1000(system) onProviders.ECP expire 4 lines
05-15 08:19:40.551  2185  3595 I chatty  : uid=1000(system) Binder:2185_8 expire 4 lines
05-15 08:20:24.559  2185  2255 I chatty  : uid=1000(system) android.fg expire 10 lines
05-15 08:20:24.578  2185  2222 I chatty  : uid=1000(system) batterystats-sy expire 10 lines
05-15 08:20:24.622  2185  2200 I chatty  : uid=1000(system) Binder:2185_2 expire 5 lines
05-15 08:20:24.670  2185  3593 I chatty  : uid=1000(system) Binder:2185_7 expire 2 lines
05-15 08:20:24.681  2185 10699 I chatty  : uid=1000(system) Binder:2185_1E expire 6 lines
05-15 08:20:24.919  2185  3657 I chatty  : uid=1000(system) Binder:2185_A expire 6 lines
05-15 08:20:25.067  2185 19420 I chatty  : uid=1000(system) Binder:2185_12 expire 3 lines
05-15 08:20:25.122  2185 11205 I chatty  : uid=1000(system) Binder:2185_1F expire 3 lines
05-15 08:20:25.400  2185 25140 I chatty  : uid=1000(system) Binder:2185_1B expire 4 lines
05-15 08:20:25.575  2185 19421 I chatty  : uid=1000(system) Binder:2185_13 expire 2 lines
05-15 08:20:25.606  2185  2256 I chatty  : uid=1000(system) android.io expire 2 lines
05-15 08:20:25.700  2185 24173 I chatty  : uid=1000(system) Binder:2185_19 expire 2 lines
05-15 08:20:26.165  2185 24171 I chatty  : uid=1000(system) Binder:2185_18 expire 4 lines
05-15 08:20:26.188  2185  3707 I chatty  : uid=1000(system) Binder:2185_F expire 4 lines
05-15 08:20:26.838  2185 24175 I chatty  : uid=1000(system) Binder:2185_1A expire 4 lines
05-15 08:20:26.873  2185  2199 I chatty  : uid=1000(system) Binder:2185_1 expire 2 lines
05-15 08:20:27.017 21863 21863 D ActivityThread: Loading provider contacts;com.android.contacts: com.android.providers.contacts.SemcContactsProvider2
05-15 08:20:27.615  2185 25141 I chatty  : uid=1000(system) Binder:2185_1C expire 3 lines
05-15 08:20:27.616  2185  2218 I chatty  : uid=1000(system) ActivityManager expire 15 lines
05-15 08:20:28.640  2185  4613 I chatty  : uid=1000(system) Binder:2185_1D expire 4 lines
05-15 08:20:28.665  2185 11206 I chatty  : uid=1000(system) Binder:2185_20 expire 4 lines
05-15 08:20:29.522  2185  3679 I chatty  : uid=1000(system) Binder:2185_C expire 3 lines
05-15 08:20:29.618  2185  5139 I chatty  : uid=1000(system) Binder:2185_15 expire 3 lines
05-15 08:20:29.858  2185  3565 I chatty  : uid=1000(system) Binder:2185_6 expire 6 lines
05-15 08:20:30.033  2185  2547 I chatty  : uid=1000(system) Binder:2185_3 expire 1 line
05-15 08:20:30.448  2185  3697 I chatty  : uid=1000(system) Binder:2185_D expire 4 lines
05-15 08:20:30.781  2185  3653 I chatty  : uid=1000(system) Binder:2185_9 expire 2 lines
05-15 08:20:31.078  2185  5138 I chatty  : uid=1000(system) Binder:2185_14 expire 4 lines
05-15 08:20:32.081  2185  2185 I chatty  : uid=1000 system_server expire 1 line
05-15 08:20:32.099  2185  3723 I chatty  : uid=1000(system) Binder:2185_10 expire 2 lines
05-15 08:20:36.670  2185  2622 I chatty  : uid=1000(system) Binder:2185_4 expire 3 lines
05-15 08:22:36.785  2185  3698 I chatty  : uid=1000(system) Binder:2185_E expire 7 lines
05-15 08:23:33.287  2185  2218 I chatty  : uid=1000(system) ActivityManager expire 40 lines
05-15 08:23:33.625  2185  2504 I chatty  : uid=1000(system) AlarmManager expire 25 lines
05-15 08:23:33.648  2185  3679 I chatty  : uid=1000(system) Binder:2185_C expire 4 lines
05-15 08:23:33.678  2185  3697 I chatty  : uid=1000(system) Binder:2185_D expire 5 lines
05-15 08:23:33.709  2185  5138 I chatty  : uid=1000(system) Binder:2185_14 expire 6 lines
05-15 08:23:33.745  2185  2890 I chatty  : uid=1000(system) Binder:2185_5 expire 5 lines
05-15 08:23:55.428  2185  2255 I chatty  : uid=1000(system) android.fg expire 4 lines
05-15 08:23:55.446  2185  2222 I chatty  : uid=1000(system) batterystats-sy expire 4 lines
05-15 08:23:55.473  2185 31361 I chatty  : uid=1000(system) Binder:2185_17 expire 1 line
05-15 08:23:55.484  2185  2530 I chatty  : uid=1000(system) WifiStateMachin expire 4 lines
05-15 08:23:55.484  2185  2537 I chatty  : uid=1000(system) ConnectivitySer expire 7 lines
05-15 08:23:55.588  2185  3707 I chatty  : uid=1000(system) Binder:2185_F expire 4 lines
05-15 08:23:55.594  2185 25140 I chatty  : uid=1000(system) Binder:2185_1B expire 1 line
05-15 08:23:55.603  2185 19420 I chatty  : uid=1000(system) Binder:2185_12 expire 6 lines
05-15 08:23:55.607  2185  3565 I chatty  : uid=1000(system) Binder:2185_6 expire 2 lines
05-15 08:23:55.617  2185  3593 I chatty  : uid=1000(system) Binder:2185_7 expire 3 lines
05-15 08:23:56.116  2185  2185 I chatty  : uid=1000 system_server expire 6 lines
05-15 08:23:56.153  2185  2199 I chatty  : uid=1000(system) Binder:2185_1 expire 3 lines
05-15 08:23:56.323  2185  5139 I chatty  : uid=1000(system) Binder:2185_15 expire 3 lines
05-15 08:23:56.343  2185  2547 I chatty  : uid=1000(system) Binder:2185_3 expire 5 lines
05-15 08:23:56.551  2185 24175 I chatty  : uid=1000(system) Binder:2185_1A expire 6 lines
05-15 08:23:56.574  2185 10699 I chatty  : uid=1000(system) Binder:2185_1E expire 3 lines
05-15 08:23:56.598  2185  8479 I chatty  : uid=1000(system) Binder:2185_16 expire 3 lines
05-15 08:23:57.103  2185  3678 I chatty  : uid=1000(system) Binder:2185_B expire 1 line
05-15 08:23:57.443  2185  3595 I chatty  : uid=1000(system) Binder:2185_8 expire 3 lines
05-15 08:23:57.529  2185  3657 I chatty  : uid=1000(system) Binder:2185_A expire 6 lines
05-15 08:23:57.558  2185 24171 I chatty  : uid=1000(system) Binder:2185_18 expire 2 lines
05-15 08:23:57.604  2185 24173 I chatty  : uid=1000(system) Binder:2185_19 expire 5 lines
05-15 08:23:57.606  2185 25141 I chatty  : uid=1000(system) Binder:2185_1C expire 1 line
05-15 08:23:57.843  2185  3723 I chatty  : uid=1000(system) Binder:2185_10 expire 1 line
05-15 08:23:57.980  2185 19421 I chatty  : uid=1000(system) Binder:2185_13 expire 1 line
05-15 08:24:21.991  2185  2200 I chatty  : uid=1000(system) Binder:2185_2 expire 4 lines
05-15 08:24:34.392  2185  2217 I chatty  : uid=1000(system) android.bg expire 2 lines
05-15 08:24:35.136  2185  3725 I chatty  : uid=1000(system) Binder:2185_11 expire 2 lines
05-15 08:24:35.156  2185 11206 I chatty  : uid=1000(system) Binder:2185_20 expire 4 lines
05-15 08:25:34.659  2185 11205 I chatty  : uid=1000(system) Binder:2185_1F expire 3 lines
05-15 08:26:48.036  2185  3593 I chatty  : uid=1000(system) Binder:2185_7 expire 4 lines
05-15 08:27:29.896  2185  2218 I chatty  : uid=1000(system) ActivityManager expire 24 lines
05-15 08:27:32.914  2185  2504 I chatty  : uid=1000(system) AlarmManager expire 46 lines
05-15 08:27:32.934  2185  2890 I chatty  : uid=1000(system) Binder:2185_5 expire 6 lines
05-15 08:27:33.046  2185  3679 I chatty  : uid=1000(system) Binder:2185_C expire 1 line
05-15 08:27:36.556  2185  8479 I chatty  : uid=1000(system) Binder:2185_16 expire 4 lines
05-15 08:27:36.566  2185  3725 I chatty  : uid=1000(system) Binder:2185_11 expire 5 lines
05-15 08:28:30.745  2185 25140 I chatty  : uid=1000(system) Binder:2185_1B expire 6 lines
05-15 08:28:30.753  2185  4613 I chatty  : uid=1000(system) Binder:2185_1D expire 6 lines
05-15 08:28:37.582  2185  2519 I chatty  : uid=1000(system) NetworkStats expire 2 lines
05-15 08:28:37.607  2185  3595 I chatty  : uid=1000(system) Binder:2185_8 expire 7 lines
05-15 08:28:37.614  2185 10699 I chatty  : uid=1000(system) Binder:2185_1E expire 2 lines
05-15 08:28:37.637  2185  5139 I chatty  : uid=1000(system) Binder:2185_15 expire 2 lines
05-15 08:29:01.595  2185  2530 I chatty  : uid=1000(system) WifiStateMachin expire 4 lines
05-15 08:29:01.668  2185 24175 I chatty  : uid=1000(system) Binder:2185_1A expire 7 lines
05-15 08:29:01.943  2185  2547 I chatty  : uid=1000(system) Binder:2185_3 expire 1 line
05-15 08:29:02.117  2185  2185 I chatty  : uid=1000 system_server expire 15 lines
05-15 08:29:02.160  2185 11206 I chatty  : uid=1000(system) Binder:2185_20 expire 4 lines
05-15 08:29:02.263  2185  3698 I chatty  : uid=1000(system) Binder:2185_E expire 5 lines
05-15 08:29:02.387  2185 24171 I chatty  : uid=1000(system) Binder:2185_18 expire 4 lines
05-15 08:29:35.566  2185 25141 I chatty  : uid=1000(system) Binder:2185_1C expire 5 lines
05-15 08:29:35.626  2185 19420 I chatty  : uid=1000(system) Binder:2185_12 expire 1 line
05-15 08:30:07.243  2185  3678 I chatty  : uid=1000(system) Binder:2185_B expire 4 lines
05-15 08:30:21.016  2185 19421 I chatty  : uid=1000(system) Binder:2185_13 expire 1 line
05-15 08:30:38.569  2185  3565 I chatty  : uid=1000(system) Binder:2185_6 expire 1 line
05-15 08:30:38.598  2185  3653 I chatty  : uid=1000(system) Binder:2185_9 expire 2 lines
05-15 08:32:08.656  2185  2199 I chatty  : uid=1000(system) Binder:2185_1 expire 2 lines
05-15 08:32:22.649  2185  2622 I chatty  : uid=1000(system) Binder:2185_4 expire 2 lines
05-15 08:32:57.066  2185  2200 I chatty  : uid=1000(system) Binder:2185_2 expire 1 line
05-15 08:33:23.549  2185 31361 I chatty  : uid=1000(system) Binder:2185_17 expire 4 lines
05-15 08:33:55.007  2185  5138 I chatty  : uid=1000(system) Binder:2185_14 expire 1 line
05-15 08:33:55.057  2185  2543 I chatty  : uid=1000(system) onProviders.ECP expire 1 line
05-15 08:34:10.682  2185  3723 I chatty  : uid=1000(system) Binder:2185_10 expire 2 lines
05-15 08:34:10.738  2185  3657 I chatty  : uid=1000(system) Binder:2185_A expire 10 lines
05-15 08:34:11.191  2185  3725 I chatty  : uid=1000(system) Binder:2185_11 expire 7 lines
05-15 08:34:11.312  2185  2256 I chatty  : uid=1000(system) android.io expire 2 lines
05-15 08:34:12.180  2185  3679 I chatty  : uid=1000(system) Binder:2185_C expire 2 lines
05-15 08:34:12.205  2185  2218 I chatty  : uid=1000(system) ActivityManager expire 26 lines
05-15 08:34:12.223  2185  2890 I chatty  : uid=1000(system) Binder:2185_5 expire 3 lines
05-15 08:34:12.235  2185  3593 I chatty  : uid=1000(system) Binder:2185_7 expire 3 lines
05-15 08:34:12.423 23427 23427 D ActivityThread: Loading provider contacts;com.android.contacts: com.android.providers.contacts.SemcContactsProvider2
05-15 08:34:12.612  2185  3595 I chatty  : uid=1000(system) Binder:2185_8 expire 3 lines
05-15 08:34:12.617  2185  2547 I chatty  : uid=1000(system) Binder:2185_3 expire 4 lines
05-15 08:34:12.685  2185  3707 I chatty  : uid=1000(system) Binder:2185_F expire 1 line
05-15 08:34:12.759  2185  8479 I chatty  : uid=1000(system) Binder:2185_16 expire 6 lines
05-15 08:34:12.887  2185  2504 I chatty  : uid=1000(system) AlarmManager expire 9 lines
05-15 08:34:12.912  2185  2530 I chatty  : uid=1000(system) WifiStateMachin expire 4 lines
05-15 08:34:13.131  2185 25141 I chatty  : uid=1000(system) Binder:2185_1C expire 3 lines
05-15 08:34:13.315  2185  2622 I chatty  : uid=1000(system) Binder:2185_4 expire 2 lines
05-15 08:34:13.368  2185  3565 I chatty  : uid=1000(system) Binder:2185_6 expire 8 lines
05-15 08:34:13.369  2185  2537 I chatty  : uid=1000(system) ConnectivitySer expire 2 lines
05-15 08:34:13.370  2185 11205 I chatty  : uid=1000(system) Binder:2185_1F expire 2 lines
05-15 08:34:13.658  2185 24175 I chatty  : uid=1000(system) Binder:2185_1A expire 4 lines
05-15 08:34:14.010  2185 19420 I chatty  : uid=1000(system) Binder:2185_12 expire 3 lines
05-15 08:34:14.083  2185  5138 I chatty  : uid=1000(system) Binder:2185_14 expire 3 lines
05-15 08:34:14.124  2185  3723 I chatty  : uid=1000(system) Binder:2185_10 expire 5 lines
05-15 08:34:14.199  2185  4613 I chatty  : uid=1000(system) Binder:2185_1D expire 5 lines
05-15 08:34:14.259  2185  3698 I chatty  : uid=1000(system) Binder:2185_E expire 4 lines
05-15 08:34:14.300  2185 19421 I chatty  : uid=1000(system) Binder:2185_13 expire 5 lines
05-15 08:34:14.332  2185 10699 I chatty  : uid=1000(system) Binder:2185_1E expire 7 lines
05-15 08:34:14.364  2185  3678 I chatty  : uid=1000(system) Binder:2185_B expire 5 lines
05-15 08:34:14.458  2185 24173 I chatty  : uid=1000(system) Binder:2185_19 expire 6 lines
05-15 08:34:14.580  2185  3697 I chatty  : uid=1000(system) Binder:2185_D expire 2 lines
05-15 08:34:15.107  2185  2200 I chatty  : uid=1000(system) Binder:2185_2 expire 7 lines
05-15 08:34:15.325  2185  2220 I chatty  : uid=1000(system) ActivityManager expire 1 line
05-15 08:34:15.507  2185 25140 I chatty  : uid=1000(system) Binder:2185_1B expire 3 lines
05-15 08:34:16.373  2185 24171 I chatty  : uid=1000(system) Binder:2185_18 expire 2 lines
05-15 08:34:16.458  2185  2199 I chatty  : uid=1000(system) Binder:2185_1 expire 3 lines
05-15 08:34:17.832  2185  2185 I chatty  : uid=1000 system_server expire 9 lines
05-15 08:34:35.544  2185  2522 I chatty  : uid=1000(system) NetworkPolicy expire 1 line
05-15 08:34:52.737  2185  3653 I chatty  : uid=1000(system) Binder:2185_9 expire 2 lines
05-15 08:34:54.073  2185  5139 I chatty  : uid=1000(system) Binder:2185_15 expire 4 lines
05-15 08:35:06.309  2185 11206 I chatty  : uid=1000(system) Binder:2185_20 expire 2 lines
05-15 08:35:06.708  2185  2547 I chatty  : uid=1000(system) Binder:2185_3 expire 5 lines
05-15 08:35:06.786  2185  2185 I chatty  : uid=1000 system_server expire 16 lines
05-15 08:35:06.787  2185  2218 I chatty  : uid=1000(system) ActivityManager expire 30 lines
05-15 08:35:06.801  2185  3697 I chatty  : uid=1000(system) Binder:2185_D expire 2 lines
05-15 08:35:06.804  2185  3565 I chatty  : uid=1000(system) Binder:2185_6 expire 3 lines
05-15 08:35:06.018  2185 24175 I chatty  : uid=1000(system) Binder:2185_1A expire 5 lines
05-15 08:35:06.021  2185  2504 I chatty  : uid=1000(system) AlarmManager expire 29 lines
05-15 08:35:06.035  2185  2217 I chatty  : uid=1000(system) android.bg expire 4 lines
05-15 08:35:06.185  2185  2256 I chatty  : uid=1000(system) android.io expire 2 lines
05-15 08:35:08.692  2185  3593 I chatty  : uid=1000(system) Binder:2185_7 expire 4 lines
05-15 08:35:08.705  2185 25140 I chatty  : uid=1000(system) Binder:2185_1B expire 4 lines
05-15 08:35:08.816 24324 24324 D ActivityThread: Loading provider contacts;com.android.contacts: com.android.providers.contacts.SemcContactsProvider2
05-15 08:35:09.820  2185  3678 I chatty  : uid=1000(system) Binder:2185_B expire 6 lines
05-15 08:35:10.022  2185  3679 I chatty  : uid=1000(system) Binder:2185_C expire 3 lines
05-15 08:35:10.500  2185  3698 I chatty  : uid=1000(system) Binder:2185_E expire 3 lines
05-15 08:35:10.007  2185 10699 I chatty  : uid=1000(system) Binder:2185_1E expire 5 lines
05-15 08:35:10.429  2185  8479 I chatty  : uid=1000(system) Binder:2185_16 expire 2 lines
05-15 08:35:10.537  2185  2622 I chatty  : uid=1000(system) Binder:2185_4 expire 4 lines
05-15 08:35:10.612  2185  2537 I chatty  : uid=1000(system) ConnectivitySer expire 1 line
05-15 08:35:10.612  2185  3595 I chatty  : uid=1000(system) Binder:2185_8 expire 2 lines
05-15 08:35:10.619  2185  2200 I chatty  : uid=1000(system) Binder:2185_2 expire 8 lines
05-15 08:35:10.634  2185 24171 I chatty  : uid=1000(system) Binder:2185_18 expire 4 lines
05-15 08:35:10.792  2185 31361 I chatty  : uid=1000(system) Binder:2185_17 expire 3 lines
05-15 08:35:11.051  2185  5138 I chatty  : uid=1000(system) Binder:2185_14 expire 2 lines
05-15 08:35:11.716  2185  3657 I chatty  : uid=1000(system) Binder:2185_A expire 3 lines
05-15 08:35:11.827  2185  3725 I chatty  : uid=1000(system) Binder:2185_11 expire 2 lines
05-15 08:35:11.938  2185  3707 I chatty  : uid=1000(system) Binder:2185_F expire 3 lines
05-15 08:35:12.355  2185 19421 I chatty  : uid=1000(system) Binder:2185_13 expire 1 line
05-15 08:35:18.569  2185 11205 I chatty  : uid=1000(system) Binder:2185_1F expire 2 lines
05-15 08:35:36.785  2185  2890 I chatty  : uid=1000(system) Binder:2185_5 expire 3 lines
05-15 08:35:49.595  2185  3653 I chatty  : uid=1000(system) Binder:2185_9 expire 2 lines
05-15 08:36:20.577  2185  4613 I chatty  : uid=1000(system) Binder:2185_1D expire 3 lines
05-15 08:36:52.923  2185 25141 I chatty  : uid=1000(system) Binder:2185_1C expire 5 lines
05-15 08:37:11.910  2185  3723 I chatty  : uid=1000(system) Binder:2185_10 expire 2 lines
05-15 08:38:00.645  2185  2199 I chatty  : uid=1000(system) Binder:2185_1 expire 6 lines
05-15 08:38:40.571  2185  2218 I chatty  : uid=1000(system) ActivityManager expire 17 lines
05-15 08:38:40.593  2185 31361 I chatty  : uid=1000(system) Binder:2185_17 expire 5 lines
05-15 08:39:06.587  2185  2504 I chatty  : uid=1000(system) AlarmManager expire 24 lines
05-15 08:39:06.607  2185  3593 I chatty  : uid=1000(system) Binder:2185_7 expire 3 lines
05-15 08:39:06.641  2185 24173 I chatty  : uid=1000(system) Binder:2185_19 expire 5 lines
05-15 08:39:06.652  2185  3565 I chatty  : uid=1000(system) Binder:2185_6 expire 4 lines
05-15 08:39:06.673  2185  4613 I chatty  : uid=1000(system) Binder:2185_1D expire 2 lines
05-15 08:39:33.554  2185  2547 I chatty  : uid=1000(system) Binder:2185_3 expire 8 lines
05-15 08:39:33.584  2185  2530 I chatty  : uid=1000(system) WifiStateMachin expire 4 lines
05-15 08:39:33.789  2185  2217 I chatty  : uid=1000(system) android.bg expire 4 lines
05-15 08:39:33.832  2185  2185 I chatty  : uid=1000 system_server expire 16 lines
05-15 08:39:34.109  2185 24175 I chatty  : uid=1000(system) Binder:2185_1A expire 5 lines
05-15 08:39:34.122  2185  3697 I chatty  : uid=1000(system) Binder:2185_D expire 2 lines
05-15 08:39:34.269  2185  3723 I chatty  : uid=1000(system) Binder:2185_10 expire 7 lines
05-15 08:39:34.292  2185 24171 I chatty  : uid=1000(system) Binder:2185_18 expire 2 lines
05-15 08:39:35.104  2185  2890 I chatty  : uid=1000(system) Binder:2185_5 expire 7 lines
05-15 08:39:38.132  2185  3679 I chatty  : uid=1000(system) Binder:2185_C expire 5 lines
05-15 08:39:38.174  2185 19421 I chatty  : uid=1000(system) Binder:2185_13 expire 3 lines
05-15 08:39:38.225  2185 10699 I chatty  : uid=1000(system) Binder:2185_1E expire 1 line
05-15 08:40:08.590  2185  5138 I chatty  : uid=1000(system) Binder:2185_14 expire 2 lines
05-15 08:40:08.635  2185  2200 I chatty  : uid=1000(system) Binder:2185_2 expire 2 lines
05-15 08:40:39.601  2185  3725 I chatty  : uid=1000(system) Binder:2185_11 expire 2 lines
05-15 08:40:49.552  2185  8479 I chatty  : uid=1000(system) Binder:2185_16 expire 3 lines
05-15 08:41:11.664  2185 25141 I chatty  : uid=1000(system) Binder:2185_1C expire 3 lines
05-15 08:41:39.891  2185 19420 I chatty  : uid=1000(system) Binder:2185_12 expire 3 lines
05-15 08:41:40.764  2185 25140 I chatty  : uid=1000(system) Binder:2185_1B expire 3 lines
05-15 08:41:53.006  2185 11205 I chatty  : uid=1000(system) Binder:2185_1F expire 2 lines
05-15 08:41:59.576  2185  2522 I chatty  : uid=1000(system) NetworkPolicy expire 1 line
05-15 08:41:59.706  2185  3698 I chatty  : uid=1000(system) Binder:2185_E expire 6 lines
05-15 08:41:59.999  2185  2256 I chatty  : uid=1000(system) android.io expire 2 lines
05-15 08:42:00.776 25219 25219 D ActivityThread: Loading provider contacts;com.android.contacts: com.android.providers.contacts.SemcContactsProvider2
05-15 08:42:00.905  2185  3595 I chatty  : uid=1000(system) Binder:2185_8 expire 1 line
05-15 08:42:01.238  2185  2218 I chatty  : uid=1000(system) ActivityManager expire 5 lines
05-15 08:42:02.669  2185  5139 I chatty  : uid=1000(system) Binder:2185_15 expire 1 line
05-15 08:42:03.176  2185  2537 I chatty  : uid=1000(system) ConnectivitySer expire 1 line
05-15 08:42:03.308  2185 11206 I chatty  : uid=1000(system) Binder:2185_20 expire 1 line
05-15 08:42:04.006  2185  3657 I chatty  : uid=1000(system) Binder:2185_A expire 3 lines
05-15 08:42:04.143  2185  3707 I chatty  : uid=1000(system) Binder:2185_F expire 1 line
05-15 08:42:12.548  2185  2504 I chatty  : uid=1000(system) AlarmManager expire 6 lines
05-15 08:42:12.592  2185  3653 I chatty  : uid=1000(system) Binder:2185_9 expire 2 lines
05-15 08:42:12.608  2185  3678 I chatty  : uid=1000(system) Binder:2185_B expire 1 line
05-15 08:42:42.791  2185 24173 I chatty  : uid=1000(system) Binder:2185_19 expire 3 lines
05-15 08:42:56.700  2185  2218 I chatty  : uid=1000(system) ActivityManager expire 19 lines
05-15 08:43:13.554  2185  2504 I chatty  : uid=1000(system) AlarmManager expire 48 lines
05-15 08:43:13.605  2185  8479 I chatty  : uid=1000(system) Binder:2185_16 expire 8 lines
05-15 08:43:13.657  2185  3653 I chatty  : uid=1000(system) Binder:2185_9 expire 3 lines
05-15 08:43:13.741  2185  3657 I chatty  : uid=1000(system) Binder:2185_A expire 2 lines
05-15 08:43:13.753  2185  2185 I chatty  : uid=1000 system_server expire 6 lines
05-15 08:43:13.756  2185  3725 I chatty  : uid=1000(system) Binder:2185_11 expire 3 lines
05-15 08:43:13.806  2185 10699 I chatty  : uid=1000(system) Binder:2185_1E expire 6 lines
05-15 08:43:43.802  2185  5139 I chatty  : uid=1000(system) Binder:2185_15 expire 1 line
05-15 08:43:43.860  2185  3593 I chatty  : uid=1000(system) Binder:2185_7 expire 5 lines
05-15 08:43:43.869  2185 31361 I chatty  : uid=1000(system) Binder:2185_17 expire 7 lines
05-15 08:44:34.579  2185  2530 I chatty  : uid=1000(system) WifiStateMachin expire 4 lines
05-15 08:44:34.637  2185  2199 I chatty  : uid=1000(system) Binder:2185_1 expire 6 lines
05-15 08:44:35.151  2185 25140 I chatty  : uid=1000(system) Binder:2185_1B expire 9 lines
05-15 08:44:35.168  2185  2547 I chatty  : uid=1000(system) Binder:2185_3 expire 2 lines
05-15 08:44:35.292  2185  2622 I chatty  : uid=1000(system) Binder:2185_4 expire 7 lines
05-15 08:44:39.310  2185  3698 I chatty  : uid=1000(system) Binder:2185_E expire 4 lines
05-15 08:44:44.756  2185 24175 I chatty  : uid=1000(system) Binder:2185_1A expire 4 lines
05-15 08:44:48.256  2185  5138 I chatty  : uid=1000(system) Binder:2185_14 expire 2 lines
05-15 08:44:48.264  2185 19421 I chatty  : uid=1000(system) Binder:2185_13 expire 2 lines
05-15 08:44:54.645  2185 25141 I chatty  : uid=1000(system) Binder:2185_1C expire 4 lines
05-15 08:44:55.566  2185  3679 I chatty  : uid=1000(system) Binder:2185_C expire 4 lines
05-15 08:44:56.067  2185  3565 I chatty  : uid=1000(system) Binder:2185_6 expire 3 lines
05-15 08:45:15.572  2185  3595 I chatty  : uid=1000(system) Binder:2185_8 expire 2 lines
05-15 08:46:05.778  2185  3697 I chatty  : uid=1000(system) Binder:2185_D expire 1 line
05-15 08:47:10.713  2185  4613 I chatty  : uid=1000(system) Binder:2185_1D expire 2 lines
05-15 08:47:42.562  2185 24171 I chatty  : uid=1000(system) Binder:2185_18 expire 1 line
05-15 08:48:27.066  2185 11206 I chatty  : uid=1000(system) Binder:2185_20 expire 2 lines
05-15 08:48:57.553  2185 11205 I chatty  : uid=1000(system) Binder:2185_1F expire 1 line
05-15 08:48:57.589  2185 19420 I chatty  : uid=1000(system) Binder:2185_12 expire 1 line
05-15 08:49:01.082  2185  3723 I chatty  : uid=1000(system) Binder:2185_10 expire 9 lines
05-15 08:49:55.942  2185  2217 I chatty  : uid=1000(system) android.bg expire 4 lines
05-15 08:49:55.990  2185  2218 I chatty  : uid=1000(system) ActivityManager expire 14 lines
05-15 08:49:56.371  2185 24175 I chatty  : uid=1000(system) Binder:2185_1A expire 2 lines
05-15 08:49:56.375  2185  2890 I chatty  : uid=1000(system) Binder:2185_5 expire 10 lines
05-15 08:50:28.543  2185  2504 I chatty  : uid=1000(system) AlarmManager expire 18 lines
05-15 08:50:28.572  2185  2530 I chatty  : uid=1000(system) WifiStateMachin expire 4 lines
05-15 08:50:28.573  2185  2547 I chatty  : uid=1000(system) Binder:2185_3 expire 2 lines
05-15 08:50:28.595  2185  8479 I chatty  : uid=1000(system) Binder:2185_16 expire 10 lines
05-15 08:50:28.613  2185  2185 I chatty  : uid=1000 system_server expire 4 lines
05-15 08:50:33.292  2185  3725 I chatty  : uid=1000(system) Binder:2185_11 expire 2 lines
05-15 08:50:57.568  2185  2200 I chatty  : uid=1000(system) Binder:2185_2 expire 1 line
05-15 08:50:58.685  2185 25140 I chatty  : uid=1000(system) Binder:2185_1B expire 2 lines
05-15 08:51:02.170  2185 19421 I chatty  : uid=1000(system) Binder:2185_13 expire 7 lines
05-15 08:51:32.554  2185 31361 I chatty  : uid=1000(system) Binder:2185_17 expire 1 line
05-15 08:51:32.609  2185  3697 I chatty  : uid=1000(system) Binder:2185_D expire 1 line
05-15 08:51:32.615  2185  3595 I chatty  : uid=1000(system) Binder:2185_8 expire 9 lines
05-15 08:51:32.651  2185  3698 I chatty  : uid=1000(system) Binder:2185_E expire 4 lines
05-15 08:51:58.552  2185  3657 I chatty  : uid=1000(system) Binder:2185_A expire 7 lines
05-15 08:51:59.386  2185  2256 I chatty  : uid=1000(system) android.io expire 2 lines
05-15 08:51:59.498  2185  5138 I chatty  : uid=1000(system) Binder:2185_14 expire 3 lines
05-15 08:51:59.709  2185 11205 I chatty  : uid=1000(system) Binder:2185_1F expire 1 line
05-15 08:52:02.688  2185  3593 I chatty  : uid=1000(system) Binder:2185_7 expire 15 lines
05-15 08:52:02.741  2185  5139 I chatty  : uid=1000(system) Binder:2185_15 expire 4 lines
05-15 08:52:02.747  2185  4613 I chatty  : uid=1000(system) Binder:2185_1D expire 1 line
05-15 08:52:33.565  2185  3707 I chatty  : uid=1000(system) Binder:2185_F expire 2 lines
05-15 08:52:33.916 26026 26026 D ActivityThread: Loading provider com.whatsapp.provider.contact: com.whatsapp.contact.ContactProvider
05-15 08:52:34.340  2185 19420 I chatty  : uid=1000(system) Binder:2185_12 expire 1 line
05-15 08:52:34.342  2185  2199 I chatty  : uid=1000(system) Binder:2185_1 expire 8 lines
05-15 08:52:34.622  2185 25141 I chatty  : uid=1000(system) Binder:2185_1C expire 1 line
05-15 08:52:59.542  2185  2504 I chatty  : uid=1000(system) AlarmManager expire 17 lines
05-15 08:52:59.569  2185  3678 I chatty  : uid=1000(system) Binder:2185_B expire 2 lines
05-15 08:52:59.575  2185  8479 I chatty  : uid=1000(system) Binder:2185_16 expire 2 lines
05-15 08:53:08.057  2185 10699 I chatty  : uid=1000(system) Binder:2185_1E expire 1 line
05-15 08:53:39.624  2185 24173 I chatty  : uid=1000(system) Binder:2185_19 expire 1 line
05-15 08:53:39.631  2185  2622 I chatty  : uid=1000(system) Binder:2185_4 expire 1 line
05-15 08:54:00.672  2185 11206 I chatty  : uid=1000(system) Binder:2185_20 expire 3 lines
05-15 08:55:01.542  2185  2218 I chatty  : uid=1000(system) ActivityManager expire 30 lines
05-15 08:55:01.565  2185  2504 I chatty  : uid=1000(system) AlarmManager expire 12 lines
05-15 08:55:01.642  2185  3657 I chatty  : uid=1000(system) Binder:2185_A expire 4 lines
05-15 08:55:01.750  2185 19420 I chatty  : uid=1000(system) Binder:2185_12 expire 3 lines
05-15 08:55:11.580  2185  2200 I chatty  : uid=1000(system) Binder:2185_2 expire 1 line
05-15 08:55:20.581  2185 24175 I chatty  : uid=1000(system) Binder:2185_1A expire 2 lines
05-15 08:55:33.297  2185  8479 I chatty  : uid=1000(system) Binder:2185_16 expire 4 lines
05-15 08:55:33.317  2185  2530 I chatty  : uid=1000(system) WifiStateMachin expire 28 lines
05-15 08:55:33.330  2185  2185 I chatty  : uid=1000 system_server expire 24 lines
05-15 08:55:33.354  2185 31361 I chatty  : uid=1000(system) Binder:2185_17 expire 2 lines
05-15 08:55:33.582  2185  2217 I chatty  : uid=1000(system) android.bg expire 4 lines
05-15 08:55:33.753  3716  3818 W ContextImpl: Calling a method in the system process without a qualified user: android.app.ContextImpl.bindService:1422 android.content.ContextWrapper.bindService:636 com.google.android.gms.ads.identifier.AdvertisingIdClient.h:-1 com.google.android.gms.ads.identifier.AdvertisingIdClient.b:-1 com.google.android.gms.ads.identifier.AdvertisingIdClient.getAdvertisingIdInfo:-1 
05-15 08:55:37.797  2185  3707 I chatty  : uid=1000(system) Binder:2185_F expire 6 lines
05-15 08:55:37.987  2185  2890 I chatty  : uid=1000(system) Binder:2185_5 expire 1 line
05-15 08:55:38.031  2185  3565 I chatty  : uid=1000(system) Binder:2185_6 expire 4 lines
05-15 08:55:38.058  2185 24173 I chatty  : uid=1000(system) Binder:2185_19 expire 1 line
05-15 08:55:38.169  2185  2537 I chatty  : uid=1000(system) ConnectivitySer expire 15 lines
05-15 08:55:38.196  2185  3698 I chatty  : uid=1000(system) Binder:2185_E expire 2 lines
05-15 08:55:38.216  2185 19421 I chatty  : uid=1000(system) Binder:2185_13 expire 2 lines
05-15 08:55:39.061  2185  2255 I chatty  : uid=1000(system) android.fg expire 3 lines
05-15 08:55:39.062  2185  4613 I chatty  : uid=1000(system) Binder:2185_1D expire 2 lines
05-15 08:55:39.282  2185  3593 I chatty  : uid=1000(system) Binder:2185_7 expire 2 lines
05-15 08:55:39.294  2185  2222 I chatty  : uid=1000(system) batterystats-sy expire 1 line
05-15 08:55:39.362  2185  3679 I chatty  : uid=1000(system) Binder:2185_C expire 1 line
05-15 08:55:39.394  2185  2199 I chatty  : uid=1000(system) Binder:2185_1 expire 1 line
05-15 08:55:39.401  2185 10699 I chatty  : uid=1000(system) Binder:2185_1E expire 8 lines
05-15 08:55:39.530  2185 26156 I chatty  : uid=1000 system_server expire 1 line
05-15 08:55:40.629  2185  5138 I chatty  : uid=1000(system) Binder:2185_14 expire 1 line
05-15 08:55:40.659  2185  3725 I chatty  : uid=1000(system) Binder:2185_11 expire 1 line
05-15 08:55:40.836  2185  3595 I chatty  : uid=1000(system) Binder:2185_8 expire 1 line
05-15 08:55:41.564  2185  3653 I chatty  : uid=1000(system) Binder:2185_9 expire 1 line
05-15 08:55:41.573  2185  2547 I chatty  : uid=1000(system) Binder:2185_3 expire 1 line
05-15 08:55:41.598  2185 11205 I chatty  : uid=1000(system) Binder:2185_1F expire 2 lines
05-15 08:55:45.010  2185 24171 I chatty  : uid=1000(system) Binder:2185_18 expire 1 line
05-15 08:55:45.054  2185  3697 I chatty  : uid=1000(system) Binder:2185_D expire 1 line
05-15 08:55:51.857  2185  2622 I chatty  : uid=1000(system) Binder:2185_4 expire 1 line
05-15 08:56:01.824  2185 25141 I chatty  : uid=1000(system) Binder:2185_1C expire 1 line
05-15 08:56:11.629  2185  2218 I chatty  : uid=1000(system) ActivityManager expire 10 lines
05-15 08:56:18.054  2185  2547 I chatty  : uid=1000(system) Binder:2185_3 expire 8 lines
05-15 08:56:18.061  2185 19421 I chatty  : uid=1000(system) Binder:2185_13 expire 4 lines
05-15 08:56:18.226  2185 11206 I chatty  : uid=1000(system) Binder:2185_20 expire 7 lines
05-15 08:56:18.231  2185 24171 I chatty  : uid=1000(system) Binder:2185_18 expire 6 lines
05-15 08:56:49.565  2185  2504 I chatty  : uid=1000(system) AlarmManager expire 13 lines
05-15 08:56:49.584  2185  2890 I chatty  : uid=1000(system) Binder:2185_5 expire 2 lines
05-15 08:56:49.914  2185  2256 I chatty  : uid=1000(system) android.io expire 2 lines
05-15 08:56:57.129  2185  3679 I chatty  : uid=1000(system) Binder:2185_C expire 8 lines
05-15 08:57:58.678  2185 31361 I chatty  : uid=1000(system) Binder:2185_17 expire 6 lines
