05-12 16:32:17.842  2185  2890 I chatty  : uid=1000(system) Binder:2185_5 expire 3 lines
05-12 16:32:17.843  2185  2218 I chatty  : uid=1000(system) ActivityManager expire 35 lines
05-12 16:32:27.753  2185  4613 I chatty  : uid=1000(system) Binder:2185_1D expire 4 lines
05-12 16:32:28.308  2185  2199 I chatty  : uid=1000(system) Binder:2185_1 expire 3 lines
05-12 16:32:28.319  2185 11205 I chatty  : uid=1000(system) Binder:2185_1F expire 4 lines
05-12 16:32:28.383  2185  2547 I chatty  : uid=1000(system) Binder:2185_3 expire 1 line
05-12 16:32:44.798  2185 25140 I chatty  : uid=1000(system) Binder:2185_1B expire 2 lines
05-12 16:32:44.853  2185  3698 I chatty  : uid=1000(system) Binder:2185_E expire 2 lines
05-12 16:32:53.978  2185  3707 I chatty  : uid=1000(system) Binder:2185_F expire 3 lines
05-12 16:33:00.108  2185  5138 I chatty  : uid=1000(system) Binder:2185_14 expire 3 lines
05-12 16:33:17.569  2185  8479 I chatty  : uid=1000(system) Binder:2185_16 expire 2 lines
05-12 16:33:41.065  2185 19421 I chatty  : uid=1000(system) Binder:2185_13 expire 1 line
05-12 16:33:46.075  2185  3657 I chatty  : uid=1000(system) Binder:2185_A expire 3 lines
05-12 16:34:05.741  2185 11206 I chatty  : uid=1000(system) Binder:2185_20 expire 1 line
05-12 16:34:06.152  2185  2622 I chatty  : uid=1000(system) Binder:2185_4 expire 4 lines
05-12 16:34:07.741  2185  3593 I chatty  : uid=1000(system) Binder:2185_7 expire 3 lines
05-12 16:34:18.859  2185  3565 I chatty  : uid=1000(system) Binder:2185_6 expire 3 lines
05-12 16:34:25.120 24792 24792 D ActivityThread: Loading provider contacts;com.android.contacts: com.android.providers.contacts.SemcContactsProvider2
05-12 16:34:31.097  2185  2185 I chatty  : uid=1000 system_server expire 2 lines
05-12 16:34:31.111  2185  2218 I chatty  : uid=1000(system) ActivityManager expire 20 lines
05-12 16:34:36.242  2185  2537 I chatty  : uid=1000(system) ConnectivitySer expire 3 lines
05-12 16:34:38.269  2185  2519 I chatty  : uid=1000(system) NetworkStats expire 2 lines
05-12 16:34:40.509  2185  4613 I chatty  : uid=1000(system) Binder:2185_1D expire 4 lines
05-12 16:34:40.510  2185 24173 I chatty  : uid=1000(system) Binder:2185_19 expire 5 lines
05-12 16:34:40.511  2185  3565 I chatty  : uid=1000(system) Binder:2185_6 expire 5 lines
05-12 16:34:40.526  2185 25140 I chatty  : uid=1000(system) Binder:2185_1B expire 7 lines
05-12 16:34:40.543  2185  3679 I chatty  : uid=1000(system) Binder:2185_C expire 3 lines
05-12 16:34:40.598  2185 19420 I chatty  : uid=1000(system) Binder:2185_12 expire 7 lines
05-12 16:34:40.656  2185  3697 I chatty  : uid=1000(system) Binder:2185_D expire 4 lines
05-12 16:34:40.683  2185  2622 I chatty  : uid=1000(system) Binder:2185_4 expire 6 lines
05-12 16:34:40.939  2185  3725 I chatty  : uid=1000(system) Binder:2185_11 expire 4 lines
05-12 16:34:40.940  2185  2890 I chatty  : uid=1000(system) Binder:2185_5 expire 3 lines
05-12 16:34:40.976  2185  8479 I chatty  : uid=1000(system) Binder:2185_16 expire 2 lines
05-12 16:34:44.351  2185  5139 I chatty  : uid=1000(system) Binder:2185_15 expire 1 line
05-12 16:34:44.369  2185  3657 I chatty  : uid=1000(system) Binder:2185_A expire 2 lines
05-12 16:34:45.291  2185  2530 I chatty  : uid=1000(system) WifiStateMachin expire 1 line
05-12 16:34:46.703  2185  2200 I chatty  : uid=1000(system) Binder:2185_2 expire 2 lines
05-12 16:34:53.168  2185  2504 I chatty  : uid=1000(system) AlarmManager expire 11 lines
05-12 16:34:55.042  2185  5138 I chatty  : uid=1000(system) Binder:2185_14 expire 2 lines
05-12 16:35:00.113  2185 24171 I chatty  : uid=1000(system) Binder:2185_18 expire 6 lines
05-12 16:35:01.174  2185  2547 I chatty  : uid=1000(system) Binder:2185_3 expire 2 lines
05-12 16:35:19.806  2185 11205 I chatty  : uid=1000(system) Binder:2185_1F expire 7 lines
05-12 16:35:19.893 25122 25122 D ActivityThread: Loading provider contacts;com.android.contacts: com.android.providers.contacts.SemcContactsProvider2
05-12 16:35:19.950  2185 11206 I chatty  : uid=1000(system) Binder:2185_20 expire 7 lines
05-12 16:35:20.243  2185  3593 I chatty  : uid=1000(system) Binder:2185_7 expire 6 lines
05-12 16:35:24.459  2185  2218 I chatty  : uid=1000(system) ActivityManager expire 11 lines
05-12 16:35:24.474  2185 25141 I chatty  : uid=1000(system) Binder:2185_1C expire 5 lines
05-12 16:35:25.623  2185  3707 I chatty  : uid=1000(system) Binder:2185_F expire 1 line
05-12 16:35:25.627  2185  3678 I chatty  : uid=1000(system) Binder:2185_B expire 3 lines
05-12 16:35:38.687  2185  2506 I chatty  : uid=1000(system) InputDispatcher expire 2 lines
05-12 16:35:39.104  2185 10699 I chatty  : uid=1000(system) Binder:2185_1E expire 5 lines
05-12 16:35:40.649 12248 25228 E ActivityThread: Failed to find provider info for com.facebook.katana.provider.AttributionIdProvider
05-12 16:35:42.234  2185  2199 I chatty  : uid=1000(system) Binder:2185_1 expire 5 lines
05-12 16:35:42.235  2185  2218 I chatty  : uid=1000(system) ActivityManager expire 11 lines
05-12 16:35:45.710  2185  3653 I chatty  : uid=1000(system) Binder:2185_9 expire 2 lines
05-12 16:35:45.995  2185  3595 I chatty  : uid=1000(system) Binder:2185_8 expire 2 lines
05-12 16:35:49.878  2185 19421 I chatty  : uid=1000(system) Binder:2185_13 expire 1 line
05-12 16:35:51.492  2185  2507 I chatty  : uid=1000(system) InputReader expire 2 lines
05-12 16:35:51.522  2185  2185 I chatty  : uid=1000 system_server expire 9 lines
05-12 16:35:51.796  2185  3698 I chatty  : uid=1000(system) Binder:2185_E expire 2 lines
05-12 16:35:52.002  2185  2263 I chatty  : uid=1000(system) PowerManagerSer expire 4 lines
05-12 16:35:52.377  2646  2646 V KeyguardStatusView: refresh statusview showing:true
05-12 16:35:52.389  2646  2646 V KeyguardDisplayManager: show
05-12 16:35:52.957  2185  2258 I chatty  : uid=1000(system) android.display expire 3 lines
05-12 16:35:53.514  2185  2504 I chatty  : uid=1000(system) AlarmManager expire 4 lines
05-12 16:35:53.554  2185  2218 I chatty  : uid=1000(system) ActivityManager expire 13 lines
05-12 16:36:10.728  2185  3723 I chatty  : uid=1000(system) Binder:2185_10 expire 4 lines
05-12 16:36:11.397  2646  2646 V KeyguardDisplayManager: hide
05-12 16:36:12.430  2185 19420 I chatty  : uid=1000(system) Binder:2185_12 expire 2 lines
05-12 16:36:12.593  2185  3678 I chatty  : uid=1000(system) Binder:2185_B expire 6 lines
05-12 16:36:12.594  2185  2218 I chatty  : uid=1000(system) ActivityManager expire 58 lines
05-12 16:36:12.638  2185  2890 I chatty  : uid=1000(system) Binder:2185_5 expire 8 lines
05-12 16:36:13.124  2185  3657 I chatty  : uid=1000(system) Binder:2185_A expire 3 lines
05-12 16:36:13.152  2185 24173 I chatty  : uid=1000(system) Binder:2185_19 expire 6 lines
05-12 16:36:13.319  2185  2547 I chatty  : uid=1000(system) Binder:2185_3 expire 6 lines
05-12 16:36:13.743  2185 25140 I chatty  : uid=1000(system) Binder:2185_1B expire 7 lines
05-12 16:36:14.490  2185  5139 I chatty  : uid=1000(system) Binder:2185_15 expire 6 lines
05-12 16:36:14.558  2185  3707 I chatty  : uid=1000(system) Binder:2185_F expire 1 line
05-12 16:36:14.584  2185  2622 I chatty  : uid=1000(system) Binder:2185_4 expire 3 lines
05-12 16:36:15.003  2185  4613 I chatty  : uid=1000(system) Binder:2185_1D expire 5 lines
05-12 16:36:16.419  2185  3697 I chatty  : uid=1000(system) Binder:2185_D expire 5 lines
05-12 16:36:16.424  2185 10699 I chatty  : uid=1000(system) Binder:2185_1E expire 2 lines
05-12 16:36:16.950  2185  2200 I chatty  : uid=1000(system) Binder:2185_2 expire 9 lines
05-12 16:36:16.995  2185  8479 I chatty  : uid=1000(system) Binder:2185_16 expire 6 lines
05-12 16:36:18.095  2185 25141 I chatty  : uid=1000(system) Binder:2185_1C expire 4 lines
05-12 16:36:23.160  2185 19421 I chatty  : uid=1000(system) Binder:2185_13 expire 3 lines
05-12 16:36:23.183  2185 11206 I chatty  : uid=1000(system) Binder:2185_20 expire 2 lines
05-12 16:36:23.255  2185  2537 I chatty  : uid=1000(system) ConnectivitySer expire 4 lines
05-12 16:36:23.813  2185 31361 I chatty  : uid=1000(system) Binder:2185_17 expire 2 lines
05-12 16:36:24.232  2185  2256 I chatty  : uid=1000(system) android.io expire 2 lines
05-12 16:36:24.645  2185  2185 I chatty  : uid=1000 system_server expire 1 line
05-12 16:36:24.675  2185  2222 I chatty  : uid=1000(system) batterystats-sy expire 2 lines
05-12 16:36:25.743  2185  2504 I chatty  : uid=1000(system) AlarmManager expire 9 lines
05-12 16:36:25.828  2185  5138 I chatty  : uid=1000(system) Binder:2185_14 expire 3 lines
05-12 16:36:26.896  2185  2199 I chatty  : uid=1000(system) Binder:2185_1 expire 6 lines
05-12 16:36:27.763  2185  3679 I chatty  : uid=1000(system) Binder:2185_C expire 9 lines
05-12 16:36:27.820  2185  3725 I chatty  : uid=1000(system) Binder:2185_11 expire 2 lines
05-12 16:36:29.873  2185  3595 I chatty  : uid=1000(system) Binder:2185_8 expire 1 line
05-12 16:36:32.858  2185  2519 I chatty  : uid=1000(system) NetworkStats expire 1 line
05-12 16:36:35.872  2185  3698 I chatty  : uid=1000(system) Binder:2185_E expire 4 lines
05-12 16:36:43.790  2185  2255 I chatty  : uid=1000(system) android.fg expire 2 lines
05-12 16:37:02.215  2185 11205 I chatty  : uid=1000(system) Binder:2185_1F expire 2 lines
05-12 16:37:03.270  2185  3565 I chatty  : uid=1000(system) Binder:2185_6 expire 2 lines
05-12 16:37:09.446  2185 24175 I chatty  : uid=1000(system) Binder:2185_1A expire 1 line
05-12 16:37:11.273  2185  3593 I chatty  : uid=1000(system) Binder:2185_7 expire 6 lines
05-12 16:37:21.733  2185  2218 I chatty  : uid=1000(system) ActivityManager expire 74 lines
05-12 16:37:21.771  2185  2547 I chatty  : uid=1000(system) Binder:2185_3 expire 5 lines
05-12 16:37:21.907  2185  8479 I chatty  : uid=1000(system) Binder:2185_16 expire 4 lines
05-12 16:37:22.163  2185  3657 I chatty  : uid=1000(system) Binder:2185_A expire 7 lines
05-12 16:37:22.234  2185 24171 I chatty  : uid=1000(system) Binder:2185_18 expire 4 lines
05-12 16:37:22.247  2185  3678 I chatty  : uid=1000(system) Binder:2185_B expire 6 lines
05-12 16:37:22.285  2185 25140 I chatty  : uid=1000(system) Binder:2185_1B expire 4 lines
05-12 16:37:22.302  2185  3679 I chatty  : uid=1000(system) Binder:2185_C expire 6 lines
05-12 16:37:22.325  2185  2537 I chatty  : uid=1000(system) ConnectivitySer expire 7 lines
05-12 16:37:28.858  2185  2255 I chatty  : uid=1000(system) android.fg expire 2 lines
05-12 16:37:28.861  2185 24173 I chatty  : uid=1000(system) Binder:2185_19 expire 5 lines
05-12 16:37:29.224  2185  4613 I chatty  : uid=1000(system) Binder:2185_1D expire 4 lines
05-12 16:37:29.344  2185  3697 I chatty  : uid=1000(system) Binder:2185_D expire 5 lines
05-12 16:37:29.011  2185  2622 I chatty  : uid=1000(system) Binder:2185_4 expire 2 lines
05-12 16:37:30.154  2185  3595 I chatty  : uid=1000(system) Binder:2185_8 expire 1 line
05-12 16:37:30.224  2185  3707 I chatty  : uid=1000(system) Binder:2185_F expire 4 lines
05-12 16:37:33.076  2185  3723 I chatty  : uid=1000(system) Binder:2185_10 expire 1 line
05-12 16:37:41.113  2185  5138 I chatty  : uid=1000(system) Binder:2185_14 expire 2 lines
05-12 16:37:44.208  2185  2519 I chatty  : uid=1000(system) NetworkStats expire 1 line
05-12 16:37:51.700  2185 19420 I chatty  : uid=1000(system) Binder:2185_12 expire 6 lines
05-12 16:37:53.334  2185  5139 I chatty  : uid=1000(system) Binder:2185_15 expire 2 lines
05-12 16:37:58.662  2185  2890 I chatty  : uid=1000(system) Binder:2185_5 expire 1 line
05-12 16:37:59.666  2185  2504 I chatty  : uid=1000(system) AlarmManager expire 12 lines
05-12 16:37:59.730  2185 19421 I chatty  : uid=1000(system) Binder:2185_13 expire 5 lines
05-12 16:38:03.244  2185  2200 I chatty  : uid=1000(system) Binder:2185_2 expire 2 lines
05-12 16:38:14.250  2185 11205 I chatty  : uid=1000(system) Binder:2185_1F expire 2 lines
05-12 16:38:19.860  2185  3725 I chatty  : uid=1000(system) Binder:2185_11 expire 1 line
05-12 16:38:22.278  2185  2258 I chatty  : uid=1000(system) android.display expire 2 lines
05-12 16:38:23.652  2185  3565 I chatty  : uid=1000(system) Binder:2185_6 expire 2 lines
05-12 16:38:23.706  2185  3698 I chatty  : uid=1000(system) Binder:2185_E expire 2 lines
05-12 16:38:25.066  2185 31361 I chatty  : uid=1000(system) Binder:2185_17 expire 1 line
05-12 16:38:25.134  2185 25141 I chatty  : uid=1000(system) Binder:2185_1C expire 3 lines
05-12 16:38:25.146  2185  3653 I chatty  : uid=1000(system) Binder:2185_9 expire 1 line
05-12 16:38:26.864  2185 10699 I chatty  : uid=1000(system) Binder:2185_1E expire 1 line
05-12 16:38:38.591  2185  2199 I chatty  : uid=1000(system) Binder:2185_1 expire 3 lines
05-12 16:39:09.519  2185 11206 I chatty  : uid=1000(system) Binder:2185_20 expire 3 lines
05-12 16:39:12.017  2185  2218 I chatty  : uid=1000(system) ActivityManager expire 78 lines
05-12 16:39:12.107  2185  2547 I chatty  : uid=1000(system) Binder:2185_3 expire 3 lines
05-12 16:39:12.677  2185 25140 I chatty  : uid=1000(system) Binder:2185_1B expire 4 lines
05-12 16:39:12.684  2185 31361 I chatty  : uid=1000(system) Binder:2185_17 expire 5 lines
05-12 16:39:12.720  2185  3595 I chatty  : uid=1000(system) Binder:2185_8 expire 4 lines
05-12 16:39:12.724   774 26623 W SocketClient: write error (Broken pipe)
05-12 16:39:12.736  2185  3723 I chatty  : uid=1000(system) Binder:2185_10 expire 4 lines
05-12 16:39:12.742   774 26628 W SocketClient: write error (Broken pipe)
05-12 16:39:12.770  2185  2537 I chatty  : uid=1000(system) ConnectivitySer expire 9 lines
05-12 16:39:21.724  2185  3698 I chatty  : uid=1000(system) Binder:2185_E expire 4 lines
05-12 16:39:24.331  2185  3697 I chatty  : uid=1000(system) Binder:2185_D expire 6 lines
05-12 16:39:24.706  2185  3679 I chatty  : uid=1000(system) Binder:2185_C expire 4 lines
05-12 16:39:24.883  2185 19421 I chatty  : uid=1000(system) Binder:2185_13 expire 4 lines
05-12 16:39:26.656  2185 24175 I chatty  : uid=1000(system) Binder:2185_1A expire 3 lines
05-12 16:39:37.608  2185  2255 I chatty  : uid=1000(system) android.fg expire 5 lines
05-12 16:39:37.611  2185  2199 I chatty  : uid=1000(system) Binder:2185_1 expire 3 lines
05-12 16:39:40.875  2185  3593 I chatty  : uid=1000(system) Binder:2185_7 expire 5 lines
05-12 16:39:40.931  2185  3657 I chatty  : uid=1000(system) Binder:2185_A expire 4 lines
05-12 16:39:40.944  2185  4613 I chatty  : uid=1000(system) Binder:2185_1D expire 1 line
05-12 16:39:46.762  2185  3678 I chatty  : uid=1000(system) Binder:2185_B expire 3 lines
05-12 16:39:46.771  2185 10699 I chatty  : uid=1000(system) Binder:2185_1E expire 6 lines
05-12 16:39:46.825  2185  2622 I chatty  : uid=1000(system) Binder:2185_4 expire 3 lines
05-12 16:39:47.062  2185  2890 I chatty  : uid=1000(system) Binder:2185_5 expire 2 lines
05-12 16:39:49.020  2185 25141 I chatty  : uid=1000(system) Binder:2185_1C expire 4 lines
05-12 16:39:51.257  2185  2519 I chatty  : uid=1000(system) NetworkStats expire 2 lines
05-12 16:40:00.017  2185  2504 I chatty  : uid=1000(system) AlarmManager expire 9 lines
05-12 16:40:07.725  2185  2185 I chatty  : uid=1000 system_server expire 1 line
05-12 16:40:07.762  2185  2222 I chatty  : uid=1000(system) batterystats-sy expire 3 lines
05-12 16:40:15.797  2185  5138 I chatty  : uid=1000(system) Binder:2185_14 expire 3 lines
05-12 16:40:16.869  2185  3725 I chatty  : uid=1000(system) Binder:2185_11 expire 2 lines
05-12 16:40:23.642  2185 24173 I chatty  : uid=1000(system) Binder:2185_19 expire 2 lines
05-12 16:40:36.630  2185  8479 I chatty  : uid=1000(system) Binder:2185_16 expire 2 lines
05-12 16:40:36.677  2185 24171 I chatty  : uid=1000(system) Binder:2185_18 expire 2 lines
05-12 16:40:49.855  2185 11205 I chatty  : uid=1000(system) Binder:2185_1F expire 3 lines
05-12 16:40:49.950  2185  3565 I chatty  : uid=1000(system) Binder:2185_6 expire 1 line
05-12 16:40:50.165  2185 19420 I chatty  : uid=1000(system) Binder:2185_12 expire 1 line
05-12 16:40:51.779  2185  2200 I chatty  : uid=1000(system) Binder:2185_2 expire 1 line
05-12 16:41:00.263  2185  5139 I chatty  : uid=1000(system) Binder:2185_15 expire 2 lines
05-12 16:41:01.587  2185  2256 I chatty  : uid=1000(system) android.io expire 2 lines
05-12 16:41:32.234  2185  3653 I chatty  : uid=1000(system) Binder:2185_9 expire 5 lines
05-12 16:41:39.466  2185  3565 I chatty  : uid=1000(system) Binder:2185_6 expire 3 lines
05-12 16:41:39.511  2185 31361 I chatty  : uid=1000(system) Binder:2185_17 expire 8 lines
05-12 16:41:39.515  2185  2218 I chatty  : uid=1000(system) ActivityManager expire 80 lines
05-12 16:41:39.519  2185 19420 I chatty  : uid=1000(system) Binder:2185_12 expire 1 line
05-12 16:41:39.526  2185  2622 I chatty  : uid=1000(system) Binder:2185_4 expire 2 lines
05-12 16:41:39.567  2185  2200 I chatty  : uid=1000(system) Binder:2185_2 expire 1 line
05-12 16:41:39.579  2185  3723 I chatty  : uid=1000(system) Binder:2185_10 expire 7 lines
05-12 16:41:39.667  2185  2537 I chatty  : uid=1000(system) ConnectivitySer expire 10 lines
05-12 16:41:42.142  2185  5138 I chatty  : uid=1000(system) Binder:2185_14 expire 1 line
05-12 16:41:42.178  2185  3593 I chatty  : uid=1000(system) Binder:2185_7 expire 4 lines
05-12 16:41:42.015  2185  2199 I chatty  : uid=1000(system) Binder:2185_1 expire 2 lines
05-12 16:41:42.714  2185 24171 I chatty  : uid=1000(system) Binder:2185_18 expire 4 lines
05-12 16:41:42.762  2185  2890 I chatty  : uid=1000(system) Binder:2185_5 expire 2 lines
05-12 16:41:42.780  2185  8479 I chatty  : uid=1000(system) Binder:2185_16 expire 4 lines
05-12 16:41:42.786  2185  2255 I chatty  : uid=1000(system) android.fg expire 5 lines
05-12 16:41:52.890  2185 11205 I chatty  : uid=1000(system) Binder:2185_1F expire 4 lines
05-12 16:41:54.105  2185  3679 I chatty  : uid=1000(system) Binder:2185_C expire 4 lines
05-12 16:41:54.345  2185  3678 I chatty  : uid=1000(system) Binder:2185_B expire 3 lines
05-12 16:41:54.517  2185 25140 I chatty  : uid=1000(system) Binder:2185_1B expire 4 lines
05-12 16:41:54.668  2185 25141 I chatty  : uid=1000(system) Binder:2185_1C expire 5 lines
05-12 16:41:59.167  2185  2547 I chatty  : uid=1000(system) Binder:2185_3 expire 3 lines
05-12 16:41:59.834  2185  2504 I chatty  : uid=1000(system) AlarmManager expire 10 lines
05-12 16:42:00.042  2185  3595 I chatty  : uid=1000(system) Binder:2185_8 expire 3 lines
05-12 16:42:07.692  2185  3697 I chatty  : uid=1000(system) Binder:2185_D expire 3 lines
05-12 16:42:10.568  2185  2519 I chatty  : uid=1000(system) NetworkStats expire 1 line
05-12 16:42:12.785  2185 11206 I chatty  : uid=1000(system) Binder:2185_20 expire 4 lines
05-12 16:42:21.430  2185 10699 I chatty  : uid=1000(system) Binder:2185_1E expire 1 line
05-12 16:42:23.483  2185  3707 I chatty  : uid=1000(system) Binder:2185_F expire 3 lines
05-12 16:42:24.824  2185  3725 I chatty  : uid=1000(system) Binder:2185_11 expire 3 lines
05-12 16:42:24.827  2185  3698 I chatty  : uid=1000(system) Binder:2185_E expire 3 lines
05-12 16:42:48.416  2185  3657 I chatty  : uid=1000(system) Binder:2185_A expire 1 line
05-12 16:42:48.484  2185  5139 I chatty  : uid=1000(system) Binder:2185_15 expire 1 line
05-12 16:42:53.264  2185 24173 I chatty  : uid=1000(system) Binder:2185_19 expire 3 lines
05-12 16:42:53.328  2185  4613 I chatty  : uid=1000(system) Binder:2185_1D expire 1 line
05-12 16:43:11.620  2185 24175 I chatty  : uid=1000(system) Binder:2185_1A expire 1 line
05-12 16:43:14.218  2185  2185 I chatty  : uid=1000 system_server expire 1 line
05-12 16:43:14.242  2185  2222 I chatty  : uid=1000(system) batterystats-sy expire 3 lines
05-12 16:43:14.437  2185  4613 I chatty  : uid=1000(system) Binder:2185_1D expire 7 lines
05-12 16:43:14.441  2185  2218 I chatty  : uid=1000(system) ActivityManager expire 11 lines
05-12 16:43:14.532  2185 24175 I chatty  : uid=1000(system) Binder:2185_1A expire 3 lines
05-12 16:43:14.564  2185 24171 I chatty  : uid=1000(system) Binder:2185_18 expire 3 lines
05-12 16:43:14.706  2185  3707 I chatty  : uid=1000(system) Binder:2185_F expire 2 lines
05-12 16:43:14.946  2185  5138 I chatty  : uid=1000(system) Binder:2185_14 expire 8 lines
05-12 16:43:16.212  2185  5139 I chatty  : uid=1000(system) Binder:2185_15 expire 6 lines
05-12 16:43:17.594  2185  2200 I chatty  : uid=1000(system) Binder:2185_2 expire 3 lines
05-12 16:43:29.850  2185  2547 I chatty  : uid=1000(system) Binder:2185_3 expire 2 lines
05-12 16:43:31.656  2185  2507 I chatty  : uid=1000(system) InputReader expire 2 lines
05-12 16:43:31.693  2185  2185 I chatty  : uid=1000 system_server expire 8 lines
05-12 16:43:32.231  2185  2263 I chatty  : uid=1000(system) PowerManagerSer expire 5 lines
05-12 16:43:32.601  2646  2646 V KeyguardStatusView: refresh statusview showing:true
05-12 16:43:32.615  2646  2646 V KeyguardDisplayManager: show
05-12 16:43:32.867  2185  8479 I chatty  : uid=1000(system) Binder:2185_16 expire 7 lines
05-12 16:43:33.179  2185  2258 I chatty  : uid=1000(system) android.display expire 3 lines
05-12 16:43:33.199  2185  3679 I chatty  : uid=1000(system) Binder:2185_C expire 2 lines
05-12 16:43:33.200  2185  2218 I chatty  : uid=1000(system) ActivityManager expire 44 lines
05-12 16:43:34.095  2185 19421 I chatty  : uid=1000(system) Binder:2185_13 expire 9 lines
05-12 16:43:34.140  2185  3595 I chatty  : uid=1000(system) Binder:2185_8 expire 4 lines
05-12 16:43:34.245  2185  2537 I chatty  : uid=1000(system) ConnectivitySer expire 6 lines
05-12 16:43:34.269  2185  3657 I chatty  : uid=1000(system) Binder:2185_A expire 1 line
05-12 16:43:34.277  2185  3565 I chatty  : uid=1000(system) Binder:2185_6 expire 3 lines
05-12 16:43:34.314  2185 31361 I chatty  : uid=1000(system) Binder:2185_17 expire 5 lines
05-12 16:43:34.357  2185  2890 I chatty  : uid=1000(system) Binder:2185_5 expire 2 lines
05-12 16:43:34.610  2185 10699 I chatty  : uid=1000(system) Binder:2185_1E expire 3 lines
05-12 16:43:34.900  2185  3723 I chatty  : uid=1000(system) Binder:2185_10 expire 3 lines
05-12 16:43:36.897  2185  3697 I chatty  : uid=1000(system) Binder:2185_D expire 3 lines
05-12 16:43:43.009  2185  2504 I chatty  : uid=1000(system) AlarmManager expire 7 lines
05-12 16:43:45.799  2185  3678 I chatty  : uid=1000(system) Binder:2185_B expire 2 lines
05-12 16:43:55.513  2185 11205 I chatty  : uid=1000(system) Binder:2185_1F expire 5 lines
05-12 16:43:55.586  2185  2255 I chatty  : uid=1000(system) android.fg expire 4 lines
05-12 16:43:56.977  2185  3725 I chatty  : uid=1000(system) Binder:2185_11 expire 5 lines
05-12 16:44:03.200  2185 25140 I chatty  : uid=1000(system) Binder:2185_1B expire 2 lines
05-12 16:44:13.428  2185  2199 I chatty  : uid=1000(system) Binder:2185_1 expire 2 lines
05-12 16:44:16.834  2185 11206 I chatty  : uid=1000(system) Binder:2185_20 expire 1 line
05-12 16:44:16.892  2185  3698 I chatty  : uid=1000(system) Binder:2185_E expire 2 lines
05-12 16:44:36.490  2185  2622 I chatty  : uid=1000(system) Binder:2185_4 expire 2 lines
05-12 16:44:36.525  2185 19420 I chatty  : uid=1000(system) Binder:2185_12 expire 2 lines
05-12 16:44:45.980  2185 24173 I chatty  : uid=1000(system) Binder:2185_19 expire 1 line
05-12 16:44:46.160  2185  3653 I chatty  : uid=1000(system) Binder:2185_9 expire 5 lines
05-12 16:44:47.144  2646  2646 V KeyguardDisplayManager: hide
05-12 16:44:47.158  2185  2218 I chatty  : uid=1000(system) ActivityManager expire 7 lines
05-12 16:44:47.774  2185 25141 I chatty  : uid=1000(system) Binder:2185_1C expire 8 lines
05-12 16:44:48.839  2185  3653 I chatty  : uid=1000(system) Binder:2185_9 expire 4 lines
05-12 16:44:48.840  2185  2218 I chatty  : uid=1000(system) ActivityManager expire 24 lines
05-12 16:44:49.958  2185 31361 I chatty  : uid=1000(system) Binder:2185_17 expire 3 lines
05-12 16:44:50.183  2185 25140 I chatty  : uid=1000(system) Binder:2185_1B expire 4 lines
05-12 16:44:50.228  2185  5139 I chatty  : uid=1000(system) Binder:2185_15 expire 7 lines
05-12 16:44:50.400  2185  2507 I chatty  : uid=1000(system) InputReader expire 2 lines
05-12 16:44:50.413  2185  2185 I chatty  : uid=1000 system_server expire 9 lines
05-12 16:44:50.884  2185  2263 I chatty  : uid=1000(system) PowerManagerSer expire 6 lines
05-12 16:44:51.054  2646  2646 V KeyguardStatusView: refresh statusview showing:true
05-12 16:44:51.063  2646  2646 V KeyguardDisplayManager: show
05-12 16:44:51.429  2185  3595 I chatty  : uid=1000(system) Binder:2185_8 expire 3 lines
05-12 16:44:51.552  2185  2258 I chatty  : uid=1000(system) android.display expire 3 lines
05-12 16:44:53.721  2185  3678 I chatty  : uid=1000(system) Binder:2185_B expire 4 lines
05-12 16:44:53.765  2185 11206 I chatty  : uid=1000(system) Binder:2185_20 expire 2 lines
05-12 16:44:53.783  2185  2199 I chatty  : uid=1000(system) Binder:2185_1 expire 6 lines
05-12 16:44:53.816  2185  2537 I chatty  : uid=1000(system) ConnectivitySer expire 4 lines
05-12 16:44:54.895  2185  3725 I chatty  : uid=1000(system) Binder:2185_11 expire 10 lines
05-12 16:45:00.686  2185  2504 I chatty  : uid=1000(system) AlarmManager expire 4 lines
05-12 16:45:00.713  2185  3679 I chatty  : uid=1000(system) Binder:2185_C expire 4 lines
05-12 16:45:00.764  2185  8479 I chatty  : uid=1000(system) Binder:2185_16 expire 6 lines
05-12 16:45:01.430  2185  3707 I chatty  : uid=1000(system) Binder:2185_F expire 4 lines
05-12 16:45:09.058  2185 11205 I chatty  : uid=1000(system) Binder:2185_1F expire 2 lines
05-12 16:45:09.097  2185 10699 I chatty  : uid=1000(system) Binder:2185_1E expire 4 lines
05-12 16:45:09.110  2185  4613 I chatty  : uid=1000(system) Binder:2185_1D expire 4 lines
05-12 16:45:09.134  2185 19420 I chatty  : uid=1000(system) Binder:2185_12 expire 6 lines
05-12 16:45:09.141  2185  2200 I chatty  : uid=1000(system) Binder:2185_2 expire 1 line
05-12 16:45:09.288  2185  3698 I chatty  : uid=1000(system) Binder:2185_E expire 5 lines
05-12 16:45:09.958 28531 28531 D ActivityThread: Loading provider contacts;com.android.contacts: com.android.providers.contacts.SemcContactsProvider2
05-12 16:45:09.998  2185  2218 I chatty  : uid=1000(system) ActivityManager expire 29 lines
05-12 16:45:09.998  2185 24173 I chatty  : uid=1000(system) Binder:2185_19 expire 7 lines
05-12 16:45:10.701  2185 19421 I chatty  : uid=1000(system) Binder:2185_13 expire 4 lines
05-12 16:45:11.015  2185  5138 I chatty  : uid=1000(system) Binder:2185_14 expire 6 lines
05-12 16:45:11.213  2185 24171 I chatty  : uid=1000(system) Binder:2185_18 expire 3 lines
05-12 16:45:11.261  2185  2622 I chatty  : uid=1000(system) Binder:2185_4 expire 3 lines
05-12 16:45:11.536  2185  2547 I chatty  : uid=1000(system) Binder:2185_3 expire 6 lines
05-12 16:45:12.147 28585 28678 E ActivityThread: Failed to find provider info for com.sonymobile.settings.illumination
05-12 16:45:12.370  2185  2890 I chatty  : uid=1000(system) Binder:2185_5 expire 1 line
05-12 16:45:12.377  2185  3697 I chatty  : uid=1000(system) Binder:2185_D expire 2 lines
05-12 16:45:13.852  2185  2256 I chatty  : uid=1000(system) android.io expire 2 lines
05-12 16:45:14.096  2185  3593 I chatty  : uid=1000(system) Binder:2185_7 expire 3 lines
05-12 16:45:14.611  2646  2646 V KeyguardDisplayManager: hide
05-12 16:45:14.953  2185 24175 I chatty  : uid=1000(system) Binder:2185_1A expire 8 lines
05-12 16:45:17.468  2185  3723 I chatty  : uid=1000(system) Binder:2185_10 expire 4 lines
05-12 16:45:17.469  2185  2218 I chatty  : uid=1000(system) ActivityManager expire 12 lines
05-12 16:45:18.119  2185  3725 I chatty  : uid=1000(system) Binder:2185_11 expire 9 lines
05-12 16:45:18.185  2185  3593 I chatty  : uid=1000(system) Binder:2185_7 expire 2 lines
05-12 16:45:18.252  2185 25141 I chatty  : uid=1000(system) Binder:2185_1C expire 2 lines
05-12 16:45:18.507  2185  3679 I chatty  : uid=1000(system) Binder:2185_C expire 2 lines
05-12 16:45:18.678  2185  2258 I chatty  : uid=1000(system) android.display expire 3 lines
05-12 16:45:18.706  2185  3653 I chatty  : uid=1000(system) Binder:2185_9 expire 5 lines
05-12 16:45:19.412  2185  5139 I chatty  : uid=1000(system) Binder:2185_15 expire 5 lines
05-12 16:45:21.146  2185  3678 I chatty  : uid=1000(system) Binder:2185_B expire 6 lines
05-12 16:45:21.202  2185 31361 I chatty  : uid=1000(system) Binder:2185_17 expire 4 lines
05-12 16:45:22.138  2185  2185 I chatty  : uid=1000 system_server expire 7 lines
05-12 16:45:22.159  2185  2222 I chatty  : uid=1000(system) batterystats-sy expire 3 lines
05-12 16:45:24.134  2185 25140 I chatty  : uid=1000(system) Binder:2185_1B expire 2 lines
05-12 16:45:24.459  2185  3565 I chatty  : uid=1000(system) Binder:2185_6 expire 2 lines
05-12 16:45:25.607  2185  2217 I chatty  : uid=1000(system) android.bg expire 3 lines
05-12 16:45:26.477  2185  2256 I chatty  : uid=1000(system) android.io expire 2 lines
05-12 16:45:27.530  2185  8479 I chatty  : uid=1000(system) Binder:2185_16 expire 2 lines
05-12 16:45:27.918  2185  2507 I chatty  : uid=1000(system) InputReader expire 1 line
05-12 16:45:28.429  2185  2263 I chatty  : uid=1000(system) PowerManagerSer expire 2 lines
05-12 16:45:28.710  2646  2646 V KeyguardStatusView: refresh statusview showing:true
05-12 16:45:28.720  2646  2646 V KeyguardDisplayManager: show
05-12 16:45:31.620  2185  2218 I chatty  : uid=1000(system) ActivityManager expire 46 lines
05-12 16:45:33.388  2185  2200 I chatty  : uid=1000(system) Binder:2185_2 expire 1 line
05-12 16:45:41.095  2185 10699 I chatty  : uid=1000(system) Binder:2185_1E expire 3 lines
05-12 16:45:47.498  2185  2622 I chatty  : uid=1000(system) Binder:2185_4 expire 2 lines
05-12 16:45:47.560  2185  2199 I chatty  : uid=1000(system) Binder:2185_1 expire 2 lines
05-12 16:45:47.590  2185  2537 I chatty  : uid=1000(system) ConnectivitySer expire 7 lines
05-12 16:45:48.279  2185 24173 I chatty  : uid=1000(system) Binder:2185_19 expire 5 lines
05-12 16:46:00.187  2185 11206 I chatty  : uid=1000(system) Binder:2185_20 expire 5 lines
05-12 16:46:00.498  2185  2890 I chatty  : uid=1000(system) Binder:2185_5 expire 3 lines
05-12 16:46:00.569  2185  3698 I chatty  : uid=1000(system) Binder:2185_E expire 5 lines
05-12 16:46:00.571  2185 19420 I chatty  : uid=1000(system) Binder:2185_12 expire 2 lines
05-12 16:46:00.742  2185  2504 I chatty  : uid=1000(system) AlarmManager expire 12 lines
05-12 16:46:04.920  2185  2255 I chatty  : uid=1000(system) android.fg expire 6 lines
05-12 16:46:04.978  2185  3657 I chatty  : uid=1000(system) Binder:2185_A expire 3 lines
05-12 16:46:06.745  2185 11205 I chatty  : uid=1000(system) Binder:2185_1F expire 4 lines
05-12 16:46:13.587  2185  5138 I chatty  : uid=1000(system) Binder:2185_14 expire 3 lines
05-12 16:46:33.809  2185  3697 I chatty  : uid=1000(system) Binder:2185_D expire 3 lines
05-12 16:46:52.831  2185  2547 I chatty  : uid=1000(system) Binder:2185_3 expire 1 line
05-12 16:47:00.951  2185 19421 I chatty  : uid=1000(system) Binder:2185_13 expire 1 line
05-12 16:47:01.007  2185 24171 I chatty  : uid=1000(system) Binder:2185_18 expire 2 lines
05-12 16:47:01.278  2185  3707 I chatty  : uid=1000(system) Binder:2185_F expire 1 line
05-12 16:47:01.278  2185  4613 I chatty  : uid=1000(system) Binder:2185_1D expire 3 lines
05-12 16:47:18.667  2185 19420 I chatty  : uid=1000(system) Binder:2185_12 expire 4 lines
05-12 16:47:18.668  2185  2218 I chatty  : uid=1000(system) ActivityManager expire 29 lines
05-12 16:47:18.692  2185  3595 I chatty  : uid=1000(system) Binder:2185_8 expire 5 lines
05-12 16:47:18.720  2185  2537 I chatty  : uid=1000(system) ConnectivitySer expire 9 lines
05-12 16:47:18.774  2185  2185 I chatty  : uid=1000 system_server expire 11 lines
05-12 16:47:18.793  2185  3653 I chatty  : uid=1000(system) Binder:2185_9 expire 2 lines
05-12 16:47:19.456  2185  3593 I chatty  : uid=1000(system) Binder:2185_7 expire 5 lines
05-12 16:47:19.477  2185  3678 I chatty  : uid=1000(system) Binder:2185_B expire 1 line
05-12 16:47:19.492  2185 25140 I chatty  : uid=1000(system) Binder:2185_1B expire 6 lines
05-12 16:47:19.513  2185 24175 I chatty  : uid=1000(system) Binder:2185_1A expire 4 lines
05-12 16:47:35.989  2185  3679 I chatty  : uid=1000(system) Binder:2185_C expire 5 lines
05-12 16:47:36.020  2185  2255 I chatty  : uid=1000(system) android.fg expire 6 lines
05-12 16:47:36.063  2185  3697 I chatty  : uid=1000(system) Binder:2185_D expire 6 lines
05-12 16:47:36.092  2185  2547 I chatty  : uid=1000(system) Binder:2185_3 expire 7 lines
05-12 16:47:45.009  2185 19421 I chatty  : uid=1000(system) Binder:2185_13 expire 2 lines
05-12 16:47:45.013  2185  2504 I chatty  : uid=1000(system) AlarmManager expire 6 lines
05-12 16:47:45.057  2185  2543 I chatty  : uid=1000(system) onProviders.ECP expire 1 line
05-12 16:47:45.079  2185  2217 I chatty  : uid=1000(system) android.bg expire 4 lines
05-12 16:47:45.825  2185 24171 I chatty  : uid=1000(system) Binder:2185_18 expire 3 lines
05-12 16:47:45.829  2185 24173 I chatty  : uid=1000(system) Binder:2185_19 expire 5 lines
05-12 16:47:45.884  2185  3698 I chatty  : uid=1000(system) Binder:2185_E expire 7 lines
05-12 16:47:46.073  2185  3723 I chatty  : uid=1000(system) Binder:2185_10 expire 1 line
05-12 16:47:46.100  2185  5139 I chatty  : uid=1000(system) Binder:2185_15 expire 3 lines
05-12 16:47:46.406  2185  2200 I chatty  : uid=1000(system) Binder:2185_2 expire 1 line
05-12 16:48:01.299  2185  2890 I chatty  : uid=1000(system) Binder:2185_5 expire 5 lines
05-12 16:48:01.533  2185  3657 I chatty  : uid=1000(system) Binder:2185_A expire 5 lines
05-12 16:48:01.763  2185  2256 I chatty  : uid=1000(system) android.io expire 2 lines
05-12 16:48:02.707  2185  3725 I chatty  : uid=1000(system) Binder:2185_11 expire 3 lines
05-12 16:48:02.842  2185 31361 I chatty  : uid=1000(system) Binder:2185_17 expire 7 lines
05-12 16:48:03.005 29845 29845 D ActivityThread: Loading provider contacts;com.android.contacts: com.android.providers.contacts.SemcContactsProvider2
05-12 16:48:03.007  2185 10699 I chatty  : uid=1000(system) Binder:2185_1E expire 7 lines
05-12 16:48:03.322  2185  2218 I chatty  : uid=1000(system) ActivityManager expire 22 lines
05-12 16:48:03.478  2185  5138 I chatty  : uid=1000(system) Binder:2185_14 expire 3 lines
05-12 16:48:04.198  2185  3707 I chatty  : uid=1000(system) Binder:2185_F expire 6 lines
05-12 16:48:05.030  2185  3565 I chatty  : uid=1000(system) Binder:2185_6 expire 2 lines
05-12 16:48:05.092  2185 11206 I chatty  : uid=1000(system) Binder:2185_20 expire 9 lines
05-12 16:48:05.165  2185  2222 I chatty  : uid=1000(system) batterystats-sy expire 1 line
05-12 16:48:27.656  2185  2522 I chatty  : uid=1000(system) NetworkPolicy expire 2 lines
05-12 16:48:30.702  2185  2218 I chatty  : uid=1000(system) ActivityManager expire 60 lines
05-12 16:48:30.814  2185  3653 I chatty  : uid=1000(system) Binder:2185_9 expire 2 lines
05-12 16:48:30.858  2185 24171 I chatty  : uid=1000(system) Binder:2185_18 expire 5 lines
05-12 16:48:30.874  2185  2199 I chatty  : uid=1000(system) Binder:2185_1 expire 3 lines
05-12 16:48:30.911  2185  2537 I chatty  : uid=1000(system) ConnectivitySer expire 8 lines
05-12 16:48:31.064  2185  2185 I chatty  : uid=1000 system_server expire 5 lines
05-12 16:48:47.447  2185 24175 I chatty  : uid=1000(system) Binder:2185_1A expire 3 lines
05-12 16:48:47.454  2185  8479 I chatty  : uid=1000(system) Binder:2185_16 expire 4 lines
05-12 16:48:47.463  2185  2255 I chatty  : uid=1000(system) android.fg expire 16 lines
05-12 16:48:47.493  2185 11205 I chatty  : uid=1000(system) Binder:2185_1F expire 4 lines
05-12 16:48:47.503  2185 24173 I chatty  : uid=1000(system) Binder:2185_19 expire 3 lines
05-12 16:48:47.615  2185  3678 I chatty  : uid=1000(system) Binder:2185_B expire 4 lines
05-12 16:48:47.631  2185 19421 I chatty  : uid=1000(system) Binder:2185_13 expire 4 lines
05-12 16:48:47.647  2185  3593 I chatty  : uid=1000(system) Binder:2185_7 expire 1 line
05-12 16:48:47.660  2185  4613 I chatty  : uid=1000(system) Binder:2185_1D expire 5 lines
05-12 16:49:06.320  2185  3698 I chatty  : uid=1000(system) Binder:2185_E expire 2 lines
05-12 16:49:06.322  2185  2504 I chatty  : uid=1000(system) AlarmManager expire 17 lines
05-12 16:49:15.835  2185  3723 I chatty  : uid=1000(system) Binder:2185_10 expire 5 lines
05-12 16:49:30.941  2185  2200 I chatty  : uid=1000(system) Binder:2185_2 expire 2 lines
05-12 16:49:30.951  2185  2622 I chatty  : uid=1000(system) Binder:2185_4 expire 4 lines
05-12 16:50:01.834  2185  3595 I chatty  : uid=1000(system) Binder:2185_8 expire 4 lines
05-12 16:50:02.695  2185  3657 I chatty  : uid=1000(system) Binder:2185_A expire 3 lines
05-12 16:50:02.732  2185  3725 I chatty  : uid=1000(system) Binder:2185_11 expire 1 line
05-12 16:50:02.759  2185 25141 I chatty  : uid=1000(system) Binder:2185_1C expire 1 line
05-12 16:50:09.564  2185 31361 I chatty  : uid=1000(system) Binder:2185_17 expire 3 lines
05-12 16:50:09.568  2185  3565 I chatty  : uid=1000(system) Binder:2185_6 expire 2 lines
05-12 16:50:09.610  2185  3679 I chatty  : uid=1000(system) Binder:2185_C expire 1 line
05-12 16:50:09.620  2185 19420 I chatty  : uid=1000(system) Binder:2185_12 expire 1 line
05-12 16:50:09.664  2185  5138 I chatty  : uid=1000(system) Binder:2185_14 expire 3 lines
05-12 16:50:19.832  2185  5139 I chatty  : uid=1000(system) Binder:2185_15 expire 5 lines
05-12 16:50:41.788  2185  2547 I chatty  : uid=1000(system) Binder:2185_3 expire 2 lines
05-12 16:50:41.861  2185 10699 I chatty  : uid=1000(system) Binder:2185_1E expire 1 line
05-12 16:50:58.174  2185  2890 I chatty  : uid=1000(system) Binder:2185_5 expire 1 line
05-12 16:51:08.457  2185 11206 I chatty  : uid=1000(system) Binder:2185_20 expire 1 line
05-12 16:51:10.023  2185  2217 I chatty  : uid=1000(system) android.bg expire 4 lines
05-12 16:51:15.554  2185  2256 I chatty  : uid=1000(system) android.io expire 2 lines
05-12 16:51:26.514  2185  3707 I chatty  : uid=1000(system) Binder:2185_F expire 2 lines
05-12 16:51:31.889  2185  2507 I chatty  : uid=1000(system) InputReader expire 1 line
05-12 16:51:31.907  2185  2263 I chatty  : uid=1000(system) PowerManagerSer expire 3 lines
05-12 16:51:31.933  2185  2258 I chatty  : uid=1000(system) android.display expire 1 line
05-12 16:51:32.012  2185 25140 I chatty  : uid=1000(system) Binder:2185_1B expire 5 lines
05-12 16:51:32.479  2185  3657 I chatty  : uid=1000(system) Binder:2185_A expire 2 lines
05-12 16:51:32.509  2185  5138 I chatty  : uid=1000(system) Binder:2185_14 expire 5 lines
05-12 16:51:32.510  2185  3723 I chatty  : uid=1000(system) Binder:2185_10 expire 3 lines
05-12 16:51:32.718  2185  2185 I chatty  : uid=1000 system_server expire 7 lines
05-12 16:51:32.805  2185 31361 I chatty  : uid=1000(system) Binder:2185_17 expire 5 lines
05-12 16:51:32.963  2646  2646 V KeyguardDisplayManager: hide
05-12 16:51:32.968  2185 11205 I chatty  : uid=1000(system) Binder:2185_1F expire 5 lines
05-12 16:51:32.973  2185  2218 I chatty  : uid=1000(system) ActivityManager expire 23 lines
05-12 16:51:32.998  2185  2263 I chatty  : uid=1000(system) PowerManagerSer expire 3 lines
05-12 16:51:32.999  2185  2547 I chatty  : uid=1000(system) Binder:2185_3 expire 3 lines
05-12 16:51:33.009  2185 19421 I chatty  : uid=1000(system) Binder:2185_13 expire 3 lines
05-12 16:51:33.010  2185 10699 I chatty  : uid=1000(system) Binder:2185_1E expire 9 lines
05-12 16:51:33.091  2185  2622 I chatty  : uid=1000(system) Binder:2185_4 expire 4 lines
05-12 16:51:33.106  2185  2199 I chatty  : uid=1000(system) Binder:2185_1 expire 2 lines
05-12 16:51:33.144  2185  3725 I chatty  : uid=1000(system) Binder:2185_11 expire 3 lines
05-12 16:51:33.160  2185  2537 I chatty  : uid=1000(system) ConnectivitySer expire 6 lines
05-12 16:51:33.298  2185 11206 I chatty  : uid=1000(system) Binder:2185_20 expire 2 lines
05-12 16:51:33.509  2185  8479 I chatty  : uid=1000(system) Binder:2185_16 expire 4 lines
05-12 16:51:33.786  2185 24173 I chatty  : uid=1000(system) Binder:2185_19 expire 2 lines
05-12 16:51:33.807  2185  3678 I chatty  : uid=1000(system) Binder:2185_B expire 2 lines
05-12 16:51:33.842  2185  3679 I chatty  : uid=1000(system) Binder:2185_C expire 6 lines
05-12 16:51:33.847  2185  5139 I chatty  : uid=1000(system) Binder:2185_15 expire 3 lines
05-12 16:51:33.891  2185  3595 I chatty  : uid=1000(system) Binder:2185_8 expire 3 lines
05-12 16:51:34.213  2185  3653 I chatty  : uid=1000(system) Binder:2185_9 expire 6 lines
05-12 16:51:35.791  2185  2519 I chatty  : uid=1000(system) NetworkStats expire 1 line
05-12 16:51:38.865  2185  3697 I chatty  : uid=1000(system) Binder:2185_D expire 4 lines
05-12 16:51:39.552  2185 25141 I chatty  : uid=1000(system) Binder:2185_1C expire 5 lines
05-12 16:51:42.609  2185 24171 I chatty  : uid=1000(system) Binder:2185_18 expire 2 lines
05-12 16:51:44.471  2185 19420 I chatty  : uid=1000(system) Binder:2185_12 expire 4 lines
05-12 16:51:44.514  2185  3565 I chatty  : uid=1000(system) Binder:2185_6 expire 2 lines
05-12 16:51:46.668  2185  2222 I chatty  : uid=1000(system) batterystats-sy expire 3 lines
05-12 16:51:59.278  2185  2507 I chatty  : uid=1000(system) InputReader expire 1 line
05-12 16:52:00.079  2646  2646 V KeyguardStatusView: refresh statusview showing:true
05-12 16:52:00.089  2646  2646 V KeyguardDisplayManager: show
05-12 16:52:00.631  2185  2258 I chatty  : uid=1000(system) android.display expire 2 lines
05-12 16:52:07.805  2185  2218 I chatty  : uid=1000(system) ActivityManager expire 33 lines
05-12 16:52:09.770  2185  2504 I chatty  : uid=1000(system) AlarmManager expire 12 lines
05-12 16:52:15.784  2185  2200 I chatty  : uid=1000(system) Binder:2185_2 expire 1 line
05-12 16:52:22.560  2185  2890 I chatty  : uid=1000(system) Binder:2185_5 expire 2 lines
05-12 16:52:32.561  2185  2255 I chatty  : uid=1000(system) android.fg expire 8 lines
05-12 16:52:32.595  2185  3698 I chatty  : uid=1000(system) Binder:2185_E expire 1 line
05-12 16:53:05.647  2185  3593 I chatty  : uid=1000(system) Binder:2185_7 expire 1 line
05-12 16:53:05.652  2185  3707 I chatty  : uid=1000(system) Binder:2185_F expire 1 line
05-12 16:53:24.936  2185 24175 I chatty  : uid=1000(system) Binder:2185_1A expire 1 line
05-12 16:53:58.332  2185  4613 I chatty  : uid=1000(system) Binder:2185_1D expire 10 lines
05-12 16:54:20.015  2185  2218 I chatty  : uid=1000(system) ActivityManager expire 43 lines
05-12 16:54:20.016  2185  2504 I chatty  : uid=1000(system) AlarmManager expire 10 lines
05-12 16:54:20.021  2185  3723 I chatty  : uid=1000(system) Binder:2185_10 expire 6 lines
05-12 16:54:20.609  2185 11206 I chatty  : uid=1000(system) Binder:2185_20 expire 3 lines
05-12 16:54:20.722  2185  2537 I chatty  : uid=1000(system) ConnectivitySer expire 7 lines
05-12 16:54:25.215  2185 24173 I chatty  : uid=1000(system) Binder:2185_19 expire 3 lines
05-12 16:54:33.993  2185  2255 I chatty  : uid=1000(system) android.fg expire 8 lines
05-12 16:54:33.996  2185 25141 I chatty  : uid=1000(system) Binder:2185_1C expire 3 lines
05-12 16:54:37.141  2185  3653 I chatty  : uid=1000(system) Binder:2185_9 expire 9 lines
05-12 16:54:37.193  2185  2200 I chatty  : uid=1000(system) Binder:2185_2 expire 6 lines
05-12 16:54:49.083  2185  3593 I chatty  : uid=1000(system) Binder:2185_7 expire 2 lines
05-12 16:54:49.097  2185  2890 I chatty  : uid=1000(system) Binder:2185_5 expire 5 lines
05-12 16:54:49.211  2185  3679 I chatty  : uid=1000(system) Binder:2185_C expire 3 lines
05-12 16:54:49.286  2185  3595 I chatty  : uid=1000(system) Binder:2185_8 expire 3 lines
05-12 16:54:55.610  2185  5138 I chatty  : uid=1000(system) Binder:2185_14 expire 4 lines
05-12 16:55:06.136  2185  3657 I chatty  : uid=1000(system) Binder:2185_A expire 2 lines
05-12 16:55:06.163  2185 11205 I chatty  : uid=1000(system) Binder:2185_1F expire 2 lines
05-12 16:55:41.044  2185  5139 I chatty  : uid=1000(system) Binder:2185_15 expire 2 lines
05-12 16:55:41.109  2185 25140 I chatty  : uid=1000(system) Binder:2185_1B expire 12 lines
05-12 16:55:41.252  2185 19421 I chatty  : uid=1000(system) Binder:2185_13 expire 2 lines
05-12 16:55:41.283  2185  3697 I chatty  : uid=1000(system) Binder:2185_D expire 1 line
05-12 16:55:41.285  2185  3678 I chatty  : uid=1000(system) Binder:2185_B expire 2 lines
05-12 16:55:41.290  2185  8479 I chatty  : uid=1000(system) Binder:2185_16 expire 8 lines
05-12 16:55:41.292  2185  2622 I chatty  : uid=1000(system) Binder:2185_4 expire 4 lines
05-12 16:55:41.324  2185 24175 I chatty  : uid=1000(system) Binder:2185_1A expire 2 lines
05-12 16:55:41.366  2185 19420 I chatty  : uid=1000(system) Binder:2185_12 expire 3 lines
05-12 16:55:41.414  2185  3698 I chatty  : uid=1000(system) Binder:2185_E expire 1 line
05-12 16:55:41.416  2185 10699 I chatty  : uid=1000(system) Binder:2185_1E expire 3 lines
05-12 16:56:00.593  2185  3707 I chatty  : uid=1000(system) Binder:2185_F expire 1 line
05-12 16:56:00.614  2185 31361 I chatty  : uid=1000(system) Binder:2185_17 expire 1 line
05-12 16:56:00.900 31486 31486 D ActivityThread: Loading provider com.whatsapp.provider.contact: com.whatsapp.contact.ContactProvider
05-12 16:56:01.011  2185  2218 I chatty  : uid=1000(system) ActivityManager expire 15 lines
05-12 16:56:01.482  2185  2199 I chatty  : uid=1000(system) Binder:2185_1 expire 2 lines
05-12 16:56:02.677  2185  2547 I chatty  : uid=1000(system) Binder:2185_3 expire 4 lines
05-12 16:56:12.854  2185  2507 I chatty  : uid=1000(system) InputReader expire 1 line
05-12 16:56:12.859  2185  2185 I chatty  : uid=1000 system_server expire 1 line
05-12 16:56:12.863  2185  2263 I chatty  : uid=1000(system) PowerManagerSer expire 3 lines
05-12 16:56:12.877  2185  2258 I chatty  : uid=1000(system) android.display expire 1 line
05-12 16:56:13.602  2185  3725 I chatty  : uid=1000(system) Binder:2185_11 expire 5 lines
05-12 16:56:14.637  2185 24173 I chatty  : uid=1000(system) Binder:2185_19 expire 4 lines
05-12 16:56:15.257  2185  4613 I chatty  : uid=1000(system) Binder:2185_1D expire 12 lines
05-12 16:56:15.257  2185  2218 I chatty  : uid=1000(system) ActivityManager expire 23 lines
05-12 16:56:15.265  2185  3697 I chatty  : uid=1000(system) Binder:2185_D expire 4 lines
05-12 16:56:15.267  2185  3723 I chatty  : uid=1000(system) Binder:2185_10 expire 3 lines
05-12 16:56:15.315  2185  3698 I chatty  : uid=1000(system) Binder:2185_E expire 8 lines
05-12 16:56:15.451  2185  2199 I chatty  : uid=1000(system) Binder:2185_1 expire 5 lines
05-12 16:56:17.128  2646  2646 V KeyguardDisplayManager: hide
05-12 16:56:17.149  2185 11206 I chatty  : uid=1000(system) Binder:2185_20 expire 1 line
05-12 16:56:17.203  2185  2185 I chatty  : uid=1000 system_server expire 4 lines
05-12 16:56:17.236  2185  2890 I chatty  : uid=1000(system) Binder:2185_5 expire 5 lines
05-12 16:56:17.236  2185  3678 I chatty  : uid=1000(system) Binder:2185_B expire 16 lines
05-12 16:56:17.237  2185  2537 I chatty  : uid=1000(system) ConnectivitySer expire 3 lines
05-12 16:56:17.265  2185 25141 I chatty  : uid=1000(system) Binder:2185_1C expire 3 lines
05-12 16:56:17.282  2185  2200 I chatty  : uid=1000(system) Binder:2185_2 expire 1 line
05-12 16:56:17.298  2185 19421 I chatty  : uid=1000(system) Binder:2185_13 expire 2 lines
05-12 16:56:17.320  2185  3565 I chatty  : uid=1000(system) Binder:2185_6 expire 4 lines
05-12 16:56:17.616  2185 10699 I chatty  : uid=1000(system) Binder:2185_1E expire 3 lines
05-12 16:56:17.649  2185 19420 I chatty  : uid=1000(system) Binder:2185_12 expire 2 lines
05-12 16:56:17.652  2185  3653 I chatty  : uid=1000(system) Binder:2185_9 expire 11 lines
05-12 16:56:17.685  2185 31361 I chatty  : uid=1000(system) Binder:2185_17 expire 2 lines
05-12 16:56:18.295  2185  5139 I chatty  : uid=1000(system) Binder:2185_15 expire 4 lines
05-12 16:56:19.654  2185  2622 I chatty  : uid=1000(system) Binder:2185_4 expire 3 lines
05-12 16:56:19.789  2185  8479 I chatty  : uid=1000(system) Binder:2185_16 expire 2 lines
05-12 16:56:20.244  2185  3707 I chatty  : uid=1000(system) Binder:2185_F expire 11 lines
05-12 16:56:20.367  2185  3593 I chatty  : uid=1000(system) Binder:2185_7 expire 2 lines
05-12 16:56:20.597  2185  3595 I chatty  : uid=1000(system) Binder:2185_8 expire 5 lines
05-12 16:56:20.915  2185  3657 I chatty  : uid=1000(system) Binder:2185_A expire 2 lines
05-12 16:56:22.242  3716  3818 W ContextImpl: Calling a method in the system process without a qualified user: android.app.ContextImpl.bindService:1422 android.content.ContextWrapper.bindService:636 com.google.android.gms.ads.identifier.AdvertisingIdClient.h:-1 com.google.android.gms.ads.identifier.AdvertisingIdClient.b:-1 com.google.android.gms.ads.identifier.AdvertisingIdClient.getAdvertisingIdInfo:-1 
05-12 16:56:25.172  2185  2504 I chatty  : uid=1000(system) AlarmManager expire 5 lines
05-12 16:56:25.351 31959 31959 D ActivityThread: Loading provider com.whatsapp.provider.contact: com.whatsapp.contact.ContactProvider
05-12 16:56:25.403  2185  2218 I chatty  : uid=1000(system) ActivityManager expire 33 lines
05-12 16:56:25.721  2185 24171 I chatty  : uid=1000(system) Binder:2185_18 expire 7 lines
05-12 16:56:28.831  2185  3679 I chatty  : uid=1000(system) Binder:2185_C expire 3 lines
05-12 16:56:28.923  2185  2256 I chatty  : uid=1000(system) android.io expire 2 lines
05-12 16:56:35.264  2185 25140 I chatty  : uid=1000(system) Binder:2185_1B expire 1 line
05-12 16:56:42.166  2185  5138 I chatty  : uid=1000(system) Binder:2185_14 expire 1 line
05-12 16:56:42.181  2185 24175 I chatty  : uid=1000(system) Binder:2185_1A expire 1 line
05-12 16:56:54.529  2185  2255 I chatty  : uid=1000(system) android.fg expire 10 lines
05-12 16:56:55.920  2185  4613 I chatty  : uid=1000(system) Binder:2185_1D expire 3 lines
05-12 16:56:55.929  2185 11205 I chatty  : uid=1000(system) Binder:2185_1F expire 2 lines
05-12 16:56:58.338  2185  2890 I chatty  : uid=1000(system) Binder:2185_5 expire 4 lines
05-12 16:57:00.000  2185  2504 I chatty  : uid=1000(system) AlarmManager expire 13 lines
05-12 16:57:00.002  2185  3723 I chatty  : uid=1000(system) Binder:2185_10 expire 2 lines
05-12 16:57:00.003  2185  2218 I chatty  : uid=1000(system) ActivityManager expire 63 lines
