06-02 00:32:16.885  2185  3698 I chatty  : uid=1000(system) Binder:2185_E expire 1 line
06-02 00:32:17.434  2185  2185 I chatty  : uid=1000 system_server expire 2 lines
06-02 00:32:17.442  2185  2218 I chatty  : uid=1000(system) ActivityManager expire 54 lines
06-02 00:32:17.478  2185  2222 I chatty  : uid=1000(system) batterystats-sy expire 3 lines
06-02 00:32:17.663  2185 10699 I chatty  : uid=1000(system) Binder:2185_1E expire 4 lines
06-02 00:32:17.832  2185  2622 I chatty  : uid=1000(system) Binder:2185_4 expire 5 lines
06-02 00:32:20.200  2185  2504 I chatty  : uid=1000(system) AlarmManager expire 10 lines
06-02 00:32:20.939  2185  3679 I chatty  : uid=1000(system) Binder:2185_C expire 4 lines
06-02 00:32:21.472  2185 25140 I chatty  : uid=1000(system) Binder:2185_1B expire 5 lines
06-02 00:32:21.476  2185  3723 I chatty  : uid=1000(system) Binder:2185_10 expire 6 lines
06-02 00:32:21.496  2185 31361 I chatty  : uid=1000(system) Binder:2185_17 expire 4 lines
06-02 00:32:21.506  2185  2890 I chatty  : uid=1000(system) Binder:2185_5 expire 9 lines
06-02 00:32:21.531  2185  2200 I chatty  : uid=1000(system) Binder:2185_2 expire 3 lines
06-02 00:32:21.555  2185  3678 I chatty  : uid=1000(system) Binder:2185_B expire 2 lines
06-02 00:32:25.662  2185  3595 I chatty  : uid=1000(system) Binder:2185_8 expire 6 lines
06-02 00:32:25.960  2185 25141 I chatty  : uid=1000(system) Binder:2185_1C expire 3 lines
06-02 00:32:26.242  2185 24175 I chatty  : uid=1000(system) Binder:2185_1A expire 3 lines
06-02 00:32:26.284  2185  3653 I chatty  : uid=1000(system) Binder:2185_9 expire 3 lines
06-02 00:32:27.514  2185  8479 I chatty  : uid=1000(system) Binder:2185_16 expire 6 lines
06-02 00:32:28.739  2185 11206 I chatty  : uid=1000(system) Binder:2185_20 expire 8 lines
06-02 00:32:32.493  2185 24173 I chatty  : uid=1000(system) Binder:2185_19 expire 9 lines
06-02 00:32:33.902  2185  3698 I chatty  : uid=1000(system) Binder:2185_E expire 4 lines
06-02 00:32:52.486  2185  2519 I chatty  : uid=1000(system) NetworkStats expire 2 lines
06-02 00:32:55.124  2185  3725 I chatty  : uid=1000(system) Binder:2185_11 expire 1 line
06-02 00:32:55.129  2185  3593 I chatty  : uid=1000(system) Binder:2185_7 expire 11 lines
06-02 00:33:21.947  2185 19421 I chatty  : uid=1000(system) Binder:2185_13 expire 2 lines
06-02 00:33:22.005  2185  2537 I chatty  : uid=1000(system) ConnectivitySer expire 1 line
06-02 00:33:23.050  2185  2255 I chatty  : uid=1000(system) android.fg expire 2 lines
06-02 00:33:23.053  2185  3565 I chatty  : uid=1000(system) Binder:2185_6 expire 3 lines
06-02 00:33:23.586  2185 11205 I chatty  : uid=1000(system) Binder:2185_1F expire 5 lines
06-02 00:33:24.494  2185 19420 I chatty  : uid=1000(system) Binder:2185_12 expire 2 lines
06-02 00:33:24.758  2185  3707 I chatty  : uid=1000(system) Binder:2185_F expire 4 lines
06-02 00:33:25.031  2185  2199 I chatty  : uid=1000(system) Binder:2185_1 expire 5 lines
06-02 00:33:25.668  2185  3697 I chatty  : uid=1000(system) Binder:2185_D expire 1 line
06-02 00:33:25.674  2185  3657 I chatty  : uid=1000(system) Binder:2185_A expire 1 line
06-02 00:33:27.494  2185  2547 I chatty  : uid=1000(system) Binder:2185_3 expire 1 line
06-02 00:33:28.956  2185  4613 I chatty  : uid=1000(system) Binder:2185_1D expire 1 line
06-02 00:33:33.428  2185  2256 I chatty  : uid=1000(system) android.io expire 2 lines
06-02 00:33:36.962  2185  5139 I chatty  : uid=1000(system) Binder:2185_15 expire 5 lines
06-02 00:33:48.893  2185  2218 I chatty  : uid=1000(system) ActivityManager expire 17 lines
06-02 00:33:54.785  2185  2890 I chatty  : uid=1000(system) Binder:2185_5 expire 3 lines
06-02 00:33:54.816  2185 24175 I chatty  : uid=1000(system) Binder:2185_1A expire 2 lines
06-02 00:33:54.829  2185 19421 I chatty  : uid=1000(system) Binder:2185_13 expire 2 lines
06-02 00:34:00.003  2185  2504 I chatty  : uid=1000(system) AlarmManager expire 16 lines
06-02 00:34:00.129  2185  3698 I chatty  : uid=1000(system) Binder:2185_E expire 7 lines
06-02 00:34:00.818  2185  3707 I chatty  : uid=1000(system) Binder:2185_F expire 8 lines
06-02 00:34:14.855  2185  3593 I chatty  : uid=1000(system) Binder:2185_7 expire 6 lines
06-02 00:34:14.855  2185 31361 I chatty  : uid=1000(system) Binder:2185_17 expire 8 lines
06-02 00:34:14.857  2185  2537 I chatty  : uid=1000(system) ConnectivitySer expire 1 line
06-02 00:34:14.884  2185 19420 I chatty  : uid=1000(system) Binder:2185_12 expire 5 lines
06-02 00:34:17.688  2185 24171 I chatty  : uid=1000(system) Binder:2185_18 expire 6 lines
06-02 00:34:21.308  2185  2519 I chatty  : uid=1000(system) NetworkStats expire 1 line
06-02 00:34:24.678  2185  3595 I chatty  : uid=1000(system) Binder:2185_8 expire 4 lines
06-02 00:34:25.499  2185  3678 I chatty  : uid=1000(system) Binder:2185_B expire 2 lines
06-02 00:34:25.505  2185 11206 I chatty  : uid=1000(system) Binder:2185_20 expire 4 lines
06-02 00:34:25.515  2185 10699 I chatty  : uid=1000(system) Binder:2185_1E expire 2 lines
06-02 00:34:25.895  2185  3725 I chatty  : uid=1000(system) Binder:2185_11 expire 4 lines
06-02 00:34:26.215  2185  5138 I chatty  : uid=1000(system) Binder:2185_14 expire 4 lines
06-02 00:34:26.634  2185  3723 I chatty  : uid=1000(system) Binder:2185_10 expire 4 lines
06-02 00:34:26.878  2185 11205 I chatty  : uid=1000(system) Binder:2185_1F expire 3 lines
06-02 00:34:30.668  2185  2506 I chatty  : uid=1000(system) InputDispatcher expire 2 lines
06-02 00:34:30.878  2185  2199 I chatty  : uid=1000(system) Binder:2185_1 expire 3 lines
06-02 00:34:31.701  2185  2507 I chatty  : uid=1000(system) InputReader expire 1 line
06-02 00:34:31.740  2185  2185 I chatty  : uid=1000 system_server expire 4 lines
06-02 00:34:32.240  2185  2263 I chatty  : uid=1000(system) PowerManagerSer expire 2 lines
06-02 00:34:32.488  2185  2622 I chatty  : uid=1000(system) Binder:2185_4 expire 5 lines
06-02 00:34:32.671 24733 24733 V KeyguardStatusView: refresh statusview showing:true
06-02 00:34:32.682 24733 24733 V KeyguardDisplayManager: show
06-02 00:34:32.996  2185  8479 I chatty  : uid=1000(system) Binder:2185_16 expire 3 lines
06-02 00:34:33.017  2185  2218 I chatty  : uid=1000(system) ActivityManager expire 28 lines
06-02 00:34:33.257  2185  2258 I chatty  : uid=1000(system) android.display expire 2 lines
06-02 00:34:51.253  2185  2255 I chatty  : uid=1000(system) android.fg expire 3 lines
06-02 00:34:51.267  2185  2222 I chatty  : uid=1000(system) batterystats-sy expire 3 lines
06-02 00:34:51.469  2185  3657 I chatty  : uid=1000(system) Binder:2185_A expire 2 lines
06-02 00:34:58.464  2185  3697 I chatty  : uid=1000(system) Binder:2185_D expire 4 lines
06-02 00:35:15.946  2185  3653 I chatty  : uid=1000(system) Binder:2185_9 expire 3 lines
06-02 00:35:27.913  2185 25140 I chatty  : uid=1000(system) Binder:2185_1B expire 2 lines
06-02 00:35:37.100  2185  3679 I chatty  : uid=1000(system) Binder:2185_C expire 3 lines
06-02 00:35:46.083  2185 24173 I chatty  : uid=1000(system) Binder:2185_19 expire 3 lines
06-02 00:35:46.207  2185 25141 I chatty  : uid=1000(system) Binder:2185_1C expire 4 lines
06-02 00:36:00.970  2185  2217 I chatty  : uid=1000(system) android.bg expire 1 line
06-02 00:36:38.001  2185  3565 I chatty  : uid=1000(system) Binder:2185_6 expire 10 lines
06-02 00:36:39.007 18594 18594 D ActivityThread: Loading provider com.whatsapp.provider.contact: com.whatsapp.contact.ContactProvider
06-02 00:36:39.235  2185  2547 I chatty  : uid=1000(system) Binder:2185_3 expire 1 line
06-02 00:36:39.236  2185  2218 I chatty  : uid=1000(system) ActivityManager expire 35 lines
06-02 00:36:40.023  2185 31361 I chatty  : uid=1000(system) Binder:2185_17 expire 10 lines
06-02 00:36:40.086  2185  2255 I chatty  : uid=1000(system) android.fg expire 14 lines
06-02 00:36:40.100  2185  4613 I chatty  : uid=1000(system) Binder:2185_1D expire 2 lines
06-02 00:36:40.107  2185  2222 I chatty  : uid=1000(system) batterystats-sy expire 16 lines
06-02 00:36:40.124  2185 11206 I chatty  : uid=1000(system) Binder:2185_20 expire 6 lines
06-02 00:36:40.125  2185  2547 I chatty  : uid=1000(system) Binder:2185_3 expire 11 lines
06-02 00:36:40.162  2185  2185 I chatty  : uid=1000 system_server expire 3 lines
06-02 00:36:40.165  2185  5138 I chatty  : uid=1000(system) Binder:2185_14 expire 10 lines
06-02 00:36:42.914  2185  3725 I chatty  : uid=1000(system) Binder:2185_11 expire 2 lines
06-02 00:36:42.915  2185  3679 I chatty  : uid=1000(system) Binder:2185_C expire 5 lines
06-02 00:37:17.315  2185  3595 I chatty  : uid=1000(system) Binder:2185_8 expire 2 lines
06-02 00:37:25.338  2185 25140 I chatty  : uid=1000(system) Binder:2185_1B expire 4 lines
06-02 00:37:26.356  2185 24171 I chatty  : uid=1000(system) Binder:2185_18 expire 5 lines
06-02 00:37:26.840  2185  3707 I chatty  : uid=1000(system) Binder:2185_F expire 5 lines
06-02 00:37:28.587  2185  3697 I chatty  : uid=1000(system) Binder:2185_D expire 3 lines
06-02 00:37:28.939  2185  2504 I chatty  : uid=1000(system) AlarmManager expire 21 lines
06-02 00:37:29.123  2185  3723 I chatty  : uid=1000(system) Binder:2185_10 expire 6 lines
06-02 00:37:29.405  2185 24175 I chatty  : uid=1000(system) Binder:2185_1A expire 5 lines
06-02 00:37:32.073  2185  3678 I chatty  : uid=1000(system) Binder:2185_B expire 2 lines
06-02 00:37:52.088  2185  2622 I chatty  : uid=1000(system) Binder:2185_4 expire 5 lines
06-02 00:37:57.464  2185  3593 I chatty  : uid=1000(system) Binder:2185_7 expire 2 lines
06-02 00:38:02.511  2185  2200 I chatty  : uid=1000(system) Binder:2185_2 expire 2 lines
06-02 00:38:02.569  2185  5139 I chatty  : uid=1000(system) Binder:2185_15 expire 2 lines
06-02 00:38:03.096  2185  3565 I chatty  : uid=1000(system) Binder:2185_6 expire 2 lines
06-02 00:38:03.097  2185  3653 I chatty  : uid=1000(system) Binder:2185_9 expire 4 lines
06-02 00:38:22.765  2185  3657 I chatty  : uid=1000(system) Binder:2185_A expire 2 lines
06-02 00:38:22.772  2185  2199 I chatty  : uid=1000(system) Binder:2185_1 expire 3 lines
06-02 00:38:35.197  2185 25141 I chatty  : uid=1000(system) Binder:2185_1C expire 1 line
06-02 00:38:47.135  2185 19420 I chatty  : uid=1000(system) Binder:2185_12 expire 1 line
06-02 00:38:47.676  2185  2256 I chatty  : uid=1000(system) android.io expire 2 lines
06-02 00:39:47.747  2185  3698 I chatty  : uid=1000(system) Binder:2185_E expire 2 lines
06-02 00:40:05.005  2185 24173 I chatty  : uid=1000(system) Binder:2185_19 expire 1 line
06-02 00:40:13.204  2185  2217 I chatty  : uid=1000(system) android.bg expire 3 lines
06-02 00:40:13.216  2185 19421 I chatty  : uid=1000(system) Binder:2185_13 expire 10 lines
06-02 00:41:33.905  2185  2504 I chatty  : uid=1000(system) AlarmManager expire 23 lines
06-02 00:41:33.923  2185 25140 I chatty  : uid=1000(system) Binder:2185_1B expire 5 lines
06-02 00:42:08.030  2185  2255 I chatty  : uid=1000(system) android.fg expire 14 lines
06-02 00:42:08.033  2185  3697 I chatty  : uid=1000(system) Binder:2185_D expire 5 lines
06-02 00:42:08.040  2185  3707 I chatty  : uid=1000(system) Binder:2185_F expire 2 lines
06-02 00:42:08.047  2185  2222 I chatty  : uid=1000(system) batterystats-sy expire 14 lines
06-02 00:42:08.456  2185  2218 I chatty  : uid=1000(system) ActivityManager expire 26 lines
06-02 00:42:21.946  2185  3657 I chatty  : uid=1000(system) Binder:2185_A expire 5 lines
06-02 00:42:21.954  2185  2199 I chatty  : uid=1000(system) Binder:2185_1 expire 4 lines
06-02 00:42:22.017  2185  3725 I chatty  : uid=1000(system) Binder:2185_11 expire 4 lines
06-02 00:42:34.929  2185  5139 I chatty  : uid=1000(system) Binder:2185_15 expire 4 lines
06-02 00:43:23.022  2185 10699 I chatty  : uid=1000(system) Binder:2185_1E expire 6 lines
06-02 00:43:23.037  2185  2519 I chatty  : uid=1000(system) NetworkStats expire 2 lines
06-02 00:43:23.107  2185  2200 I chatty  : uid=1000(system) Binder:2185_2 expire 5 lines
06-02 00:43:23.185  2185  2890 I chatty  : uid=1000(system) Binder:2185_5 expire 3 lines
06-02 00:43:23.195  2185  3723 I chatty  : uid=1000(system) Binder:2185_10 expire 4 lines
06-02 00:44:01.015  2185  4613 I chatty  : uid=1000(system) Binder:2185_1D expire 2 lines
06-02 00:44:01.340  2185  2256 I chatty  : uid=1000(system) android.io expire 3 lines
06-02 00:44:01.724  2185 25141 I chatty  : uid=1000(system) Binder:2185_1C expire 1 line
06-02 00:44:01.837  2185  3653 I chatty  : uid=1000(system) Binder:2185_9 expire 3 lines
06-02 00:44:01.869  2185  3678 I chatty  : uid=1000(system) Binder:2185_B expire 1 line
06-02 00:44:01.939  2185 11205 I chatty  : uid=1000(system) Binder:2185_1F expire 5 lines
06-02 00:44:01.949  2185  3595 I chatty  : uid=1000(system) Binder:2185_8 expire 2 lines
06-02 00:44:02.973  2185 11206 I chatty  : uid=1000(system) Binder:2185_20 expire 2 lines
06-02 00:44:03.182  2185  2622 I chatty  : uid=1000(system) Binder:2185_4 expire 1 line
06-02 00:44:03.182  2185 24175 I chatty  : uid=1000(system) Binder:2185_1A expire 9 lines
06-02 00:44:03.183  2185  2537 I chatty  : uid=1000(system) ConnectivitySer expire 1 line
06-02 00:45:05.974  2185  2547 I chatty  : uid=1000(system) Binder:2185_3 expire 4 lines
06-02 00:45:05.988  2185  3593 I chatty  : uid=1000(system) Binder:2185_7 expire 6 lines
06-02 00:45:06.187  2185  2217 I chatty  : uid=1000(system) android.bg expire 4 lines
06-02 00:45:06.237  2185  2185 I chatty  : uid=1000 system_server expire 3 lines
06-02 00:45:06.239  2185 24173 I chatty  : uid=1000(system) Binder:2185_19 expire 4 lines
06-02 00:45:08.465  2185 19420 I chatty  : uid=1000(system) Binder:2185_12 expire 3 lines
06-02 00:45:08.475  2185  3679 I chatty  : uid=1000(system) Binder:2185_C expire 1 line
06-02 00:45:08.477  2185  3565 I chatty  : uid=1000(system) Binder:2185_6 expire 2 lines
06-02 00:45:08.483  2185  5138 I chatty  : uid=1000(system) Binder:2185_14 expire 1 line
06-02 00:46:07.036 18825 19209 E ActivityThread: Failed to find provider info for com.facebook.katana.provider.AttributionIdProvider
06-02 00:46:07.363  2185  2218 I chatty  : uid=1000(system) ActivityManager expire 7 lines
06-02 00:46:38.914  2185  2504 I chatty  : uid=1000(system) AlarmManager expire 11 lines
06-02 00:48:00.559  2185  3698 I chatty  : uid=1000(system) Binder:2185_E expire 4 lines
06-02 00:49:21.912  2185  2504 I chatty  : uid=1000(system) AlarmManager expire 28 lines
06-02 00:49:21.944  2185  3653 I chatty  : uid=1000(system) Binder:2185_9 expire 4 lines
06-02 00:49:22.033  2185 24171 I chatty  : uid=1000(system) Binder:2185_18 expire 5 lines
06-02 00:49:22.041  2185 31361 I chatty  : uid=1000(system) Binder:2185_17 expire 8 lines
06-02 00:49:22.048  2185 24173 I chatty  : uid=1000(system) Binder:2185_19 expire 14 lines
06-02 00:49:22.049  2185  2200 I chatty  : uid=1000(system) Binder:2185_2 expire 10 lines
06-02 00:49:41.910  2185  5139 I chatty  : uid=1000(system) Binder:2185_15 expire 1 line
06-02 00:49:41.929  2185  2522 I chatty  : uid=1000(system) NetworkPolicy expire 1 line
06-02 00:50:18.554  2185  2255 I chatty  : uid=1000(system) android.fg expire 9 lines
06-02 00:50:18.557  2185  2547 I chatty  : uid=1000(system) Binder:2185_3 expire 5 lines
06-02 00:50:18.568  2185  2222 I chatty  : uid=1000(system) batterystats-sy expire 9 lines
06-02 00:50:18.640  2185  2890 I chatty  : uid=1000(system) Binder:2185_5 expire 5 lines
06-02 00:50:18.736  2185 19420 I chatty  : uid=1000(system) Binder:2185_12 expire 3 lines
06-02 00:50:20.183  2185  2218 I chatty  : uid=1000(system) ActivityManager expire 24 lines
06-02 00:50:22.059  2185  3657 I chatty  : uid=1000(system) Binder:2185_A expire 5 lines
06-02 00:50:22.085  2185  3595 I chatty  : uid=1000(system) Binder:2185_8 expire 2 lines
06-02 00:50:22.875  2185  3697 I chatty  : uid=1000(system) Binder:2185_D expire 5 lines
06-02 00:50:22.879  2185  3593 I chatty  : uid=1000(system) Binder:2185_7 expire 1 line
06-02 00:50:24.208  2185 11206 I chatty  : uid=1000(system) Binder:2185_20 expire 4 lines
06-02 00:50:24.283  2185  5138 I chatty  : uid=1000(system) Binder:2185_14 expire 3 lines
06-02 00:50:24.939  2185 25140 I chatty  : uid=1000(system) Binder:2185_1B expire 4 lines
06-02 00:50:25.058  2185 11205 I chatty  : uid=1000(system) Binder:2185_1F expire 2 lines
06-02 00:50:27.642  2185  8479 I chatty  : uid=1000(system) Binder:2185_16 expire 1 line
06-02 00:50:29.029  2185  2622 I chatty  : uid=1000(system) Binder:2185_4 expire 6 lines
06-02 00:50:29.240  2185  3707 I chatty  : uid=1000(system) Binder:2185_F expire 5 lines
06-02 00:50:30.837  2185  3679 I chatty  : uid=1000(system) Binder:2185_C expire 3 lines
06-02 00:50:30.857  2185 25141 I chatty  : uid=1000(system) Binder:2185_1C expire 4 lines
06-02 00:51:31.004  2185  3725 I chatty  : uid=1000(system) Binder:2185_11 expire 1 line
06-02 00:52:01.041  2185 24175 I chatty  : uid=1000(system) Binder:2185_1A expire 3 lines
06-02 00:53:45.934  2185  3565 I chatty  : uid=1000(system) Binder:2185_6 expire 1 line
06-02 00:54:11.037  2185 10699 I chatty  : uid=1000(system) Binder:2185_1E expire 2 lines
06-02 00:54:11.755  2185 19421 I chatty  : uid=1000(system) Binder:2185_13 expire 1 line
06-02 00:54:12.493  2185  2199 I chatty  : uid=1000(system) Binder:2185_1 expire 4 lines
06-02 00:54:13.257  2185  3678 I chatty  : uid=1000(system) Binder:2185_B expire 3 lines
06-02 00:54:13.799 10315 10315 E ActivityThread: Service com.google.android.location.places.service.PlaceDetectionAsyncService has leaked IntentReceiver amth@8421da0 that was originally registered here. Are you missing a call to unregisterReceiver()?
06-02 00:54:13.799 10315 10315 E ActivityThread: android.app.IntentReceiverLeaked: Service com.google.android.location.places.service.PlaceDetectionAsyncService has leaked IntentReceiver amth@8421da0 that was originally registered here. Are you missing a call to unregisterReceiver()?
06-02 00:54:13.799 10315 10315 E ActivityThread: 	at android.app.LoadedApk$ReceiverDispatcher.<init>(LoadedApk.java:1160)
06-02 00:54:13.799 10315 10315 E ActivityThread: 	at android.app.LoadedApk.getReceiverDispatcher(LoadedApk.java:947)
06-02 00:54:13.799 10315 10315 E ActivityThread: 	at android.app.ContextImpl.registerReceiverInternal(ContextImpl.java:1303)
06-02 00:54:13.799 10315 10315 E ActivityThread: 	at android.app.ContextImpl.registerReceiver(ContextImpl.java:1283)
06-02 00:54:13.799 10315 10315 E ActivityThread: 	at android.content.ContextWrapper.registerReceiver(ContextWrapper.java:593)
06-02 00:54:13.799 10315 10315 E ActivityThread: 	at android.content.ContextWrapper.registerReceiver(ContextWrapper.java:593)
06-02 00:54:13.799 10315 10315 E ActivityThread: 	at android.content.ContextWrapper.registerReceiver(ContextWrapper.java:593)
06-02 00:54:13.799 10315 10315 E ActivityThread: 	at android.content.ContextWrapper.registerReceiver(ContextWrapper.java:593)
06-02 00:54:13.799 10315 10315 E ActivityThread: 	at amrb.run(:com.google.android.gms:4414)
06-02 00:54:13.799 10315 10315 E ActivityThread: 	at android.os.Handler.handleCallback(Handler.java:751)
06-02 00:54:13.799 10315 10315 E ActivityThread: 	at android.os.Handler.dispatchMessage(Handler.java:95)
06-02 00:54:13.799 10315 10315 E ActivityThread: 	at android.os.Looper.loop(Looper.java:241)
06-02 00:54:13.799 10315 10315 E ActivityThread: 	at android.os.HandlerThread.run(HandlerThread.java:61)
06-02 00:54:13.848  2185 24173 I chatty  : uid=1000(system) Binder:2185_19 expire 2 lines
06-02 00:54:21.166  2185  3723 I chatty  : uid=1000(system) Binder:2185_10 expire 2 lines
06-02 00:54:46.906  2185  2504 I chatty  : uid=1000(system) AlarmManager expire 5 lines
06-02 00:54:46.933  2185  2218 I chatty  : uid=1000(system) ActivityManager expire 6 lines
06-02 00:54:46.945  2185  2200 I chatty  : uid=1000(system) Binder:2185_2 expire 2 lines
06-02 00:55:23.517  2185  2217 I chatty  : uid=1000(system) android.bg expire 2 lines
06-02 00:55:23.568  2185  2185 I chatty  : uid=1000 system_server expire 2 lines
06-02 00:55:24.889  2185 19420 I chatty  : uid=1000(system) Binder:2185_12 expire 7 lines
06-02 00:55:24.890  2185  2218 I chatty  : uid=1000(system) ActivityManager expire 30 lines
06-02 00:55:24.891  2185  8479 I chatty  : uid=1000(system) Binder:2185_16 expire 1 line
06-02 00:55:24.892  2185  3565 I chatty  : uid=1000(system) Binder:2185_6 expire 2 lines
06-02 00:55:24.894  2185  2622 I chatty  : uid=1000(system) Binder:2185_4 expire 9 lines
06-02 00:55:24.895  2185 24175 I chatty  : uid=1000(system) Binder:2185_1A expire 5 lines
06-02 00:55:24.896  2185  5139 I chatty  : uid=1000(system) Binder:2185_15 expire 9 lines
06-02 00:55:24.898  2185  5138 I chatty  : uid=1000(system) Binder:2185_14 expire 4 lines
06-02 00:55:24.900  2185 24173 I chatty  : uid=1000(system) Binder:2185_19 expire 5 lines
06-02 00:55:24.901  2185  2547 I chatty  : uid=1000(system) Binder:2185_3 expire 4 lines
06-02 00:55:24.904  2185  3595 I chatty  : uid=1000(system) Binder:2185_8 expire 2 lines
06-02 00:55:24.905  2185  2890 I chatty  : uid=1000(system) Binder:2185_5 expire 3 lines
06-02 00:55:24.906  2185  3707 I chatty  : uid=1000(system) Binder:2185_F expire 2 lines
06-02 00:55:24.911  2185  3593 I chatty  : uid=1000(system) Binder:2185_7 expire 6 lines
06-02 00:55:24.913  2185 24171 I chatty  : uid=1000(system) Binder:2185_18 expire 3 lines
06-02 00:55:24.916  2185  3679 I chatty  : uid=1000(system) Binder:2185_C expire 4 lines
06-02 00:55:24.917  2185  2199 I chatty  : uid=1000(system) Binder:2185_1 expire 7 lines
06-02 00:55:24.919  2185 25141 I chatty  : uid=1000(system) Binder:2185_1C expire 1 line
06-02 00:55:40.001  2185  2255 I chatty  : uid=1000(system) android.fg expire 5 lines
06-02 00:55:40.018  2185  2222 I chatty  : uid=1000(system) batterystats-sy expire 8 lines
06-02 00:55:46.988  2185  2504 I chatty  : uid=1000(system) AlarmManager expire 32 lines
06-02 00:55:47.007  2185 10699 I chatty  : uid=1000(system) Binder:2185_1E expire 5 lines
06-02 00:55:52.854  2185  3723 I chatty  : uid=1000(system) Binder:2185_10 expire 1 line
06-02 00:56:03.889  2185 11206 I chatty  : uid=1000(system) Binder:2185_20 expire 4 lines
06-02 00:56:03.901  2185  3698 I chatty  : uid=1000(system) Binder:2185_E expire 3 lines
06-02 00:56:10.884  2185 31361 I chatty  : uid=1000(system) Binder:2185_17 expire 1 line
06-02 00:56:10.885  2185  2537 I chatty  : uid=1000(system) ConnectivitySer expire 1 line
06-02 00:56:12.344  2185 19421 I chatty  : uid=1000(system) Binder:2185_13 expire 8 lines
06-02 00:56:13.156  2185  4613 I chatty  : uid=1000(system) Binder:2185_1D expire 2 lines
06-02 00:56:13.521  3716  3818 W ContextImpl: Calling a method in the system process without a qualified user: android.app.ContextImpl.bindService:1422 android.content.ContextWrapper.bindService:636 com.google.android.gms.ads.identifier.AdvertisingIdClient.h:-1 com.google.android.gms.ads.identifier.AdvertisingIdClient.b:-1 com.google.android.gms.ads.identifier.AdvertisingIdClient.getAdvertisingIdInfo:-1 
06-02 00:56:13.925  2185  2218 I chatty  : uid=1000(system) ActivityManager expire 21 lines
06-02 00:56:24.280  2185  2200 I chatty  : uid=1000(system) Binder:2185_2 expire 3 lines
06-02 00:56:25.677  2185  3697 I chatty  : uid=1000(system) Binder:2185_D expire 1 line
06-02 00:56:25.933  2185  3678 I chatty  : uid=1000(system) Binder:2185_B expire 4 lines
06-02 00:56:26.196  2185 11205 I chatty  : uid=1000(system) Binder:2185_1F expire 2 lines
06-02 00:56:26.292  2185  3657 I chatty  : uid=1000(system) Binder:2185_A expire 1 line
06-02 00:56:26.777  2185  2519 I chatty  : uid=1000(system) NetworkStats expire 1 line
06-02 00:56:38.005  2185  2217 I chatty  : uid=1000(system) android.bg expire 3 lines
06-02 00:59:50.917  2185  3725 I chatty  : uid=1000(system) Binder:2185_11 expire 1 line
06-02 01:03:01.954  2185  2504 I chatty  : uid=1000(system) AlarmManager expire 46 lines
06-02 01:03:01.968  2185  4613 I chatty  : uid=1000(system) Binder:2185_1D expire 6 lines
06-02 01:03:02.057  2185  5138 I chatty  : uid=1000(system) Binder:2185_14 expire 3 lines
06-02 01:04:22.038  2185  3723 I chatty  : uid=1000(system) Binder:2185_10 expire 5 lines
06-02 01:04:22.224  2185  3679 I chatty  : uid=1000(system) Binder:2185_C expire 2 lines
06-02 01:04:22.276  2185  3678 I chatty  : uid=1000(system) Binder:2185_B expire 7 lines
06-02 01:04:22.277  2185  2218 I chatty  : uid=1000(system) ActivityManager expire 28 lines
06-02 01:04:22.593  2185  2200 I chatty  : uid=1000(system) Binder:2185_2 expire 6 lines
06-02 01:04:22.848  2185 11205 I chatty  : uid=1000(system) Binder:2185_1F expire 2 lines
06-02 01:04:22.853  2185  2622 I chatty  : uid=1000(system) Binder:2185_4 expire 5 lines
06-02 01:04:22.891  2185  2547 I chatty  : uid=1000(system) Binder:2185_3 expire 8 lines
06-02 01:04:22.897 20481 20513 W ContextImpl: Calling a method in the system process without a qualified user: android.app.ContextImpl.bindService:1422 android.content.ContextWrapper.bindService:636 com.google.android.gms.common.stats.zzb.zza:-1 com.google.android.gms.common.stats.zzb.zza:-1 com.google.android.gms.analytics.internal.zzi$zza.zziT:-1 
06-02 01:04:22.909  2185 19420 I chatty  : uid=1000(system) Binder:2185_12 expire 9 lines
06-02 01:04:22.957  2185  3595 I chatty  : uid=1000(system) Binder:2185_8 expire 1 line
06-02 01:04:55.922  2185  3565 I chatty  : uid=1000(system) Binder:2185_6 expire 2 lines
06-02 01:05:56.945  2185  8479 I chatty  : uid=1000(system) Binder:2185_16 expire 5 lines
06-02 01:05:57.027  2185 10699 I chatty  : uid=1000(system) Binder:2185_1E expire 2 lines
06-02 01:06:58.025  2185  5139 I chatty  : uid=1000(system) Binder:2185_15 expire 2 lines
06-02 01:06:58.041  2185  2255 I chatty  : uid=1000(system) android.fg expire 11 lines
06-02 01:06:58.042  2185  3657 I chatty  : uid=1000(system) Binder:2185_A expire 2 lines
06-02 01:06:58.061  2185  2222 I chatty  : uid=1000(system) batterystats-sy expire 11 lines
06-02 01:07:01.317  2185 24175 I chatty  : uid=1000(system) Binder:2185_1A expire 9 lines
06-02 01:07:01.338  2185 24171 I chatty  : uid=1000(system) Binder:2185_18 expire 6 lines
06-02 01:07:01.339  2185  2537 I chatty  : uid=1000(system) ConnectivitySer expire 1 line
06-02 01:07:01.340  2185 25141 I chatty  : uid=1000(system) Binder:2185_1C expire 4 lines
06-02 01:07:58.937  2185  3593 I chatty  : uid=1000(system) Binder:2185_7 expire 2 lines
06-02 01:07:58.951  2185  2522 I chatty  : uid=1000(system) NetworkPolicy expire 1 line
06-02 01:08:02.960  2185  3697 I chatty  : uid=1000(system) Binder:2185_D expire 2 lines
06-02 01:08:59.930  2185 11206 I chatty  : uid=1000(system) Binder:2185_20 expire 3 lines
06-02 01:08:59.995  2185  2890 I chatty  : uid=1000(system) Binder:2185_5 expire 3 lines
06-02 01:09:03.086  2185 25140 I chatty  : uid=1000(system) Binder:2185_1B expire 2 lines
06-02 01:09:04.009  2185 19421 I chatty  : uid=1000(system) Binder:2185_13 expire 3 lines
06-02 01:10:05.094  2185  3698 I chatty  : uid=1000(system) Binder:2185_E expire 2 lines
06-02 01:10:05.101  2185 31361 I chatty  : uid=1000(system) Binder:2185_17 expire 4 lines
06-02 01:11:06.049  2185  3707 I chatty  : uid=1000(system) Binder:2185_F expire 2 lines
06-02 01:12:07.157  2185  2217 I chatty  : uid=1000(system) android.bg expire 2 lines
06-02 01:12:07.197  2185  2185 I chatty  : uid=1000 system_server expire 2 lines
06-02 01:12:09.926  2185 24173 I chatty  : uid=1000(system) Binder:2185_19 expire 2 lines
06-02 01:12:10.017  2185  2199 I chatty  : uid=1000(system) Binder:2185_1 expire 1 line
06-02 01:12:21.287  2185  3653 I chatty  : uid=1000(system) Binder:2185_9 expire 4 lines
06-02 01:13:19.935  2185  2504 I chatty  : uid=1000(system) AlarmManager expire 20 lines
06-02 01:13:20.036  2185  2519 I chatty  : uid=1000(system) NetworkStats expire 3 lines
06-02 01:13:20.036  2185  2218 I chatty  : uid=1000(system) ActivityManager expire 46 lines
06-02 01:13:20.057  2185  2217 I chatty  : uid=1000(system) android.bg expire 2 lines
06-02 01:13:20.389  2185  3697 I chatty  : uid=1000(system) Binder:2185_D expire 3 lines
06-02 01:13:20.400  2185  5138 I chatty  : uid=1000(system) Binder:2185_14 expire 3 lines
06-02 01:13:20.462  2185  2622 I chatty  : uid=1000(system) Binder:2185_4 expire 4 lines
06-02 01:13:25.044  2185  2255 I chatty  : uid=1000(system) android.fg expire 6 lines
06-02 01:13:25.047  2185  2199 I chatty  : uid=1000(system) Binder:2185_1 expire 3 lines
06-02 01:13:25.060  2185  2222 I chatty  : uid=1000(system) batterystats-sy expire 7 lines
06-02 01:13:25.064  2185  5139 I chatty  : uid=1000(system) Binder:2185_15 expire 6 lines
06-02 01:13:25.089  2185 31361 I chatty  : uid=1000(system) Binder:2185_17 expire 9 lines
06-02 01:13:25.094  2185  3707 I chatty  : uid=1000(system) Binder:2185_F expire 7 lines
06-02 01:13:25.131  2185  2890 I chatty  : uid=1000(system) Binder:2185_5 expire 14 lines
06-02 01:13:25.132  2185  2185 I chatty  : uid=1000 system_server expire 1 line
06-02 01:13:25.147  2185 10699 I chatty  : uid=1000(system) Binder:2185_1E expire 1 line
06-02 01:13:25.173  2185  3593 I chatty  : uid=1000(system) Binder:2185_7 expire 3 lines
06-02 01:13:25.183  2185  3657 I chatty  : uid=1000(system) Binder:2185_A expire 5 lines
06-02 01:13:25.216  2185 24171 I chatty  : uid=1000(system) Binder:2185_18 expire 7 lines
06-02 01:13:25.244  2185  2547 I chatty  : uid=1000(system) Binder:2185_3 expire 3 lines
06-02 01:13:25.295  2185  3679 I chatty  : uid=1000(system) Binder:2185_C expire 2 lines
06-02 01:13:25.316  2185  3698 I chatty  : uid=1000(system) Binder:2185_E expire 9 lines
06-02 01:13:25.321  2185  3595 I chatty  : uid=1000(system) Binder:2185_8 expire 3 lines
06-02 01:13:25.326  2185 25141 I chatty  : uid=1000(system) Binder:2185_1C expire 3 lines
06-02 01:13:37.430  2185 19420 I chatty  : uid=1000(system) Binder:2185_12 expire 3 lines
06-02 01:13:37.430  2185  3565 I chatty  : uid=1000(system) Binder:2185_6 expire 5 lines
06-02 01:13:37.443  2185 24175 I chatty  : uid=1000(system) Binder:2185_1A expire 1 line
06-02 01:13:37.115  2185  3725 I chatty  : uid=1000(system) Binder:2185_11 expire 1 line
06-02 01:13:37.131  2185 19421 I chatty  : uid=1000(system) Binder:2185_13 expire 6 lines
06-02 01:14:20.917  2185 24173 I chatty  : uid=1000(system) Binder:2185_19 expire 1 line
06-02 01:15:05.004  2185  8479 I chatty  : uid=1000(system) Binder:2185_16 expire 3 lines
06-02 01:16:38.910  2185  2256 I chatty  : uid=1000(system) android.io expire 3 lines
06-02 01:16:39.425  2185  2200 I chatty  : uid=1000(system) Binder:2185_2 expire 5 lines
06-02 01:17:07.930  2185  3723 I chatty  : uid=1000(system) Binder:2185_10 expire 3 lines
06-02 01:17:08.021  2185 11205 I chatty  : uid=1000(system) Binder:2185_1F expire 2 lines
06-02 01:17:14.206  2185  2537 I chatty  : uid=1000(system) ConnectivitySer expire 1 line
06-02 01:17:19.106 20930 21468 E ActivityThread: Failed to find provider info for com.facebook.katana.provider.AttributionIdProvider
06-02 01:17:19.251  2185  2218 I chatty  : uid=1000(system) ActivityManager expire 8 lines
06-02 01:17:29.415  2185 11206 I chatty  : uid=1000(system) Binder:2185_20 expire 7 lines
06-02 01:17:41.147  2185  2218 I chatty  : uid=1000(system) ActivityManager expire 22 lines
06-02 01:17:41.209  2185  3725 I chatty  : uid=1000(system) Binder:2185_11 expire 5 lines
06-02 01:17:41.632  2185  3595 I chatty  : uid=1000(system) Binder:2185_8 expire 7 lines
06-02 01:17:41.683  2185  3679 I chatty  : uid=1000(system) Binder:2185_C expire 2 lines
06-02 01:17:41.684  2185  8479 I chatty  : uid=1000(system) Binder:2185_16 expire 2 lines
06-02 01:17:41.752  2185  2547 I chatty  : uid=1000(system) Binder:2185_3 expire 5 lines
06-02 01:17:41.876  2185  3697 I chatty  : uid=1000(system) Binder:2185_D expire 9 lines
06-02 01:17:41.879  2185  3565 I chatty  : uid=1000(system) Binder:2185_6 expire 4 lines
06-02 01:17:42.241  2185  5138 I chatty  : uid=1000(system) Binder:2185_14 expire 9 lines
06-02 01:17:43.063  2185  3653 I chatty  : uid=1000(system) Binder:2185_9 expire 7 lines
06-02 01:18:08.900  2185  2504 I chatty  : uid=1000(system) AlarmManager expire 54 lines
06-02 01:18:08.928  2185  2255 I chatty  : uid=1000(system) android.fg expire 14 lines
06-02 01:18:08.939  2185  2222 I chatty  : uid=1000(system) batterystats-sy expire 14 lines
06-02 01:18:09.007  2185  3678 I chatty  : uid=1000(system) Binder:2185_B expire 3 lines
06-02 01:18:09.032  2185 25141 I chatty  : uid=1000(system) Binder:2185_1C expire 3 lines
06-02 01:18:09.217  2185  5139 I chatty  : uid=1000(system) Binder:2185_15 expire 5 lines
06-02 01:18:09.226  2185 24173 I chatty  : uid=1000(system) Binder:2185_19 expire 1 line
06-02 01:18:09.401  2185  2185 I chatty  : uid=1000 system_server expire 2 lines
06-02 01:18:09.442  2185  2199 I chatty  : uid=1000(system) Binder:2185_1 expire 3 lines
06-02 01:18:09.535  2185 31361 I chatty  : uid=1000(system) Binder:2185_17 expire 3 lines
06-02 01:19:09.992  2185  2200 I chatty  : uid=1000(system) Binder:2185_2 expire 5 lines
06-02 01:19:10.001  2185 10699 I chatty  : uid=1000(system) Binder:2185_1E expire 6 lines
06-02 01:19:10.026  2185  3657 I chatty  : uid=1000(system) Binder:2185_A expire 3 lines
06-02 01:19:19.958  2185  3723 I chatty  : uid=1000(system) Binder:2185_10 expire 1 line
06-02 01:20:10.992  2185 25140 I chatty  : uid=1000(system) Binder:2185_1B expire 4 lines
06-02 01:20:11.096  2185  4613 I chatty  : uid=1000(system) Binder:2185_1D expire 4 lines
06-02 01:21:11.951  2185 24171 I chatty  : uid=1000(system) Binder:2185_18 expire 2 lines
06-02 01:22:12.940  2185 24175 I chatty  : uid=1000(system) Binder:2185_1A expire 2 lines
06-02 01:22:12.966  2185 11205 I chatty  : uid=1000(system) Binder:2185_1F expire 3 lines
06-02 01:23:14.119  2185  3593 I chatty  : uid=1000(system) Binder:2185_7 expire 3 lines
06-02 01:24:14.071  2185  2622 I chatty  : uid=1000(system) Binder:2185_4 expire 3 lines
06-02 01:28:18.368  2185  2256 I chatty  : uid=1000(system) android.io expire 3 lines
06-02 01:28:18.377  2185  3698 I chatty  : uid=1000(system) Binder:2185_E expire 1 line
06-02 01:28:19.158  2185  2217 I chatty  : uid=1000(system) android.bg expire 6 lines
06-02 01:28:20.069  2185  3723 I chatty  : uid=1000(system) Binder:2185_10 expire 5 lines
06-02 01:28:20.265  2185  3725 I chatty  : uid=1000(system) Binder:2185_11 expire 9 lines
06-02 01:28:23.021  2185  2218 I chatty  : uid=1000(system) ActivityManager expire 35 lines
06-02 01:29:18.927  2185  2504 I chatty  : uid=1000(system) AlarmManager expire 27 lines
06-02 01:29:18.939  2185  2255 I chatty  : uid=1000(system) android.fg expire 13 lines
06-02 01:29:18.953  2185  2222 I chatty  : uid=1000(system) batterystats-sy expire 14 lines
06-02 01:29:18.957  2185 11205 I chatty  : uid=1000(system) Binder:2185_1F expire 3 lines
06-02 01:29:18.980  2185 31361 I chatty  : uid=1000(system) Binder:2185_17 expire 4 lines
06-02 01:29:19.018  2185 10699 I chatty  : uid=1000(system) Binder:2185_1E expire 4 lines
06-02 01:29:19.072  2185 24175 I chatty  : uid=1000(system) Binder:2185_1A expire 4 lines
06-02 01:29:19.092  2185  2547 I chatty  : uid=1000(system) Binder:2185_3 expire 6 lines
06-02 01:29:19.101  2185  2185 I chatty  : uid=1000 system_server expire 5 lines
06-02 01:29:19.126  2185 19421 I chatty  : uid=1000(system) Binder:2185_13 expire 2 lines
06-02 01:30:19.978  2185  3698 I chatty  : uid=1000(system) Binder:2185_E expire 8 lines
06-02 01:30:20.053  2185 24173 I chatty  : uid=1000(system) Binder:2185_19 expire 5 lines
06-02 01:30:20.076  2185  3678 I chatty  : uid=1000(system) Binder:2185_B expire 3 lines
06-02 01:30:20.114  2185 25140 I chatty  : uid=1000(system) Binder:2185_1B expire 7 lines
06-02 01:30:20.260  2185  5139 I chatty  : uid=1000(system) Binder:2185_15 expire 5 lines
06-02 01:31:20.952  2185  3653 I chatty  : uid=1000(system) Binder:2185_9 expire 4 lines
06-02 01:31:20.971  2185  3593 I chatty  : uid=1000(system) Binder:2185_7 expire 1 line
06-02 01:31:21.038  2185  2200 I chatty  : uid=1000(system) Binder:2185_2 expire 6 lines
06-02 01:32:21.978  2185  2890 I chatty  : uid=1000(system) Binder:2185_5 expire 4 lines
06-02 01:32:21.992  2185  3657 I chatty  : uid=1000(system) Binder:2185_A expire 2 lines
06-02 01:32:22.051  2185  4613 I chatty  : uid=1000(system) Binder:2185_1D expire 3 lines
06-02 01:32:22.058  2185  3595 I chatty  : uid=1000(system) Binder:2185_8 expire 3 lines
06-02 01:34:01.468  2185 24171 I chatty  : uid=1000(system) Binder:2185_18 expire 2 lines
06-02 01:35:02.084  2185  8479 I chatty  : uid=1000(system) Binder:2185_16 expire 2 lines
06-02 01:35:03.984 21714 22356 E ActivityThread: Failed to find provider info for com.facebook.katana.provider.AttributionIdProvider
06-02 01:35:12.076  2185  2537 I chatty  : uid=1000(system) ConnectivitySer expire 1 line
06-02 01:35:13.459  2185 11206 I chatty  : uid=1000(system) Binder:2185_20 expire 1 line
06-02 01:35:14.039  2185  3679 I chatty  : uid=1000(system) Binder:2185_C expire 2 lines
06-02 01:35:14.088  2185 19420 I chatty  : uid=1000(system) Binder:2185_12 expire 6 lines
06-02 01:35:24.929  2185  2504 I chatty  : uid=1000(system) AlarmManager expire 12 lines
06-02 01:36:02.920  2185  2522 I chatty  : uid=1000(system) NetworkPolicy expire 1 line
06-02 01:36:02.963  2185  5138 I chatty  : uid=1000(system) Binder:2185_14 expire 1 line
06-02 01:36:03.285  2185  3565 I chatty  : uid=1000(system) Binder:2185_6 expire 3 lines
06-02 01:36:03.454  2185  2199 I chatty  : uid=1000(system) Binder:2185_1 expire 1 line
06-02 01:47:58.218  2185  3697 I chatty  : uid=1000(system) Binder:2185_D expire 1 line
06-02 01:47:58.279  2185  2622 I chatty  : uid=1000(system) Binder:2185_4 expire 2 lines
06-02 01:47:58.990  2185  3707 I chatty  : uid=1000(system) Binder:2185_F expire 2 lines
06-02 01:48:37.996  2185  2519 I chatty  : uid=1000(system) NetworkStats expire 2 lines
06-02 02:00:01.316 22711 22711 D ActivityThread: Loading provider com.whatsapp.provider.contact: com.whatsapp.contact.ContactProvider
06-02 02:00:01.426  2185  2218 I chatty  : uid=1000(system) ActivityManager expire 24 lines
06-02 02:00:01.677  2185 10699 I chatty  : uid=1000(system) Binder:2185_1E expire 12 lines
06-02 02:00:01.691  2185 24171 I chatty  : uid=1000(system) Binder:2185_18 expire 8 lines
06-02 02:00:01.696  2185 25140 I chatty  : uid=1000(system) Binder:2185_1B expire 4 lines
06-02 02:00:01.714  2185 19421 I chatty  : uid=1000(system) Binder:2185_13 expire 5 lines
06-02 02:00:01.720  2185  4613 I chatty  : uid=1000(system) Binder:2185_1D expire 12 lines
06-02 02:00:01.725  2185  3657 I chatty  : uid=1000(system) Binder:2185_A expire 16 lines
06-02 02:00:01.771  2185  2255 I chatty  : uid=1000(system) android.fg expire 15 lines
06-02 02:00:01.785  2185  2222 I chatty  : uid=1000(system) batterystats-sy expire 16 lines
06-02 02:00:01.825  2185  3653 I chatty  : uid=1000(system) Binder:2185_9 expire 5 lines
06-02 02:00:01.854  2185 24173 I chatty  : uid=1000(system) Binder:2185_19 expire 12 lines
06-02 02:00:01.861  2185  8479 I chatty  : uid=1000(system) Binder:2185_16 expire 11 lines
06-02 02:02:33.132  2185  3679 I chatty  : uid=1000(system) Binder:2185_C expire 3 lines
06-02 02:05:05.719  2185  2890 I chatty  : uid=1000(system) Binder:2185_5 expire 5 lines
06-02 02:05:06.262  2185  5138 I chatty  : uid=1000(system) Binder:2185_14 expire 8 lines
06-02 02:05:06.330  2185 19420 I chatty  : uid=1000(system) Binder:2185_12 expire 1 line
06-02 02:05:06.623  2185 11206 I chatty  : uid=1000(system) Binder:2185_20 expire 7 lines
06-02 02:05:06.729  2185  3723 I chatty  : uid=1000(system) Binder:2185_10 expire 2 lines
06-02 02:05:06.733  2185  2547 I chatty  : uid=1000(system) Binder:2185_3 expire 2 lines
06-02 02:07:40.056  2185 25141 I chatty  : uid=1000(system) Binder:2185_1C expire 4 lines
06-02 02:10:02.903  2185  2504 I chatty  : uid=1000(system) AlarmManager expire 26 lines
06-02 02:17:23.082  2185  2185 I chatty  : uid=1000 system_server expire 2 lines
06-02 02:17:37.008  2185  2519 I chatty  : uid=1000(system) NetworkStats expire 3 lines
06-02 02:17:37.078  2185  2537 I chatty  : uid=1000(system) ConnectivitySer expire 1 line
06-02 02:17:37.392  2185 11205 I chatty  : uid=1000(system) Binder:2185_1F expire 2 lines
06-02 02:32:21.924  2185  3595 I chatty  : uid=1000(system) Binder:2185_8 expire 4 lines
06-02 02:32:22.183  2185  3565 I chatty  : uid=1000(system) Binder:2185_6 expire 4 lines
06-02 02:32:22.453  2185  3725 I chatty  : uid=1000(system) Binder:2185_11 expire 3 lines
06-02 02:32:22.710  2185  2217 I chatty  : uid=1000(system) android.bg expire 2 lines
06-02 02:32:22.733  2185  2256 I chatty  : uid=1000(system) android.io expire 5 lines
06-02 02:32:22.744  2185  2622 I chatty  : uid=1000(system) Binder:2185_4 expire 1 line
06-02 02:32:22.748  2185 24175 I chatty  : uid=1000(system) Binder:2185_1A expire 1 line
06-02 02:32:22.907  2185  3707 I chatty  : uid=1000(system) Binder:2185_F expire 2 lines
06-02 02:32:23.262  2185  2199 I chatty  : uid=1000(system) Binder:2185_1 expire 1 line
06-02 02:32:24.185  2185 31361 I chatty  : uid=1000(system) Binder:2185_17 expire 1 line
06-02 02:32:25.411 23287 23287 D ActivityThread: Loading provider com.whatsapp.provider.contact: com.whatsapp.contact.ContactProvider
06-02 02:32:25.417  2185  8479 I chatty  : uid=1000(system) Binder:2185_16 expire 3 lines
06-02 02:32:25.508  2185  5139 I chatty  : uid=1000(system) Binder:2185_15 expire 4 lines
06-02 02:32:25.509  2185  2218 I chatty  : uid=1000(system) ActivityManager expire 10 lines
06-02 02:32:25.598  2185 24175 I chatty  : uid=1000(system) Binder:2185_1A expire 6 lines
06-02 02:32:25.692  2185  3707 I chatty  : uid=1000(system) Binder:2185_F expire 3 lines
06-02 02:32:25.695  2185  2199 I chatty  : uid=1000(system) Binder:2185_1 expire 6 lines
06-02 02:32:25.818  2185 11206 I chatty  : uid=1000(system) Binder:2185_20 expire 3 lines
06-02 02:32:25.958  2185 10699 I chatty  : uid=1000(system) Binder:2185_1E expire 2 lines
06-02 02:32:26.029  2185  3657 I chatty  : uid=1000(system) Binder:2185_A expire 3 lines
06-02 02:32:26.129  2185  2890 I chatty  : uid=1000(system) Binder:2185_5 expire 2 lines
06-02 02:32:26.190  2185  3565 I chatty  : uid=1000(system) Binder:2185_6 expire 5 lines
06-02 02:32:26.202  2185  2547 I chatty  : uid=1000(system) Binder:2185_3 expire 9 lines
06-02 02:32:26.210  2185 24173 I chatty  : uid=1000(system) Binder:2185_19 expire 11 lines
06-02 02:32:26.240  2185 19420 I chatty  : uid=1000(system) Binder:2185_12 expire 2 lines
06-02 02:32:26.276  2185  3678 I chatty  : uid=1000(system) Binder:2185_B expire 4 lines
06-02 02:32:26.299  2185 24171 I chatty  : uid=1000(system) Binder:2185_18 expire 10 lines
06-02 02:32:26.299  2185  4613 I chatty  : uid=1000(system) Binder:2185_1D expire 2 lines
06-02 02:32:26.302  2185 19421 I chatty  : uid=1000(system) Binder:2185_13 expire 17 lines
06-02 02:32:26.572  2185 11205 I chatty  : uid=1000(system) Binder:2185_1F expire 9 lines
06-02 02:32:26.720  2185 25141 I chatty  : uid=1000(system) Binder:2185_1C expire 2 lines
06-02 02:32:26.751  2185  3697 I chatty  : uid=1000(system) Binder:2185_D expire 5 lines
06-02 02:32:26.789  2185  3725 I chatty  : uid=1000(system) Binder:2185_11 expire 7 lines
06-02 02:32:26.928  2185 31361 I chatty  : uid=1000(system) Binder:2185_17 expire 7 lines
06-02 02:32:27.033  2185  3593 I chatty  : uid=1000(system) Binder:2185_7 expire 3 lines
06-02 02:32:27.127  2185  2622 I chatty  : uid=1000(system) Binder:2185_4 expire 7 lines
06-02 02:32:31.470  2185  2504 I chatty  : uid=1000(system) AlarmManager expire 11 lines
06-02 02:32:31.535  2185  3595 I chatty  : uid=1000(system) Binder:2185_8 expire 2 lines
06-02 02:32:31.545  2185  3679 I chatty  : uid=1000(system) Binder:2185_C expire 2 lines
06-02 02:32:37.728 22843 23476 E ActivityThread: Failed to find provider info for com.facebook.katana.provider.AttributionIdProvider
06-02 02:32:42.204  2185  2218 I chatty  : uid=1000(system) ActivityManager expire 29 lines
06-02 02:32:43.897  2185  5138 I chatty  : uid=1000(system) Binder:2185_14 expire 5 lines
06-02 02:33:19.265  2185  2255 I chatty  : uid=1000(system) android.fg expire 11 lines
06-02 02:33:19.276  2185  2222 I chatty  : uid=1000(system) batterystats-sy expire 15 lines
06-02 02:33:19.321  2185  2217 I chatty  : uid=1000(system) android.bg expire 2 lines
06-02 02:33:19.464  2185  2185 I chatty  : uid=1000 system_server expire 27 lines
06-02 03:01:42.109  2185  2543 I chatty  : uid=1000(system) onProviders.ECP expire 1 line
06-02 03:01:43.138  2185  2522 I chatty  : uid=1000(system) NetworkPolicy expire 2 lines
06-02 03:01:43.164  2185  5138 I chatty  : uid=1000(system) Binder:2185_14 expire 6 lines
06-02 03:01:43.341  2185 10699 I chatty  : uid=1000(system) Binder:2185_1E expire 3 lines
06-02 03:01:43.342  2185  3593 I chatty  : uid=1000(system) Binder:2185_7 expire 7 lines
06-02 03:10:01.450  2185  3657 I chatty  : uid=1000(system) Binder:2185_A expire 10 lines
06-02 03:10:01.453  2185  2200 I chatty  : uid=1000(system) Binder:2185_2 expire 9 lines
06-02 03:10:01.472  2185 24171 I chatty  : uid=1000(system) Binder:2185_18 expire 6 lines
06-02 03:10:01.542  2185  5139 I chatty  : uid=1000(system) Binder:2185_15 expire 4 lines
06-02 03:15:26.905  2185  2218 I chatty  : uid=1000(system) ActivityManager expire 19 lines
06-02 03:15:26.910  2185  2504 I chatty  : uid=1000(system) AlarmManager expire 19 lines
06-02 03:15:26.995  2185  2622 I chatty  : uid=1000(system) Binder:2185_4 expire 2 lines
06-02 03:15:27.160  2185 25140 I chatty  : uid=1000(system) Binder:2185_1B expire 3 lines
06-02 03:15:27.407  2185  2256 I chatty  : uid=1000(system) android.io expire 4 lines
06-02 03:15:27.428  2185 11205 I chatty  : uid=1000(system) Binder:2185_1F expire 6 lines
06-02 03:15:27.538  2185  2199 I chatty  : uid=1000(system) Binder:2185_1 expire 1 line
06-02 03:15:27.686  2185 25141 I chatty  : uid=1000(system) Binder:2185_1C expire 7 lines
06-02 03:15:28.503  2185  3679 I chatty  : uid=1000(system) Binder:2185_C expire 9 lines
06-02 03:15:28.531  2185  2255 I chatty  : uid=1000(system) android.fg expire 13 lines
06-02 03:15:28.544  2185  2222 I chatty  : uid=1000(system) batterystats-sy expire 13 lines
06-02 03:15:28.599  2185  8479 I chatty  : uid=1000(system) Binder:2185_16 expire 8 lines
06-02 03:15:28.906  2185  3723 I chatty  : uid=1000(system) Binder:2185_10 expire 7 lines
06-02 03:15:29.977  2185  3565 I chatty  : uid=1000(system) Binder:2185_6 expire 3 lines
06-02 03:15:31.070  2185 19420 I chatty  : uid=1000(system) Binder:2185_12 expire 6 lines
06-02 03:15:31.098  2185 11206 I chatty  : uid=1000(system) Binder:2185_20 expire 4 lines
06-02 03:15:31.130  2185  2547 I chatty  : uid=1000(system) Binder:2185_3 expire 3 lines
06-02 03:15:32.233  2185 31361 I chatty  : uid=1000(system) Binder:2185_17 expire 4 lines
06-02 03:15:32.426  2185  2519 I chatty  : uid=1000(system) NetworkStats expire 6 lines
06-02 03:15:37.035  2185  3698 I chatty  : uid=1000(system) Binder:2185_E expire 1 line
06-02 03:24:54.393  2185  3653 I chatty  : uid=1000(system) Binder:2185_9 expire 2 lines
06-02 03:47:57.965  2185 24175 I chatty  : uid=1000(system) Binder:2185_1A expire 2 lines
06-02 03:55:44.012  2185  3595 I chatty  : uid=1000(system) Binder:2185_8 expire 2 lines
06-02 03:55:44.405  2185  3697 I chatty  : uid=1000(system) Binder:2185_D expire 1 line
06-02 03:55:45.215  2185  3725 I chatty  : uid=1000(system) Binder:2185_11 expire 5 lines
06-02 04:13:34.958  2185  3707 I chatty  : uid=1000(system) Binder:2185_F expire 5 lines
06-02 04:13:38.275  2185 24171 I chatty  : uid=1000(system) Binder:2185_18 expire 7 lines
06-02 04:13:38.459  2185  2547 I chatty  : uid=1000(system) Binder:2185_3 expire 12 lines
06-02 04:13:38.555  2185  3653 I chatty  : uid=1000(system) Binder:2185_9 expire 4 lines
06-02 04:13:38.565  2185  3565 I chatty  : uid=1000(system) Binder:2185_6 expire 4 lines
06-02 04:13:38.567  2185  2185 I chatty  : uid=1000 system_server expire 2 lines
06-02 04:13:38.628  2185  2519 I chatty  : uid=1000(system) NetworkStats expire 5 lines
06-02 04:13:38.628  2185  2218 I chatty  : uid=1000(system) ActivityManager expire 15 lines
06-02 04:13:38.654  2185  3595 I chatty  : uid=1000(system) Binder:2185_8 expire 14 lines
06-02 04:13:38.686  2185  4613 I chatty  : uid=1000(system) Binder:2185_1D expire 5 lines
06-02 04:13:38.698  2185 31361 I chatty  : uid=1000(system) Binder:2185_17 expire 8 lines
06-02 04:14:36.918  2185  2504 I chatty  : uid=1000(system) AlarmManager expire 22 lines
06-02 04:14:36.940  2185  2255 I chatty  : uid=1000(system) android.fg expire 9 lines
06-02 04:14:36.976  2185  2222 I chatty  : uid=1000(system) batterystats-sy expire 9 lines
06-02 04:14:37.330  2185 11205 I chatty  : uid=1000(system) Binder:2185_1F expire 5 lines
06-02 04:14:37.707  2185  3698 I chatty  : uid=1000(system) Binder:2185_E expire 7 lines
06-02 04:19:30.652  2185 19420 I chatty  : uid=1000(system) Binder:2185_12 expire 4 lines
06-02 04:19:32.162  2185  3725 I chatty  : uid=1000(system) Binder:2185_11 expire 1 line
06-02 04:22:10.036  2185 24173 I chatty  : uid=1000(system) Binder:2185_19 expire 5 lines
06-02 04:22:10.079  2185  3723 I chatty  : uid=1000(system) Binder:2185_10 expire 3 lines
06-02 04:22:10.360  2185  3678 I chatty  : uid=1000(system) Binder:2185_B expire 3 lines
06-02 04:22:10.430  2185  2217 I chatty  : uid=1000(system) android.bg expire 5 lines
06-02 04:22:10.470  2185  3593 I chatty  : uid=1000(system) Binder:2185_7 expire 3 lines
06-02 04:22:10.494  2185 25141 I chatty  : uid=1000(system) Binder:2185_1C expire 2 lines
06-02 04:22:10.557  2185  5139 I chatty  : uid=1000(system) Binder:2185_15 expire 5 lines
06-02 04:22:10.762  2185  2200 I chatty  : uid=1000(system) Binder:2185_2 expire 12 lines
06-02 04:22:11.939  2185 11206 I chatty  : uid=1000(system) Binder:2185_20 expire 1 line
06-02 04:22:11.944  2185  8479 I chatty  : uid=1000(system) Binder:2185_16 expire 2 lines
06-02 04:22:12.426  2185  3697 I chatty  : uid=1000(system) Binder:2185_D expire 1 line
