05-29 09:07:37.641  2185 11205 I chatty  : uid=1000(system) Binder:2185_1F expire 3 lines
05-29 09:07:37.725  2185  2258 I chatty  : uid=1000(system) android.display expire 6 lines
05-29 09:07:37.758  2185  8479 I chatty  : uid=1000(system) Binder:2185_16 expire 5 lines
05-29 09:07:37.769  2185  3653 I chatty  : uid=1000(system) Binder:2185_9 expire 3 lines
05-29 09:07:37.797  2185 19420 I chatty  : uid=1000(system) Binder:2185_12 expire 2 lines
05-29 09:07:37.929  2185  3595 I chatty  : uid=1000(system) Binder:2185_8 expire 5 lines
05-29 09:07:37.933  2185 31361 I chatty  : uid=1000(system) Binder:2185_17 expire 3 lines
05-29 09:07:37.937  2185  4613 I chatty  : uid=1000(system) Binder:2185_1D expire 3 lines
05-29 09:07:38.367  2185 19421 I chatty  : uid=1000(system) Binder:2185_13 expire 6 lines
05-29 09:07:38.395  2185  3698 I chatty  : uid=1000(system) Binder:2185_E expire 8 lines
05-29 09:07:38.400  2185 25141 I chatty  : uid=1000(system) Binder:2185_1C expire 4 lines
05-29 09:07:38.702  2185  3725 I chatty  : uid=1000(system) Binder:2185_11 expire 8 lines
05-29 09:07:38.708  2185  3657 I chatty  : uid=1000(system) Binder:2185_A expire 1 line
05-29 09:07:38.724  2185  2199 I chatty  : uid=1000(system) Binder:2185_1 expire 4 lines
05-29 09:07:40.498  2185  2890 I chatty  : uid=1000(system) Binder:2185_5 expire 5 lines
05-29 09:07:40.500  2185  2220 I chatty  : uid=1000(system) ActivityManager expire 1 line
05-29 09:07:40.535  2185 24175 I chatty  : uid=1000(system) Binder:2185_1A expire 5 lines
05-29 09:07:40.743  2185 10699 I chatty  : uid=1000(system) Binder:2185_1E expire 2 lines
05-29 09:07:40.983  2185  3707 I chatty  : uid=1000(system) Binder:2185_F expire 4 lines
05-29 09:07:41.566  2185  3723 I chatty  : uid=1000(system) Binder:2185_10 expire 2 lines
05-29 09:07:41.846  2185  5139 I chatty  : uid=1000(system) Binder:2185_15 expire 4 lines
05-29 09:07:41.944  2185  3697 I chatty  : uid=1000(system) Binder:2185_D expire 2 lines
05-29 09:07:42.296  2185  3678 I chatty  : uid=1000(system) Binder:2185_B expire 3 lines
05-29 09:07:45.268  2185  2504 I chatty  : uid=1000(system) AlarmManager expire 4 lines
05-29 09:07:46.604  2185  2200 I chatty  : uid=1000(system) Binder:2185_2 expire 2 lines
05-29 09:07:46.783  2185  3593 I chatty  : uid=1000(system) Binder:2185_7 expire 2 lines
05-29 09:07:52.168  2185 11206 I chatty  : uid=1000(system) Binder:2185_20 expire 4 lines
05-29 09:07:52.448  2185  2255 I chatty  : uid=1000(system) android.fg expire 5 lines
05-29 09:07:53.451  2185 24173 I chatty  : uid=1000(system) Binder:2185_19 expire 4 lines
05-29 09:07:53.526  2185  2537 I chatty  : uid=1000(system) ConnectivitySer expire 2 lines
05-29 09:07:53.642  2185  2547 I chatty  : uid=1000(system) Binder:2185_3 expire 6 lines
05-29 09:07:54.317  2185  2622 I chatty  : uid=1000(system) Binder:2185_4 expire 3 lines
05-29 09:07:57.132  2185 25140 I chatty  : uid=1000(system) Binder:2185_1B expire 2 lines
05-29 09:08:00.532 24733 24733 V KeyguardStatusView: refresh statusview showing:true
05-29 09:08:02.963 24733 24733 V KeyguardDisplayManager: hide
05-29 09:08:02.970  2185  2218 I chatty  : uid=1000(system) ActivityManager expire 9 lines
05-29 09:08:02.997  2185  2263 I chatty  : uid=1000(system) PowerManagerSer expire 5 lines
05-29 09:08:07.243  2185  2507 I chatty  : uid=1000(system) InputReader expire 2 lines
05-29 09:08:07.259  2185  2185 I chatty  : uid=1000 system_server expire 7 lines
05-29 09:08:08.021 24733 24733 V KeyguardStatusView: refresh statusview showing:true
05-29 09:08:08.055 24733 24733 V KeyguardDisplayManager: show
05-29 09:08:20.590  2185  2256 I chatty  : uid=1000(system) android.io expire 2 lines
05-29 09:08:25.604 24733 24733 V KeyguardDisplayManager: hide
05-29 09:08:25.625  2185  3565 I chatty  : uid=1000(system) Binder:2185_6 expire 2 lines
05-29 09:08:25.662  2185  3678 I chatty  : uid=1000(system) Binder:2185_B expire 5 lines
05-29 09:08:25.703  2185 24173 I chatty  : uid=1000(system) Binder:2185_19 expire 7 lines
05-29 09:08:26.138  2185  2218 I chatty  : uid=1000(system) ActivityManager expire 38 lines
05-29 09:08:26.794  2185  3707 I chatty  : uid=1000(system) Binder:2185_F expire 3 lines
05-29 09:08:26.805  2185 24171 I chatty  : uid=1000(system) Binder:2185_18 expire 3 lines
05-29 09:08:26.839  2185 31361 I chatty  : uid=1000(system) Binder:2185_17 expire 6 lines
05-29 09:08:26.853  2185  3698 I chatty  : uid=1000(system) Binder:2185_E expire 8 lines
05-29 09:08:26.885  2185  2537 I chatty  : uid=1000(system) ConnectivitySer expire 5 lines
05-29 09:08:28.570  2185  3723 I chatty  : uid=1000(system) Binder:2185_10 expire 6 lines
05-29 09:08:29.587  6597 21300 E ActivityThread: Failed to find provider info for com.facebook.katana.provider.AttributionIdProvider
05-29 09:08:30.171  2185  2506 I chatty  : uid=1000(system) InputDispatcher expire 6 lines
05-29 09:08:30.921  2185 25140 I chatty  : uid=1000(system) Binder:2185_1B expire 4 lines
05-29 09:08:30.963  2185  5139 I chatty  : uid=1000(system) Binder:2185_15 expire 2 lines
05-29 09:08:31.178  2185  2200 I chatty  : uid=1000(system) Binder:2185_2 expire 2 lines
05-29 09:08:32.215  2185 11206 I chatty  : uid=1000(system) Binder:2185_20 expire 1 line
05-29 09:08:32.330  2185  2199 I chatty  : uid=1000(system) Binder:2185_1 expire 3 lines
05-29 09:08:32.487  2185 19420 I chatty  : uid=1000(system) Binder:2185_12 expire 1 line
05-29 09:08:32.512  2185  3593 I chatty  : uid=1000(system) Binder:2185_7 expire 2 lines
05-29 09:08:32.553  2185  3595 I chatty  : uid=1000(system) Binder:2185_8 expire 10 lines
05-29 09:08:32.579  2185  5138 I chatty  : uid=1000(system) Binder:2185_14 expire 5 lines
05-29 09:08:32.607  2185  8479 I chatty  : uid=1000(system) Binder:2185_16 expire 2 lines
05-29 09:08:32.610  2185 24175 I chatty  : uid=1000(system) Binder:2185_1A expire 3 lines
05-29 09:08:32.812  2185  2622 I chatty  : uid=1000(system) Binder:2185_4 expire 2 lines
05-29 09:08:32.848  2185  2547 I chatty  : uid=1000(system) Binder:2185_3 expire 4 lines
05-29 09:08:33.022  2185  2258 I chatty  : uid=1000(system) android.display expire 4 lines
05-29 09:08:33.235  2185  3697 I chatty  : uid=1000(system) Binder:2185_D expire 4 lines
05-29 09:08:34.420  2185  3653 I chatty  : uid=1000(system) Binder:2185_9 expire 6 lines
05-29 09:08:37.321  2185  3657 I chatty  : uid=1000(system) Binder:2185_A expire 3 lines
05-29 09:08:37.560  2185  3679 I chatty  : uid=1000(system) Binder:2185_C expire 2 lines
05-29 09:08:38.000  2185 11205 I chatty  : uid=1000(system) Binder:2185_1F expire 4 lines
05-29 09:08:48.528  2185 10699 I chatty  : uid=1000(system) Binder:2185_1E expire 4 lines
05-29 09:08:49.406  2185  2890 I chatty  : uid=1000(system) Binder:2185_5 expire 1 line
05-29 09:08:50.176  2185  2507 I chatty  : uid=1000(system) InputReader expire 1 line
05-29 09:08:50.200  2185  2185 I chatty  : uid=1000 system_server expire 4 lines
05-29 09:08:50.676  2185  2263 I chatty  : uid=1000(system) PowerManagerSer expire 2 lines
05-29 09:08:50.943 24733 24733 V KeyguardStatusView: refresh statusview showing:true
05-29 09:08:50.973 24733 24733 V KeyguardDisplayManager: show
05-29 09:08:51.114  2185  4613 I chatty  : uid=1000(system) Binder:2185_1D expire 4 lines
05-29 09:08:51.152  2185  3725 I chatty  : uid=1000(system) Binder:2185_11 expire 1 line
05-29 09:08:53.900  2185  2504 I chatty  : uid=1000(system) AlarmManager expire 7 lines
05-29 09:08:53.932  2185  2218 I chatty  : uid=1000(system) ActivityManager expire 19 lines
05-29 09:09:05.717  2185  2255 I chatty  : uid=1000(system) android.fg expire 10 lines
05-29 09:09:34.501  2185  2218 I chatty  : uid=1000(system) ActivityManager expire 39 lines
05-29 09:09:34.517  2185  2199 I chatty  : uid=1000(system) Binder:2185_1 expire 5 lines
05-29 09:09:34.555  2185  3723 I chatty  : uid=1000(system) Binder:2185_10 expire 5 lines
05-29 09:09:34.569  2185  3565 I chatty  : uid=1000(system) Binder:2185_6 expire 4 lines
05-29 09:09:34.624  2185  2537 I chatty  : uid=1000(system) ConnectivitySer expire 5 lines
05-29 09:09:51.271  2185 24171 I chatty  : uid=1000(system) Binder:2185_18 expire 6 lines
05-29 09:09:51.300  2185 24173 I chatty  : uid=1000(system) Binder:2185_19 expire 3 lines
05-29 09:09:51.311  2185  5138 I chatty  : uid=1000(system) Binder:2185_14 expire 4 lines
05-29 09:09:51.327  2185 31361 I chatty  : uid=1000(system) Binder:2185_17 expire 3 lines
05-29 09:09:51.356  2185 25140 I chatty  : uid=1000(system) Binder:2185_1B expire 8 lines
05-29 09:09:51.473  2185  3678 I chatty  : uid=1000(system) Binder:2185_B expire 4 lines
05-29 09:09:51.477  2185 11206 I chatty  : uid=1000(system) Binder:2185_20 expire 3 lines
05-29 09:09:55.433  2185  2504 I chatty  : uid=1000(system) AlarmManager expire 7 lines
05-29 09:09:55.524  2185 19421 I chatty  : uid=1000(system) Binder:2185_13 expire 9 lines
05-29 09:09:55.531  2185  5139 I chatty  : uid=1000(system) Binder:2185_15 expire 3 lines
05-29 09:09:57.020  2185  2185 I chatty  : uid=1000 system_server expire 11 lines
05-29 09:09:57.060  2185  2543 I chatty  : uid=1000(system) onProviders.ECP expire 1 line
05-29 09:09:57.156  2185  2622 I chatty  : uid=1000(system) Binder:2185_4 expire 3 lines
05-29 09:09:57.219  2185  3593 I chatty  : uid=1000(system) Binder:2185_7 expire 4 lines
05-29 09:09:57.844  2185  3657 I chatty  : uid=1000(system) Binder:2185_A expire 1 line
05-29 09:09:58.405  2185 10699 I chatty  : uid=1000(system) Binder:2185_1E expire 8 lines
05-29 09:09:58.463  2185  2890 I chatty  : uid=1000(system) Binder:2185_5 expire 9 lines
05-29 09:09:58.636  2185  2256 I chatty  : uid=1000(system) android.io expire 2 lines
05-29 09:09:59.000  2185  3725 I chatty  : uid=1000(system) Binder:2185_11 expire 11 lines
05-29 09:09:59.073  2185  4613 I chatty  : uid=1000(system) Binder:2185_1D expire 2 lines
05-29 09:09:59.991  2185  2547 I chatty  : uid=1000(system) Binder:2185_3 expire 5 lines
05-29 09:10:00.094  2185 19420 I chatty  : uid=1000(system) Binder:2185_12 expire 1 line
05-29 09:10:01.289  2185 24175 I chatty  : uid=1000(system) Binder:2185_1A expire 5 lines
05-29 09:10:02.299  2185  3707 I chatty  : uid=1000(system) Binder:2185_F expire 2 lines
05-29 09:10:02.338  2185 25141 I chatty  : uid=1000(system) Binder:2185_1C expire 6 lines
05-29 09:10:03.058  2185  3653 I chatty  : uid=1000(system) Binder:2185_9 expire 5 lines
05-29 09:10:03.087  2185  3595 I chatty  : uid=1000(system) Binder:2185_8 expire 3 lines
05-29 09:10:03.265  2185 11205 I chatty  : uid=1000(system) Binder:2185_1F expire 2 lines
05-29 09:10:03.697  2185  3697 I chatty  : uid=1000(system) Binder:2185_D expire 1 line
05-29 09:10:11.265  2185  2200 I chatty  : uid=1000(system) Binder:2185_2 expire 1 line
05-29 09:10:48.854  2185  2507 I chatty  : uid=1000(system) InputReader expire 1 line
05-29 09:10:48.879  2185  2263 I chatty  : uid=1000(system) PowerManagerSer expire 2 lines
05-29 09:10:48.880  2185  2258 I chatty  : uid=1000(system) android.display expire 1 line
05-29 09:10:49.105  2185  8479 I chatty  : uid=1000(system) Binder:2185_16 expire 2 lines
05-29 09:10:49.932  2185  3593 I chatty  : uid=1000(system) Binder:2185_7 expire 3 lines
05-29 09:10:50.474  2185  3657 I chatty  : uid=1000(system) Binder:2185_A expire 1 line
05-29 09:10:50.511  2185  2622 I chatty  : uid=1000(system) Binder:2185_4 expire 8 lines
05-29 09:10:50.621  2185  2218 I chatty  : uid=1000(system) ActivityManager expire 65 lines
05-29 09:10:51.036  2185  2185 I chatty  : uid=1000 system_server expire 7 lines
05-29 09:10:51.293  2185  3565 I chatty  : uid=1000(system) Binder:2185_6 expire 5 lines
05-29 09:10:51.302  2185 25140 I chatty  : uid=1000(system) Binder:2185_1B expire 3 lines
05-29 09:10:51.338 24733 24733 V KeyguardDisplayManager: hide
05-29 09:10:51.342  2185  2199 I chatty  : uid=1000(system) Binder:2185_1 expire 7 lines
05-29 09:10:51.375  2185  2263 I chatty  : uid=1000(system) PowerManagerSer expire 3 lines
05-29 09:10:51.403  2185  3595 I chatty  : uid=1000(system) Binder:2185_8 expire 9 lines
05-29 09:10:51.492  2185 31361 I chatty  : uid=1000(system) Binder:2185_17 expire 2 lines
05-29 09:10:51.615  2185  2890 I chatty  : uid=1000(system) Binder:2185_5 expire 7 lines
05-29 09:10:51.801  2185  3725 I chatty  : uid=1000(system) Binder:2185_11 expire 3 lines
05-29 09:10:51.846  2185 24173 I chatty  : uid=1000(system) Binder:2185_19 expire 1 line
05-29 09:10:52.019  2185  3697 I chatty  : uid=1000(system) Binder:2185_D expire 6 lines
05-29 09:10:52.609  2185  2547 I chatty  : uid=1000(system) Binder:2185_3 expire 3 lines
05-29 09:10:52.683  2185  5138 I chatty  : uid=1000(system) Binder:2185_14 expire 1 line
05-29 09:10:52.830  2185  3723 I chatty  : uid=1000(system) Binder:2185_10 expire 3 lines
05-29 09:10:52.880  2185  3707 I chatty  : uid=1000(system) Binder:2185_F expire 5 lines
05-29 09:10:54.465  2185  2258 I chatty  : uid=1000(system) android.display expire 3 lines
05-29 09:10:54.525  2185  2200 I chatty  : uid=1000(system) Binder:2185_2 expire 8 lines
05-29 09:10:54.631  2185  2504 I chatty  : uid=1000(system) AlarmManager expire 6 lines
05-29 09:10:55.024  2185  2507 I chatty  : uid=1000(system) InputReader expire 1 line
05-29 09:10:55.122  2185  3653 I chatty  : uid=1000(system) Binder:2185_9 expire 2 lines
05-29 09:10:55.687 24733 24733 V KeyguardStatusView: refresh statusview showing:true
05-29 09:10:55.724 24733 24733 V KeyguardDisplayManager: show
05-29 09:11:10.916  2185 24171 I chatty  : uid=1000(system) Binder:2185_18 expire 1 line
05-29 09:11:10.937  2185  3698 I chatty  : uid=1000(system) Binder:2185_E expire 3 lines
05-29 09:11:10.986  2185  2537 I chatty  : uid=1000(system) ConnectivitySer expire 7 lines
05-29 09:11:11.724  2185  3678 I chatty  : uid=1000(system) Binder:2185_B expire 6 lines
05-29 09:11:11.911  2185  2256 I chatty  : uid=1000(system) android.io expire 2 lines
05-29 09:11:33.320  2185 19421 I chatty  : uid=1000(system) Binder:2185_13 expire 5 lines
05-29 09:11:54.771  2185 19420 I chatty  : uid=1000(system) Binder:2185_12 expire 2 lines
05-29 09:12:02.291  2185  3679 I chatty  : uid=1000(system) Binder:2185_C expire 3 lines
05-29 09:12:06.198  2185  4613 I chatty  : uid=1000(system) Binder:2185_1D expire 2 lines
05-29 09:12:07.301  2185 11205 I chatty  : uid=1000(system) Binder:2185_1F expire 3 lines
05-29 09:12:37.221  2185 24175 I chatty  : uid=1000(system) Binder:2185_1A expire 1 line
05-29 09:12:37.243  2185  2255 I chatty  : uid=1000(system) android.fg expire 2 lines
05-29 09:12:37.848  2185 11206 I chatty  : uid=1000(system) Binder:2185_20 expire 3 lines
05-29 09:12:37.864  2185  2218 I chatty  : uid=1000(system) ActivityManager expire 50 lines
05-29 09:12:37.912  2185  2537 I chatty  : uid=1000(system) ConnectivitySer expire 8 lines
05-29 09:12:51.832  2185  2504 I chatty  : uid=1000(system) AlarmManager expire 21 lines
05-29 09:12:51.857  2185  2255 I chatty  : uid=1000(system) android.fg expire 16 lines
05-29 09:12:51.862  2185 19421 I chatty  : uid=1000(system) Binder:2185_13 expire 5 lines
05-29 09:12:51.901  2185 10699 I chatty  : uid=1000(system) Binder:2185_1E expire 9 lines
05-29 09:12:51.942  2185  3657 I chatty  : uid=1000(system) Binder:2185_A expire 6 lines
05-29 09:12:54.497  2185  2622 I chatty  : uid=1000(system) Binder:2185_4 expire 4 lines
05-29 09:12:54.539  2185  5138 I chatty  : uid=1000(system) Binder:2185_14 expire 1 line
05-29 09:12:54.768  2185 11205 I chatty  : uid=1000(system) Binder:2185_1F expire 3 lines
05-29 09:13:16.412  2185  2200 I chatty  : uid=1000(system) Binder:2185_2 expire 2 lines
05-29 09:13:16.427  2185 25141 I chatty  : uid=1000(system) Binder:2185_1C expire 6 lines
05-29 09:13:30.911  2185  3698 I chatty  : uid=1000(system) Binder:2185_E expire 5 lines
05-29 09:13:30.990  2185  4613 I chatty  : uid=1000(system) Binder:2185_1D expire 3 lines
05-29 09:13:52.871  2185  3678 I chatty  : uid=1000(system) Binder:2185_B expire 5 lines
05-29 09:13:54.912  2185  2547 I chatty  : uid=1000(system) Binder:2185_3 expire 3 lines
05-29 09:13:54.933  2185  3723 I chatty  : uid=1000(system) Binder:2185_10 expire 3 lines
05-29 09:13:55.005  2185 19420 I chatty  : uid=1000(system) Binder:2185_12 expire 7 lines
05-29 09:13:55.048  2185 25140 I chatty  : uid=1000(system) Binder:2185_1B expire 2 lines
05-29 09:13:55.051  2185 24175 I chatty  : uid=1000(system) Binder:2185_1A expire 1 line
05-29 09:14:03.134  2185 31361 I chatty  : uid=1000(system) Binder:2185_17 expire 1 line
05-29 09:14:03.819  2185 24173 I chatty  : uid=1000(system) Binder:2185_19 expire 4 lines
05-29 09:14:03.845  2185  3725 I chatty  : uid=1000(system) Binder:2185_11 expire 2 lines
05-29 09:14:20.148  2185  3595 I chatty  : uid=1000(system) Binder:2185_8 expire 2 lines
05-29 09:14:20.154  2185  3707 I chatty  : uid=1000(system) Binder:2185_F expire 3 lines
05-29 09:14:30.255  2185  8479 I chatty  : uid=1000(system) Binder:2185_16 expire 3 lines
05-29 09:14:43.629  2185  2199 I chatty  : uid=1000(system) Binder:2185_1 expire 3 lines
05-29 09:14:47.122  2185  3653 I chatty  : uid=1000(system) Binder:2185_9 expire 2 lines
05-29 09:14:55.001  2185  2890 I chatty  : uid=1000(system) Binder:2185_5 expire 2 lines
05-29 09:15:37.518  2185  3679 I chatty  : uid=1000(system) Binder:2185_C expire 3 lines
05-29 09:15:43.882  2185  5139 I chatty  : uid=1000(system) Binder:2185_15 expire 2 lines
05-29 09:15:43.019  2185  2185 I chatty  : uid=1000 system_server expire 10 lines
05-29 09:15:43.066  2185  2543 I chatty  : uid=1000(system) onProviders.ECP expire 1 line
05-29 09:15:43.845  2185  3593 I chatty  : uid=1000(system) Binder:2185_7 expire 2 lines
05-29 09:15:55.369  2185  2256 I chatty  : uid=1000(system) android.io expire 5 lines
05-29 09:15:56.700  2185  2504 I chatty  : uid=1000(system) AlarmManager expire 28 lines
05-29 09:15:56.760  2185 10699 I chatty  : uid=1000(system) Binder:2185_1E expire 5 lines
05-29 09:15:56.771  2185  8479 I chatty  : uid=1000(system) Binder:2185_16 expire 8 lines
05-29 09:15:56.914  2185  3725 I chatty  : uid=1000(system) Binder:2185_11 expire 8 lines
05-29 09:15:56.925  2185  3678 I chatty  : uid=1000(system) Binder:2185_B expire 4 lines
05-29 09:15:56.971  2185  2547 I chatty  : uid=1000(system) Binder:2185_3 expire 6 lines
05-29 09:15:56.972  2185  2218 I chatty  : uid=1000(system) ActivityManager expire 37 lines
05-29 09:15:57.077  2185  2217 I chatty  : uid=1000(system) android.bg expire 6 lines
05-29 09:15:58.680  2185 19420 I chatty  : uid=1000(system) Binder:2185_12 expire 7 lines
05-29 09:15:58.818  2185  3679 I chatty  : uid=1000(system) Binder:2185_C expire 3 lines
05-29 09:15:58.858  2185 25141 I chatty  : uid=1000(system) Binder:2185_1C expire 2 lines
05-29 09:15:58.890  2185 11206 I chatty  : uid=1000(system) Binder:2185_20 expire 4 lines
05-29 09:15:59.013  2185  2200 I chatty  : uid=1000(system) Binder:2185_2 expire 6 lines
05-29 09:15:59.504  2185 25140 I chatty  : uid=1000(system) Binder:2185_1B expire 5 lines
05-29 09:15:59.708  2185  3653 I chatty  : uid=1000(system) Binder:2185_9 expire 4 lines
05-29 09:15:59.804  2185 31361 I chatty  : uid=1000(system) Binder:2185_17 expire 3 lines
05-29 09:16:00.159  2185  3657 I chatty  : uid=1000(system) Binder:2185_A expire 6 lines
05-29 09:16:00.312  2185  3707 I chatty  : uid=1000(system) Binder:2185_F expire 2 lines
05-29 09:16:00.334  2185  2622 I chatty  : uid=1000(system) Binder:2185_4 expire 3 lines
05-29 09:16:00.432  2185  3593 I chatty  : uid=1000(system) Binder:2185_7 expire 2 lines
05-29 09:16:02.851  2185 24175 I chatty  : uid=1000(system) Binder:2185_1A expire 5 lines
05-29 09:16:02.910  2185  2537 I chatty  : uid=1000(system) ConnectivitySer expire 2 lines
05-29 09:16:02.992  2185  3595 I chatty  : uid=1000(system) Binder:2185_8 expire 4 lines
05-29 09:16:55.880  2185  2255 I chatty  : uid=1000(system) android.fg expire 4 lines
05-29 09:16:55.947  2185  2519 I chatty  : uid=1000(system) NetworkStats expire 3 lines
05-29 09:16:55.970  2185  2890 I chatty  : uid=1000(system) Binder:2185_5 expire 4 lines
05-29 09:16:56.296  2185 11205 I chatty  : uid=1000(system) Binder:2185_1F expire 5 lines
05-29 09:16:56.390  2185 19421 I chatty  : uid=1000(system) Binder:2185_13 expire 3 lines
05-29 09:16:56.615  2185  5139 I chatty  : uid=1000(system) Binder:2185_15 expire 4 lines
05-29 09:18:02.871  2185 24171 I chatty  : uid=1000(system) Binder:2185_18 expire 2 lines
05-29 09:18:56.941  2185  2199 I chatty  : uid=1000(system) Binder:2185_1 expire 3 lines
05-29 09:18:56.993  2185  4613 I chatty  : uid=1000(system) Binder:2185_1D expire 2 lines
05-29 09:20:57.030  2185  2185 I chatty  : uid=1000 system_server expire 5 lines
05-29 09:20:58.599  2185  3565 I chatty  : uid=1000(system) Binder:2185_6 expire 2 lines
05-29 09:20:58.117  2185  2543 I chatty  : uid=1000(system) onProviders.ECP expire 1 line
05-29 09:20:58.413  2185  3723 I chatty  : uid=1000(system) Binder:2185_10 expire 1 line
05-29 09:20:58.420  2185 24173 I chatty  : uid=1000(system) Binder:2185_19 expire 1 line
05-29 09:20:58.422  2185  3698 I chatty  : uid=1000(system) Binder:2185_E expire 10 lines
05-29 09:20:58.898  2185  5138 I chatty  : uid=1000(system) Binder:2185_14 expire 6 lines
05-29 09:20:58.899  2185 24175 I chatty  : uid=1000(system) Binder:2185_1A expire 3 lines
05-29 09:20:58.900  2185 25141 I chatty  : uid=1000(system) Binder:2185_1C expire 5 lines
05-29 09:20:58.905  2185  2218 I chatty  : uid=1000(system) ActivityManager expire 32 lines
05-29 09:20:59.017  2185  3678 I chatty  : uid=1000(system) Binder:2185_B expire 4 lines
05-29 09:20:59.171  2185 25140 I chatty  : uid=1000(system) Binder:2185_1B expire 6 lines
05-29 09:20:59.225  2185  2547 I chatty  : uid=1000(system) Binder:2185_3 expire 7 lines
05-29 09:20:59.469  2185  2890 I chatty  : uid=1000(system) Binder:2185_5 expire 3 lines
05-29 09:20:59.469  2185  2185 I chatty  : uid=1000 system_server expire 20 lines
05-29 09:20:59.471  2185  3595 I chatty  : uid=1000(system) Binder:2185_8 expire 3 lines
05-29 09:20:59.487  2185  2256 I chatty  : uid=1000(system) android.io expire 4 lines
05-29 09:20:59.698  2185 19420 I chatty  : uid=1000(system) Binder:2185_12 expire 2 lines
05-29 09:21:00.398  2185  3593 I chatty  : uid=1000(system) Binder:2185_7 expire 4 lines
05-29 09:21:00.430  2185  8479 I chatty  : uid=1000(system) Binder:2185_16 expire 4 lines
05-29 09:21:00.957  2185 24173 I chatty  : uid=1000(system) Binder:2185_19 expire 3 lines
05-29 09:21:02.686  2185  2199 I chatty  : uid=1000(system) Binder:2185_1 expire 3 lines
05-29 09:21:02.716  2185 19421 I chatty  : uid=1000(system) Binder:2185_13 expire 4 lines
05-29 09:21:02.745  2185  2622 I chatty  : uid=1000(system) Binder:2185_4 expire 5 lines
05-29 09:21:02.784  2185  3697 I chatty  : uid=1000(system) Binder:2185_D expire 4 lines
05-29 09:21:03.177  2185  2504 I chatty  : uid=1000(system) AlarmManager expire 26 lines
05-29 09:21:03.253  2185  3725 I chatty  : uid=1000(system) Binder:2185_11 expire 3 lines
05-29 09:21:03.363  2185  5139 I chatty  : uid=1000(system) Binder:2185_15 expire 4 lines
05-29 09:21:03.441  2185 11205 I chatty  : uid=1000(system) Binder:2185_1F expire 2 lines
05-29 09:21:03.931  2185  3723 I chatty  : uid=1000(system) Binder:2185_10 expire 4 lines
05-29 09:21:04.017  2185 11206 I chatty  : uid=1000(system) Binder:2185_20 expire 5 lines
05-29 09:21:04.141  2185  2217 I chatty  : uid=1000(system) android.bg expire 4 lines
05-29 09:21:04.182  2185 31361 I chatty  : uid=1000(system) Binder:2185_17 expire 1 line
05-29 09:21:04.843  2185  3657 I chatty  : uid=1000(system) Binder:2185_A expire 1 line
05-29 09:21:04.854  2185  3653 I chatty  : uid=1000(system) Binder:2185_9 expire 3 lines
05-29 09:21:15.851  2185  3679 I chatty  : uid=1000(system) Binder:2185_C expire 3 lines
05-29 09:21:15.867  2185  2255 I chatty  : uid=1000(system) android.fg expire 4 lines
05-29 09:21:15.965  2185  2537 I chatty  : uid=1000(system) ConnectivitySer expire 2 lines
05-29 09:22:05.865  2185  4613 I chatty  : uid=1000(system) Binder:2185_1D expire 3 lines
05-29 09:23:06.945  2185  3565 I chatty  : uid=1000(system) Binder:2185_6 expire 1 line
05-29 09:23:35.167  2185  2200 I chatty  : uid=1000(system) Binder:2185_2 expire 2 lines
05-29 09:24:07.942  2185  3707 I chatty  : uid=1000(system) Binder:2185_F expire 1 line
05-29 09:25:35.059  2185  2222 I chatty  : uid=1000(system) batterystats-sy expire 3 lines
05-29 09:25:35.043  2185 10699 I chatty  : uid=1000(system) Binder:2185_1E expire 3 lines
05-29 09:25:37.127  2185  3698 I chatty  : uid=1000(system) Binder:2185_E expire 6 lines
05-29 09:25:37.172  2185  5139 I chatty  : uid=1000(system) Binder:2185_15 expire 6 lines
05-29 09:25:38.844  2185  3653 I chatty  : uid=1000(system) Binder:2185_9 expire 4 lines
05-29 09:25:38.844  2185  2218 I chatty  : uid=1000(system) ActivityManager expire 24 lines
05-29 09:25:39.033  2185 31361 I chatty  : uid=1000(system) Binder:2185_17 expire 4 lines
05-29 09:25:40.074  2185  2504 I chatty  : uid=1000(system) AlarmManager expire 6 lines
05-29 09:25:40.947  2185 24175 I chatty  : uid=1000(system) Binder:2185_1A expire 8 lines
05-29 09:25:40.976  2185  8479 I chatty  : uid=1000(system) Binder:2185_16 expire 5 lines
05-29 09:25:41.020  2185  2199 I chatty  : uid=1000(system) Binder:2185_1 expire 6 lines
05-29 09:25:41.069  2185  3679 I chatty  : uid=1000(system) Binder:2185_C expire 3 lines
05-29 09:25:41.103  2185  3593 I chatty  : uid=1000(system) Binder:2185_7 expire 6 lines
05-29 09:25:41.135  2185  5138 I chatty  : uid=1000(system) Binder:2185_14 expire 4 lines
05-29 09:25:41.471  2185 24173 I chatty  : uid=1000(system) Binder:2185_19 expire 6 lines
05-29 09:25:41.618  2185  2622 I chatty  : uid=1000(system) Binder:2185_4 expire 3 lines
05-29 09:25:41.828  2185 25141 I chatty  : uid=1000(system) Binder:2185_1C expire 5 lines
05-29 09:25:42.029  2185  3657 I chatty  : uid=1000(system) Binder:2185_A expire 12 lines
05-29 09:25:42.082  2185 19420 I chatty  : uid=1000(system) Binder:2185_12 expire 2 lines
05-29 09:25:42.926  2185 19421 I chatty  : uid=1000(system) Binder:2185_13 expire 5 lines
05-29 09:25:42.959  2185 11205 I chatty  : uid=1000(system) Binder:2185_1F expire 4 lines
05-29 09:25:54.982  2185  2255 I chatty  : uid=1000(system) android.fg expire 4 lines
05-29 09:25:55.017  2185  3678 I chatty  : uid=1000(system) Binder:2185_B expire 1 line
05-29 09:25:55.065  2185  2537 I chatty  : uid=1000(system) ConnectivitySer expire 5 lines
05-29 09:25:56.880  2185  3707 I chatty  : uid=1000(system) Binder:2185_F expire 7 lines
05-29 09:26:09.133  2185 25140 I chatty  : uid=1000(system) Binder:2185_1B expire 7 lines
05-29 09:26:14.521  2185  3697 I chatty  : uid=1000(system) Binder:2185_D expire 4 lines
05-29 09:26:14.575  2185  2890 I chatty  : uid=1000(system) Binder:2185_5 expire 7 lines
05-29 09:26:22.627  2185  2507 I chatty  : uid=1000(system) InputReader expire 1 line
05-29 09:26:22.631  2185  2185 I chatty  : uid=1000 system_server expire 4 lines
05-29 09:26:22.644  2185  2263 I chatty  : uid=1000(system) PowerManagerSer expire 4 lines
05-29 09:26:22.671  2185  2258 I chatty  : uid=1000(system) android.display expire 2 lines
05-29 09:26:22.924  2185  2217 I chatty  : uid=1000(system) android.bg expire 2 lines
05-29 09:26:23.071  2185  3595 I chatty  : uid=1000(system) Binder:2185_8 expire 3 lines
05-29 09:26:23.236  2185  3725 I chatty  : uid=1000(system) Binder:2185_11 expire 3 lines
05-29 09:26:24.007 24733 24733 V KeyguardDisplayManager: hide
05-29 09:26:24.011  2185  2218 I chatty  : uid=1000(system) ActivityManager expire 18 lines
05-29 09:26:24.771  2185  2547 I chatty  : uid=1000(system) Binder:2185_3 expire 2 lines
05-29 09:26:25.521  2185  3723 I chatty  : uid=1000(system) Binder:2185_10 expire 1 line
05-29 09:26:25.526  2185 24171 I chatty  : uid=1000(system) Binder:2185_18 expire 1 line
05-29 09:26:26.629  2185  2506 I chatty  : uid=1000(system) InputDispatcher expire 2 lines
05-29 09:26:28.293  2185  2200 I chatty  : uid=1000(system) Binder:2185_2 expire 1 line
05-29 09:26:30.307  2185  3565 I chatty  : uid=1000(system) Binder:2185_6 expire 6 lines
05-29 09:26:30.430  2185 24173 I chatty  : uid=1000(system) Binder:2185_19 expire 4 lines
05-29 09:26:30.444  2185 24171 I chatty  : uid=1000(system) Binder:2185_18 expire 3 lines
05-29 09:26:30.588  2185 24175 I chatty  : uid=1000(system) Binder:2185_1A expire 4 lines
05-29 09:26:30.588  2185  2218 I chatty  : uid=1000(system) ActivityManager expire 39 lines
05-29 09:26:33.332  2185  2622 I chatty  : uid=1000(system) Binder:2185_4 expire 7 lines
05-29 09:26:33.575  2185  2200 I chatty  : uid=1000(system) Binder:2185_2 expire 3 lines
05-29 09:26:35.696  2185  3725 I chatty  : uid=1000(system) Binder:2185_11 expire 5 lines
05-29 09:26:35.698  2185  3657 I chatty  : uid=1000(system) Binder:2185_A expire 1 line
05-29 09:26:35.700  2185 11205 I chatty  : uid=1000(system) Binder:2185_1F expire 7 lines
05-29 09:26:35.701  2185  3697 I chatty  : uid=1000(system) Binder:2185_D expire 1 line
05-29 09:26:35.705  2185 10699 I chatty  : uid=1000(system) Binder:2185_1E expire 7 lines
05-29 09:26:35.706  2185 25141 I chatty  : uid=1000(system) Binder:2185_1C expire 2 lines
05-29 09:26:35.711  2185  3679 I chatty  : uid=1000(system) Binder:2185_C expire 4 lines
05-29 09:26:35.715  2185  8479 I chatty  : uid=1000(system) Binder:2185_16 expire 3 lines
05-29 09:26:35.718  2185 25140 I chatty  : uid=1000(system) Binder:2185_1B expire 2 lines
05-29 09:26:35.722  2185  2547 I chatty  : uid=1000(system) Binder:2185_3 expire 5 lines
05-29 09:26:35.725  2185  3653 I chatty  : uid=1000(system) Binder:2185_9 expire 5 lines
05-29 09:26:35.727  2185  3698 I chatty  : uid=1000(system) Binder:2185_E expire 4 lines
05-29 09:26:35.728  2185 31361 I chatty  : uid=1000(system) Binder:2185_17 expire 2 lines
05-29 09:26:35.730  2185  3678 I chatty  : uid=1000(system) Binder:2185_B expire 2 lines
05-29 09:26:35.731  2185  2199 I chatty  : uid=1000(system) Binder:2185_1 expire 2 lines
05-29 09:26:35.738  2185 11206 I chatty  : uid=1000(system) Binder:2185_20 expire 2 lines
05-29 09:26:35.795  2185  5138 I chatty  : uid=1000(system) Binder:2185_14 expire 1 line
05-29 09:26:36.482  2185  2256 I chatty  : uid=1000(system) android.io expire 2 lines
05-29 09:26:42.918  2185  2504 I chatty  : uid=1000(system) AlarmManager expire 4 lines
05-29 09:26:51.117  2185  2537 I chatty  : uid=1000(system) ConnectivitySer expire 4 lines
05-29 09:26:54.595  2185  3723 I chatty  : uid=1000(system) Binder:2185_10 expire 5 lines
05-29 09:26:54.604  2185  2220 I chatty  : uid=1000(system) ActivityManager expire 1 line
05-29 09:26:57.290  2185  2185 I chatty  : uid=1000 system_server expire 8 lines
05-29 09:26:57.314  2185  2222 I chatty  : uid=1000(system) batterystats-sy expire 2 lines
05-29 09:26:57.320  2185  3593 I chatty  : uid=1000(system) Binder:2185_7 expire 8 lines
05-29 09:26:57.957  2185  2507 I chatty  : uid=1000(system) InputReader expire 2 lines
05-29 09:26:58.522  2185  2263 I chatty  : uid=1000(system) PowerManagerSer expire 5 lines
05-29 09:26:58.717 24733 24733 V KeyguardStatusView: refresh statusview showing:true
05-29 09:26:58.764 24733 24733 V KeyguardDisplayManager: show
05-29 09:26:59.042  2185  2890 I chatty  : uid=1000(system) Binder:2185_5 expire 3 lines
05-29 09:26:59.142  2185  3707 I chatty  : uid=1000(system) Binder:2185_F expire 4 lines
05-29 09:26:59.328  2185  2258 I chatty  : uid=1000(system) android.display expire 4 lines
05-29 09:26:59.923  2185  2218 I chatty  : uid=1000(system) ActivityManager expire 18 lines
05-29 09:27:00.949  2185 19420 I chatty  : uid=1000(system) Binder:2185_12 expire 1 line
05-29 09:27:17.500  2185  2255 I chatty  : uid=1000(system) android.fg expire 2 lines
05-29 09:27:29.135  2185  5139 I chatty  : uid=1000(system) Binder:2185_15 expire 2 lines
05-29 09:27:30.934 24733 24733 V KeyguardDisplayManager: hide
05-29 09:27:30.941  2185  2218 I chatty  : uid=1000(system) ActivityManager expire 5 lines
05-29 09:27:31.035  2185  3595 I chatty  : uid=1000(system) Binder:2185_8 expire 6 lines
05-29 09:27:35.477  2185  3653 I chatty  : uid=1000(system) Binder:2185_9 expire 5 lines
05-29 09:27:35.479  2185  2218 I chatty  : uid=1000(system) ActivityManager expire 68 lines
05-29 09:27:36.233  2185  8479 I chatty  : uid=1000(system) Binder:2185_16 expire 2 lines
05-29 09:27:36.657  2185  3698 I chatty  : uid=1000(system) Binder:2185_E expire 4 lines
05-29 09:27:36.889  2185  3593 I chatty  : uid=1000(system) Binder:2185_7 expire 5 lines
05-29 09:27:37.089  2185  3657 I chatty  : uid=1000(system) Binder:2185_A expire 7 lines
05-29 09:27:37.254  2185  3565 I chatty  : uid=1000(system) Binder:2185_6 expire 3 lines
05-29 09:27:37.264  2185  2890 I chatty  : uid=1000(system) Binder:2185_5 expire 1 line
05-29 09:27:37.535  2185 10699 I chatty  : uid=1000(system) Binder:2185_1E expire 6 lines
05-29 09:27:38.751  2185  5138 I chatty  : uid=1000(system) Binder:2185_14 expire 1 line
05-29 09:27:39.431  2185  2547 I chatty  : uid=1000(system) Binder:2185_3 expire 3 lines
05-29 09:27:39.439  2185  3725 I chatty  : uid=1000(system) Binder:2185_11 expire 2 lines
05-29 09:27:39.449  2185 24175 I chatty  : uid=1000(system) Binder:2185_1A expire 10 lines
05-29 09:27:39.796  2185  3707 I chatty  : uid=1000(system) Binder:2185_F expire 5 lines
05-29 09:27:40.618  2185  2200 I chatty  : uid=1000(system) Binder:2185_2 expire 4 lines
05-29 09:27:42.995  2185  2504 I chatty  : uid=1000(system) AlarmManager expire 10 lines
05-29 09:27:58.328  2185 24173 I chatty  : uid=1000(system) Binder:2185_19 expire 2 lines
05-29 09:27:58.331  2185  3697 I chatty  : uid=1000(system) Binder:2185_D expire 2 lines
05-29 09:27:59.158  2185  3678 I chatty  : uid=1000(system) Binder:2185_B expire 3 lines
05-29 09:28:00.087  2185 24171 I chatty  : uid=1000(system) Binder:2185_18 expire 3 lines
05-29 09:28:00.110  2185  4613 I chatty  : uid=1000(system) Binder:2185_1D expire 11 lines
05-29 09:28:00.246  2185 31361 I chatty  : uid=1000(system) Binder:2185_17 expire 5 lines
05-29 09:28:03.651  2185 19420 I chatty  : uid=1000(system) Binder:2185_12 expire 5 lines
05-29 09:28:03.723  2185 11206 I chatty  : uid=1000(system) Binder:2185_20 expire 1 line
05-29 09:28:03.769  2185  2537 I chatty  : uid=1000(system) ConnectivitySer expire 6 lines
05-29 09:28:04.539  2185 25140 I chatty  : uid=1000(system) Binder:2185_1B expire 6 lines
05-29 09:28:04.642  2185  2622 I chatty  : uid=1000(system) Binder:2185_4 expire 2 lines
05-29 09:28:05.824  2185  3723 I chatty  : uid=1000(system) Binder:2185_10 expire 1 line
05-29 09:28:24.718  2185 25141 I chatty  : uid=1000(system) Binder:2185_1C expire 5 lines
05-29 09:28:41.040  2185  2185 I chatty  : uid=1000 system_server expire 2 lines
05-29 09:28:43.133  2185  3679 I chatty  : uid=1000(system) Binder:2185_C expire 2 lines
05-29 09:28:45.954  2185  5139 I chatty  : uid=1000(system) Binder:2185_15 expire 9 lines
05-29 09:28:48.516  2185 24171 I chatty  : uid=1000(system) Binder:2185_18 expire 3 lines
05-29 09:28:48.909  2185  2218 I chatty  : uid=1000(system) ActivityManager expire 49 lines
05-29 09:28:59.230  2185  3698 I chatty  : uid=1000(system) Binder:2185_E expire 6 lines
05-29 09:28:59.465  2185 11205 I chatty  : uid=1000(system) Binder:2185_1F expire 1 line
05-29 09:28:59.465  2185  3565 I chatty  : uid=1000(system) Binder:2185_6 expire 7 lines
05-29 09:29:00.001  2185  2504 I chatty  : uid=1000(system) AlarmManager expire 5 lines
05-29 09:29:00.087  2185 24173 I chatty  : uid=1000(system) Binder:2185_19 expire 5 lines
05-29 09:29:05.729  2185  3678 I chatty  : uid=1000(system) Binder:2185_B expire 4 lines
05-29 09:29:05.750  2185  8479 I chatty  : uid=1000(system) Binder:2185_16 expire 2 lines
05-29 09:29:05.787  2185  2537 I chatty  : uid=1000(system) ConnectivitySer expire 6 lines
05-29 09:29:06.832  2185  3707 I chatty  : uid=1000(system) Binder:2185_F expire 2 lines
05-29 09:29:06.878  2185 19421 I chatty  : uid=1000(system) Binder:2185_13 expire 3 lines
05-29 09:29:06.889  2185  3725 I chatty  : uid=1000(system) Binder:2185_11 expire 3 lines
05-29 09:29:09.640  2185  4613 I chatty  : uid=1000(system) Binder:2185_1D expire 4 lines
05-29 09:29:10.107  2185  2200 I chatty  : uid=1000(system) Binder:2185_2 expire 2 lines
05-29 09:29:10.311  2185  2890 I chatty  : uid=1000(system) Binder:2185_5 expire 5 lines
05-29 09:29:10.377  2185 25141 I chatty  : uid=1000(system) Binder:2185_1C expire 4 lines
05-29 09:29:11.042  2185  2519 I chatty  : uid=1000(system) NetworkStats expire 1 line
05-29 09:29:11.939  2185  3679 I chatty  : uid=1000(system) Binder:2185_C expire 4 lines
05-29 09:29:11.945  2185  2547 I chatty  : uid=1000(system) Binder:2185_3 expire 4 lines
05-29 09:29:11.956  2185  3697 I chatty  : uid=1000(system) Binder:2185_D expire 3 lines
05-29 09:29:13.480  2185 11206 I chatty  : uid=1000(system) Binder:2185_20 expire 6 lines
05-29 09:29:14.849  2185  5138 I chatty  : uid=1000(system) Binder:2185_14 expire 2 lines
05-29 09:29:14.895  2185  2199 I chatty  : uid=1000(system) Binder:2185_1 expire 1 line
05-29 09:29:15.008  2185 10699 I chatty  : uid=1000(system) Binder:2185_1E expire 9 lines
05-29 09:29:17.742  2185  3653 I chatty  : uid=1000(system) Binder:2185_9 expire 3 lines
05-29 09:29:17.922  2185 19420 I chatty  : uid=1000(system) Binder:2185_12 expire 1 line
05-29 09:29:18.393  2185  2622 I chatty  : uid=1000(system) Binder:2185_4 expire 1 line
05-29 09:29:18.466  2185 31361 I chatty  : uid=1000(system) Binder:2185_17 expire 2 lines
05-29 09:29:29.429  2185  2255 I chatty  : uid=1000(system) android.fg expire 2 lines
05-29 09:29:33.390  2185  3593 I chatty  : uid=1000(system) Binder:2185_7 expire 2 lines
05-29 09:29:35.713  2185 24175 I chatty  : uid=1000(system) Binder:2185_1A expire 2 lines
05-29 09:29:42.667  2185  2506 I chatty  : uid=1000(system) InputDispatcher expire 2 lines
05-29 09:29:42.843  2185  3723 I chatty  : uid=1000(system) Binder:2185_10 expire 1 line
05-29 09:29:43.233  2185  2507 I chatty  : uid=1000(system) InputReader expire 1 line
05-29 09:29:43.252  2185  2185 I chatty  : uid=1000 system_server expire 4 lines
05-29 09:29:43.730  2185  2263 I chatty  : uid=1000(system) PowerManagerSer expire 2 lines
05-29 09:29:44.076 24733 24733 V KeyguardStatusView: refresh statusview showing:true
05-29 09:29:44.182 24733 24733 V KeyguardDisplayManager: show
05-29 09:29:44.713  2185  2258 I chatty  : uid=1000(system) android.display expire 2 lines
05-29 09:29:44.826  2185  3657 I chatty  : uid=1000(system) Binder:2185_A expire 4 lines
05-29 09:29:45.840  2185  2218 I chatty  : uid=1000(system) ActivityManager expire 17 lines
05-29 09:29:56.309  2185  2522 I chatty  : uid=1000(system) NetworkPolicy expire 1 line
05-29 09:29:56.626  2185  3595 I chatty  : uid=1000(system) Binder:2185_8 expire 5 lines
05-29 09:29:57.272  2185 11205 I chatty  : uid=1000(system) Binder:2185_1F expire 10 lines
05-29 09:29:57.273  2185  2218 I chatty  : uid=1000(system) ActivityManager expire 38 lines
05-29 09:29:57.284  2185 24175 I chatty  : uid=1000(system) Binder:2185_1A expire 3 lines
05-29 09:29:57.337  2185  2537 I chatty  : uid=1000(system) ConnectivitySer expire 5 lines
05-29 09:30:14.519  2185 19421 I chatty  : uid=1000(system) Binder:2185_13 expire 4 lines
05-29 09:30:14.532  2185  2255 I chatty  : uid=1000(system) android.fg expire 4 lines
05-29 09:30:14.534  2185 25141 I chatty  : uid=1000(system) Binder:2185_1C expire 2 lines
05-29 09:30:14.590  2185 11206 I chatty  : uid=1000(system) Binder:2185_20 expire 5 lines
05-29 09:30:14.605  2185  2890 I chatty  : uid=1000(system) Binder:2185_5 expire 13 lines
05-29 09:30:19.630  2185 31361 I chatty  : uid=1000(system) Binder:2185_17 expire 7 lines
05-29 09:30:19.048  2185  3707 I chatty  : uid=1000(system) Binder:2185_F expire 4 lines
05-29 09:30:19.052  2185  2504 I chatty  : uid=1000(system) AlarmManager expire 7 lines
05-29 09:30:19.055  2185  2185 I chatty  : uid=1000 system_server expire 14 lines
05-29 09:30:19.076  2185  3723 I chatty  : uid=1000(system) Binder:2185_10 expire 9 lines
05-29 09:30:19.096  2185  2543 I chatty  : uid=1000(system) onProviders.ECP expire 1 line
05-29 09:30:19.887  2185  3593 I chatty  : uid=1000(system) Binder:2185_7 expire 3 lines
05-29 09:30:19.906  2185 24173 I chatty  : uid=1000(system) Binder:2185_19 expire 1 line
05-29 09:30:26.174  2185  3657 I chatty  : uid=1000(system) Binder:2185_A expire 1 line
05-29 09:30:26.174  2185  3679 I chatty  : uid=1000(system) Binder:2185_C expire 5 lines
05-29 09:30:26.528  2185 25140 I chatty  : uid=1000(system) Binder:2185_1B expire 5 lines
05-29 09:30:26.594  2185  2220 I chatty  : uid=1000(system) ActivityManager expire 1 line
05-29 09:30:26.682  2185  2256 I chatty  : uid=1000(system) android.io expire 2 lines
05-29 09:30:26.790  2185 19420 I chatty  : uid=1000(system) Binder:2185_12 expire 2 lines
05-29 09:30:26.843  2185  3653 I chatty  : uid=1000(system) Binder:2185_9 expire 3 lines
05-29 09:30:26.912  2185  3565 I chatty  : uid=1000(system) Binder:2185_6 expire 3 lines
05-29 09:30:27.120  2185  2622 I chatty  : uid=1000(system) Binder:2185_4 expire 4 lines
05-29 09:30:27.399  2185  2200 I chatty  : uid=1000(system) Binder:2185_2 expire 3 lines
05-29 09:30:27.838  2185  3678 I chatty  : uid=1000(system) Binder:2185_B expire 6 lines
05-29 09:30:27.923  2185  8479 I chatty  : uid=1000(system) Binder:2185_16 expire 4 lines
05-29 09:30:28.256  2185  2547 I chatty  : uid=1000(system) Binder:2185_3 expire 5 lines
05-29 09:30:28.371  2185  3697 I chatty  : uid=1000(system) Binder:2185_D expire 3 lines
05-29 09:30:30.098  2185  5138 I chatty  : uid=1000(system) Binder:2185_14 expire 3 lines
05-29 09:30:30.130  2185  2199 I chatty  : uid=1000(system) Binder:2185_1 expire 2 lines
05-29 09:30:30.131  2185  3725 I chatty  : uid=1000(system) Binder:2185_11 expire 4 lines
05-29 09:30:31.018  2185  4613 I chatty  : uid=1000(system) Binder:2185_1D expire 3 lines
05-29 09:31:07.045  2185  2507 I chatty  : uid=1000(system) InputReader expire 1 line
05-29 09:31:07.064  2185  2263 I chatty  : uid=1000(system) PowerManagerSer expire 3 lines
05-29 09:31:07.080  2185  2258 I chatty  : uid=1000(system) android.display expire 1 line
05-29 09:31:07.583  2185  5139 I chatty  : uid=1000(system) Binder:2185_15 expire 6 lines
05-29 09:31:07.626  2185  3593 I chatty  : uid=1000(system) Binder:2185_7 expire 5 lines
05-29 09:31:07.695 24733 24733 V KeyguardDisplayManager: hide
05-29 09:31:07.700  2185  3698 I chatty  : uid=1000(system) Binder:2185_E expire 3 lines
05-29 09:31:07.703  2185  2218 I chatty  : uid=1000(system) ActivityManager expire 20 lines
05-29 09:31:07.722  2185  2263 I chatty  : uid=1000(system) PowerManagerSer expire 3 lines
05-29 09:31:07.742  2185  2547 I chatty  : uid=1000(system) Binder:2185_3 expire 8 lines
05-29 09:31:07.873  2185 19420 I chatty  : uid=1000(system) Binder:2185_12 expire 2 lines
05-29 09:31:07.922  2185 25140 I chatty  : uid=1000(system) Binder:2185_1B expire 7 lines
05-29 09:31:08.065  2185  4613 I chatty  : uid=1000(system) Binder:2185_1D expire 2 lines
05-29 09:31:08.580  2185 11205 I chatty  : uid=1000(system) Binder:2185_1F expire 9 lines
05-29 09:31:08.597  2185 24171 I chatty  : uid=1000(system) Binder:2185_18 expire 4 lines
05-29 09:31:08.737  2185  3723 I chatty  : uid=1000(system) Binder:2185_10 expire 2 lines
05-29 09:31:08.822  2185  5138 I chatty  : uid=1000(system) Binder:2185_14 expire 7 lines
05-29 09:31:08.823  2185 10699 I chatty  : uid=1000(system) Binder:2185_1E expire 4 lines
05-29 09:31:09.058  2185  3725 I chatty  : uid=1000(system) Binder:2185_11 expire 2 lines
05-29 09:31:09.138  2185 11206 I chatty  : uid=1000(system) Binder:2185_20 expire 1 line
05-29 09:31:09.239  2185 24173 I chatty  : uid=1000(system) Binder:2185_19 expire 4 lines
05-29 09:31:09.441  2185  2199 I chatty  : uid=1000(system) Binder:2185_1 expire 2 lines
05-29 09:31:09.484  2185  2890 I chatty  : uid=1000(system) Binder:2185_5 expire 3 lines
05-29 09:31:09.540  2185  2537 I chatty  : uid=1000(system) ConnectivitySer expire 3 lines
05-29 09:31:09.737  2185  3707 I chatty  : uid=1000(system) Binder:2185_F expire 4 lines
05-29 09:31:14.466  2185  3657 I chatty  : uid=1000(system) Binder:2185_A expire 4 lines
05-29 09:31:15.086  2185  2622 I chatty  : uid=1000(system) Binder:2185_4 expire 1 line
05-29 09:31:20.251  2185  2256 I chatty  : uid=1000(system) android.io expire 4 lines
05-29 09:31:20.728  2185  2507 I chatty  : uid=1000(system) InputReader expire 1 line
05-29 09:31:20.742  2185  2185 I chatty  : uid=1000 system_server expire 14 lines
05-29 09:31:21.061  2185 25141 I chatty  : uid=1000(system) Binder:2185_1C expire 9 lines
05-29 09:31:21.528 24733 24733 V KeyguardStatusView: refresh statusview showing:true
05-29 09:31:21.569 24733 24733 V KeyguardDisplayManager: show
05-29 09:31:21.818  2185 24175 I chatty  : uid=1000(system) Binder:2185_1A expire 4 lines
05-29 09:31:21.824  2185 19421 I chatty  : uid=1000(system) Binder:2185_13 expire 7 lines
05-29 09:31:22.058  2185  2258 I chatty  : uid=1000(system) android.display expire 2 lines
05-29 09:31:22.708  2185  2218 I chatty  : uid=1000(system) ActivityManager expire 27 lines
05-29 09:31:27.113  2185  3678 I chatty  : uid=1000(system) Binder:2185_B expire 1 line
05-29 09:31:32.844  2185  2504 I chatty  : uid=1000(system) AlarmManager expire 8 lines
05-29 09:31:32.952  2185  8479 I chatty  : uid=1000(system) Binder:2185_16 expire 2 lines
05-29 09:31:42.127  2185  2217 I chatty  : uid=1000(system) android.bg expire 4 lines
05-29 09:31:42.861  2185  3565 I chatty  : uid=1000(system) Binder:2185_6 expire 5 lines
05-29 09:31:48.948  2185 31361 I chatty  : uid=1000(system) Binder:2185_17 expire 2 lines
05-29 09:31:53.823  2185  3653 I chatty  : uid=1000(system) Binder:2185_9 expire 4 lines
05-29 09:32:00.831  2185  2890 I chatty  : uid=1000(system) Binder:2185_5 expire 6 lines
05-29 09:32:00.831  2185  2218 I chatty  : uid=1000(system) ActivityManager expire 64 lines
05-29 09:32:00.898  2185 31361 I chatty  : uid=1000(system) Binder:2185_17 expire 2 lines
05-29 09:32:06.396  2185  2199 I chatty  : uid=1000(system) Binder:2185_1 expire 4 lines
05-29 09:32:06.455  2185  3698 I chatty  : uid=1000(system) Binder:2185_E expire 6 lines
05-29 09:32:06.473  2185 25141 I chatty  : uid=1000(system) Binder:2185_1C expire 6 lines
05-29 09:32:06.513  2185  2537 I chatty  : uid=1000(system) ConnectivitySer expire 10 lines
05-29 09:32:06.618  2185 19420 I chatty  : uid=1000(system) Binder:2185_12 expire 1 line
05-29 09:32:08.284  2185  3565 I chatty  : uid=1000(system) Binder:2185_6 expire 6 lines
05-29 09:32:08.288  2185  3595 I chatty  : uid=1000(system) Binder:2185_8 expire 6 lines
05-29 09:32:08.393  2185  5139 I chatty  : uid=1000(system) Binder:2185_15 expire 4 lines
05-29 09:32:08.401  2185  5138 I chatty  : uid=1000(system) Binder:2185_14 expire 5 lines
05-29 09:32:08.405  2185  3657 I chatty  : uid=1000(system) Binder:2185_A expire 1 line
05-29 09:32:08.751  2185  3723 I chatty  : uid=1000(system) Binder:2185_10 expire 3 lines
05-29 09:32:09.441  2185  2504 I chatty  : uid=1000(system) AlarmManager expire 10 lines
05-29 09:32:09.523  2185 25140 I chatty  : uid=1000(system) Binder:2185_1B expire 6 lines
05-29 09:32:09.555  2185  3678 I chatty  : uid=1000(system) Binder:2185_B expire 4 lines
05-29 09:32:09.583  2185 24171 I chatty  : uid=1000(system) Binder:2185_18 expire 3 lines
05-29 09:32:09.781  2185 11205 I chatty  : uid=1000(system) Binder:2185_1F expire 1 line
05-29 09:32:10.496  2185  2185 I chatty  : uid=1000 system_server expire 6 lines
05-29 09:32:12.932  2185 10699 I chatty  : uid=1000(system) Binder:2185_1E expire 3 lines
05-29 09:32:21.429  2185  3679 I chatty  : uid=1000(system) Binder:2185_C expire 3 lines
05-29 09:32:28.136  2185  3725 I chatty  : uid=1000(system) Binder:2185_11 expire 2 lines
05-29 09:32:28.185  2185  3697 I chatty  : uid=1000(system) Binder:2185_D expire 1 line
05-29 09:32:51.310  2185  2547 I chatty  : uid=1000(system) Binder:2185_3 expire 1 line
05-29 09:32:55.809  2185 19421 I chatty  : uid=1000(system) Binder:2185_13 expire 2 lines
05-29 09:32:55.853  2185 11206 I chatty  : uid=1000(system) Binder:2185_20 expire 1 line
05-29 09:33:12.399  2185  2255 I chatty  : uid=1000(system) android.fg expire 4 lines
05-29 09:33:12.447  2185  3707 I chatty  : uid=1000(system) Binder:2185_F expire 3 lines
05-29 09:33:41.912  2185  2200 I chatty  : uid=1000(system) Binder:2185_2 expire 1 line
05-29 09:33:54.325  2185  2507 I chatty  : uid=1000(system) InputReader expire 1 line
05-29 09:33:54.334  2185  2263 I chatty  : uid=1000(system) PowerManagerSer expire 3 lines
05-29 09:33:54.349  2185  2258 I chatty  : uid=1000(system) android.display expire 1 line
05-29 09:33:54.381  2185 24173 I chatty  : uid=1000(system) Binder:2185_19 expire 3 lines
05-29 09:33:54.529  2185  4613 I chatty  : uid=1000(system) Binder:2185_1D expire 2 lines
05-29 09:33:56.515 24733 24733 V KeyguardDisplayManager: hide
05-29 09:33:56.520  2185  2218 I chatty  : uid=1000(system) ActivityManager expire 5 lines
05-29 09:33:56.561  2185 24175 I chatty  : uid=1000(system) Binder:2185_1A expire 4 lines
05-29 09:33:56.706  2185  2622 I chatty  : uid=1000(system) Binder:2185_4 expire 2 lines
05-29 09:33:57.572  2185  3679 I chatty  : uid=1000(system) Binder:2185_C expire 3 lines
05-29 09:33:57.573  2185  2218 I chatty  : uid=1000(system) ActivityManager expire 42 lines
05-29 09:33:57.586  2185  3697 I chatty  : uid=1000(system) Binder:2185_D expire 4 lines
05-29 09:33:57.624  2185  2537 I chatty  : uid=1000(system) ConnectivitySer expire 5 lines
05-29 09:33:57.782  2185  2890 I chatty  : uid=1000(system) Binder:2185_5 expire 10 lines
05-29 09:33:57.787  2185  3657 I chatty  : uid=1000(system) Binder:2185_A expire 7 lines
05-29 09:33:59.500  2185  2185 I chatty  : uid=1000 system_server expire 19 lines
05-29 09:33:59.546  2185  2222 I chatty  : uid=1000(system) batterystats-sy expire 3 lines
