06-02 07:46:44.703  2185  3595 I chatty  : uid=1000(system) Binder:2185_8 expire 5 lines
06-02 07:46:44.811  2185  3723 I chatty  : uid=1000(system) Binder:2185_10 expire 5 lines
06-02 07:48:00.119  2185 25140 I chatty  : uid=1000(system) Binder:2185_1B expire 3 lines
06-02 07:48:00.826  2185 24175 I chatty  : uid=1000(system) Binder:2185_1A expire 5 lines
06-02 07:48:15.460  2185  3679 I chatty  : uid=1000(system) Binder:2185_C expire 6 lines
06-02 07:49:01.506  2185  2890 I chatty  : uid=1000(system) Binder:2185_5 expire 2 lines
06-02 07:49:16.445  2185  4613 I chatty  : uid=1000(system) Binder:2185_1D expire 4 lines
06-02 07:50:02.484  2185  8479 I chatty  : uid=1000(system) Binder:2185_16 expire 3 lines
06-02 07:50:02.561  2185 25141 I chatty  : uid=1000(system) Binder:2185_1C expire 3 lines
06-02 07:50:02.572 31297 32708 E ActivityThread: Failed to find provider info for com.facebook.katana.provider.AttributionIdProvider
06-02 07:50:14.087  2185  2507 I chatty  : uid=1000(system) InputReader expire 2 lines
06-02 07:50:14.098  2185  2263 I chatty  : uid=1000(system) PowerManagerSer expire 5 lines
06-02 07:50:14.114  2185  2258 I chatty  : uid=1000(system) android.display expire 2 lines
06-02 07:50:14.251  2185  2200 I chatty  : uid=1000(system) Binder:2185_2 expire 4 lines
06-02 07:50:14.319  2185 19420 I chatty  : uid=1000(system) Binder:2185_12 expire 2 lines
06-02 07:50:14.344  2185  3698 I chatty  : uid=1000(system) Binder:2185_E expire 6 lines
06-02 07:50:14.438  2185  2217 I chatty  : uid=1000(system) android.bg expire 4 lines
06-02 07:50:16.451  2185  3725 I chatty  : uid=1000(system) Binder:2185_11 expire 1 line
06-02 07:50:16.922  2185  3653 I chatty  : uid=1000(system) Binder:2185_9 expire 4 lines
06-02 07:50:21.573  2185 24171 I chatty  : uid=1000(system) Binder:2185_18 expire 4 lines
06-02 07:51:03.447  2185  2504 I chatty  : uid=1000(system) AlarmManager expire 28 lines
06-02 07:51:15.457  2185  2199 I chatty  : uid=1000(system) Binder:2185_1 expire 3 lines
06-02 07:52:13.881  2185  2537 I chatty  : uid=1000(system) ConnectivitySer expire 1 line
06-02 07:52:15.511  2185  3593 I chatty  : uid=1000(system) Binder:2185_7 expire 5 lines
06-02 07:56:21.264  2185  2218 I chatty  : uid=1000(system) ActivityManager expire 33 lines
06-02 07:56:21.686  2185  2622 I chatty  : uid=1000(system) Binder:2185_4 expire 3 lines
06-02 07:56:21.692  2185 25141 I chatty  : uid=1000(system) Binder:2185_1C expire 4 lines
06-02 07:56:21.716  2185  2200 I chatty  : uid=1000(system) Binder:2185_2 expire 4 lines
06-02 07:56:21.728  2185  2547 I chatty  : uid=1000(system) Binder:2185_3 expire 12 lines
06-02 07:56:21.770  2185 25140 I chatty  : uid=1000(system) Binder:2185_1B expire 2 lines
06-02 07:56:34.466  2185  2504 I chatty  : uid=1000(system) AlarmManager expire 45 lines
06-02 07:57:23.482  2185  4613 I chatty  : uid=1000(system) Binder:2185_1D expire 3 lines
06-02 07:57:23.580  2185  3697 I chatty  : uid=1000(system) Binder:2185_D expire 2 lines
06-02 07:58:00.497  2185 31361 I chatty  : uid=1000(system) Binder:2185_17 expire 4 lines
06-02 07:58:00.543  2185  3725 I chatty  : uid=1000(system) Binder:2185_11 expire 5 lines
06-02 07:58:06.875  2185  8479 I chatty  : uid=1000(system) Binder:2185_16 expire 7 lines
06-02 07:58:06.878  2185  2890 I chatty  : uid=1000(system) Binder:2185_5 expire 5 lines
06-02 07:58:24.462  2185  3707 I chatty  : uid=1000(system) Binder:2185_F expire 1 line
06-02 07:58:24.470  2185  2255 I chatty  : uid=1000(system) android.fg expire 7 lines
06-02 07:58:24.480  2185 19420 I chatty  : uid=1000(system) Binder:2185_12 expire 2 lines
06-02 07:58:24.489  2185  2222 I chatty  : uid=1000(system) batterystats-sy expire 8 lines
06-02 07:58:25.227  2185  3678 I chatty  : uid=1000(system) Binder:2185_B expire 3 lines
06-02 07:58:25.530  2185 10699 I chatty  : uid=1000(system) Binder:2185_1E expire 4 lines
06-02 07:59:01.561  2185  3565 I chatty  : uid=1000(system) Binder:2185_6 expire 2 lines
06-02 07:59:01.580  2185  3653 I chatty  : uid=1000(system) Binder:2185_9 expire 2 lines
06-02 07:59:25.437  2185 24175 I chatty  : uid=1000(system) Binder:2185_1A expire 3 lines
06-02 07:59:25.482  2185 11206 I chatty  : uid=1000(system) Binder:2185_20 expire 5 lines
06-02 08:00:01.522  2185  2199 I chatty  : uid=1000(system) Binder:2185_1 expire 7 lines
06-02 08:00:01.546  2185  3595 I chatty  : uid=1000(system) Binder:2185_8 expire 6 lines
06-02 08:00:26.370  2185  2185 I chatty  : uid=1000 system_server expire 4 lines
06-02 08:00:26.394  2185  2522 I chatty  : uid=1000(system) NetworkPolicy expire 1 line
06-02 08:00:26.541  2185  5138 I chatty  : uid=1000(system) Binder:2185_14 expire 1 line
06-02 08:00:35.478  2185  3723 I chatty  : uid=1000(system) Binder:2185_10 expire 1 line
06-02 08:00:35.718  2185  2217 I chatty  : uid=1000(system) android.bg expire 5 lines
06-02 08:01:27.558  2185  3698 I chatty  : uid=1000(system) Binder:2185_E expire 3 lines
06-02 08:03:13.477  2185  3657 I chatty  : uid=1000(system) Binder:2185_A expire 1 line
06-02 08:03:13.497  2185  5139 I chatty  : uid=1000(system) Binder:2185_15 expire 1 line
06-02 08:03:29.456  2185  3679 I chatty  : uid=1000(system) Binder:2185_C expire 3 lines
06-02 08:05:15.576  2185 24173 I chatty  : uid=1000(system) Binder:2185_19 expire 1 line
06-02 08:05:30.517  2185 19421 I chatty  : uid=1000(system) Binder:2185_13 expire 4 lines
06-02 08:07:17.529  2185  2256 I chatty  : uid=1000(system) android.io expire 3 lines
06-02 08:07:17.986  2185 24171 I chatty  : uid=1000(system) Binder:2185_18 expire 5 lines
06-02 08:07:20.177  2185  4613 I chatty  : uid=1000(system) Binder:2185_1D expire 6 lines
06-02 08:07:20.210  2185 24173 I chatty  : uid=1000(system) Binder:2185_19 expire 3 lines
06-02 08:07:20.237  2185 24175 I chatty  : uid=1000(system) Binder:2185_1A expire 5 lines
06-02 08:07:20.277  2185  2890 I chatty  : uid=1000(system) Binder:2185_5 expire 5 lines
06-02 08:07:21.735  2185  2622 I chatty  : uid=1000(system) Binder:2185_4 expire 4 lines
06-02 08:07:21.736  2185  2218 I chatty  : uid=1000(system) ActivityManager expire 17 lines
06-02 08:07:21.738  2185 19421 I chatty  : uid=1000(system) Binder:2185_13 expire 8 lines
06-02 08:07:22.242  2185 25140 I chatty  : uid=1000(system) Binder:2185_1B expire 5 lines
06-02 08:07:22.473  2185  2547 I chatty  : uid=1000(system) Binder:2185_3 expire 5 lines
06-02 08:07:22.501  2185  3593 I chatty  : uid=1000(system) Binder:2185_7 expire 4 lines
06-02 08:07:32.447  2185  2504 I chatty  : uid=1000(system) AlarmManager expire 15 lines
06-02 08:07:32.711  2185  3707 I chatty  : uid=1000(system) Binder:2185_F expire 1 line
06-02 08:07:40.941  2185  2522 I chatty  : uid=1000(system) NetworkPolicy expire 3 lines
06-02 08:07:40.968  2185  3653 I chatty  : uid=1000(system) Binder:2185_9 expire 3 lines
06-02 08:08:18.472  2185  2255 I chatty  : uid=1000(system) android.fg expire 14 lines
06-02 08:08:18.484  2185  2199 I chatty  : uid=1000(system) Binder:2185_1 expire 5 lines
06-02 08:08:18.492  2185  2222 I chatty  : uid=1000(system) batterystats-sy expire 14 lines
06-02 08:08:18.522  2185  5138 I chatty  : uid=1000(system) Binder:2185_14 expire 1 line
06-02 08:08:18.618  2185 19420 I chatty  : uid=1000(system) Binder:2185_12 expire 6 lines
06-02 08:09:19.583  2185  3595 I chatty  : uid=1000(system) Binder:2185_8 expire 4 lines
06-02 08:09:34.470  2185  5139 I chatty  : uid=1000(system) Binder:2185_15 expire 3 lines
06-02 08:10:01.488  2185 25141 I chatty  : uid=1000(system) Binder:2185_1C expire 3 lines
06-02 08:10:01.603  2185  3679 I chatty  : uid=1000(system) Binder:2185_C expire 3 lines
06-02 08:10:01.765  2185  8479 I chatty  : uid=1000(system) Binder:2185_16 expire 4 lines
06-02 08:10:01.766  2185  2537 I chatty  : uid=1000(system) ConnectivitySer expire 1 line
06-02 08:10:42.463  2185  3725 I chatty  : uid=1000(system) Binder:2185_11 expire 3 lines
06-02 08:10:42.666  2185  2217 I chatty  : uid=1000(system) android.bg expire 4 lines
06-02 08:10:42.798  2185  2185 I chatty  : uid=1000 system_server expire 1 line
06-02 08:10:43.740  2185 11205 I chatty  : uid=1000(system) Binder:2185_1F expire 3 lines
06-02 08:10:43.924   733  1825 E ActivityThread: Failed to find provider info for com.facebook.katana.provider.AttributionIdProvider
06-02 08:10:44.148  2185  2218 I chatty  : uid=1000(system) ActivityManager expire 9 lines
06-02 08:10:44.827  2185 11206 I chatty  : uid=1000(system) Binder:2185_20 expire 2 lines
06-02 08:10:47.045  2185  3678 I chatty  : uid=1000(system) Binder:2185_B expire 3 lines
06-02 08:11:36.454  2185  2504 I chatty  : uid=1000(system) AlarmManager expire 25 lines
06-02 08:11:36.590  2185  3697 I chatty  : uid=1000(system) Binder:2185_D expire 2 lines
06-02 08:13:17.551  2185  2519 I chatty  : uid=1000(system) NetworkStats expire 3 lines
06-02 08:13:17.936  2185  3723 I chatty  : uid=1000(system) Binder:2185_10 expire 2 lines
06-02 08:13:17.968  2185  3698 I chatty  : uid=1000(system) Binder:2185_E expire 3 lines
06-02 08:14:19.563  2185 10699 I chatty  : uid=1000(system) Binder:2185_1E expire 1 line
06-02 08:15:41.470  2185  3657 I chatty  : uid=1000(system) Binder:2185_A expire 1 line
06-02 08:16:01.560  2185 31361 I chatty  : uid=1000(system) Binder:2185_17 expire 2 lines
06-02 08:16:39.310  2185  2622 I chatty  : uid=1000(system) Binder:2185_4 expire 4 lines
06-02 08:16:39.311  2185  2218 I chatty  : uid=1000(system) ActivityManager expire 30 lines
06-02 08:16:39.813  2185 24171 I chatty  : uid=1000(system) Binder:2185_18 expire 2 lines
06-02 08:16:39.819  2185  2890 I chatty  : uid=1000(system) Binder:2185_5 expire 14 lines
06-02 08:16:39.823  2185  3679 I chatty  : uid=1000(system) Binder:2185_C expire 9 lines
06-02 08:16:39.829  2185  3657 I chatty  : uid=1000(system) Binder:2185_A expire 3 lines
06-02 08:16:41.502  2185  2504 I chatty  : uid=1000(system) AlarmManager expire 34 lines
06-02 08:16:41.536  2185 19421 I chatty  : uid=1000(system) Binder:2185_13 expire 3 lines
06-02 08:17:19.486  2185  2255 I chatty  : uid=1000(system) android.fg expire 11 lines
06-02 08:17:19.512  2185  2222 I chatty  : uid=1000(system) batterystats-sy expire 12 lines
06-02 08:17:19.553  2185  3723 I chatty  : uid=1000(system) Binder:2185_10 expire 5 lines
06-02 08:17:19.635  2185 24175 I chatty  : uid=1000(system) Binder:2185_1A expire 3 lines
06-02 08:17:42.471  2185  3697 I chatty  : uid=1000(system) Binder:2185_D expire 6 lines
06-02 08:18:01.569  2185 19420 I chatty  : uid=1000(system) Binder:2185_12 expire 2 lines
06-02 08:18:01.876  2185  2256 I chatty  : uid=1000(system) android.io expire 3 lines
06-02 08:18:01.895  2185  3593 I chatty  : uid=1000(system) Binder:2185_7 expire 2 lines
06-02 08:18:02.107  2185 11205 I chatty  : uid=1000(system) Binder:2185_1F expire 7 lines
06-02 08:18:02.138  2185  2547 I chatty  : uid=1000(system) Binder:2185_3 expire 3 lines
06-02 08:18:02.147  2185  3678 I chatty  : uid=1000(system) Binder:2185_B expire 2 lines
06-02 08:18:02.265  2185  8479 I chatty  : uid=1000(system) Binder:2185_16 expire 1 line
06-02 08:18:02.385  2185  3707 I chatty  : uid=1000(system) Binder:2185_F expire 3 lines
06-02 08:18:03.419  2185 11206 I chatty  : uid=1000(system) Binder:2185_20 expire 2 lines
06-02 08:18:03.425  2185 25141 I chatty  : uid=1000(system) Binder:2185_1C expire 3 lines
06-02 08:18:03.431  2185  3565 I chatty  : uid=1000(system) Binder:2185_6 expire 1 line
06-02 08:18:03.439  2185 10699 I chatty  : uid=1000(system) Binder:2185_1E expire 7 lines
06-02 08:18:03.705  2185  2200 I chatty  : uid=1000(system) Binder:2185_2 expire 4 lines
06-02 08:18:04.870  2185  5139 I chatty  : uid=1000(system) Binder:2185_15 expire 7 lines
06-02 08:18:43.457  2185  2199 I chatty  : uid=1000(system) Binder:2185_1 expire 4 lines
06-02 08:18:43.461  2185  3595 I chatty  : uid=1000(system) Binder:2185_8 expire 2 lines
06-02 08:19:44.533  2185 25140 I chatty  : uid=1000(system) Binder:2185_1B expire 1 line
06-02 08:19:44.616  2185  3725 I chatty  : uid=1000(system) Binder:2185_11 expire 6 lines
06-02 08:19:44.682  2185  2537 I chatty  : uid=1000(system) ConnectivitySer expire 1 line
06-02 08:19:44.736  2185  2185 I chatty  : uid=1000 system_server expire 1 line
06-02 08:20:18.813  2185  5138 I chatty  : uid=1000(system) Binder:2185_14 expire 3 lines
06-02 08:20:39.816  2185  2522 I chatty  : uid=1000(system) NetworkPolicy expire 2 lines
06-02 08:21:19.610  2185 24173 I chatty  : uid=1000(system) Binder:2185_19 expire 1 line
06-02 08:21:46.469  2185  4613 I chatty  : uid=1000(system) Binder:2185_1D expire 1 line
06-02 08:22:47.449  2185  3698 I chatty  : uid=1000(system) Binder:2185_E expire 4 lines
06-02 08:24:30.837  2185  2522 I chatty  : uid=1000(system) NetworkPolicy expire 1 line
06-02 08:24:50.468  2185  2504 I chatty  : uid=1000(system) AlarmManager expire 31 lines
06-02 08:24:50.486  2185  2622 I chatty  : uid=1000(system) Binder:2185_4 expire 7 lines
06-02 08:25:02.490  2185  3565 I chatty  : uid=1000(system) Binder:2185_6 expire 3 lines
06-02 08:25:02.583  2185  3679 I chatty  : uid=1000(system) Binder:2185_C expire 5 lines
06-02 08:25:02.601  2185  2547 I chatty  : uid=1000(system) Binder:2185_3 expire 4 lines
06-02 08:25:14.983  2185  2218 I chatty  : uid=1000(system) ActivityManager expire 33 lines
06-02 08:25:15.037  3716  3818 W ContextImpl: Calling a method in the system process without a qualified user: android.app.ContextImpl.bindService:1422 android.content.ContextWrapper.bindService:636 com.google.android.gms.ads.identifier.AdvertisingIdClient.h:-1 com.google.android.gms.ads.identifier.AdvertisingIdClient.b:-1 com.google.android.gms.ads.identifier.AdvertisingIdClient.getAdvertisingIdInfo:-1 
06-02 08:25:51.478  2185 11206 I chatty  : uid=1000(system) Binder:2185_20 expire 5 lines
06-02 08:26:03.487  2185  3595 I chatty  : uid=1000(system) Binder:2185_8 expire 2 lines
06-02 08:26:03.525  2185 24175 I chatty  : uid=1000(system) Binder:2185_1A expire 5 lines
06-02 08:26:03.569  2185 24173 I chatty  : uid=1000(system) Binder:2185_19 expire 4 lines
06-02 08:26:03.745  2185  2217 I chatty  : uid=1000(system) android.bg expire 6 lines
06-02 08:26:03.782  2185  2185 I chatty  : uid=1000 system_server expire 11 lines
06-02 08:26:05.473  2185  3725 I chatty  : uid=1000(system) Binder:2185_11 expire 4 lines
06-02 08:26:05.482  2185 11205 I chatty  : uid=1000(system) Binder:2185_1F expire 2 lines
06-02 08:26:05.490  2185  8479 I chatty  : uid=1000(system) Binder:2185_16 expire 6 lines
06-02 08:26:05.495  2185 25140 I chatty  : uid=1000(system) Binder:2185_1B expire 5 lines
06-02 08:26:05.508  2185  3697 I chatty  : uid=1000(system) Binder:2185_D expire 4 lines
06-02 08:26:05.520  2185 24171 I chatty  : uid=1000(system) Binder:2185_18 expire 3 lines
06-02 08:26:05.636  2185  2255 I chatty  : uid=1000(system) android.fg expire 7 lines
06-02 08:26:05.647  2185  2222 I chatty  : uid=1000(system) batterystats-sy expire 6 lines
06-02 08:27:04.497  2185 25141 I chatty  : uid=1000(system) Binder:2185_1C expire 2 lines
06-02 08:27:53.469  2185  4613 I chatty  : uid=1000(system) Binder:2185_1D expire 2 lines
06-02 08:28:17.594  2185  5138 I chatty  : uid=1000(system) Binder:2185_14 expire 1 line
06-02 08:28:18.595  2185 19420 I chatty  : uid=1000(system) Binder:2185_12 expire 6 lines
06-02 08:28:18.720  2185  3678 I chatty  : uid=1000(system) Binder:2185_B expire 9 lines
06-02 08:29:37.564  2185  3593 I chatty  : uid=1000(system) Binder:2185_7 expire 3 lines
06-02 08:30:25.106  2185 10699 I chatty  : uid=1000(system) Binder:2185_1E expire 2 lines
06-02 08:30:25.260  2185  2200 I chatty  : uid=1000(system) Binder:2185_2 expire 6 lines
06-02 08:30:41.498  2185  2199 I chatty  : uid=1000(system) Binder:2185_1 expire 7 lines
06-02 08:30:51.568  2185  3657 I chatty  : uid=1000(system) Binder:2185_A expire 2 lines
06-02 08:30:51.122  2185  2543 I chatty  : uid=1000(system) onProviders.ECP expire 1 line
06-02 08:30:51.548  2185  2537 I chatty  : uid=1000(system) ConnectivitySer expire 1 line
06-02 08:30:51.673  2185  5139 I chatty  : uid=1000(system) Binder:2185_15 expire 2 lines
06-02 08:30:52.165  2185  2256 I chatty  : uid=1000(system) android.io expire 2 lines
06-02 08:30:52.216  2185  3723 I chatty  : uid=1000(system) Binder:2185_10 expire 1 line
06-02 08:30:52.529  2185  2890 I chatty  : uid=1000(system) Binder:2185_5 expire 3 lines
06-02 08:30:52.698  2185 31361 I chatty  : uid=1000(system) Binder:2185_17 expire 1 line
06-02 08:30:54.186  2185 19421 I chatty  : uid=1000(system) Binder:2185_13 expire 3 lines
06-02 08:30:54.972  2185  2504 I chatty  : uid=1000(system) AlarmManager expire 10 lines
06-02 08:30:55.659  2185 25141 I chatty  : uid=1000(system) Binder:2185_1C expire 2 lines
06-02 08:30:55.842  2185 19420 I chatty  : uid=1000(system) Binder:2185_12 expire 3 lines
06-02 08:30:55.883  2185  2622 I chatty  : uid=1000(system) Binder:2185_4 expire 5 lines
06-02 08:30:55.919  2185  4613 I chatty  : uid=1000(system) Binder:2185_1D expire 12 lines
06-02 08:30:56.008  2185  2218 I chatty  : uid=1000(system) ActivityManager expire 38 lines
06-02 08:30:56.336  2185  3707 I chatty  : uid=1000(system) Binder:2185_F expire 4 lines
06-02 08:30:56.024  2185  2890 I chatty  : uid=1000(system) Binder:2185_5 expire 12 lines
06-02 08:30:56.227  2185 24175 I chatty  : uid=1000(system) Binder:2185_1A expire 8 lines
06-02 08:30:56.458  2185  3723 I chatty  : uid=1000(system) Binder:2185_10 expire 8 lines
06-02 08:30:56.681  2185  3698 I chatty  : uid=1000(system) Binder:2185_E expire 7 lines
06-02 08:30:56.896  2185  5139 I chatty  : uid=1000(system) Binder:2185_15 expire 4 lines
06-02 08:30:56.009  2185 11205 I chatty  : uid=1000(system) Binder:2185_1F expire 5 lines
06-02 08:30:56.020  2185  2185 I chatty  : uid=1000 system_server expire 16 lines
06-02 08:30:56.063  2185  2547 I chatty  : uid=1000(system) Binder:2185_3 expire 13 lines
06-02 08:30:56.157  2185  3657 I chatty  : uid=1000(system) Binder:2185_A expire 8 lines
06-02 08:30:57.074  2185  2537 I chatty  : uid=1000(system) ConnectivitySer expire 7 lines
06-02 08:30:57.076  2185  2530 I chatty  : uid=1000(system) WifiStateMachin expire 4 lines
06-02 08:30:57.184  2185  2255 I chatty  : uid=1000(system) android.fg expire 3 lines
06-02 08:30:57.193  2185 31361 I chatty  : uid=1000(system) Binder:2185_17 expire 2 lines
06-02 08:30:57.196  2185 10699 I chatty  : uid=1000(system) Binder:2185_1E expire 1 line
06-02 08:30:57.211  2185 25140 I chatty  : uid=1000(system) Binder:2185_1B expire 1 line
06-02 08:30:57.258  2185  2222 I chatty  : uid=1000(system) batterystats-sy expire 1 line
06-02 08:30:57.354  2185  3725 I chatty  : uid=1000(system) Binder:2185_11 expire 3 lines
06-02 08:30:57.440   774  3413 W SocketClient: write error (Broken pipe)
06-02 08:30:57.726  2185  3679 I chatty  : uid=1000(system) Binder:2185_C expire 7 lines
06-02 08:30:57.837  2185 11206 I chatty  : uid=1000(system) Binder:2185_20 expire 2 lines
06-02 08:30:57.923  2185  8479 I chatty  : uid=1000(system) Binder:2185_16 expire 3 lines
06-02 08:30:58.331  2185  2256 I chatty  : uid=1000(system) android.io expire 2 lines
06-02 08:30:59.385  2185  3653 I chatty  : uid=1000(system) Binder:2185_9 expire 2 lines
06-02 08:31:00.327   774  3506 W SocketClient: write error (Broken pipe)
06-02 08:31:02.172  2185 24171 I chatty  : uid=1000(system) Binder:2185_18 expire 3 lines
06-02 08:31:05.223  2185  3697 I chatty  : uid=1000(system) Binder:2185_D expire 3 lines
06-02 08:31:05.661  2185  2199 I chatty  : uid=1000(system) Binder:2185_1 expire 1 line
06-02 08:31:06.026  2185  3595 I chatty  : uid=1000(system) Binder:2185_8 expire 1 line
06-02 08:31:07.749  2185 24173 I chatty  : uid=1000(system) Binder:2185_19 expire 2 lines
06-02 08:31:07.850  2185  3678 I chatty  : uid=1000(system) Binder:2185_B expire 1 line
06-02 08:31:07.988  2185  5138 I chatty  : uid=1000(system) Binder:2185_14 expire 7 lines
06-02 08:31:19.605  2185  2218 I chatty  : uid=1000(system) ActivityManager expire 32 lines
06-02 08:31:25.041  2185  2504 I chatty  : uid=1000(system) AlarmManager expire 40 lines
06-02 08:31:25.053  2185  2622 I chatty  : uid=1000(system) Binder:2185_4 expire 7 lines
06-02 08:31:31.549  2185 24173 I chatty  : uid=1000(system) Binder:2185_19 expire 5 lines
06-02 08:31:32.061  2185  3723 I chatty  : uid=1000(system) Binder:2185_10 expire 4 lines
06-02 08:31:32.068  2185  3653 I chatty  : uid=1000(system) Binder:2185_9 expire 5 lines
06-02 08:31:32.076  2185 25141 I chatty  : uid=1000(system) Binder:2185_1C expire 3 lines
06-02 08:31:51.808  2185  5139 I chatty  : uid=1000(system) Binder:2185_15 expire 10 lines
06-02 08:31:51.810  2185  4613 I chatty  : uid=1000(system) Binder:2185_1D expire 6 lines
06-02 08:31:52.124  2185  2547 I chatty  : uid=1000(system) Binder:2185_3 expire 3 lines
06-02 08:31:57.490  2185 11205 I chatty  : uid=1000(system) Binder:2185_1F expire 6 lines
06-02 08:31:59.558  2185  3698 I chatty  : uid=1000(system) Binder:2185_E expire 3 lines
06-02 08:31:59.561  2185 25140 I chatty  : uid=1000(system) Binder:2185_1B expire 7 lines
06-02 08:32:10.489  2185  2200 I chatty  : uid=1000(system) Binder:2185_2 expire 1 line
06-02 08:32:10.677  2185 10699 I chatty  : uid=1000(system) Binder:2185_1E expire 2 lines
06-02 08:32:18.481  2185  3707 I chatty  : uid=1000(system) Binder:2185_F expire 1 line
06-02 08:32:20.654  2185  3593 I chatty  : uid=1000(system) Binder:2185_7 expire 3 lines
06-02 08:32:21.057  2185  2256 I chatty  : uid=1000(system) android.io expire 2 lines
06-02 08:32:21.076  2185 24175 I chatty  : uid=1000(system) Binder:2185_1A expire 6 lines
06-02 08:32:30.827  2185  3678 I chatty  : uid=1000(system) Binder:2185_B expire 9 lines
06-02 08:32:52.199  2185  2199 I chatty  : uid=1000(system) Binder:2185_1 expire 4 lines
06-02 08:32:52.222  2185  8479 I chatty  : uid=1000(system) Binder:2185_16 expire 3 lines
06-02 08:33:33.509  2185  3697 I chatty  : uid=1000(system) Binder:2185_D expire 2 lines
06-02 08:33:33.512  2185  3679 I chatty  : uid=1000(system) Binder:2185_C expire 4 lines
06-02 08:33:33.564  2185  2185 I chatty  : uid=1000 system_server expire 9 lines
06-02 08:34:00.495  2185  3657 I chatty  : uid=1000(system) Binder:2185_A expire 5 lines
06-02 08:34:00.497  2185  2537 I chatty  : uid=1000(system) ConnectivitySer expire 1 line
06-02 08:34:00.530  2185 24171 I chatty  : uid=1000(system) Binder:2185_18 expire 2 lines
06-02 08:34:55.540  2185  3725 I chatty  : uid=1000(system) Binder:2185_11 expire 1 line
06-02 08:36:00.557  2185  2530 I chatty  : uid=1000(system) WifiStateMachin expire 4 lines
06-02 08:36:00.672  2185 19421 I chatty  : uid=1000(system) Binder:2185_13 expire 2 lines
06-02 08:36:01.456  2185  2222 I chatty  : uid=1000(system) batterystats-sy expire 3 lines
06-02 08:36:01.706  2185  3595 I chatty  : uid=1000(system) Binder:2185_8 expire 3 lines
06-02 08:37:01.873  5002  5002 D ActivityThread: Loading provider com.whatsapp.provider.contact: com.whatsapp.contact.ContactProvider
06-02 08:37:01.939  2185  3723 I chatty  : uid=1000(system) Binder:2185_10 expire 5 lines
06-02 08:37:02.004  2185 11205 I chatty  : uid=1000(system) Binder:2185_1F expire 1 line
06-02 08:37:02.004  2185  2218 I chatty  : uid=1000(system) ActivityManager expire 29 lines
06-02 08:37:02.370  2185  5139 I chatty  : uid=1000(system) Binder:2185_15 expire 10 lines
06-02 08:37:02.401  2185  3697 I chatty  : uid=1000(system) Binder:2185_D expire 12 lines
06-02 08:37:02.403  2185  4613 I chatty  : uid=1000(system) Binder:2185_1D expire 5 lines
06-02 08:37:02.414  2185 10699 I chatty  : uid=1000(system) Binder:2185_1E expire 6 lines
06-02 08:37:02.431  2185  3593 I chatty  : uid=1000(system) Binder:2185_7 expire 10 lines
06-02 08:37:02.488  2185  3725 I chatty  : uid=1000(system) Binder:2185_11 expire 7 lines
06-02 08:37:02.505  2185  3678 I chatty  : uid=1000(system) Binder:2185_B expire 6 lines
06-02 08:37:02.506  2185  3679 I chatty  : uid=1000(system) Binder:2185_C expire 14 lines
06-02 08:37:02.506  2185 19420 I chatty  : uid=1000(system) Binder:2185_12 expire 10 lines
06-02 08:38:02.460  2185  2504 I chatty  : uid=1000(system) AlarmManager expire 12 lines
06-02 08:38:02.518  2185 25140 I chatty  : uid=1000(system) Binder:2185_1B expire 4 lines
06-02 08:38:02.527  2185 25141 I chatty  : uid=1000(system) Binder:2185_1C expire 3 lines
06-02 08:38:02.540  2185  3653 I chatty  : uid=1000(system) Binder:2185_9 expire 1 line
06-02 08:38:02.595  2185  2622 I chatty  : uid=1000(system) Binder:2185_4 expire 1 line
06-02 08:38:13.130  2185  3657 I chatty  : uid=1000(system) Binder:2185_A expire 2 lines
06-02 08:38:12.045  2185  2185 I chatty  : uid=1000 system_server expire 14 lines
06-02 08:38:12.062  2185  2543 I chatty  : uid=1000(system) onProviders.ECP expire 1 line
06-02 08:38:12.114  2185  2217 I chatty  : uid=1000(system) android.bg expire 4 lines
06-02 08:38:12.005  2185 24173 I chatty  : uid=1000(system) Binder:2185_19 expire 2 lines
06-02 08:38:18.069  2185  8479 I chatty  : uid=1000(system) Binder:2185_16 expire 1 line
06-02 08:38:18.719  2185  2256 I chatty  : uid=1000(system) android.io expire 2 lines
06-02 08:38:18.989  2185  3707 I chatty  : uid=1000(system) Binder:2185_F expire 2 lines
06-02 08:38:19.126  2185 11206 I chatty  : uid=1000(system) Binder:2185_20 expire 2 lines
06-02 08:38:19.608  2185  2890 I chatty  : uid=1000(system) Binder:2185_5 expire 6 lines
06-02 08:38:19.671  2185  2199 I chatty  : uid=1000(system) Binder:2185_1 expire 5 lines
06-02 08:38:19.673  2185  2537 I chatty  : uid=1000(system) ConnectivitySer expire 1 line
06-02 08:38:19.674  2185 19421 I chatty  : uid=1000(system) Binder:2185_13 expire 3 lines
06-02 08:38:21.095  2185  2547 I chatty  : uid=1000(system) Binder:2185_3 expire 3 lines
06-02 08:38:21.983  2185  2200 I chatty  : uid=1000(system) Binder:2185_2 expire 4 lines
06-02 08:38:22.087  2185  5138 I chatty  : uid=1000(system) Binder:2185_14 expire 5 lines
06-02 08:38:23.657  2185  3565 I chatty  : uid=1000(system) Binder:2185_6 expire 1 line
06-02 08:38:23.799  2185 24171 I chatty  : uid=1000(system) Binder:2185_18 expire 1 line
06-02 08:38:47.472  2185 24175 I chatty  : uid=1000(system) Binder:2185_1A expire 6 lines
06-02 08:38:54.465  2185  2504 I chatty  : uid=1000(system) AlarmManager expire 20 lines
06-02 08:38:54.535  2185  3698 I chatty  : uid=1000(system) Binder:2185_E expire 3 lines
06-02 08:38:54.582  2185  2185 I chatty  : uid=1000 system_server expire 19 lines
06-02 08:38:54.582  2185  2218 I chatty  : uid=1000(system) ActivityManager expire 24 lines
06-02 08:38:54.679  2185 25141 I chatty  : uid=1000(system) Binder:2185_1C expire 6 lines
06-02 08:38:54.943  2185  3707 I chatty  : uid=1000(system) Binder:2185_F expire 2 lines
06-02 08:38:54.991  2185  2256 I chatty  : uid=1000(system) android.io expire 4 lines
06-02 08:38:55.028  2185  4613 I chatty  : uid=1000(system) Binder:2185_1D expire 6 lines
06-02 08:38:55.206  2185  3657 I chatty  : uid=1000(system) Binder:2185_A expire 5 lines
06-02 08:38:55.230  2185  3723 I chatty  : uid=1000(system) Binder:2185_10 expire 4 lines
06-02 08:38:55.690  2185  3565 I chatty  : uid=1000(system) Binder:2185_6 expire 6 lines
06-02 08:38:55.721  2185 24171 I chatty  : uid=1000(system) Binder:2185_18 expire 4 lines
06-02 08:38:55.752  2185  8479 I chatty  : uid=1000(system) Binder:2185_16 expire 7 lines
06-02 08:38:55.881  2185 25140 I chatty  : uid=1000(system) Binder:2185_1B expire 3 lines
06-02 08:38:57.266  2185 31361 I chatty  : uid=1000(system) Binder:2185_17 expire 4 lines
06-02 08:38:57.476  2185 11206 I chatty  : uid=1000(system) Binder:2185_20 expire 3 lines
06-02 08:38:57.524  2185  5138 I chatty  : uid=1000(system) Binder:2185_14 expire 5 lines
06-02 08:38:57.818  2185  3697 I chatty  : uid=1000(system) Binder:2185_D expire 6 lines
06-02 08:38:58.286  2185  3678 I chatty  : uid=1000(system) Binder:2185_B expire 2 lines
06-02 08:38:58.327  2185  2890 I chatty  : uid=1000(system) Binder:2185_5 expire 8 lines
06-02 08:38:59.561  2185  5139 I chatty  : uid=1000(system) Binder:2185_15 expire 1 line
06-02 08:39:03.753  2185 24173 I chatty  : uid=1000(system) Binder:2185_19 expire 5 lines
06-02 08:39:03.754  2185  2220 I chatty  : uid=1000(system) ActivityManager expire 1 line
06-02 08:39:03.786  2185  2200 I chatty  : uid=1000(system) Binder:2185_2 expire 5 lines
06-02 08:39:45.063  2185  2217 I chatty  : uid=1000(system) android.bg expire 4 lines
06-02 08:39:45.302  2185  3679 I chatty  : uid=1000(system) Binder:2185_C expire 6 lines
06-02 08:39:45.395  2185  3725 I chatty  : uid=1000(system) Binder:2185_11 expire 1 line
06-02 08:39:46.222  2185 11205 I chatty  : uid=1000(system) Binder:2185_1F expire 3 lines
06-02 08:39:48.822  2185 19420 I chatty  : uid=1000(system) Binder:2185_12 expire 2 lines
06-02 08:39:49.870  2185  3653 I chatty  : uid=1000(system) Binder:2185_9 expire 3 lines
06-02 08:39:49.986  2185  2622 I chatty  : uid=1000(system) Binder:2185_4 expire 1 line
06-02 08:39:50.175  2185  3595 I chatty  : uid=1000(system) Binder:2185_8 expire 2 lines
06-02 08:39:52.878  2185 19421 I chatty  : uid=1000(system) Binder:2185_13 expire 1 line
06-02 08:39:53.389  2185  2199 I chatty  : uid=1000(system) Binder:2185_1 expire 3 lines
06-02 08:39:54.256  2185  2547 I chatty  : uid=1000(system) Binder:2185_3 expire 1 line
06-02 08:39:54.535  2185 10699 I chatty  : uid=1000(system) Binder:2185_1E expire 2 lines
06-02 08:40:59.539  2185  2530 I chatty  : uid=1000(system) WifiStateMachin expire 8 lines
06-02 08:41:00.255  2185  3657 I chatty  : uid=1000(system) Binder:2185_A expire 2 lines
06-02 08:41:04.230  2185  2218 I chatty  : uid=1000(system) ActivityManager expire 27 lines
06-02 08:41:04.238  2185  2185 I chatty  : uid=1000 system_server expire 19 lines
06-02 08:42:00.006  2185  2504 I chatty  : uid=1000(system) AlarmManager expire 30 lines
06-02 08:42:00.049  2185 11205 I chatty  : uid=1000(system) Binder:2185_1F expire 5 lines
06-02 08:42:00.065  2185 19420 I chatty  : uid=1000(system) Binder:2185_12 expire 5 lines
06-02 08:42:00.201  2185  3679 I chatty  : uid=1000(system) Binder:2185_C expire 2 lines
06-02 08:42:00.352  2185  2217 I chatty  : uid=1000(system) android.bg expire 6 lines
06-02 08:42:01.860  2185 24175 I chatty  : uid=1000(system) Binder:2185_1A expire 1 line
06-02 08:43:01.452  2185  8479 I chatty  : uid=1000(system) Binder:2185_16 expire 4 lines
06-02 08:43:11.526  2185  2519 I chatty  : uid=1000(system) NetworkStats expire 2 lines
06-02 08:43:11.538  2185  5138 I chatty  : uid=1000(system) Binder:2185_14 expire 2 lines
06-02 08:43:11.626  2185 31361 I chatty  : uid=1000(system) Binder:2185_17 expire 4 lines
06-02 08:44:02.446  2185  3595 I chatty  : uid=1000(system) Binder:2185_8 expire 7 lines
06-02 08:44:02.541  2185 10699 I chatty  : uid=1000(system) Binder:2185_1E expire 5 lines
06-02 08:45:00.564  2185 25140 I chatty  : uid=1000(system) Binder:2185_1B expire 3 lines
06-02 08:45:02.491  2185  2890 I chatty  : uid=1000(system) Binder:2185_5 expire 4 lines
06-02 08:45:29.468  2185  3697 I chatty  : uid=1000(system) Binder:2185_D expire 9 lines
06-02 08:46:03.450  2185  3707 I chatty  : uid=1000(system) Binder:2185_F expire 1 line
06-02 08:46:03.545  2185 25141 I chatty  : uid=1000(system) Binder:2185_1C expire 1 line
06-02 08:46:18.897  2185 24171 I chatty  : uid=1000(system) Binder:2185_18 expire 4 lines
06-02 08:46:18.009  2185  3725 I chatty  : uid=1000(system) Binder:2185_11 expire 4 lines
06-02 08:46:18.085  2185  2220 I chatty  : uid=1000(system) ActivityManager expire 1 line
06-02 08:46:18.120  2185  3653 I chatty  : uid=1000(system) Binder:2185_9 expire 6 lines
06-02 08:46:18.170  2185  3593 I chatty  : uid=1000(system) Binder:2185_7 expire 4 lines
06-02 08:46:24.457  2185  2522 I chatty  : uid=1000(system) NetworkPolicy expire 1 line
06-02 08:46:25.878  2185  2622 I chatty  : uid=1000(system) Binder:2185_4 expire 8 lines
06-02 08:46:25.910  2185  2537 I chatty  : uid=1000(system) ConnectivitySer expire 1 line
06-02 08:46:25.935  2185  2547 I chatty  : uid=1000(system) Binder:2185_3 expire 2 lines
06-02 08:46:28.151  2185  2199 I chatty  : uid=1000(system) Binder:2185_1 expire 2 lines
06-02 08:46:28.996  2185  4613 I chatty  : uid=1000(system) Binder:2185_1D expire 2 lines
06-02 08:46:30.202  2185  3723 I chatty  : uid=1000(system) Binder:2185_10 expire 1 line
06-02 08:47:03.544  2185  5139 I chatty  : uid=1000(system) Binder:2185_15 expire 4 lines
06-02 08:47:10.123  2185  3678 I chatty  : uid=1000(system) Binder:2185_B expire 2 lines
06-02 08:48:05.426  2185  2504 I chatty  : uid=1000(system) AlarmManager expire 56 lines
06-02 08:48:05.447  2185  2218 I chatty  : uid=1000(system) ActivityManager expire 25 lines
06-02 08:48:05.503  2185 10699 I chatty  : uid=1000(system) Binder:2185_1E expire 2 lines
06-02 08:48:05.552  2185  3593 I chatty  : uid=1000(system) Binder:2185_7 expire 4 lines
06-02 08:48:05.623  2185  2890 I chatty  : uid=1000(system) Binder:2185_5 expire 3 lines
06-02 08:48:05.632  2185  3697 I chatty  : uid=1000(system) Binder:2185_D expire 5 lines
06-02 08:49:00.558  2185  3653 I chatty  : uid=1000(system) Binder:2185_9 expire 1 line
06-02 08:49:01.238  2185 25140 I chatty  : uid=1000(system) Binder:2185_1B expire 3 lines
06-02 08:49:01.773  2185  3698 I chatty  : uid=1000(system) Binder:2185_E expire 3 lines
06-02 08:49:01.830  2185  3657 I chatty  : uid=1000(system) Binder:2185_A expire 1 line
06-02 08:49:01.838  2185  2547 I chatty  : uid=1000(system) Binder:2185_3 expire 6 lines
06-02 08:49:06.473  2185 11206 I chatty  : uid=1000(system) Binder:2185_20 expire 3 lines
06-02 08:49:11.464  2185  3595 I chatty  : uid=1000(system) Binder:2185_8 expire 2 lines
06-02 08:49:50.482  2185  3679 I chatty  : uid=1000(system) Binder:2185_C expire 4 lines
06-02 08:50:07.454  2185 31361 I chatty  : uid=1000(system) Binder:2185_17 expire 2 lines
06-02 08:50:51.462  2185  3707 I chatty  : uid=1000(system) Binder:2185_F expire 5 lines
06-02 08:51:07.506  2185 25141 I chatty  : uid=1000(system) Binder:2185_1C expire 1 line
06-02 08:51:07.606  2185 11205 I chatty  : uid=1000(system) Binder:2185_1F expire 5 lines
06-02 08:51:50.426  2185  4613 I chatty  : uid=1000(system) Binder:2185_1D expire 3 lines
06-02 08:51:58.991  2185  8479 I chatty  : uid=1000(system) Binder:2185_16 expire 3 lines
06-02 08:52:07.545  2185 24173 I chatty  : uid=1000(system) Binder:2185_19 expire 3 lines
06-02 08:52:07.572  2185  3725 I chatty  : uid=1000(system) Binder:2185_11 expire 3 lines
06-02 08:52:11.494  2185  2530 I chatty  : uid=1000(system) WifiStateMachin expire 6 lines
06-02 08:52:11.514  2185 24171 I chatty  : uid=1000(system) Binder:2185_18 expire 2 lines
06-02 08:52:11.522  2185  2185 I chatty  : uid=1000 system_server expire 10 lines
06-02 08:52:11.641  2185  3723 I chatty  : uid=1000(system) Binder:2185_10 expire 2 lines
06-02 08:52:11.642  2185  2537 I chatty  : uid=1000(system) ConnectivitySer expire 1 line
06-02 08:52:11.776  2185  2217 I chatty  : uid=1000(system) android.bg expire 9 lines
06-02 08:52:21.002  2185  5138 I chatty  : uid=1000(system) Binder:2185_14 expire 3 lines
06-02 08:52:24.954  2185  2622 I chatty  : uid=1000(system) Binder:2185_4 expire 2 lines
06-02 08:54:08.518  2185  2200 I chatty  : uid=1000(system) Binder:2185_2 expire 2 lines
06-02 08:54:08.546  2185 24175 I chatty  : uid=1000(system) Binder:2185_1A expire 1 line
06-02 08:55:10.555  2185  3565 I chatty  : uid=1000(system) Binder:2185_6 expire 1 line
06-02 08:56:00.568  2185  5139 I chatty  : uid=1000(system) Binder:2185_15 expire 3 lines
06-02 08:58:11.827  2185  2218 I chatty  : uid=1000(system) ActivityManager expire 14 lines
06-02 08:58:12.427  2185  3653 I chatty  : uid=1000(system) Binder:2185_9 expire 5 lines
06-02 08:58:12.480  2185  2504 I chatty  : uid=1000(system) AlarmManager expire 18 lines
06-02 08:58:12.489  2185 11206 I chatty  : uid=1000(system) Binder:2185_20 expire 3 lines
06-02 08:58:12.559  2185  3679 I chatty  : uid=1000(system) Binder:2185_C expire 5 lines
06-02 08:58:13.344  2185 10699 I chatty  : uid=1000(system) Binder:2185_1E expire 3 lines
06-02 08:58:13.692  2185 19421 I chatty  : uid=1000(system) Binder:2185_13 expire 5 lines
06-02 08:58:14.102  2185 24175 I chatty  : uid=1000(system) Binder:2185_1A expire 7 lines
06-02 08:58:14.145  2185  3595 I chatty  : uid=1000(system) Binder:2185_8 expire 5 lines
06-02 08:58:14.216  2185 19420 I chatty  : uid=1000(system) Binder:2185_12 expire 2 lines
06-02 08:58:14.218  2185  3565 I chatty  : uid=1000(system) Binder:2185_6 expire 2 lines
06-02 08:58:15.190  2185  2530 I chatty  : uid=1000(system) WifiStateMachin expire 23 lines
06-02 08:58:15.207  2185  2185 I chatty  : uid=1000 system_server expire 29 lines
06-02 08:58:15.235  2185  2199 I chatty  : uid=1000(system) Binder:2185_1 expire 1 line
06-02 08:59:11.489  2185  8479 I chatty  : uid=1000(system) Binder:2185_16 expire 3 lines
06-02 08:59:11.519  2185 31361 I chatty  : uid=1000(system) Binder:2185_17 expire 3 lines
06-02 08:59:12.263  2185  2256 I chatty  : uid=1000(system) android.io expire 3 lines
06-02 08:59:12.270  2185  3698 I chatty  : uid=1000(system) Binder:2185_E expire 1 line
06-02 08:59:12.858  2185  3657 I chatty  : uid=1000(system) Binder:2185_A expire 1 line
06-02 08:59:12.895  2185 11205 I chatty  : uid=1000(system) Binder:2185_1F expire 4 lines
06-02 08:59:13.088  2185  3697 I chatty  : uid=1000(system) Binder:2185_D expire 1 line
06-02 08:59:14.153  2185  3593 I chatty  : uid=1000(system) Binder:2185_7 expire 3 lines
06-02 08:59:14.166  2185  2547 I chatty  : uid=1000(system) Binder:2185_3 expire 1 line
06-02 08:59:14.172  2185  5138 I chatty  : uid=1000(system) Binder:2185_14 expire 3 lines
06-02 09:01:11.481  2185  4613 I chatty  : uid=1000(system) Binder:2185_1D expire 1 line
06-02 09:01:11.580  2185 25141 I chatty  : uid=1000(system) Binder:2185_1C expire 2 lines
06-02 09:01:12.620  2185  2890 I chatty  : uid=1000(system) Binder:2185_5 expire 1 line
06-02 09:01:28.575  7229  7812 E ActivityThread: Failed to find provider info for com.facebook.katana.provider.AttributionIdProvider
06-02 09:01:28.936  2185  2504 I chatty  : uid=1000(system) AlarmManager expire 7 lines
06-02 09:01:28.967  2185  3678 I chatty  : uid=1000(system) Binder:2185_B expire 1 line
06-02 09:01:29.256  2185  2218 I chatty  : uid=1000(system) ActivityManager expire 18 lines
06-02 09:02:14.555  2185  2622 I chatty  : uid=1000(system) Binder:2185_4 expire 2 lines
06-02 09:03:14.509  2185 24173 I chatty  : uid=1000(system) Binder:2185_19 expire 3 lines
06-02 09:03:17.612  2185  2537 I chatty  : uid=1000(system) ConnectivitySer expire 1 line
06-02 09:03:20.813  2185  3725 I chatty  : uid=1000(system) Binder:2185_11 expire 8 lines
06-02 09:03:24.347  2185  2218 I chatty  : uid=1000(system) ActivityManager expire 44 lines
06-02 09:03:24.363  2185  2537 I chatty  : uid=1000(system) ConnectivitySer expire 13 lines
06-02 09:03:24.364  2185  2185 I chatty  : uid=1000 system_server expire 11 lines
06-02 09:03:24.379  2185  2530 I chatty  : uid=1000(system) WifiStateMachin expire 5 lines
06-02 09:03:24.398  2185  2255 I chatty  : uid=1000(system) android.fg expire 3 lines
06-02 09:03:24.443  2185  3707 I chatty  : uid=1000(system) Binder:2185_F expire 1 line
06-02 09:03:24.474  2185  3679 I chatty  : uid=1000(system) Binder:2185_C expire 6 lines
06-02 09:03:24.643  2185  3723 I chatty  : uid=1000(system) Binder:2185_10 expire 1 line
06-02 09:03:24.648  2185  2222 I chatty  : uid=1000(system) batterystats-sy expire 1 line
06-02 09:03:24.957  2185  7894 I chatty  : uid=1000(system) NetworkMonitorN expire 1 line
06-02 09:03:24.976  2185 24171 I chatty  : uid=1000(system) Binder:2185_18 expire 8 lines
06-02 09:03:25.105  2185 31361 I chatty  : uid=1000(system) Binder:2185_17 expire 2 lines
06-02 09:03:25.323  2185  2217 I chatty  : uid=1000(system) android.bg expire 4 lines
06-02 09:03:25.370  2185  2547 I chatty  : uid=1000(system) Binder:2185_3 expire 5 lines
06-02 09:03:25.480  2185 19421 I chatty  : uid=1000(system) Binder:2185_13 expire 5 lines
06-02 09:03:25.949  2185  5138 I chatty  : uid=1000(system) Binder:2185_14 expire 5 lines
06-02 09:03:26.223  2185  3698 I chatty  : uid=1000(system) Binder:2185_E expire 6 lines
06-02 09:03:26.383  2185 25140 I chatty  : uid=1000(system) Binder:2185_1B expire 3 lines
06-02 09:03:26.384  2185  3595 I chatty  : uid=1000(system) Binder:2185_8 expire 4 lines
06-02 09:03:26.422  2185  3657 I chatty  : uid=1000(system) Binder:2185_A expire 7 lines
06-02 09:03:26.788  2185  3678 I chatty  : uid=1000(system) Binder:2185_B expire 1 line
06-02 09:03:26.957  2185  5139 I chatty  : uid=1000(system) Binder:2185_15 expire 4 lines
06-02 09:03:27.052  2185 11206 I chatty  : uid=1000(system) Binder:2185_20 expire 6 lines
06-02 09:03:27.085  2185 24175 I chatty  : uid=1000(system) Binder:2185_1A expire 3 lines
06-02 09:03:27.101  2185 10699 I chatty  : uid=1000(system) Binder:2185_1E expire 2 lines
06-02 09:03:30.057  2185  2622 I chatty  : uid=1000(system) Binder:2185_4 expire 4 lines
06-02 09:03:30.321  2185  2199 I chatty  : uid=1000(system) Binder:2185_1 expire 1 line
06-02 09:03:32.232  2185  3565 I chatty  : uid=1000(system) Binder:2185_6 expire 4 lines
06-02 09:03:43.244  2185  4613 I chatty  : uid=1000(system) Binder:2185_1D expire 4 lines
06-02 09:04:00.006  2185  2504 I chatty  : uid=1000(system) AlarmManager expire 6 lines
06-02 09:04:00.192  2185 11205 I chatty  : uid=1000(system) Binder:2185_1F expire 1 line
06-02 09:04:14.102  2185  3593 I chatty  : uid=1000(system) Binder:2185_7 expire 2 lines
06-02 09:04:14.844  2185 24173 I chatty  : uid=1000(system) Binder:2185_19 expire 4 lines
06-02 09:04:17.877  2185  2522 I chatty  : uid=1000(system) NetworkPolicy expire 1 line
06-02 09:04:18.436  2185 19420 I chatty  : uid=1000(system) Binder:2185_12 expire 1 line
06-02 09:04:32.844  2185  3653 I chatty  : uid=1000(system) Binder:2185_9 expire 1 line
06-02 09:04:37.605  2185  2256 I chatty  : uid=1000(system) android.io expire 2 lines
06-02 09:04:39.722  2185  2218 I chatty  : uid=1000(system) ActivityManager expire 54 lines
06-02 09:04:39.811  2185 25141 I chatty  : uid=1000(system) Binder:2185_1C expire 4 lines
06-02 09:04:40.565  2185  2522 I chatty  : uid=1000(system) NetworkPolicy expire 2 lines
06-02 09:04:48.986  2185  2504 I chatty  : uid=1000(system) AlarmManager expire 14 lines
06-02 09:04:49.030  2185 11205 I chatty  : uid=1000(system) Binder:2185_1F expire 5 lines
06-02 09:04:54.079  2185  5139 I chatty  : uid=1000(system) Binder:2185_15 expire 4 lines
06-02 09:04:54.122  2185  3657 I chatty  : uid=1000(system) Binder:2185_A expire 7 lines
06-02 09:04:54.135  2185  3725 I chatty  : uid=1000(system) Binder:2185_11 expire 1 line
06-02 09:04:54.143  2185 31361 I chatty  : uid=1000(system) Binder:2185_17 expire 3 lines
06-02 09:04:55.272  2185 19421 I chatty  : uid=1000(system) Binder:2185_13 expire 6 lines
06-02 09:04:55.323  2185  8479 I chatty  : uid=1000(system) Binder:2185_16 expire 7 lines
06-02 09:05:13.485  2185  3565 I chatty  : uid=1000(system) Binder:2185_6 expire 6 lines
06-02 09:05:13.775  2185 25140 I chatty  : uid=1000(system) Binder:2185_1B expire 2 lines
06-02 09:05:13.920  2185  2200 I chatty  : uid=1000(system) Binder:2185_2 expire 4 lines
06-02 09:05:13.920  2185  2622 I chatty  : uid=1000(system) Binder:2185_4 expire 3 lines
06-02 09:05:14.895  2185  3593 I chatty  : uid=1000(system) Binder:2185_7 expire 4 lines
06-02 09:05:37.913  2185 11206 I chatty  : uid=1000(system) Binder:2185_20 expire 6 lines
06-02 09:05:38.274  2185  3697 I chatty  : uid=1000(system) Binder:2185_D expire 4 lines
06-02 09:05:38.327  2185  2199 I chatty  : uid=1000(system) Binder:2185_1 expire 5 lines
06-02 09:05:39.047  2185  4613 I chatty  : uid=1000(system) Binder:2185_1D expire 3 lines
06-02 09:06:00.098  2185 19420 I chatty  : uid=1000(system) Binder:2185_12 expire 4 lines
06-02 09:06:00.111  2185  3595 I chatty  : uid=1000(system) Binder:2185_8 expire 4 lines
06-02 09:06:04.885  2185 24171 I chatty  : uid=1000(system) Binder:2185_18 expire 4 lines
06-02 09:06:04.886  2185  2537 I chatty  : uid=1000(system) ConnectivitySer expire 1 line
06-02 09:06:14.947  2185  2890 I chatty  : uid=1000(system) Binder:2185_5 expire 1 line
06-02 09:06:15.035  2185  2547 I chatty  : uid=1000(system) Binder:2185_3 expire 4 lines
06-02 09:06:20.718  2185 24175 I chatty  : uid=1000(system) Binder:2185_1A expire 3 lines
06-02 09:06:21.737  2185  3678 I chatty  : uid=1000(system) Binder:2185_B expire 1 line
06-02 09:06:22.063  2185  2185 I chatty  : uid=1000 system_server expire 2 lines
06-02 09:06:22.083  2185  2222 I chatty  : uid=1000(system) batterystats-sy expire 3 lines
06-02 09:06:22.566  2185  3679 I chatty  : uid=1000(system) Binder:2185_C expire 4 lines
06-02 09:06:22.615  2185  3698 I chatty  : uid=1000(system) Binder:2185_E expire 2 lines
06-02 09:06:37.621  2185  3653 I chatty  : uid=1000(system) Binder:2185_9 expire 2 lines
06-02 09:06:42.348  2185 24173 I chatty  : uid=1000(system) Binder:2185_19 expire 1 line
06-02 09:06:58.098  2185  3707 I chatty  : uid=1000(system) Binder:2185_F expire 2 lines
06-02 09:06:58.410  2185  3723 I chatty  : uid=1000(system) Binder:2185_10 expire 7 lines
06-02 09:07:15.131  2185 24175 I chatty  : uid=1000(system) Binder:2185_1A expire 3 lines
06-02 09:07:15.239  2185  3595 I chatty  : uid=1000(system) Binder:2185_8 expire 7 lines
06-02 09:07:16.153  2185  2218 I chatty  : uid=1000(system) ActivityManager expire 40 lines
06-02 09:07:16.484  2185 19420 I chatty  : uid=1000(system) Binder:2185_12 expire 8 lines
06-02 09:07:16.937  2185  2890 I chatty  : uid=1000(system) Binder:2185_5 expire 4 lines
06-02 09:07:16.943  2185  8479 I chatty  : uid=1000(system) Binder:2185_16 expire 5 lines
06-02 09:07:16.944  2185  3657 I chatty  : uid=1000(system) Binder:2185_A expire 4 lines
06-02 09:07:16.949  2185  3707 I chatty  : uid=1000(system) Binder:2185_F expire 2 lines
06-02 09:07:16.957  2185  2217 I chatty  : uid=1000(system) android.bg expire 3 lines
06-02 09:07:17.149  2185  2507 I chatty  : uid=1000(system) InputReader expire 1 line
06-02 09:07:17.152  2185  2185 I chatty  : uid=1000 system_server expire 13 lines
06-02 09:07:17.186  2185  2263 I chatty  : uid=1000(system) PowerManagerSer expire 3 lines
06-02 09:07:17.196  2185  2258 I chatty  : uid=1000(system) android.display expire 2 lines
06-02 09:07:17.518  2185 25141 I chatty  : uid=1000(system) Binder:2185_1C expire 6 lines
06-02 09:07:17.671  2185  3679 I chatty  : uid=1000(system) Binder:2185_C expire 7 lines
06-02 09:07:17.673  2185  2537 I chatty  : uid=1000(system) ConnectivitySer expire 1 line
06-02 09:07:17.763  2185 11205 I chatty  : uid=1000(system) Binder:2185_1F expire 3 lines
06-02 09:07:17.775  2185  3653 I chatty  : uid=1000(system) Binder:2185_9 expire 5 lines
06-02 09:07:17.778  2185  5138 I chatty  : uid=1000(system) Binder:2185_14 expire 3 lines
06-02 09:07:17.886  2185  3697 I chatty  : uid=1000(system) Binder:2185_D expire 4 lines
06-02 09:07:18.558  2185 11206 I chatty  : uid=1000(system) Binder:2185_20 expire 2 lines
06-02 09:07:18.709  2185  4613 I chatty  : uid=1000(system) Binder:2185_1D expire 5 lines
06-02 09:07:18.881  2185  2200 I chatty  : uid=1000(system) Binder:2185_2 expire 2 lines
06-02 09:07:20.236  2185  2530 I chatty  : uid=1000(system) WifiStateMachin expire 3 lines
06-02 09:07:20.472  2185  2622 I chatty  : uid=1000(system) Binder:2185_4 expire 3 lines
06-02 09:07:20.764  2185 24173 I chatty  : uid=1000(system) Binder:2185_19 expire 3 lines
06-02 09:07:20.920  2185 10699 I chatty  : uid=1000(system) Binder:2185_1E expire 5 lines
06-02 09:07:21.071  2185 19421 I chatty  : uid=1000(system) Binder:2185_13 expire 3 lines
06-02 09:07:21.675  2185  3678 I chatty  : uid=1000(system) Binder:2185_B expire 5 lines
06-02 09:07:22.415 24733 24733 V KeyguardDisplayManager: hide
06-02 09:07:22.741  2185  3698 I chatty  : uid=1000(system) Binder:2185_E expire 3 lines
06-02 09:07:22.959  2185 31361 I chatty  : uid=1000(system) Binder:2185_17 expire 5 lines
06-02 09:07:23.496  2185 24171 I chatty  : uid=1000(system) Binder:2185_18 expire 5 lines
06-02 09:07:23.511 19229  9691 E ActivityThread: Failed to find provider info for com.facebook.katana.provider.AttributionIdProvider
06-02 09:07:23.877  2185  5139 I chatty  : uid=1000(system) Binder:2185_15 expire 3 lines
06-02 09:07:27.095  2185  2504 I chatty  : uid=1000(system) AlarmManager expire 2 lines
06-02 09:07:27.120  2185  3565 I chatty  : uid=1000(system) Binder:2185_6 expire 3 lines
06-02 09:07:35.711  2185 25140 I chatty  : uid=1000(system) Binder:2185_1B expire 1 line
06-02 09:07:36.604  2185  2199 I chatty  : uid=1000(system) Binder:2185_1 expire 2 lines
06-02 09:07:38.801  2185  2519 I chatty  : uid=1000(system) NetworkStats expire 2 lines
06-02 09:07:39.521  2185  3725 I chatty  : uid=1000(system) Binder:2185_11 expire 8 lines
06-02 09:07:40.911  2185  2504 I chatty  : uid=1000(system) AlarmManager expire 5 lines
06-02 09:07:40.975  2185  3678 I chatty  : uid=1000(system) Binder:2185_B expire 6 lines
06-02 09:07:41.168  2185 19421 I chatty  : uid=1000(system) Binder:2185_13 expire 1 line
06-02 09:07:41.316 10315 10315 E ActivityThread: Service com.google.android.location.places.service.PlaceDetectionAsyncService has leaked IntentReceiver amth@765d369 that was originally registered here. Are you missing a call to unregisterReceiver()?
06-02 09:07:41.316 10315 10315 E ActivityThread: android.app.IntentReceiverLeaked: Service com.google.android.location.places.service.PlaceDetectionAsyncService has leaked IntentReceiver amth@765d369 that was originally registered here. Are you missing a call to unregisterReceiver()?
06-02 09:07:41.316 10315 10315 E ActivityThread: 	at android.app.LoadedApk$ReceiverDispatcher.<init>(LoadedApk.java:1160)
06-02 09:07:41.316 10315 10315 E ActivityThread: 	at android.app.LoadedApk.getReceiverDispatcher(LoadedApk.java:947)
