06-02 04:22:12.458  2185  3679 I chatty  : uid=1000(system) Binder:2185_C expire 11 lines
06-02 04:22:12.597  2185  3657 I chatty  : uid=1000(system) Binder:2185_A expire 1 line
06-02 04:22:12.878  2185 10699 I chatty  : uid=1000(system) Binder:2185_1E expire 2 lines
06-02 04:22:12.881  2185  2537 I chatty  : uid=1000(system) ConnectivitySer expire 1 line
06-02 04:22:12.978 25041 25041 D ActivityThread: Loading provider com.whatsapp.provider.contact: com.whatsapp.contact.ContactProvider
06-02 04:22:13.084  2185  2218 I chatty  : uid=1000(system) ActivityManager expire 17 lines
06-02 04:22:13.806  2185 25140 I chatty  : uid=1000(system) Binder:2185_1B expire 1 line
06-02 04:22:14.015  2185 19421 I chatty  : uid=1000(system) Binder:2185_13 expire 2 lines
06-02 04:22:16.150  2185  5138 I chatty  : uid=1000(system) Binder:2185_14 expire 2 lines
06-02 04:42:39.913  2185  2504 I chatty  : uid=1000(system) AlarmManager expire 13 lines
06-02 04:42:39.934  2185 10699 I chatty  : uid=1000(system) Binder:2185_1E expire 4 lines
06-02 04:42:39.947  2185  2255 I chatty  : uid=1000(system) android.fg expire 16 lines
06-02 04:42:39.949  2185 31361 I chatty  : uid=1000(system) Binder:2185_17 expire 1 line
06-02 04:42:39.958  2185  2222 I chatty  : uid=1000(system) batterystats-sy expire 17 lines
06-02 04:42:40.007  2185  2218 I chatty  : uid=1000(system) ActivityManager expire 31 lines
06-02 04:47:57.838  2185 11205 I chatty  : uid=1000(system) Binder:2185_1F expire 5 lines
06-02 04:47:57.890  2185  2890 I chatty  : uid=1000(system) Binder:2185_5 expire 3 lines
06-02 04:49:46.747  2185  2199 I chatty  : uid=1000(system) Binder:2185_1 expire 3 lines
06-02 04:49:46.751  2185 19420 I chatty  : uid=1000(system) Binder:2185_12 expire 2 lines
06-02 04:49:46.016  2185  2547 I chatty  : uid=1000(system) Binder:2185_3 expire 8 lines
06-02 04:49:46.079  2185  2185 I chatty  : uid=1000 system_server expire 14 lines
06-02 04:49:46.135  2185  3697 I chatty  : uid=1000(system) Binder:2185_D expire 5 lines
06-02 04:49:46.199  2185 24171 I chatty  : uid=1000(system) Binder:2185_18 expire 4 lines
06-02 04:49:47.130  2185  2522 I chatty  : uid=1000(system) NetworkPolicy expire 1 line
06-02 04:49:47.333  2185  3679 I chatty  : uid=1000(system) Binder:2185_C expire 5 lines
06-02 04:49:47.418  2185 19421 I chatty  : uid=1000(system) Binder:2185_13 expire 4 lines
06-02 04:49:47.447  2185  3593 I chatty  : uid=1000(system) Binder:2185_7 expire 6 lines
06-02 04:49:47.840  2185 24175 I chatty  : uid=1000(system) Binder:2185_1A expire 6 lines
06-02 04:49:47.932  2185  2217 I chatty  : uid=1000(system) android.bg expire 4 lines
06-02 04:53:55.936  2185  2256 I chatty  : uid=1000(system) android.io expire 2 lines
06-02 04:53:55.976  2185  3723 I chatty  : uid=1000(system) Binder:2185_10 expire 5 lines
06-02 04:53:55.978  2185  3698 I chatty  : uid=1000(system) Binder:2185_E expire 5 lines
06-02 04:53:56.012  2185  8479 I chatty  : uid=1000(system) Binder:2185_16 expire 4 lines
06-02 05:10:52.145  2185  3707 I chatty  : uid=1000(system) Binder:2185_F expire 9 lines
06-02 05:11:39.942  2185  4613 I chatty  : uid=1000(system) Binder:2185_1D expire 5 lines
06-02 05:11:40.069  2185  3565 I chatty  : uid=1000(system) Binder:2185_6 expire 3 lines
06-02 05:11:40.216  2185  2200 I chatty  : uid=1000(system) Binder:2185_2 expire 3 lines
06-02 05:11:42.353  2185  3678 I chatty  : uid=1000(system) Binder:2185_B expire 3 lines
06-02 05:11:42.375  2185 11206 I chatty  : uid=1000(system) Binder:2185_20 expire 3 lines
06-02 05:11:43.014  2185  5139 I chatty  : uid=1000(system) Binder:2185_15 expire 2 lines
06-02 05:11:43.086  2185  3725 I chatty  : uid=1000(system) Binder:2185_11 expire 5 lines
06-02 05:11:43.169  2185 25140 I chatty  : uid=1000(system) Binder:2185_1B expire 2 lines
06-02 05:11:43.422  2185  2537 I chatty  : uid=1000(system) ConnectivitySer expire 1 line
06-02 05:11:43.456  2185  2622 I chatty  : uid=1000(system) Binder:2185_4 expire 3 lines
06-02 05:11:43.650  2185  5138 I chatty  : uid=1000(system) Binder:2185_14 expire 1 line
06-02 05:11:43.712  2185  2519 I chatty  : uid=1000(system) NetworkStats expire 5 lines
06-02 05:11:43.837  2185 25141 I chatty  : uid=1000(system) Binder:2185_1C expire 2 lines
06-02 05:11:43.882  2185  3657 I chatty  : uid=1000(system) Binder:2185_A expire 4 lines
06-02 05:43:49.028  2185  2222 I chatty  : uid=1000(system) batterystats-sy expire 8 lines
06-02 05:43:49.076  2185  2218 I chatty  : uid=1000(system) ActivityManager expire 30 lines
06-02 05:43:49.148  2185  3593 I chatty  : uid=1000(system) Binder:2185_7 expire 6 lines
06-02 05:47:57.481  2185  2255 I chatty  : uid=1000(system) android.fg expire 7 lines
06-02 05:47:57.487  2185  5139 I chatty  : uid=1000(system) Binder:2185_15 expire 5 lines
06-02 06:09:47.896  2185  2504 I chatty  : uid=1000(system) AlarmManager expire 27 lines
06-02 06:09:47.971  2185 24173 I chatty  : uid=1000(system) Binder:2185_19 expire 3 lines
06-02 06:09:48.008  2185  2519 I chatty  : uid=1000(system) NetworkStats expire 5 lines
06-02 06:09:48.021  2185  2199 I chatty  : uid=1000(system) Binder:2185_1 expire 3 lines
06-02 06:09:48.051  2185  3707 I chatty  : uid=1000(system) Binder:2185_F expire 3 lines
06-02 06:09:48.150  2185 19421 I chatty  : uid=1000(system) Binder:2185_13 expire 3 lines
06-02 06:09:48.155  2185  3595 I chatty  : uid=1000(system) Binder:2185_8 expire 3 lines
06-02 06:10:07.114  2185  2185 I chatty  : uid=1000 system_server expire 9 lines
06-02 06:10:07.135  2185  3679 I chatty  : uid=1000(system) Binder:2185_C expire 3 lines
06-02 06:22:19.308  2185  4613 I chatty  : uid=1000(system) Binder:2185_1D expire 2 lines
06-02 06:22:19.321  2185 10699 I chatty  : uid=1000(system) Binder:2185_1E expire 2 lines
06-02 06:30:35.944  2185  2200 I chatty  : uid=1000(system) Binder:2185_2 expire 4 lines
06-02 06:30:36.190  2185 24175 I chatty  : uid=1000(system) Binder:2185_1A expire 1 line
06-02 06:30:36.199  2185 25140 I chatty  : uid=1000(system) Binder:2185_1B expire 5 lines
06-02 06:30:36.208  2185  3697 I chatty  : uid=1000(system) Binder:2185_D expire 3 lines
06-02 06:32:16.321  2185  2522 I chatty  : uid=1000(system) NetworkPolicy expire 1 line
06-02 06:32:16.323  2185  2507 I chatty  : uid=1000(system) InputReader expire 2 lines
06-02 06:32:16.346  2185  2263 I chatty  : uid=1000(system) PowerManagerSer expire 4 lines
06-02 06:32:16.347  2185  3723 I chatty  : uid=1000(system) Binder:2185_10 expire 4 lines
06-02 06:32:16.355  2185  2258 I chatty  : uid=1000(system) android.display expire 2 lines
06-02 06:32:16.627  2185  2890 I chatty  : uid=1000(system) Binder:2185_5 expire 3 lines
06-02 06:32:16.635  2185  5138 I chatty  : uid=1000(system) Binder:2185_14 expire 3 lines
06-02 06:32:16.666  2185  2217 I chatty  : uid=1000(system) android.bg expire 2 lines
06-02 06:32:16.856  2185 11205 I chatty  : uid=1000(system) Binder:2185_1F expire 5 lines
06-02 06:32:17.136  2185  3698 I chatty  : uid=1000(system) Binder:2185_E expire 1 line
06-02 06:32:17.481  2185  3678 I chatty  : uid=1000(system) Binder:2185_B expire 12 lines
06-02 06:32:17.805  2185 25141 I chatty  : uid=1000(system) Binder:2185_1C expire 3 lines
06-02 06:32:17.982  2185  2622 I chatty  : uid=1000(system) Binder:2185_4 expire 21 lines
06-02 06:32:18.603  2185  3565 I chatty  : uid=1000(system) Binder:2185_6 expire 5 lines
06-02 06:32:19.117  2185  3725 I chatty  : uid=1000(system) Binder:2185_11 expire 2 lines
06-02 06:32:19.231  2185 31361 I chatty  : uid=1000(system) Binder:2185_17 expire 3 lines
06-02 06:32:19.368  2185 19420 I chatty  : uid=1000(system) Binder:2185_12 expire 3 lines
06-02 06:32:20.027  2185  2256 I chatty  : uid=1000(system) android.io expire 2 lines
06-02 06:32:20.353  2185  3653 I chatty  : uid=1000(system) Binder:2185_9 expire 1 line
06-02 06:32:20.828 26555 26555 D ActivityThread: Loading provider com.whatsapp.provider.contact: com.whatsapp.contact.ContactProvider
06-02 06:32:20.952  2185  2218 I chatty  : uid=1000(system) ActivityManager expire 34 lines
06-02 06:32:21.339  2185  2200 I chatty  : uid=1000(system) Binder:2185_2 expire 12 lines
06-02 06:32:21.353  2185  2547 I chatty  : uid=1000(system) Binder:2185_3 expire 5 lines
06-02 06:32:21.358  2185  2199 I chatty  : uid=1000(system) Binder:2185_1 expire 2 lines
06-02 06:32:21.366  2185 10699 I chatty  : uid=1000(system) Binder:2185_1E expire 6 lines
06-02 06:32:21.382  2185  2622 I chatty  : uid=1000(system) Binder:2185_4 expire 10 lines
06-02 06:32:21.388  2185 24175 I chatty  : uid=1000(system) Binder:2185_1A expire 2 lines
06-02 06:32:21.401  2185  3707 I chatty  : uid=1000(system) Binder:2185_F expire 12 lines
06-02 06:32:21.409  2185  3678 I chatty  : uid=1000(system) Binder:2185_B expire 16 lines
06-02 06:32:21.481  2185  3653 I chatty  : uid=1000(system) Binder:2185_9 expire 2 lines
06-02 06:32:21.616  2185  3593 I chatty  : uid=1000(system) Binder:2185_7 expire 9 lines
06-02 06:32:21.617  2185  5139 I chatty  : uid=1000(system) Binder:2185_15 expire 7 lines
06-02 06:32:21.663  2185  3565 I chatty  : uid=1000(system) Binder:2185_6 expire 7 lines
06-02 06:32:21.855  2185  3698 I chatty  : uid=1000(system) Binder:2185_E expire 4 lines
06-02 06:32:22.138  2185  4613 I chatty  : uid=1000(system) Binder:2185_1D expire 5 lines
06-02 06:32:22.224  2185  3697 I chatty  : uid=1000(system) Binder:2185_D expire 1 line
06-02 06:32:22.711  2185 31361 I chatty  : uid=1000(system) Binder:2185_17 expire 10 lines
06-02 06:32:23.238  2185  2256 I chatty  : uid=1000(system) android.io expire 2 lines
06-02 06:32:23.785  2185  2890 I chatty  : uid=1000(system) Binder:2185_5 expire 3 lines
06-02 06:32:23.902  2185 11206 I chatty  : uid=1000(system) Binder:2185_20 expire 2 lines
06-02 06:32:24.145  2185 24173 I chatty  : uid=1000(system) Binder:2185_19 expire 5 lines
06-02 06:32:24.180  2185 19420 I chatty  : uid=1000(system) Binder:2185_12 expire 4 lines
06-02 06:32:24.617  2185  3723 I chatty  : uid=1000(system) Binder:2185_10 expire 2 lines
06-02 06:32:24.702  2185  3679 I chatty  : uid=1000(system) Binder:2185_C expire 7 lines
06-02 06:32:25.235  2185  2504 I chatty  : uid=1000(system) AlarmManager expire 7 lines
06-02 06:32:25.272  2185 25140 I chatty  : uid=1000(system) Binder:2185_1B expire 3 lines
06-02 06:32:25.767  2185 25141 I chatty  : uid=1000(system) Binder:2185_1C expire 3 lines
06-02 06:32:28.175  2185  8479 I chatty  : uid=1000(system) Binder:2185_16 expire 3 lines
06-02 06:32:30.150  2185  3725 I chatty  : uid=1000(system) Binder:2185_11 expire 5 lines
06-02 06:32:30.995  2185  3595 I chatty  : uid=1000(system) Binder:2185_8 expire 4 lines
06-02 06:32:32.673  2185  5138 I chatty  : uid=1000(system) Binder:2185_14 expire 2 lines
06-02 06:32:33.322  2185 11205 I chatty  : uid=1000(system) Binder:2185_1F expire 4 lines
06-02 06:32:33.513  2185  2537 I chatty  : uid=1000(system) ConnectivitySer expire 1 line
06-02 06:32:48.598  2185  2255 I chatty  : uid=1000(system) android.fg expire 6 lines
06-02 06:32:48.636  2185  2222 I chatty  : uid=1000(system) batterystats-sy expire 5 lines
06-02 06:32:52.211  2185  3657 I chatty  : uid=1000(system) Binder:2185_A expire 3 lines
06-02 06:32:52.299  2185 19421 I chatty  : uid=1000(system) Binder:2185_13 expire 2 lines
06-02 06:33:21.926  2185  2185 I chatty  : uid=1000 system_server expire 11 lines
06-02 06:33:57.558  2185  3697 I chatty  : uid=1000(system) Binder:2185_D expire 6 lines
06-02 06:33:57.567  2185  2222 I chatty  : uid=1000(system) batterystats-sy expire 10 lines
06-02 06:34:18.923  2185  2504 I chatty  : uid=1000(system) AlarmManager expire 17 lines
06-02 06:34:18.946  2185  2255 I chatty  : uid=1000(system) android.fg expire 10 lines
06-02 06:34:18.963  2185 19421 I chatty  : uid=1000(system) Binder:2185_13 expire 2 lines
06-02 06:34:19.004  2185 31361 I chatty  : uid=1000(system) Binder:2185_17 expire 4 lines
06-02 06:34:19.079  2185  3593 I chatty  : uid=1000(system) Binder:2185_7 expire 5 lines
06-02 06:35:19.033  2185  3723 I chatty  : uid=1000(system) Binder:2185_10 expire 3 lines
06-02 06:35:19.135  2185  3698 I chatty  : uid=1000(system) Binder:2185_E expire 5 lines
06-02 06:35:19.297  2185  2218 I chatty  : uid=1000(system) ActivityManager expire 22 lines
06-02 06:36:19.941  2185 11205 I chatty  : uid=1000(system) Binder:2185_1F expire 6 lines
06-02 06:36:19.952  2185  2200 I chatty  : uid=1000(system) Binder:2185_2 expire 21 lines
06-02 06:36:19.988  2185 25140 I chatty  : uid=1000(system) Binder:2185_1B expire 3 lines
06-02 06:36:21.460  2185  2622 I chatty  : uid=1000(system) Binder:2185_4 expire 4 lines
06-02 06:36:30.871  2185 25141 I chatty  : uid=1000(system) Binder:2185_1C expire 6 lines
06-02 06:37:21.071  2185  3653 I chatty  : uid=1000(system) Binder:2185_9 expire 2 lines
06-02 06:37:21.188  2185 10699 I chatty  : uid=1000(system) Binder:2185_1E expire 8 lines
06-02 06:37:21.293 27644 27644 D ActivityThread: Loading provider com.whatsapp.provider.contact: com.whatsapp.contact.ContactProvider
06-02 06:37:21.342  2185  5138 I chatty  : uid=1000(system) Binder:2185_14 expire 3 lines
06-02 06:37:21.402  2185  3565 I chatty  : uid=1000(system) Binder:2185_6 expire 2 lines
06-02 06:37:21.408  2185  3725 I chatty  : uid=1000(system) Binder:2185_11 expire 4 lines
06-02 06:37:21.424  2185  2217 I chatty  : uid=1000(system) android.bg expire 2 lines
06-02 06:37:21.760  2185  3595 I chatty  : uid=1000(system) Binder:2185_8 expire 1 line
06-02 06:37:21.796  2185  2199 I chatty  : uid=1000(system) Binder:2185_1 expire 5 lines
06-02 06:37:21.809  2185  8479 I chatty  : uid=1000(system) Binder:2185_16 expire 8 lines
06-02 06:37:21.867  2185  3657 I chatty  : uid=1000(system) Binder:2185_A expire 10 lines
06-02 06:37:51.011  2185 19420 I chatty  : uid=1000(system) Binder:2185_12 expire 2 lines
06-02 06:37:51.059  2185  2504 I chatty  : uid=1000(system) AlarmManager expire 7 lines
06-02 06:37:51.111  2185  2543 I chatty  : uid=1000(system) onProviders.ECP expire 1 line
06-02 06:37:52.088  2185  2547 I chatty  : uid=1000(system) Binder:2185_3 expire 3 lines
06-02 06:37:52.101  2185  2522 I chatty  : uid=1000(system) NetworkPolicy expire 2 lines
06-02 06:38:01.259  2185  3678 I chatty  : uid=1000(system) Binder:2185_B expire 1 line
06-02 06:38:01.293  2185 24173 I chatty  : uid=1000(system) Binder:2185_19 expire 3 lines
06-02 06:38:01.689  2185  2256 I chatty  : uid=1000(system) android.io expire 2 lines
06-02 06:38:01.823  2185 24175 I chatty  : uid=1000(system) Binder:2185_1A expire 6 lines
06-02 06:38:02.619  2185 11206 I chatty  : uid=1000(system) Binder:2185_20 expire 4 lines
06-02 06:38:03.079  2185  2537 I chatty  : uid=1000(system) ConnectivitySer expire 1 line
06-02 06:38:03.300  2185  3679 I chatty  : uid=1000(system) Binder:2185_C expire 2 lines
06-02 06:38:05.798  2185 24171 I chatty  : uid=1000(system) Binder:2185_18 expire 2 lines
06-02 06:38:06.799  2185  3653 I chatty  : uid=1000(system) Binder:2185_9 expire 3 lines
06-02 06:38:06.827  2185  3565 I chatty  : uid=1000(system) Binder:2185_6 expire 14 lines
06-02 06:38:07.008  2185 24175 I chatty  : uid=1000(system) Binder:2185_1A expire 6 lines
06-02 06:38:07.182 28218 28218 D ActivityThread: Loading provider com.whatsapp.provider.contact: com.whatsapp.contact.ContactProvider
06-02 06:38:07.227  2185  2200 I chatty  : uid=1000(system) Binder:2185_2 expire 9 lines
06-02 06:38:07.286  2185  2218 I chatty  : uid=1000(system) ActivityManager expire 11 lines
06-02 06:38:07.289  2185 11206 I chatty  : uid=1000(system) Binder:2185_20 expire 12 lines
06-02 06:38:07.501  2185  3593 I chatty  : uid=1000(system) Binder:2185_7 expire 8 lines
06-02 06:38:07.516  2185  3698 I chatty  : uid=1000(system) Binder:2185_E expire 2 lines
06-02 06:38:07.543  2185 10699 I chatty  : uid=1000(system) Binder:2185_1E expire 10 lines
06-02 06:38:07.543  2185  4613 I chatty  : uid=1000(system) Binder:2185_1D expire 3 lines
06-02 06:38:07.561  2185  3678 I chatty  : uid=1000(system) Binder:2185_B expire 10 lines
06-02 06:38:07.572  2185 19420 I chatty  : uid=1000(system) Binder:2185_12 expire 13 lines
06-02 06:38:07.589  2185  3697 I chatty  : uid=1000(system) Binder:2185_D expire 11 lines
06-02 06:38:07.603  2185  8479 I chatty  : uid=1000(system) Binder:2185_16 expire 16 lines
06-02 06:38:07.812  2185  2622 I chatty  : uid=1000(system) Binder:2185_4 expire 4 lines
06-02 06:38:08.018  2185  2890 I chatty  : uid=1000(system) Binder:2185_5 expire 3 lines
06-02 06:38:21.902  2185  2504 I chatty  : uid=1000(system) AlarmManager expire 15 lines
06-02 06:38:22.311  2185  2255 I chatty  : uid=1000(system) android.fg expire 5 lines
06-02 06:38:22.320 28377 28377 D ActivityThread: Loading provider com.whatsapp.provider.contact: com.whatsapp.contact.ContactProvider
06-02 06:38:22.327  2185  2222 I chatty  : uid=1000(system) batterystats-sy expire 5 lines
06-02 06:38:22.367  2185  5139 I chatty  : uid=1000(system) Binder:2185_15 expire 19 lines
06-02 06:38:22.410  2185  3723 I chatty  : uid=1000(system) Binder:2185_10 expire 1 line
06-02 06:38:22.604  2185  2199 I chatty  : uid=1000(system) Binder:2185_1 expire 2 lines
06-02 06:38:22.637  2185  3595 I chatty  : uid=1000(system) Binder:2185_8 expire 2 lines
06-02 06:38:22.700  2185  3707 I chatty  : uid=1000(system) Binder:2185_F expire 1 line
06-02 06:38:22.794  2185  3657 I chatty  : uid=1000(system) Binder:2185_A expire 2 lines
06-02 06:38:22.840  2185 10699 I chatty  : uid=1000(system) Binder:2185_1E expire 3 lines
06-02 06:38:23.118 28482 28482 D ActivityThread: Loading provider com.whatsapp.provider.contact: com.whatsapp.contact.ContactProvider
06-02 06:38:23.188  2185  2218 I chatty  : uid=1000(system) ActivityManager expire 6 lines
06-02 06:38:23.353  2185  5138 I chatty  : uid=1000(system) Binder:2185_14 expire 1 line
06-02 06:38:23.380  2185 19421 I chatty  : uid=1000(system) Binder:2185_13 expire 8 lines
06-02 06:38:23.417  2185  3678 I chatty  : uid=1000(system) Binder:2185_B expire 4 lines
06-02 06:38:48.931  2185  3725 I chatty  : uid=1000(system) Binder:2185_11 expire 1 line
06-02 06:39:09.038  2185 11205 I chatty  : uid=1000(system) Binder:2185_1F expire 1 line
06-02 06:40:10.040  2185  3565 I chatty  : uid=1000(system) Binder:2185_6 expire 3 lines
06-02 06:40:24.921  2185 25141 I chatty  : uid=1000(system) Binder:2185_1C expire 6 lines
06-02 06:41:10.904  2185  2504 I chatty  : uid=1000(system) AlarmManager expire 14 lines
06-02 06:41:10.936  2185  3698 I chatty  : uid=1000(system) Binder:2185_E expire 1 line
06-02 06:41:11.023  2185  5139 I chatty  : uid=1000(system) Binder:2185_15 expire 3 lines
06-02 06:41:25.926  2185  2547 I chatty  : uid=1000(system) Binder:2185_3 expire 1 line
06-02 06:42:19.965  2185 11205 I chatty  : uid=1000(system) Binder:2185_1F expire 6 lines
06-02 06:42:19.993  2185  3723 I chatty  : uid=1000(system) Binder:2185_10 expire 4 lines
06-02 06:42:20.023  2185  3678 I chatty  : uid=1000(system) Binder:2185_B expire 2 lines
06-02 06:42:21.048  2185  2256 I chatty  : uid=1000(system) android.io expire 3 lines
06-02 06:42:21.062  2185 25140 I chatty  : uid=1000(system) Binder:2185_1B expire 5 lines
06-02 06:42:21.063  2185  2218 I chatty  : uid=1000(system) ActivityManager expire 14 lines
06-02 06:42:21.068  2185  3593 I chatty  : uid=1000(system) Binder:2185_7 expire 2 lines
06-02 06:42:21.399  2185  2255 I chatty  : uid=1000(system) android.fg expire 8 lines
06-02 06:42:21.401  2185  3657 I chatty  : uid=1000(system) Binder:2185_A expire 1 line
06-02 06:42:21.402  2185  2199 I chatty  : uid=1000(system) Binder:2185_1 expire 2 lines
06-02 06:42:21.409  2185  4613 I chatty  : uid=1000(system) Binder:2185_1D expire 2 lines
06-02 06:42:21.410  2185  2222 I chatty  : uid=1000(system) batterystats-sy expire 8 lines
06-02 06:42:21.552  2185 24173 I chatty  : uid=1000(system) Binder:2185_19 expire 6 lines
06-02 06:42:21.701  2185 24171 I chatty  : uid=1000(system) Binder:2185_18 expire 4 lines
06-02 06:42:21.727  2185  2622 I chatty  : uid=1000(system) Binder:2185_4 expire 3 lines
06-02 06:42:22.779  2185 24175 I chatty  : uid=1000(system) Binder:2185_1A expire 5 lines
06-02 06:42:22.799  2185  3707 I chatty  : uid=1000(system) Binder:2185_F expire 9 lines
06-02 06:43:17.982  2185  2519 I chatty  : uid=1000(system) NetworkStats expire 2 lines
06-02 06:43:18.021  2185  3653 I chatty  : uid=1000(system) Binder:2185_9 expire 5 lines
06-02 06:43:18.054  2185  3697 I chatty  : uid=1000(system) Binder:2185_D expire 8 lines
06-02 06:43:18.340  2185 11206 I chatty  : uid=1000(system) Binder:2185_20 expire 1 line
06-02 06:43:18.701  2185  3595 I chatty  : uid=1000(system) Binder:2185_8 expire 3 lines
06-02 06:43:19.710  2185  2890 I chatty  : uid=1000(system) Binder:2185_5 expire 3 lines
06-02 06:43:19.882  2185  2217 I chatty  : uid=1000(system) android.bg expire 4 lines
06-02 06:43:19.922  2185  2185 I chatty  : uid=1000 system_server expire 1 line
06-02 06:43:21.087  2185 10699 I chatty  : uid=1000(system) Binder:2185_1E expire 6 lines
06-02 06:43:26.334 27970 28832 E ActivityThread: Failed to find provider info for com.facebook.katana.provider.AttributionIdProvider
06-02 06:44:00.929  2185  2218 I chatty  : uid=1000(system) ActivityManager expire 11 lines
06-02 06:44:00.961  2185  2504 I chatty  : uid=1000(system) AlarmManager expire 36 lines
06-02 06:44:01.087  2185 19420 I chatty  : uid=1000(system) Binder:2185_12 expire 2 lines
06-02 06:45:27.948  2185  3679 I chatty  : uid=1000(system) Binder:2185_C expire 4 lines
06-02 06:47:29.920  2185  2200 I chatty  : uid=1000(system) Binder:2185_2 expire 2 lines
06-02 06:48:04.635  2185  8479 I chatty  : uid=1000(system) Binder:2185_16 expire 5 lines
06-02 06:48:04.639  2185  3725 I chatty  : uid=1000(system) Binder:2185_11 expire 1 line
06-02 06:49:04.912  2185  2522 I chatty  : uid=1000(system) NetworkPolicy expire 1 line
06-02 06:52:34.901  2185  2504 I chatty  : uid=1000(system) AlarmManager expire 12 lines
06-02 06:52:34.911  2185 11205 I chatty  : uid=1000(system) Binder:2185_1F expire 7 lines
06-02 06:53:08.931  2185 10699 I chatty  : uid=1000(system) Binder:2185_1E expire 1 line
06-02 06:53:08.942  2185 19421 I chatty  : uid=1000(system) Binder:2185_13 expire 3 lines
06-02 06:53:08.951  2185  8479 I chatty  : uid=1000(system) Binder:2185_16 expire 5 lines
06-02 06:53:09.006  2185  4613 I chatty  : uid=1000(system) Binder:2185_1D expire 4 lines
06-02 06:53:35.938  2185 25141 I chatty  : uid=1000(system) Binder:2185_1C expire 5 lines
06-02 06:54:14.937  2185  2218 I chatty  : uid=1000(system) ActivityManager expire 18 lines
06-02 06:54:15.045  2185  3593 I chatty  : uid=1000(system) Binder:2185_7 expire 4 lines
06-02 06:54:15.408  2185  2217 I chatty  : uid=1000(system) android.bg expire 7 lines
06-02 06:54:15.444  2185  2185 I chatty  : uid=1000 system_server expire 9 lines
06-02 06:54:15.998  2185  2199 I chatty  : uid=1000(system) Binder:2185_1 expire 4 lines
06-02 06:54:16.003  2185  3698 I chatty  : uid=1000(system) Binder:2185_E expire 3 lines
06-02 06:54:16.084  2185  2222 I chatty  : uid=1000(system) batterystats-sy expire 13 lines
06-02 06:54:16.167  2185  3697 I chatty  : uid=1000(system) Binder:2185_D expire 2 lines
06-02 06:54:16.179  2185  3595 I chatty  : uid=1000(system) Binder:2185_8 expire 2 lines
06-02 06:54:16.251  2185  5138 I chatty  : uid=1000(system) Binder:2185_14 expire 1 line
06-02 06:54:16.443 10315 10315 E ActivityThread: Service com.google.android.location.places.service.PlaceDetectionAsyncService has leaked IntentReceiver amth@ab3dbc3 that was originally registered here. Are you missing a call to unregisterReceiver()?
06-02 06:54:16.443 10315 10315 E ActivityThread: android.app.IntentReceiverLeaked: Service com.google.android.location.places.service.PlaceDetectionAsyncService has leaked IntentReceiver amth@ab3dbc3 that was originally registered here. Are you missing a call to unregisterReceiver()?
06-02 06:54:16.443 10315 10315 E ActivityThread: 	at android.app.LoadedApk$ReceiverDispatcher.<init>(LoadedApk.java:1160)
06-02 06:54:16.443 10315 10315 E ActivityThread: 	at android.app.LoadedApk.getReceiverDispatcher(LoadedApk.java:947)
06-02 06:54:16.443 10315 10315 E ActivityThread: 	at android.app.ContextImpl.registerReceiverInternal(ContextImpl.java:1303)
06-02 06:54:16.443 10315 10315 E ActivityThread: 	at android.app.ContextImpl.registerReceiver(ContextImpl.java:1283)
06-02 06:54:16.443 10315 10315 E ActivityThread: 	at android.content.ContextWrapper.registerReceiver(ContextWrapper.java:593)
06-02 06:54:16.443 10315 10315 E ActivityThread: 	at android.content.ContextWrapper.registerReceiver(ContextWrapper.java:593)
06-02 06:54:16.443 10315 10315 E ActivityThread: 	at android.content.ContextWrapper.registerReceiver(ContextWrapper.java:593)
06-02 06:54:16.443 10315 10315 E ActivityThread: 	at android.content.ContextWrapper.registerReceiver(ContextWrapper.java:593)
06-02 06:54:16.443 10315 10315 E ActivityThread: 	at amrb.run(:com.google.android.gms:4414)
06-02 06:54:16.443 10315 10315 E ActivityThread: 	at android.os.Handler.handleCallback(Handler.java:751)
06-02 06:54:16.443 10315 10315 E ActivityThread: 	at android.os.Handler.dispatchMessage(Handler.java:95)
06-02 06:54:16.443 10315 10315 E ActivityThread: 	at android.os.Looper.loop(Looper.java:241)
06-02 06:54:16.443 10315 10315 E ActivityThread: 	at android.os.HandlerThread.run(HandlerThread.java:61)
06-02 06:54:16.499  2185  2255 I chatty  : uid=1000(system) android.fg expire 10 lines
06-02 06:54:16.539  2185  3723 I chatty  : uid=1000(system) Binder:2185_10 expire 5 lines
06-02 06:54:16.659  2185  3657 I chatty  : uid=1000(system) Binder:2185_A expire 2 lines
06-02 06:54:16.699  2185  3725 I chatty  : uid=1000(system) Binder:2185_11 expire 6 lines
06-02 06:54:16.827  2185 11206 I chatty  : uid=1000(system) Binder:2185_20 expire 3 lines
06-02 06:54:16.838  2185  2890 I chatty  : uid=1000(system) Binder:2185_5 expire 4 lines
06-02 06:54:16.850  2185  2622 I chatty  : uid=1000(system) Binder:2185_4 expire 3 lines
06-02 06:54:17.319  2185  2200 I chatty  : uid=1000(system) Binder:2185_2 expire 4 lines
06-02 06:54:17.327  2185  2547 I chatty  : uid=1000(system) Binder:2185_3 expire 6 lines
06-02 06:54:36.931  2185  2504 I chatty  : uid=1000(system) AlarmManager expire 41 lines
06-02 06:55:18.045  2185  3678 I chatty  : uid=1000(system) Binder:2185_B expire 2 lines
06-02 06:55:18.140  2185  3707 I chatty  : uid=1000(system) Binder:2185_F expire 1 line
06-02 06:56:18.992  2185  3653 I chatty  : uid=1000(system) Binder:2185_9 expire 2 lines
06-02 06:57:22.637  2185  5139 I chatty  : uid=1000(system) Binder:2185_15 expire 7 lines
06-02 06:59:42.933  2185  3679 I chatty  : uid=1000(system) Binder:2185_C expire 3 lines
06-02 07:01:02.015  2185 31361 I chatty  : uid=1000(system) Binder:2185_17 expire 3 lines
06-02 07:03:09.939  2185 24171 I chatty  : uid=1000(system) Binder:2185_18 expire 2 lines
06-02 07:03:10.065  2185  2256 I chatty  : uid=1000(system) android.io expire 5 lines
06-02 07:03:46.932  2185 24175 I chatty  : uid=1000(system) Binder:2185_1A expire 2 lines
06-02 07:03:46.943  2185 10699 I chatty  : uid=1000(system) Binder:2185_1E expire 5 lines
06-02 07:04:00.914  2185  2504 I chatty  : uid=1000(system) AlarmManager expire 56 lines
06-02 07:04:01.039  2185  2199 I chatty  : uid=1000(system) Binder:2185_1 expire 1 line
06-02 07:04:47.943  2185  2218 I chatty  : uid=1000(system) ActivityManager expire 18 lines
06-02 07:04:47.957  2185  3593 I chatty  : uid=1000(system) Binder:2185_7 expire 5 lines
06-02 07:05:01.949  2185  3723 I chatty  : uid=1000(system) Binder:2185_10 expire 5 lines
06-02 07:05:02.009  2185  5138 I chatty  : uid=1000(system) Binder:2185_14 expire 7 lines
06-02 07:05:02.047  2185 25141 I chatty  : uid=1000(system) Binder:2185_1C expire 4 lines
06-02 07:05:02.783  2185  3595 I chatty  : uid=1000(system) Binder:2185_8 expire 5 lines
06-02 07:05:02.786  2185 24173 I chatty  : uid=1000(system) Binder:2185_19 expire 4 lines
06-02 07:05:48.926  2185  3653 I chatty  : uid=1000(system) Binder:2185_9 expire 2 lines
06-02 07:06:03.047  2185  5139 I chatty  : uid=1000(system) Binder:2185_15 expire 2 lines
06-02 07:06:49.926  2185  4613 I chatty  : uid=1000(system) Binder:2185_1D expire 1 line
06-02 07:07:03.952  2185  3698 I chatty  : uid=1000(system) Binder:2185_E expire 3 lines
06-02 07:07:49.927  2185 25140 I chatty  : uid=1000(system) Binder:2185_1B expire 3 lines
06-02 07:07:49.942  2185  2255 I chatty  : uid=1000(system) android.fg expire 10 lines
06-02 07:07:49.944  2185  3565 I chatty  : uid=1000(system) Binder:2185_6 expire 5 lines
06-02 07:07:49.958  2185  2222 I chatty  : uid=1000(system) batterystats-sy expire 10 lines
06-02 07:07:50.000  2185  3707 I chatty  : uid=1000(system) Binder:2185_F expire 6 lines
06-02 07:08:50.908  2185 19420 I chatty  : uid=1000(system) Binder:2185_12 expire 2 lines
06-02 07:08:50.969  2185  2217 I chatty  : uid=1000(system) android.bg expire 6 lines
06-02 07:09:06.081  2185  3697 I chatty  : uid=1000(system) Binder:2185_D expire 5 lines
06-02 07:09:51.919  2185  2547 I chatty  : uid=1000(system) Binder:2185_3 expire 8 lines
06-02 07:10:06.944  2185  2622 I chatty  : uid=1000(system) Binder:2185_4 expire 4 lines
06-02 07:11:07.974  2185  2522 I chatty  : uid=1000(system) NetworkPolicy expire 2 lines
06-02 07:12:08.989  2185  3725 I chatty  : uid=1000(system) Binder:2185_11 expire 4 lines
06-02 07:13:17.991  2185  2519 I chatty  : uid=1000(system) NetworkStats expire 3 lines
06-02 07:13:18.237  2185  2185 I chatty  : uid=1000 system_server expire 1 line
06-02 07:13:18.432  2185  3679 I chatty  : uid=1000(system) Binder:2185_C expire 3 lines
06-02 07:13:18.576  2185 31361 I chatty  : uid=1000(system) Binder:2185_17 expire 2 lines
06-02 07:13:19.147  2185 19421 I chatty  : uid=1000(system) Binder:2185_13 expire 1 line
06-02 07:13:19.414  2185 24171 I chatty  : uid=1000(system) Binder:2185_18 expire 2 lines
06-02 07:13:19.422  2185  3678 I chatty  : uid=1000(system) Binder:2185_B expire 2 lines
06-02 07:13:19.690  2185 11206 I chatty  : uid=1000(system) Binder:2185_20 expire 1 line
06-02 07:13:19.978  2185  2537 I chatty  : uid=1000(system) ConnectivitySer expire 1 line
06-02 07:13:20.728  2185 11205 I chatty  : uid=1000(system) Binder:2185_1F expire 2 lines
06-02 07:13:21.079  2185  2200 I chatty  : uid=1000(system) Binder:2185_2 expire 9 lines
06-02 07:16:00.915  2185  2504 I chatty  : uid=1000(system) AlarmManager expire 16 lines
06-02 07:16:00.936  2185 11205 I chatty  : uid=1000(system) Binder:2185_1F expire 2 lines
06-02 07:16:57.932  2185  3595 I chatty  : uid=1000(system) Binder:2185_8 expire 7 lines
06-02 07:16:58.031  2185  8479 I chatty  : uid=1000(system) Binder:2185_16 expire 4 lines
06-02 07:17:01.914  2185  2218 I chatty  : uid=1000(system) ActivityManager expire 14 lines
06-02 07:17:02.021  2185  3725 I chatty  : uid=1000(system) Binder:2185_11 expire 2 lines
06-02 07:17:59.028  2185  2890 I chatty  : uid=1000(system) Binder:2185_5 expire 8 lines
06-02 07:17:59.054  2185  2255 I chatty  : uid=1000(system) android.fg expire 7 lines
06-02 07:17:59.056  2185  3707 I chatty  : uid=1000(system) Binder:2185_F expire 1 line
06-02 07:17:59.075  2185  2222 I chatty  : uid=1000(system) batterystats-sy expire 6 lines
06-02 07:18:02.960  2185  4613 I chatty  : uid=1000(system) Binder:2185_1D expire 7 lines
06-02 07:18:59.942  2185 19420 I chatty  : uid=1000(system) Binder:2185_12 expire 6 lines
06-02 07:19:00.039  2185 31361 I chatty  : uid=1000(system) Binder:2185_17 expire 1 line
06-02 07:19:03.936  2185  3657 I chatty  : uid=1000(system) Binder:2185_A expire 3 lines
06-02 07:20:00.950  2185  2185 I chatty  : uid=1000 system_server expire 21 lines
06-02 07:20:01.098  2185  2199 I chatty  : uid=1000(system) Binder:2185_1 expire 8 lines
06-02 07:20:01.111  2185  5138 I chatty  : uid=1000(system) Binder:2185_14 expire 6 lines
06-02 07:20:01.398  2185  3565 I chatty  : uid=1000(system) Binder:2185_6 expire 1 line
06-02 07:20:01.493  2185 24171 I chatty  : uid=1000(system) Binder:2185_18 expire 3 lines
06-02 07:20:01.647  2185 25140 I chatty  : uid=1000(system) Binder:2185_1B expire 1 line
06-02 07:20:01.994  2185 19421 I chatty  : uid=1000(system) Binder:2185_13 expire 5 lines
06-02 07:20:02.165  2185  3678 I chatty  : uid=1000(system) Binder:2185_B expire 2 lines
06-02 07:20:02.666  2185  3723 I chatty  : uid=1000(system) Binder:2185_10 expire 2 lines
06-02 07:20:03.000  2185  2258 I chatty  : uid=1000(system) android.display expire 4 lines
06-02 07:20:03.013  2185  2263 I chatty  : uid=1000(system) PowerManagerSer expire 6 lines
06-02 07:20:03.092  2185  3593 I chatty  : uid=1000(system) Binder:2185_7 expire 8 lines
06-02 07:20:03.094  2185 25141 I chatty  : uid=1000(system) Binder:2185_1C expire 3 lines
06-02 07:20:03.201  2185  2547 I chatty  : uid=1000(system) Binder:2185_3 expire 2 lines
06-02 07:20:03.413  2185  2217 I chatty  : uid=1000(system) android.bg expire 2 lines
06-02 07:20:03.450  2185  3679 I chatty  : uid=1000(system) Binder:2185_C expire 2 lines
06-02 07:20:03.681  2185 10699 I chatty  : uid=1000(system) Binder:2185_1E expire 3 lines
06-02 07:20:03.897  2185  3698 I chatty  : uid=1000(system) Binder:2185_E expire 4 lines
06-02 07:20:05.179  2185 11206 I chatty  : uid=1000(system) Binder:2185_20 expire 3 lines
06-02 07:20:05.245 29368 30125 E ActivityThread: Failed to find provider info for com.facebook.katana.provider.AttributionIdProvider
06-02 07:20:08.579  2185  2504 I chatty  : uid=1000(system) AlarmManager expire 7 lines
06-02 07:20:08.903  2185  3653 I chatty  : uid=1000(system) Binder:2185_9 expire 2 lines
06-02 07:20:09.116  2185 24173 I chatty  : uid=1000(system) Binder:2185_19 expire 2 lines
06-02 07:20:09.470 24733 24733 V KeyguardStatusView: refresh statusview showing:true
06-02 07:20:10.879  2185  2218 I chatty  : uid=1000(system) ActivityManager expire 13 lines
06-02 07:20:20.978  2185  2622 I chatty  : uid=1000(system) Binder:2185_4 expire 2 lines
06-02 07:20:25.760  2185  5139 I chatty  : uid=1000(system) Binder:2185_15 expire 2 lines
06-02 07:21:01.987  2185 24175 I chatty  : uid=1000(system) Binder:2185_1A expire 5 lines
06-02 07:21:08.757  2185  3657 I chatty  : uid=1000(system) Binder:2185_A expire 2 lines
06-02 07:21:16.061  2185  2218 I chatty  : uid=1000(system) ActivityManager expire 18 lines
06-02 07:22:04.929  2185  2504 I chatty  : uid=1000(system) AlarmManager expire 42 lines
06-02 07:22:04.944  2185  2255 I chatty  : uid=1000(system) android.fg expire 10 lines
06-02 07:22:04.949  2185 25141 I chatty  : uid=1000(system) Binder:2185_1C expire 3 lines
06-02 07:22:04.964  2185  2222 I chatty  : uid=1000(system) batterystats-sy expire 10 lines
06-02 07:22:05.038  2185  2622 I chatty  : uid=1000(system) Binder:2185_4 expire 2 lines
06-02 07:22:09.934  2185 19420 I chatty  : uid=1000(system) Binder:2185_12 expire 3 lines
06-02 07:23:05.943  2185  3593 I chatty  : uid=1000(system) Binder:2185_7 expire 4 lines
06-02 07:23:06.031  2185  3653 I chatty  : uid=1000(system) Binder:2185_9 expire 3 lines
06-02 07:23:10.931  2185  2200 I chatty  : uid=1000(system) Binder:2185_2 expire 4 lines
06-02 07:23:10.941  2185  3723 I chatty  : uid=1000(system) Binder:2185_10 expire 4 lines
06-02 07:24:06.934  2185 25140 I chatty  : uid=1000(system) Binder:2185_1B expire 2 lines
06-02 07:24:07.034  2185  2890 I chatty  : uid=1000(system) Binder:2185_5 expire 4 lines
06-02 07:24:11.948  2185 19421 I chatty  : uid=1000(system) Binder:2185_13 expire 3 lines
06-02 07:24:11.955  2185 11206 I chatty  : uid=1000(system) Binder:2185_20 expire 4 lines
06-02 07:24:12.656  2185  2256 I chatty  : uid=1000(system) android.io expire 3 lines
06-02 07:24:12.663  2185  8479 I chatty  : uid=1000(system) Binder:2185_16 expire 2 lines
06-02 07:24:12.668  2185  3679 I chatty  : uid=1000(system) Binder:2185_C expire 2 lines
06-02 07:24:12.901  2185 31361 I chatty  : uid=1000(system) Binder:2185_17 expire 5 lines
06-02 07:24:12.907  2185  2547 I chatty  : uid=1000(system) Binder:2185_3 expire 6 lines
06-02 07:24:13.035  2185  3707 I chatty  : uid=1000(system) Binder:2185_F expire 3 lines
06-02 07:24:13.135  2185  2199 I chatty  : uid=1000(system) Binder:2185_1 expire 5 lines
06-02 07:24:14.235  2185  3678 I chatty  : uid=1000(system) Binder:2185_B expire 2 lines
06-02 07:24:14.592  2185  4613 I chatty  : uid=1000(system) Binder:2185_1D expire 3 lines
06-02 07:24:14.678  2185 24173 I chatty  : uid=1000(system) Binder:2185_19 expire 2 lines
06-02 07:24:16.353  2185 11205 I chatty  : uid=1000(system) Binder:2185_1F expire 3 lines
06-02 07:24:16.356  2185  2537 I chatty  : uid=1000(system) ConnectivitySer expire 1 line
06-02 07:24:16.565  2185  5138 I chatty  : uid=1000(system) Binder:2185_14 expire 10 lines
06-02 07:24:16.823  2185  3595 I chatty  : uid=1000(system) Binder:2185_8 expire 2 lines
06-02 07:25:12.949  2185 10699 I chatty  : uid=1000(system) Binder:2185_1E expire 1 line
06-02 07:26:13.732  2185  5139 I chatty  : uid=1000(system) Binder:2185_15 expire 5 lines
06-02 07:26:13.846  2185  3697 I chatty  : uid=1000(system) Binder:2185_D expire 2 lines
06-02 07:26:14.026  2185  2217 I chatty  : uid=1000(system) android.bg expire 7 lines
06-02 07:30:14.362  2185  3698 I chatty  : uid=1000(system) Binder:2185_E expire 1 line
06-02 07:30:19.950  2185  3565 I chatty  : uid=1000(system) Binder:2185_6 expire 1 line
06-02 07:31:14.957  2185 24171 I chatty  : uid=1000(system) Binder:2185_18 expire 2 lines
06-02 07:31:15.223  2185  2185 I chatty  : uid=1000 system_server expire 1 line
06-02 07:31:17.224 30308 30734 E ActivityThread: Failed to find provider info for com.facebook.katana.provider.AttributionIdProvider
06-02 07:31:17.493  2185  2218 I chatty  : uid=1000(system) ActivityManager expire 6 lines
06-02 07:31:57.376  2185  2255 I chatty  : uid=1000(system) android.fg expire 3 lines
06-02 07:31:57.398  2185  2222 I chatty  : uid=1000(system) batterystats-sy expire 3 lines
06-02 07:32:00.925  2185  2504 I chatty  : uid=1000(system) AlarmManager expire 5 lines
06-02 07:32:01.080  2185  5138 I chatty  : uid=1000(system) Binder:2185_14 expire 2 lines
06-02 07:32:20.088  2185 24171 I chatty  : uid=1000(system) Binder:2185_18 expire 11 lines
06-02 07:32:21.893  2185  2218 I chatty  : uid=1000(system) ActivityManager expire 27 lines
06-02 07:32:21.925  2185  2255 I chatty  : uid=1000(system) android.fg expire 5 lines
06-02 07:32:21.936  2185  2222 I chatty  : uid=1000(system) batterystats-sy expire 5 lines
06-02 07:32:22.012  2185  3725 I chatty  : uid=1000(system) Binder:2185_11 expire 3 lines
06-02 07:32:39.818  2185  2622 I chatty  : uid=1000(system) Binder:2185_4 expire 11 lines
06-02 07:32:39.826  2185  3565 I chatty  : uid=1000(system) Binder:2185_6 expire 5 lines
06-02 07:32:40.018  2185  3595 I chatty  : uid=1000(system) Binder:2185_8 expire 4 lines
06-02 07:33:11.109  2185  2504 I chatty  : uid=1000(system) AlarmManager expire 27 lines
06-02 07:33:11.161  2185  3657 I chatty  : uid=1000(system) Binder:2185_A expire 5 lines
06-02 07:33:11.184  2185 24173 I chatty  : uid=1000(system) Binder:2185_19 expire 10 lines
06-02 07:33:11.185  2185  2522 I chatty  : uid=1000(system) NetworkPolicy expire 2 lines
06-02 07:33:11.197  2185  2547 I chatty  : uid=1000(system) Binder:2185_3 expire 2 lines
06-02 07:33:11.273  2185  2200 I chatty  : uid=1000(system) Binder:2185_2 expire 1 line
06-02 07:33:11.315  2185  4613 I chatty  : uid=1000(system) Binder:2185_1D expire 6 lines
06-02 07:33:11.318  2185 11206 I chatty  : uid=1000(system) Binder:2185_20 expire 2 lines
06-02 07:33:11.408  2185  2185 I chatty  : uid=1000 system_server expire 12 lines
06-02 07:33:11.426  2185 25140 I chatty  : uid=1000(system) Binder:2185_1B expire 3 lines
06-02 07:33:11.601  2185 24175 I chatty  : uid=1000(system) Binder:2185_1A expire 7 lines
06-02 07:33:11.603  2185  5139 I chatty  : uid=1000(system) Binder:2185_15 expire 6 lines
06-02 07:33:11.658  2185  2199 I chatty  : uid=1000(system) Binder:2185_1 expire 3 lines
06-02 07:33:11.710  2185 19420 I chatty  : uid=1000(system) Binder:2185_12 expire 5 lines
06-02 07:33:13.708  2185  3723 I chatty  : uid=1000(system) Binder:2185_10 expire 2 lines
06-02 07:33:13.721  2185  3697 I chatty  : uid=1000(system) Binder:2185_D expire 4 lines
06-02 07:33:13.765  2185  3593 I chatty  : uid=1000(system) Binder:2185_7 expire 9 lines
06-02 07:33:18.115  2185 25141 I chatty  : uid=1000(system) Binder:2185_1C expire 3 lines
06-02 07:33:18.009  2185 10699 I chatty  : uid=1000(system) Binder:2185_1E expire 3 lines
06-02 07:33:18.069  2185  2543 I chatty  : uid=1000(system) onProviders.ECP expire 1 line
06-02 07:33:18.101  2185  2217 I chatty  : uid=1000(system) android.bg expire 4 lines
06-02 07:34:14.770  2185  3679 I chatty  : uid=1000(system) Binder:2185_C expire 4 lines
06-02 07:34:15.034  2185  2256 I chatty  : uid=1000(system) android.io expire 2 lines
06-02 07:34:16.220  2185  2537 I chatty  : uid=1000(system) ConnectivitySer expire 1 line
06-02 07:34:18.351  2185  3653 I chatty  : uid=1000(system) Binder:2185_9 expire 4 lines
06-02 07:34:18.966  2185 31361 I chatty  : uid=1000(system) Binder:2185_17 expire 1 line
06-02 07:34:19.226  2185  2890 I chatty  : uid=1000(system) Binder:2185_5 expire 1 line
06-02 07:34:20.567  2185  3678 I chatty  : uid=1000(system) Binder:2185_B expire 2 lines
06-02 07:35:23.331  2185 19421 I chatty  : uid=1000(system) Binder:2185_13 expire 1 line
06-02 07:35:23.363  2185 11205 I chatty  : uid=1000(system) Binder:2185_1F expire 3 lines
06-02 07:37:02.818 31515 31515 D ActivityThread: Loading provider com.whatsapp.provider.contact: com.whatsapp.contact.ContactProvider
06-02 07:37:02.926  2185  2218 I chatty  : uid=1000(system) ActivityManager expire 16 lines
06-02 07:37:03.281  2185  3653 I chatty  : uid=1000(system) Binder:2185_9 expire 10 lines
06-02 07:37:03.283  2185  3678 I chatty  : uid=1000(system) Binder:2185_B expire 1 line
06-02 07:37:03.292  2185  3698 I chatty  : uid=1000(system) Binder:2185_E expire 6 lines
06-02 07:37:03.308  2185 19421 I chatty  : uid=1000(system) Binder:2185_13 expire 20 lines
06-02 07:37:03.378  2185  3707 I chatty  : uid=1000(system) Binder:2185_F expire 3 lines
06-02 07:37:03.389  2185  2547 I chatty  : uid=1000(system) Binder:2185_3 expire 11 lines
06-02 07:37:04.082  2185 31361 I chatty  : uid=1000(system) Binder:2185_17 expire 2 lines
06-02 07:37:04.114  2185  5139 I chatty  : uid=1000(system) Binder:2185_15 expire 3 lines
06-02 07:37:04.157  2185  3679 I chatty  : uid=1000(system) Binder:2185_C expire 5 lines
06-02 07:37:58.490  2185  2255 I chatty  : uid=1000(system) android.fg expire 4 lines
06-02 07:37:58.509  2185  2222 I chatty  : uid=1000(system) batterystats-sy expire 7 lines
06-02 07:37:58.599  2185 24171 I chatty  : uid=1000(system) Binder:2185_18 expire 3 lines
06-02 07:38:04.495  2185  2504 I chatty  : uid=1000(system) AlarmManager expire 13 lines
06-02 07:38:04.527  2185  3595 I chatty  : uid=1000(system) Binder:2185_8 expire 4 lines
06-02 07:38:04.616  2185 11206 I chatty  : uid=1000(system) Binder:2185_20 expire 2 lines
06-02 07:38:04.770  2185  3593 I chatty  : uid=1000(system) Binder:2185_7 expire 4 lines
06-02 07:38:23.112  2185  2199 I chatty  : uid=1000(system) Binder:2185_1 expire 4 lines
06-02 07:39:05.507  2185 24175 I chatty  : uid=1000(system) Binder:2185_1A expire 2 lines
06-02 07:39:05.596  2185  4613 I chatty  : uid=1000(system) Binder:2185_1D expire 4 lines
06-02 07:40:01.500  2185  2185 I chatty  : uid=1000 system_server expire 23 lines
06-02 07:40:01.589  2185 25140 I chatty  : uid=1000(system) Binder:2185_1B expire 5 lines
06-02 07:40:01.670  2185  3697 I chatty  : uid=1000(system) Binder:2185_D expire 2 lines
06-02 07:40:01.737  2185  3657 I chatty  : uid=1000(system) Binder:2185_A expire 2 lines
06-02 07:40:01.869  2185 11205 I chatty  : uid=1000(system) Binder:2185_1F expire 7 lines
06-02 07:40:02.142  2185  2200 I chatty  : uid=1000(system) Binder:2185_2 expire 7 lines
06-02 07:40:02.775  2185 10699 I chatty  : uid=1000(system) Binder:2185_1E expire 3 lines
06-02 07:40:02.861  2185  2258 I chatty  : uid=1000(system) android.display expire 4 lines
06-02 07:40:02.885  2185  2263 I chatty  : uid=1000(system) PowerManagerSer expire 4 lines
06-02 07:40:03.183  2185  2217 I chatty  : uid=1000(system) android.bg expire 2 lines
06-02 07:40:04.680  2185 25141 I chatty  : uid=1000(system) Binder:2185_1C expire 3 lines
06-02 07:40:04.917  2185 19420 I chatty  : uid=1000(system) Binder:2185_12 expire 2 lines
06-02 07:40:05.567  2185  5138 I chatty  : uid=1000(system) Binder:2185_14 expire 1 line
06-02 07:40:07.807  2185 24173 I chatty  : uid=1000(system) Binder:2185_19 expire 3 lines
06-02 07:40:07.822  2185  3723 I chatty  : uid=1000(system) Binder:2185_10 expire 2 lines
06-02 07:40:07.927 24733 24733 V KeyguardStatusView: refresh statusview showing:true
06-02 07:40:07.991  2185  3565 I chatty  : uid=1000(system) Binder:2185_6 expire 1 line
06-02 07:40:08.612  2185 19421 I chatty  : uid=1000(system) Binder:2185_13 expire 1 line
06-02 07:40:08.775  2185  2507 I chatty  : uid=1000(system) InputReader expire 1 line
06-02 07:40:09.622  2185  2218 I chatty  : uid=1000(system) ActivityManager expire 13 lines
06-02 07:40:17.748  2185  8479 I chatty  : uid=1000(system) Binder:2185_16 expire 1 line
06-02 07:40:17.845  2185  2890 I chatty  : uid=1000(system) Binder:2185_5 expire 1 line
06-02 07:40:20.013  2185  2504 I chatty  : uid=1000(system) AlarmManager expire 32 lines
06-02 07:40:20.035  2185  2218 I chatty  : uid=1000(system) ActivityManager expire 29 lines
06-02 07:40:20.038  2185  2185 I chatty  : uid=1000 system_server expire 10 lines
06-02 07:40:20.051  2185  2217 I chatty  : uid=1000(system) android.bg expire 6 lines
06-02 07:40:21.677  2185  2200 I chatty  : uid=1000(system) Binder:2185_2 expire 7 lines
06-02 07:40:27.442  2185  2255 I chatty  : uid=1000(system) android.fg expire 10 lines
06-02 07:40:27.459  2185  2222 I chatty  : uid=1000(system) batterystats-sy expire 12 lines
06-02 07:40:27.555  2185 10699 I chatty  : uid=1000(system) Binder:2185_1E expire 1 line
06-02 07:40:27.606  2185  2622 I chatty  : uid=1000(system) Binder:2185_4 expire 5 lines
06-02 07:40:27.972  2185  2890 I chatty  : uid=1000(system) Binder:2185_5 expire 5 lines
06-02 07:40:28.007  2185  3565 I chatty  : uid=1000(system) Binder:2185_6 expire 8 lines
06-02 07:40:28.033  2185  2256 I chatty  : uid=1000(system) android.io expire 5 lines
06-02 07:40:28.634  2185  2199 I chatty  : uid=1000(system) Binder:2185_1 expire 4 lines
06-02 07:40:28.860  2185  2547 I chatty  : uid=1000(system) Binder:2185_3 expire 5 lines
06-02 07:40:31.054  2185 24173 I chatty  : uid=1000(system) Binder:2185_19 expire 3 lines
06-02 07:40:31.080  2185  3723 I chatty  : uid=1000(system) Binder:2185_10 expire 5 lines
06-02 07:40:31.144  2185 25140 I chatty  : uid=1000(system) Binder:2185_1B expire 6 lines
06-02 07:40:31.179  2185  5138 I chatty  : uid=1000(system) Binder:2185_14 expire 3 lines
06-02 07:40:31.572  2185  3593 I chatty  : uid=1000(system) Binder:2185_7 expire 6 lines
06-02 07:40:31.774  2185  4613 I chatty  : uid=1000(system) Binder:2185_1D expire 5 lines
06-02 07:40:31.791  2185  3698 I chatty  : uid=1000(system) Binder:2185_E expire 1 line
06-02 07:40:31.970  2185  3678 I chatty  : uid=1000(system) Binder:2185_B expire 3 lines
06-02 07:40:32.008  2185  3725 I chatty  : uid=1000(system) Binder:2185_11 expire 6 lines
06-02 07:40:32.184  2185 11206 I chatty  : uid=1000(system) Binder:2185_20 expire 1 line
06-02 07:40:32.208  2185  8479 I chatty  : uid=1000(system) Binder:2185_16 expire 6 lines
06-02 07:40:32.558  2185 31361 I chatty  : uid=1000(system) Binder:2185_17 expire 4 lines
06-02 07:40:33.280  2185  3679 I chatty  : uid=1000(system) Binder:2185_C expire 5 lines
06-02 07:40:33.483  2185  3595 I chatty  : uid=1000(system) Binder:2185_8 expire 4 lines
06-02 07:40:34.188  2185 19421 I chatty  : uid=1000(system) Binder:2185_13 expire 8 lines
06-02 07:40:53.090  2185 24175 I chatty  : uid=1000(system) Binder:2185_1A expire 2 lines
06-02 07:41:07.818  2185 24171 I chatty  : uid=1000(system) Binder:2185_18 expire 1 line
06-02 07:43:17.520  2185  2519 I chatty  : uid=1000(system) NetworkStats expire 2 lines
06-02 07:43:32.724  2185 19420 I chatty  : uid=1000(system) Binder:2185_12 expire 1 line
06-02 07:44:18.473  2185  3697 I chatty  : uid=1000(system) Binder:2185_D expire 2 lines
06-02 07:46:01.563  2185  3657 I chatty  : uid=1000(system) Binder:2185_A expire 1 line
06-02 07:46:13.474  2185 11205 I chatty  : uid=1000(system) Binder:2185_1F expire 7 lines
06-02 07:46:13.751  2185  3707 I chatty  : uid=1000(system) Binder:2185_F expire 6 lines
06-02 07:46:13.781  2185  2547 I chatty  : uid=1000(system) Binder:2185_3 expire 3 lines
06-02 07:46:13.786  2185  2622 I chatty  : uid=1000(system) Binder:2185_4 expire 2 lines
06-02 07:46:13.797  2185 19421 I chatty  : uid=1000(system) Binder:2185_13 expire 3 lines
06-02 07:46:14.873  2185  3678 I chatty  : uid=1000(system) Binder:2185_B expire 5 lines
06-02 07:46:14.881  2185 10699 I chatty  : uid=1000(system) Binder:2185_1E expire 4 lines
06-02 07:46:14.884  2185 24173 I chatty  : uid=1000(system) Binder:2185_19 expire 1 line
06-02 07:46:20.453  2185  2504 I chatty  : uid=1000(system) AlarmManager expire 15 lines
06-02 07:46:20.500  2185  2218 I chatty  : uid=1000(system) ActivityManager expire 22 lines
06-02 07:46:20.512  2185 11206 I chatty  : uid=1000(system) Binder:2185_20 expire 4 lines
06-02 07:46:34.442  2185  2255 I chatty  : uid=1000(system) android.fg expire 11 lines
06-02 07:46:34.460  2185  2222 I chatty  : uid=1000(system) batterystats-sy expire 12 lines
06-02 07:46:34.490  2185  5138 I chatty  : uid=1000(system) Binder:2185_14 expire 4 lines
06-02 07:46:34.491  2185  5139 I chatty  : uid=1000(system) Binder:2185_15 expire 4 lines
06-02 07:46:44.642  2185 31361 I chatty  : uid=1000(system) Binder:2185_17 expire 4 lines
06-02 07:46:44.670  2185  2185 I chatty  : uid=1000 system_server expire 3 lines
