06-06 13:42:47.004  2187  2262 I chatty  : uid=1000(system) android.fg expire 10 lines
06-06 13:42:47.039  2187  3535 I chatty  : uid=1000(system) Binder:2187_B expire 4 lines
06-06 13:42:50.771  2187  2541 I chatty  : uid=1000(system) Binder:2187_3 expire 2 lines
06-06 13:42:51.820  2187  3538 I chatty  : uid=1000(system) Binder:2187_C expire 6 lines
06-06 13:42:51.837  2187  3567 I chatty  : uid=1000(system) Binder:2187_F expire 2 lines
06-06 13:42:51.843  2187 21313 I chatty  : uid=1000(system) Binder:2187_19 expire 4 lines
06-06 13:42:51.884  2187  2200 I chatty  : uid=1000(system) Binder:2187_1 expire 5 lines
06-06 13:42:51.899  2187  2656 I chatty  : uid=1000(system) Binder:2187_4 expire 4 lines
06-06 13:42:51.913  2187  2531 I chatty  : uid=1000(system) ConnectivitySer expire 10 lines
06-06 13:43:00.002  2187  2498 I chatty  : uid=1000(system) AlarmManager expire 12 lines
06-06 13:43:00.022  2187  2187 I chatty  : uid=1000 system_server expire 1 line
06-06 13:43:00.073  2187 21203 I chatty  : uid=1000(system) Binder:2187_18 expire 1 line
06-06 13:43:00.119  2187  3503 I chatty  : uid=1000(system) Binder:2187_8 expire 3 lines
06-06 13:43:07.671  2187  3514 I chatty  : uid=1000(system) Binder:2187_A expire 4 lines
06-06 13:43:10.386  2187  3572 I chatty  : uid=1000(system) Binder:2187_12 expire 3 lines
06-06 13:43:10.411  2187  2657 I chatty  : uid=1000(system) Binder:2187_5 expire 5 lines
06-06 13:43:10.416  2187  3560 I chatty  : uid=1000(system) Binder:2187_E expire 2 lines
06-06 13:43:10.433  2187 31939 I chatty  : uid=1000(system) Binder:2187_1C expire 7 lines
06-06 13:43:10.446  2187 11980 I chatty  : uid=1000(system) Binder:2187_1A expire 3 lines
06-06 13:43:21.857  2187 32069 I chatty  : uid=1000(system) Binder:2187_1E expire 3 lines
06-06 13:43:22.652  2187  3510 I chatty  : uid=1000(system) Binder:2187_9 expire 5 lines
06-06 13:43:36.564  2187  2949 I chatty  : uid=1000(system) Binder:2187_6 expire 4 lines
06-06 13:43:36.581  2187  2201 I chatty  : uid=1000(system) Binder:2187_2 expire 3 lines
06-06 13:43:36.593  2187  3569 I chatty  : uid=1000(system) Binder:2187_10 expire 3 lines
06-06 13:43:36.627  2187 21111 I chatty  : uid=1000(system) Binder:2187_14 expire 3 lines
06-06 13:43:36.854  2187  3559 I chatty  : uid=1000(system) Binder:2187_D expire 1 line
06-06 13:43:36.882  2187  3500 I chatty  : uid=1000(system) Binder:2187_7 expire 1 line
06-06 13:43:48.533  2187  3571 I chatty  : uid=1000(system) Binder:2187_11 expire 1 line
06-06 13:44:05.685  2187 21141 I chatty  : uid=1000(system) Binder:2187_17 expire 1 line
06-06 13:44:25.232  2187  2224 I chatty  : uid=1000(system) batterystats-sy expire 2 lines
06-06 13:44:31.223  2187 21140 I chatty  : uid=1000(system) Binder:2187_16 expire 2 lines
06-06 13:45:01.550  2187 11981 I chatty  : uid=1000(system) Binder:2187_1B expire 2 lines
06-06 13:45:01.551  2187  2220 I chatty  : uid=1000(system) ActivityManager expire 15 lines
06-06 13:45:01.621  2187  2263 I chatty  : uid=1000(system) android.io expire 3 lines
06-06 13:45:01.629  2187  3510 I chatty  : uid=1000(system) Binder:2187_9 expire 7 lines
06-06 13:45:01.862  2187  2657 I chatty  : uid=1000(system) Binder:2187_5 expire 4 lines
06-06 13:45:01.870  2187 21111 I chatty  : uid=1000(system) Binder:2187_14 expire 6 lines
06-06 13:45:01.957  2187 31939 I chatty  : uid=1000(system) Binder:2187_1C expire 6 lines
06-06 13:45:01.966  2187  2656 I chatty  : uid=1000(system) Binder:2187_4 expire 2 lines
06-06 13:45:02.007  2187 21203 I chatty  : uid=1000(system) Binder:2187_18 expire 3 lines
06-06 13:45:02.023  2187  3535 I chatty  : uid=1000(system) Binder:2187_B expire 5 lines
06-06 13:45:02.034  2187  2541 I chatty  : uid=1000(system) Binder:2187_3 expire 6 lines
06-06 13:45:02.140 20992 20992 D ActivityThread: Loading provider contacts;com.android.contacts: com.android.providers.contacts.SemcContactsProvider2
06-06 13:45:02.517  2187 21141 I chatty  : uid=1000(system) Binder:2187_17 expire 2 lines
06-06 13:45:02.548  2187  2531 I chatty  : uid=1000(system) ConnectivitySer expire 5 lines
06-06 13:45:02.831  2187  2187 I chatty  : uid=1000 system_server expire 1 line
06-06 13:45:02.854  2187  2224 I chatty  : uid=1000(system) batterystats-sy expire 3 lines
06-06 13:45:03.049  2187 21112 I chatty  : uid=1000(system) Binder:2187_15 expire 1 line
06-06 13:45:03.056  2187  3567 I chatty  : uid=1000(system) Binder:2187_F expire 4 lines
06-06 13:45:03.061  2187  3572 I chatty  : uid=1000(system) Binder:2187_12 expire 3 lines
06-06 13:45:07.311  2187  3559 I chatty  : uid=1000(system) Binder:2187_D expire 5 lines
06-06 13:45:13.469  2187 32069 I chatty  : uid=1000(system) Binder:2187_1E expire 3 lines
06-06 13:45:16.000 20273 21077 E ActivityThread: Failed to find provider info for com.facebook.katana.provider.AttributionIdProvider
06-06 13:45:16.984  2187 11980 I chatty  : uid=1000(system) Binder:2187_1A expire 10 lines
06-06 13:45:17.197  2187 23143 I chatty  : uid=1000(system) Binder:2187_13 expire 2 lines
06-06 13:45:17.398  2187  2949 I chatty  : uid=1000(system) Binder:2187_6 expire 4 lines
06-06 13:45:17.399  2187  2220 I chatty  : uid=1000(system) ActivityManager expire 65 lines
06-06 13:45:17.401  2187  3514 I chatty  : uid=1000(system) Binder:2187_A expire 4 lines
06-06 13:45:17.443  2187  3500 I chatty  : uid=1000(system) Binder:2187_7 expire 3 lines
06-06 13:45:20.912  2187  3571 I chatty  : uid=1000(system) Binder:2187_11 expire 3 lines
06-06 13:45:24.324  2187 21313 I chatty  : uid=1000(system) Binder:2187_19 expire 4 lines
06-06 13:45:25.668  2187  3560 I chatty  : uid=1000(system) Binder:2187_E expire 5 lines
06-06 13:45:25.678  2187  3503 I chatty  : uid=1000(system) Binder:2187_8 expire 2 lines
06-06 13:45:38.333  2187  3569 I chatty  : uid=1000(system) Binder:2187_10 expire 2 lines
06-06 13:45:40.264  2187  3538 I chatty  : uid=1000(system) Binder:2187_C expire 1 line
06-06 13:45:49.686  2187  2264 I chatty  : uid=1000(system) android.display expire 1 line
06-06 13:45:52.415  2187 31940 I chatty  : uid=1000(system) Binder:2187_1D expire 1 line
06-06 13:46:00.644  2187  2498 I chatty  : uid=1000(system) AlarmManager expire 4 lines
06-06 13:46:01.324  2187  2200 I chatty  : uid=1000(system) Binder:2187_1 expire 6 lines
06-06 13:46:10.734  2187 32069 I chatty  : uid=1000(system) Binder:2187_1E expire 1 line
06-06 13:46:10.735  2187  2220 I chatty  : uid=1000(system) ActivityManager expire 27 lines
06-06 13:46:13.950  2187 21141 I chatty  : uid=1000(system) Binder:2187_17 expire 6 lines
06-06 13:46:15.505  2187  2656 I chatty  : uid=1000(system) Binder:2187_4 expire 6 lines
06-06 13:46:15.768  2187 31939 I chatty  : uid=1000(system) Binder:2187_1C expire 4 lines
06-06 13:46:15.859  2187 21140 I chatty  : uid=1000(system) Binder:2187_16 expire 4 lines
06-06 13:46:18.350  2187  2498 I chatty  : uid=1000(system) AlarmManager expire 5 lines
06-06 13:46:18.380  2187  3569 I chatty  : uid=1000(system) Binder:2187_10 expire 5 lines
06-06 13:46:23.383  2187  2501 I chatty  : uid=1000(system) InputReader expire 5 lines
06-06 13:46:23.411  2187  2187 I chatty  : uid=1000 system_server expire 11 lines
06-06 13:46:23.913  2187  2267 I chatty  : uid=1000(system) PowerManagerSer expire 10 lines
06-06 13:46:24.187  2622  2622 V KeyguardStatusView: refresh statusview showing:true
06-06 13:46:24.196  2622  2622 V KeyguardDisplayManager: show
06-06 13:46:24.440  2187  2657 I chatty  : uid=1000(system) Binder:2187_5 expire 2 lines
06-06 13:46:24.457  2187  3572 I chatty  : uid=1000(system) Binder:2187_12 expire 4 lines
06-06 13:46:24.711  2187  2264 I chatty  : uid=1000(system) android.display expire 8 lines
06-06 13:46:26.937  2187  3500 I chatty  : uid=1000(system) Binder:2187_7 expire 5 lines
06-06 13:46:34.930  2187 11981 I chatty  : uid=1000(system) Binder:2187_1B expire 4 lines
06-06 13:46:35.713  2187  3510 I chatty  : uid=1000(system) Binder:2187_9 expire 3 lines
06-06 13:46:39.223  2187 21313 I chatty  : uid=1000(system) Binder:2187_19 expire 1 line
06-06 13:46:39.258  2187  2531 I chatty  : uid=1000(system) ConnectivitySer expire 7 lines
06-06 13:46:45.348  2187  2201 I chatty  : uid=1000(system) Binder:2187_2 expire 4 lines
06-06 13:46:46.006  2187  2949 I chatty  : uid=1000(system) Binder:2187_6 expire 2 lines
06-06 13:46:46.025  2187  2541 I chatty  : uid=1000(system) Binder:2187_3 expire 1 line
06-06 13:46:46.921  2187  3567 I chatty  : uid=1000(system) Binder:2187_F expire 1 line
06-06 13:46:46.970  2187 21111 I chatty  : uid=1000(system) Binder:2187_14 expire 4 lines
06-06 13:46:46.994  2187 11980 I chatty  : uid=1000(system) Binder:2187_1A expire 3 lines
06-06 13:46:47.168  2187 31940 I chatty  : uid=1000(system) Binder:2187_1D expire 2 lines
06-06 13:46:48.034  3524  3627 W ContextImpl: Calling a method in the system process without a qualified user: android.app.ContextImpl.bindService:1422 android.content.ContextWrapper.bindService:636 com.google.android.gms.ads.identifier.AdvertisingIdClient.h:-1 com.google.android.gms.ads.identifier.AdvertisingIdClient.b:-1 com.google.android.gms.ads.identifier.AdvertisingIdClient.getAdvertisingIdInfo:-1 
06-06 13:46:48.252  2622  2622 V KeyguardDisplayManager: hide
06-06 13:46:48.262  2187  2220 I chatty  : uid=1000(system) ActivityManager expire 20 lines
06-06 13:46:48.270  2187 21112 I chatty  : uid=1000(system) Binder:2187_15 expire 2 lines
06-06 13:46:48.336  2187  3560 I chatty  : uid=1000(system) Binder:2187_E expire 2 lines
06-06 13:46:54.973  2622  2622 V KeyguardStatusView: refresh statusview showing:true
06-06 13:46:54.984  2622  2622 V KeyguardDisplayManager: show
06-06 13:47:21.203  2187  3559 I chatty  : uid=1000(system) Binder:2187_D expire 3 lines
06-06 13:47:24.148  2187  2187 I chatty  : uid=1000 system_server expire 7 lines
06-06 13:47:24.342  2187  3535 I chatty  : uid=1000(system) Binder:2187_B expire 2 lines
06-06 13:47:25.756  2622  2622 V KeyguardDisplayManager: hide
06-06 13:47:25.804  2187  2220 I chatty  : uid=1000(system) ActivityManager expire 16 lines
06-06 13:47:27.444  2187  2267 I chatty  : uid=1000(system) PowerManagerSer expire 2 lines
06-06 13:47:27.616  2622  2622 V KeyguardStatusView: refresh statusview showing:true
06-06 13:47:27.626  2622  2622 V KeyguardDisplayManager: show
06-06 13:47:27.860  2187  3571 I chatty  : uid=1000(system) Binder:2187_11 expire 1 line
06-06 13:47:32.528  2187  3503 I chatty  : uid=1000(system) Binder:2187_8 expire 1 line
06-06 13:47:46.503  2187  2262 I chatty  : uid=1000(system) android.fg expire 2 lines
06-06 13:47:46.579  2187 21203 I chatty  : uid=1000(system) Binder:2187_18 expire 1 line
06-06 13:47:52.281  2187  3538 I chatty  : uid=1000(system) Binder:2187_C expire 3 lines
06-06 13:47:53.517  2187  2220 I chatty  : uid=1000(system) ActivityManager expire 84 lines
06-06 13:47:53.558  2187  3569 I chatty  : uid=1000(system) Binder:2187_10 expire 5 lines
06-06 13:47:53.580  2187  3503 I chatty  : uid=1000(system) Binder:2187_8 expire 5 lines
06-06 13:47:53.619  2187  2531 I chatty  : uid=1000(system) ConnectivitySer expire 12 lines
06-06 13:47:58.122  2187 21140 I chatty  : uid=1000(system) Binder:2187_16 expire 5 lines
06-06 13:48:05.453  2187  2498 I chatty  : uid=1000(system) AlarmManager expire 10 lines
06-06 13:48:05.551  2187  2949 I chatty  : uid=1000(system) Binder:2187_6 expire 3 lines
06-06 13:48:05.634  2187 11980 I chatty  : uid=1000(system) Binder:2187_1A expire 2 lines
06-06 13:48:10.600  2187 23143 I chatty  : uid=1000(system) Binder:2187_13 expire 4 lines
06-06 13:48:10.645  2187 21313 I chatty  : uid=1000(system) Binder:2187_19 expire 3 lines
06-06 13:48:10.646  2187  3510 I chatty  : uid=1000(system) Binder:2187_9 expire 4 lines
06-06 13:48:14.603  2187  2656 I chatty  : uid=1000(system) Binder:2187_4 expire 6 lines
06-06 13:48:14.626  2187 21203 I chatty  : uid=1000(system) Binder:2187_18 expire 2 lines
06-06 13:48:14.627  2187 31939 I chatty  : uid=1000(system) Binder:2187_1C expire 3 lines
06-06 13:48:14.666  2187 32069 I chatty  : uid=1000(system) Binder:2187_1E expire 1 line
06-06 13:48:14.681  2187  3572 I chatty  : uid=1000(system) Binder:2187_12 expire 4 lines
06-06 13:48:15.855  2187  3500 I chatty  : uid=1000(system) Binder:2187_7 expire 4 lines
06-06 13:48:16.058  2187  3571 I chatty  : uid=1000(system) Binder:2187_11 expire 3 lines
06-06 13:48:32.133  2187  2262 I chatty  : uid=1000(system) android.fg expire 8 lines
06-06 13:48:33.869  2187  2201 I chatty  : uid=1000(system) Binder:2187_2 expire 5 lines
06-06 13:48:37.163  2187  3567 I chatty  : uid=1000(system) Binder:2187_F expire 4 lines
06-06 13:48:44.898  2187  3514 I chatty  : uid=1000(system) Binder:2187_A expire 2 lines
06-06 13:49:04.964  2187 31940 I chatty  : uid=1000(system) Binder:2187_1D expire 4 lines
06-06 13:49:04.984  2187  3559 I chatty  : uid=1000(system) Binder:2187_D expire 3 lines
06-06 13:49:28.295  2187 21111 I chatty  : uid=1000(system) Binder:2187_14 expire 2 lines
06-06 13:49:32.895  2187  2541 I chatty  : uid=1000(system) Binder:2187_3 expire 1 line
06-06 13:49:32.914  2187 21141 I chatty  : uid=1000(system) Binder:2187_17 expire 2 lines
06-06 13:49:49.376  2187 21112 I chatty  : uid=1000(system) Binder:2187_15 expire 2 lines
06-06 13:49:49.412  2187  2657 I chatty  : uid=1000(system) Binder:2187_5 expire 2 lines
06-06 13:49:49.445  2187  2200 I chatty  : uid=1000(system) Binder:2187_1 expire 2 lines
06-06 13:50:06.180  2187 11981 I chatty  : uid=1000(system) Binder:2187_1B expire 9 lines
06-06 13:50:09.677  2187  2531 I chatty  : uid=1000(system) ConnectivitySer expire 10 lines
06-06 13:50:09.677  2187  2220 I chatty  : uid=1000(system) ActivityManager expire 76 lines
06-06 13:50:23.008  2187 11980 I chatty  : uid=1000(system) Binder:2187_1A expire 5 lines
06-06 13:50:26.345  2187 31940 I chatty  : uid=1000(system) Binder:2187_1D expire 4 lines
06-06 13:50:26.399  2187  3503 I chatty  : uid=1000(system) Binder:2187_8 expire 2 lines
06-06 13:50:40.079  2187  2498 I chatty  : uid=1000(system) AlarmManager expire 13 lines
06-06 13:50:40.091  2187  2262 I chatty  : uid=1000(system) android.fg expire 13 lines
06-06 13:50:40.112  2187  3510 I chatty  : uid=1000(system) Binder:2187_9 expire 5 lines
06-06 13:50:49.078  2187  2200 I chatty  : uid=1000(system) Binder:2187_1 expire 2 lines
06-06 13:50:49.222  2187 21140 I chatty  : uid=1000(system) Binder:2187_16 expire 4 lines
06-06 13:50:49.254  2187  3538 I chatty  : uid=1000(system) Binder:2187_C expire 2 lines
06-06 13:51:01.907  2187  2201 I chatty  : uid=1000(system) Binder:2187_2 expire 5 lines
06-06 13:51:01.921  2187  2657 I chatty  : uid=1000(system) Binder:2187_5 expire 4 lines
06-06 13:51:04.389  2187 21112 I chatty  : uid=1000(system) Binder:2187_15 expire 7 lines
06-06 13:51:08.908  2187  3500 I chatty  : uid=1000(system) Binder:2187_7 expire 2 lines
06-06 13:51:09.780  2187  3559 I chatty  : uid=1000(system) Binder:2187_D expire 6 lines
06-06 13:51:09.786  2187  3569 I chatty  : uid=1000(system) Binder:2187_10 expire 3 lines
06-06 13:51:12.989  2187  3567 I chatty  : uid=1000(system) Binder:2187_F expire 2 lines
06-06 13:51:14.228  2187 31939 I chatty  : uid=1000(system) Binder:2187_1C expire 2 lines
06-06 13:51:14.243  2187  3571 I chatty  : uid=1000(system) Binder:2187_11 expire 2 lines
06-06 13:51:22.062  2187  2949 I chatty  : uid=1000(system) Binder:2187_6 expire 3 lines
06-06 13:51:22.082  2187 32069 I chatty  : uid=1000(system) Binder:2187_1E expire 2 lines
06-06 13:51:27.432  2187 21141 I chatty  : uid=1000(system) Binder:2187_17 expire 3 lines
06-06 13:51:27.433  2187 21111 I chatty  : uid=1000(system) Binder:2187_14 expire 4 lines
06-06 13:51:27.944  2187  3572 I chatty  : uid=1000(system) Binder:2187_12 expire 3 lines
06-06 13:51:27.950  2187 23143 I chatty  : uid=1000(system) Binder:2187_13 expire 3 lines
06-06 13:51:32.216  2187  2541 I chatty  : uid=1000(system) Binder:2187_3 expire 3 lines
06-06 13:52:08.315  2187  3560 I chatty  : uid=1000(system) Binder:2187_E expire 1 line
06-06 13:52:41.104  2187 21203 I chatty  : uid=1000(system) Binder:2187_18 expire 1 line
06-06 13:52:42.211  2187  2218 I chatty  : uid=1000(system) android.bg expire 2 lines
06-06 13:54:01.195  2187 21313 I chatty  : uid=1000(system) Binder:2187_19 expire 6 lines
06-06 13:55:03.060  2187  2498 I chatty  : uid=1000(system) AlarmManager expire 16 lines
06-06 13:55:03.073  2187  3514 I chatty  : uid=1000(system) Binder:2187_A expire 5 lines
06-06 13:55:03.095  2187  3500 I chatty  : uid=1000(system) Binder:2187_7 expire 4 lines
06-06 13:55:03.334  2187  3560 I chatty  : uid=1000(system) Binder:2187_E expire 4 lines
06-06 13:55:03.344  2187 32069 I chatty  : uid=1000(system) Binder:2187_1E expire 11 lines
06-06 13:55:28.093  2187  2656 I chatty  : uid=1000(system) Binder:2187_4 expire 4 lines
06-06 13:55:28.112  2187  2262 I chatty  : uid=1000(system) android.fg expire 4 lines
06-06 13:55:28.114  2187  3567 I chatty  : uid=1000(system) Binder:2187_F expire 4 lines
06-06 13:55:29.222  2187  2949 I chatty  : uid=1000(system) Binder:2187_6 expire 4 lines
06-06 13:55:29.222  2187  2220 I chatty  : uid=1000(system) ActivityManager expire 28 lines
06-06 13:55:29.008  2187  2541 I chatty  : uid=1000(system) Binder:2187_3 expire 1 line
06-06 13:55:29.035  2187  2187 I chatty  : uid=1000 system_server expire 21 lines
06-06 13:55:29.379  2187 31940 I chatty  : uid=1000(system) Binder:2187_1D expire 3 lines
06-06 13:55:29.478  2187 21141 I chatty  : uid=1000(system) Binder:2187_17 expire 4 lines
06-06 13:55:29.553  2187  2657 I chatty  : uid=1000(system) Binder:2187_5 expire 7 lines
06-06 13:55:29.573  2187  2531 I chatty  : uid=1000(system) ConnectivitySer expire 3 lines
06-06 13:55:30.121  2187 21140 I chatty  : uid=1000(system) Binder:2187_16 expire 2 lines
06-06 13:55:30.334  2187  2263 I chatty  : uid=1000(system) android.io expire 4 lines
06-06 13:55:30.659  2187  3535 I chatty  : uid=1000(system) Binder:2187_B expire 4 lines
06-06 13:55:36.589  2187  2200 I chatty  : uid=1000(system) Binder:2187_1 expire 4 lines
06-06 13:55:37.606  2187 11980 I chatty  : uid=1000(system) Binder:2187_1A expire 8 lines
06-06 13:55:37.639  2187 21111 I chatty  : uid=1000(system) Binder:2187_14 expire 3 lines
06-06 13:55:37.679  2187  3538 I chatty  : uid=1000(system) Binder:2187_C expire 3 lines
06-06 13:55:38.580  2187 31939 I chatty  : uid=1000(system) Binder:2187_1C expire 2 lines
06-06 13:55:38.613  2187  2201 I chatty  : uid=1000(system) Binder:2187_2 expire 7 lines
06-06 13:55:38.630  2187  3571 I chatty  : uid=1000(system) Binder:2187_11 expire 5 lines
06-06 13:55:39.303  2187  3503 I chatty  : uid=1000(system) Binder:2187_8 expire 3 lines
06-06 13:55:39.503  2187 21112 I chatty  : uid=1000(system) Binder:2187_15 expire 4 lines
06-06 13:55:39.514  2187  3510 I chatty  : uid=1000(system) Binder:2187_9 expire 5 lines
06-06 13:55:40.447  2187  3572 I chatty  : uid=1000(system) Binder:2187_12 expire 2 lines
06-06 13:58:52.510  2187 21203 I chatty  : uid=1000(system) Binder:2187_18 expire 1 line
06-06 13:58:52.100  2187  3559 I chatty  : uid=1000(system) Binder:2187_D expire 3 lines
06-06 13:58:52.601  2187 23143 I chatty  : uid=1000(system) Binder:2187_13 expire 1 line
06-06 13:58:52.701  2187 11981 I chatty  : uid=1000(system) Binder:2187_1B expire 4 lines
06-06 13:58:52.912 23082 23082 D ActivityThread: Loading provider contacts;com.android.contacts: com.android.providers.contacts.SemcContactsProvider2
06-06 13:58:54.662  2187  2220 I chatty  : uid=1000(system) ActivityManager expire 2 lines
06-06 13:58:57.066  2187  2498 I chatty  : uid=1000(system) AlarmManager expire 34 lines
06-06 13:58:57.169  2187  3567 I chatty  : uid=1000(system) Binder:2187_F expire 3 lines
06-06 13:58:57.263  2187  3569 I chatty  : uid=1000(system) Binder:2187_10 expire 5 lines
06-06 13:58:57.354  2187  2218 I chatty  : uid=1000(system) android.bg expire 4 lines
06-06 13:58:57.387  2187  2187 I chatty  : uid=1000 system_server expire 3 lines
06-06 13:58:58.497  2187 21141 I chatty  : uid=1000(system) Binder:2187_17 expire 2 lines
06-06 13:58:58.502  2187  2220 I chatty  : uid=1000(system) ActivityManager expire 61 lines
06-06 13:58:58.503  2187 21313 I chatty  : uid=1000(system) Binder:2187_19 expire 5 lines
06-06 13:58:58.510  2187 23143 I chatty  : uid=1000(system) Binder:2187_13 expire 3 lines
06-06 13:58:58.512  2187 11981 I chatty  : uid=1000(system) Binder:2187_1B expire 5 lines
06-06 13:58:58.514  2187 21111 I chatty  : uid=1000(system) Binder:2187_14 expire 2 lines
06-06 13:58:58.519  2187  2200 I chatty  : uid=1000(system) Binder:2187_1 expire 2 lines
06-06 13:58:58.525  2187  3510 I chatty  : uid=1000(system) Binder:2187_9 expire 4 lines
06-06 13:58:58.526  2187 11980 I chatty  : uid=1000(system) Binder:2187_1A expire 2 lines
06-06 13:58:58.528  2187  3538 I chatty  : uid=1000(system) Binder:2187_C expire 3 lines
06-06 13:58:58.537  2187  2201 I chatty  : uid=1000(system) Binder:2187_2 expire 3 lines
06-06 13:58:58.541  2187 21112 I chatty  : uid=1000(system) Binder:2187_15 expire 6 lines
06-06 13:58:58.543  2187 21140 I chatty  : uid=1000(system) Binder:2187_16 expire 7 lines
06-06 13:58:58.547  2187  3535 I chatty  : uid=1000(system) Binder:2187_B expire 1 line
06-06 13:58:58.549  2187  3572 I chatty  : uid=1000(system) Binder:2187_12 expire 2 lines
06-06 13:58:58.551  2187  2656 I chatty  : uid=1000(system) Binder:2187_4 expire 1 line
06-06 13:58:58.552  2187  2541 I chatty  : uid=1000(system) Binder:2187_3 expire 5 lines
06-06 13:58:58.554  2187 21203 I chatty  : uid=1000(system) Binder:2187_18 expire 5 lines
06-06 13:58:58.559  2187 31940 I chatty  : uid=1000(system) Binder:2187_1D expire 6 lines
06-06 13:58:58.561  2187  3514 I chatty  : uid=1000(system) Binder:2187_A expire 4 lines
06-06 13:58:58.562  2187 32069 I chatty  : uid=1000(system) Binder:2187_1E expire 3 lines
06-06 13:58:58.565  2187  2657 I chatty  : uid=1000(system) Binder:2187_5 expire 3 lines
06-06 13:58:58.569  2187  2949 I chatty  : uid=1000(system) Binder:2187_6 expire 1 line
06-06 13:58:58.571  2187  3559 I chatty  : uid=1000(system) Binder:2187_D expire 4 lines
06-06 13:58:58.575  2187  3560 I chatty  : uid=1000(system) Binder:2187_E expire 2 lines
06-06 13:59:02.170  2187  3503 I chatty  : uid=1000(system) Binder:2187_8 expire 3 lines
06-06 13:59:13.081  2187  2262 I chatty  : uid=1000(system) android.fg expire 5 lines
06-06 13:59:13.132  2187  2531 I chatty  : uid=1000(system) ConnectivitySer expire 3 lines
06-06 14:02:17.092  2187  2513 I chatty  : uid=1000(system) NetworkStats expire 2 lines
06-06 14:05:21.198  2187  3571 I chatty  : uid=1000(system) Binder:2187_11 expire 3 lines
06-06 14:05:22.287  2187  2200 I chatty  : uid=1000(system) Binder:2187_1 expire 4 lines
06-06 14:05:23.120  2187  2273 I chatty  : uid=1000(system) PackageManager expire 1 line
06-06 14:05:23.122  2187  2389 I chatty  : uid=1000(system) OmsHandlerThrea expire 1 line
06-06 14:05:23.125  2187  2220 I chatty  : uid=1000(system) ActivityManager expire 14 lines
06-06 14:06:24.069  2187  2498 I chatty  : uid=1000(system) AlarmManager expire 10 lines
06-06 14:06:24.156  2187 31939 I chatty  : uid=1000(system) Binder:2187_1C expire 4 lines
06-06 14:06:24.313  2187 21141 I chatty  : uid=1000(system) Binder:2187_17 expire 2 lines
06-06 14:06:56.030  2187  2218 I chatty  : uid=1000(system) android.bg expire 3 lines
06-06 14:07:35.064  2187  2656 I chatty  : uid=1000(system) Binder:2187_4 expire 3 lines
06-06 14:07:35.084  2187  2262 I chatty  : uid=1000(system) android.fg expire 7 lines
06-06 14:07:35.086  2187  2949 I chatty  : uid=1000(system) Binder:2187_6 expire 2 lines
06-06 14:07:35.138  2187 11980 I chatty  : uid=1000(system) Binder:2187_1A expire 4 lines
06-06 14:07:36.165  2187  3500 I chatty  : uid=1000(system) Binder:2187_7 expire 5 lines
06-06 14:07:36.007  2187 23143 I chatty  : uid=1000(system) Binder:2187_13 expire 2 lines
06-06 14:07:36.654  2187 32069 I chatty  : uid=1000(system) Binder:2187_1E expire 4 lines
06-06 14:07:36.724  2187  2531 I chatty  : uid=1000(system) ConnectivitySer expire 6 lines
06-06 14:07:53.077  2187 31940 I chatty  : uid=1000(system) Binder:2187_1D expire 5 lines
06-06 14:07:53.095  2187  2201 I chatty  : uid=1000(system) Binder:2187_2 expire 2 lines
06-06 14:07:53.111  2187  2657 I chatty  : uid=1000(system) Binder:2187_5 expire 2 lines
06-06 14:08:01.109  2187  3538 I chatty  : uid=1000(system) Binder:2187_C expire 5 lines
06-06 14:08:01.192  2187  3510 I chatty  : uid=1000(system) Binder:2187_9 expire 7 lines
06-06 14:08:23.235  2187  2501 I chatty  : uid=1000(system) InputReader expire 1 line
06-06 14:08:23.238  2187  2187 I chatty  : uid=1000 system_server expire 3 lines
06-06 14:08:23.246  2187  2267 I chatty  : uid=1000(system) PowerManagerSer expire 3 lines
06-06 14:08:23.262  2187  2264 I chatty  : uid=1000(system) android.display expire 3 lines
06-06 14:08:23.483  2187 21203 I chatty  : uid=1000(system) Binder:2187_18 expire 2 lines
06-06 14:08:24.662  2622  2622 V KeyguardDisplayManager: hide
06-06 14:08:24.669  2187 21111 I chatty  : uid=1000(system) Binder:2187_14 expire 4 lines
06-06 14:08:24.674  2187  2220 I chatty  : uid=1000(system) ActivityManager expire 27 lines
06-06 14:08:24.733  2187  3560 I chatty  : uid=1000(system) Binder:2187_E expire 2 lines
06-06 14:08:24.736  2187  3572 I chatty  : uid=1000(system) Binder:2187_12 expire 1 line
06-06 14:08:24.835  2187  3514 I chatty  : uid=1000(system) Binder:2187_A expire 5 lines
06-06 14:08:24.907  2187 11981 I chatty  : uid=1000(system) Binder:2187_1B expire 6 lines
06-06 14:08:25.221  2187  3569 I chatty  : uid=1000(system) Binder:2187_10 expire 1 line
06-06 14:08:25.329  2187  2541 I chatty  : uid=1000(system) Binder:2187_3 expire 4 lines
06-06 14:08:25.701  2187  3567 I chatty  : uid=1000(system) Binder:2187_F expire 3 lines
06-06 14:08:26.234  2187  3535 I chatty  : uid=1000(system) Binder:2187_B expire 2 lines
06-06 14:08:26.236  2187 21112 I chatty  : uid=1000(system) Binder:2187_15 expire 3 lines
06-06 14:08:33.183  2187  3559 I chatty  : uid=1000(system) Binder:2187_D expire 3 lines
06-06 14:08:33.817  2187 21313 I chatty  : uid=1000(system) Binder:2187_19 expire 2 lines
06-06 14:08:40.835  3606 23956 E ActivityThread: Failed to find provider info for com.facebook.katana.provider.AttributionIdProvider
06-06 14:08:46.640  2187  2220 I chatty  : uid=1000(system) ActivityManager expire 23 lines
06-06 14:09:00.001  2187  2498 I chatty  : uid=1000(system) AlarmManager expire 4 lines
06-06 14:09:29.090  2187  3503 I chatty  : uid=1000(system) Binder:2187_8 expire 4 lines
06-06 14:09:29.673  2187  3514 I chatty  : uid=1000(system) Binder:2187_A expire 3 lines
06-06 14:09:29.674  2187  2220 I chatty  : uid=1000(system) ActivityManager expire 44 lines
06-06 14:09:29.679  2187  3569 I chatty  : uid=1000(system) Binder:2187_10 expire 1 line
06-06 14:09:29.020  2187  2498 I chatty  : uid=1000(system) AlarmManager expire 9 lines
06-06 14:09:29.044  2187 21203 I chatty  : uid=1000(system) Binder:2187_18 expire 4 lines
06-06 14:09:29.049  2187  2200 I chatty  : uid=1000(system) Binder:2187_1 expire 5 lines
06-06 14:09:29.050  2187  2187 I chatty  : uid=1000 system_server expire 11 lines
06-06 14:09:29.055  2187  2218 I chatty  : uid=1000(system) android.bg expire 6 lines
06-06 14:09:29.084  2187 21141 I chatty  : uid=1000(system) Binder:2187_17 expire 6 lines
06-06 14:09:29.096  2187 21140 I chatty  : uid=1000(system) Binder:2187_16 expire 5 lines
06-06 14:09:29.116  2187  2531 I chatty  : uid=1000(system) ConnectivitySer expire 1 line
06-06 14:09:29.160  2187  3535 I chatty  : uid=1000(system) Binder:2187_B expire 6 lines
06-06 14:09:29.389  2187  3572 I chatty  : uid=1000(system) Binder:2187_12 expire 6 lines
06-06 14:09:29.544  2187 31940 I chatty  : uid=1000(system) Binder:2187_1D expire 7 lines
06-06 14:09:29.738  2187 31939 I chatty  : uid=1000(system) Binder:2187_1C expire 2 lines
06-06 14:09:30.022  2187  2263 I chatty  : uid=1000(system) android.io expire 2 lines
06-06 14:09:31.345  2187 21112 I chatty  : uid=1000(system) Binder:2187_15 expire 6 lines
06-06 14:09:31.379  2187 21313 I chatty  : uid=1000(system) Binder:2187_19 expire 5 lines
06-06 14:09:31.416  2187  3538 I chatty  : uid=1000(system) Binder:2187_C expire 7 lines
06-06 14:09:31.458  2187 11981 I chatty  : uid=1000(system) Binder:2187_1B expire 3 lines
06-06 14:09:31.475  2187  3567 I chatty  : uid=1000(system) Binder:2187_F expire 4 lines
06-06 14:09:31.502  2187  3500 I chatty  : uid=1000(system) Binder:2187_7 expire 8 lines
06-06 14:09:31.531  2187  2656 I chatty  : uid=1000(system) Binder:2187_4 expire 9 lines
06-06 14:09:31.639  2187  3510 I chatty  : uid=1000(system) Binder:2187_9 expire 5 lines
06-06 14:09:31.729  2187 23143 I chatty  : uid=1000(system) Binder:2187_13 expire 6 lines
06-06 14:09:31.816  2187  2657 I chatty  : uid=1000(system) Binder:2187_5 expire 3 lines
06-06 14:09:31.905  2187  2541 I chatty  : uid=1000(system) Binder:2187_3 expire 6 lines
06-06 14:09:34.158  2187  3559 I chatty  : uid=1000(system) Binder:2187_D expire 1 line
06-06 14:09:34.397  2187  3571 I chatty  : uid=1000(system) Binder:2187_11 expire 1 line
06-06 14:09:34.754  2187  2224 I chatty  : uid=1000(system) batterystats-sy expire 2 lines
06-06 14:09:34.861  2187 11980 I chatty  : uid=1000(system) Binder:2187_1A expire 2 lines
06-06 14:09:35.002  2187  3560 I chatty  : uid=1000(system) Binder:2187_E expire 2 lines
06-06 14:09:37.466  2187 32069 I chatty  : uid=1000(system) Binder:2187_1E expire 2 lines
06-06 14:09:43.037  2187  2513 I chatty  : uid=1000(system) NetworkStats expire 1 line
06-06 14:09:53.994  2187  2500 I chatty  : uid=1000(system) InputDispatcher expire 2 lines
06-06 14:09:55.278  2187  2201 I chatty  : uid=1000(system) Binder:2187_2 expire 2 lines
06-06 14:10:01.155  2187  2264 I chatty  : uid=1000(system) android.display expire 4 lines
06-06 14:10:03.337  2187  3559 I chatty  : uid=1000(system) Binder:2187_D expire 3 lines
06-06 14:10:03.338  2187  2220 I chatty  : uid=1000(system) ActivityManager expire 26 lines
06-06 14:10:03.409  2187 21112 I chatty  : uid=1000(system) Binder:2187_15 expire 5 lines
06-06 14:10:03.870  2187 32069 I chatty  : uid=1000(system) Binder:2187_1E expire 4 lines
06-06 14:10:06.784  2187 21313 I chatty  : uid=1000(system) Binder:2187_19 expire 5 lines
06-06 14:10:07.321  2187  2498 I chatty  : uid=1000(system) AlarmManager expire 16 lines
06-06 14:10:11.923  2187  2949 I chatty  : uid=1000(system) Binder:2187_6 expire 7 lines
06-06 14:10:12.435  2187 21140 I chatty  : uid=1000(system) Binder:2187_16 expire 10 lines
06-06 14:10:12.483  2187 11980 I chatty  : uid=1000(system) Binder:2187_1A expire 6 lines
06-06 14:10:12.773  2187  3567 I chatty  : uid=1000(system) Binder:2187_F expire 1 line
06-06 14:10:13.255  2187  3503 I chatty  : uid=1000(system) Binder:2187_8 expire 2 lines
06-06 14:10:13.260  2187  3514 I chatty  : uid=1000(system) Binder:2187_A expire 6 lines
06-06 14:10:13.271  2187  2656 I chatty  : uid=1000(system) Binder:2187_4 expire 4 lines
06-06 14:10:14.795  2187  3538 I chatty  : uid=1000(system) Binder:2187_C expire 6 lines
06-06 14:10:15.233  2187  2657 I chatty  : uid=1000(system) Binder:2187_5 expire 4 lines
06-06 14:10:15.241  2187  3535 I chatty  : uid=1000(system) Binder:2187_B expire 3 lines
06-06 14:10:15.312  2187  2531 I chatty  : uid=1000(system) ConnectivitySer expire 4 lines
06-06 14:10:15.861  2187 11981 I chatty  : uid=1000(system) Binder:2187_1B expire 4 lines
06-06 14:10:17.814  2187 21203 I chatty  : uid=1000(system) Binder:2187_18 expire 2 lines
06-06 14:10:17.869  2187  3569 I chatty  : uid=1000(system) Binder:2187_10 expire 2 lines
06-06 14:10:17.888  2187  3510 I chatty  : uid=1000(system) Binder:2187_9 expire 8 lines
06-06 14:10:21.922  2187  2500 I chatty  : uid=1000(system) InputDispatcher expire 6 lines
06-06 14:10:23.415  2187 21141 I chatty  : uid=1000(system) Binder:2187_17 expire 2 lines
06-06 14:10:24.005  2187 31939 I chatty  : uid=1000(system) Binder:2187_1C expire 2 lines
06-06 14:10:24.789  2187  3572 I chatty  : uid=1000(system) Binder:2187_12 expire 2 lines
06-06 14:10:24.950  2187  3500 I chatty  : uid=1000(system) Binder:2187_7 expire 5 lines
06-06 14:10:25.046  2187  2263 I chatty  : uid=1000(system) android.io expire 2 lines
06-06 14:10:25.048  2187 23143 I chatty  : uid=1000(system) Binder:2187_13 expire 4 lines
06-06 14:10:25.131  2187  2541 I chatty  : uid=1000(system) Binder:2187_3 expire 2 lines
06-06 14:10:25.151  2187  3560 I chatty  : uid=1000(system) Binder:2187_E expire 2 lines
06-06 14:10:25.552  2187  2201 I chatty  : uid=1000(system) Binder:2187_2 expire 3 lines
06-06 14:10:26.142 25073 25073 D ActivityThread: Loading provider contacts;com.android.contacts: com.android.providers.contacts.SemcContactsProvider2
06-06 14:10:26.143  2187  2220 I chatty  : uid=1000(system) ActivityManager expire 30 lines
06-06 14:10:26.577  2187  3571 I chatty  : uid=1000(system) Binder:2187_11 expire 1 line
06-06 14:10:26.599  2187 21111 I chatty  : uid=1000(system) Binder:2187_14 expire 5 lines
06-06 14:10:56.839  2187  2262 I chatty  : uid=1000(system) android.fg expire 2 lines
06-06 14:10:59.444  2187  2200 I chatty  : uid=1000(system) Binder:2187_1 expire 5 lines
06-06 14:11:13.721  2187  2220 I chatty  : uid=1000(system) ActivityManager expire 83 lines
06-06 14:11:13.721  2187 31940 I chatty  : uid=1000(system) Binder:2187_1D expire 3 lines
06-06 14:11:13.746  2187  3538 I chatty  : uid=1000(system) Binder:2187_C expire 5 lines
06-06 14:11:13.748  2187  3503 I chatty  : uid=1000(system) Binder:2187_8 expire 1 line
06-06 14:11:13.764  2187 31939 I chatty  : uid=1000(system) Binder:2187_1C expire 3 lines
06-06 14:11:13.812  2187  2657 I chatty  : uid=1000(system) Binder:2187_5 expire 4 lines
06-06 14:11:13.814  2187 21111 I chatty  : uid=1000(system) Binder:2187_14 expire 3 lines
06-06 14:11:13.938  2187 11980 I chatty  : uid=1000(system) Binder:2187_1A expire 8 lines
06-06 14:11:14.029  2187  3567 I chatty  : uid=1000(system) Binder:2187_F expire 4 lines
06-06 14:11:18.001  2187  2498 I chatty  : uid=1000(system) AlarmManager expire 6 lines
06-06 14:11:18.031  2187 23143 I chatty  : uid=1000(system) Binder:2187_13 expire 1 line
06-06 14:11:18.067  2187 21313 I chatty  : uid=1000(system) Binder:2187_19 expire 4 lines
06-06 14:11:28.711  2187 21140 I chatty  : uid=1000(system) Binder:2187_16 expire 4 lines
06-06 14:11:28.726  2187 32069 I chatty  : uid=1000(system) Binder:2187_1E expire 4 lines
06-06 14:11:28.737  2187 21141 I chatty  : uid=1000(system) Binder:2187_17 expire 6 lines
06-06 14:11:28.781  2187  3500 I chatty  : uid=1000(system) Binder:2187_7 expire 3 lines
06-06 14:11:28.815  2187  2531 I chatty  : uid=1000(system) ConnectivitySer expire 4 lines
06-06 14:11:42.794  2187  2262 I chatty  : uid=1000(system) android.fg expire 3 lines
06-06 14:11:42.797  2187  3514 I chatty  : uid=1000(system) Binder:2187_A expire 4 lines
06-06 14:11:52.051  2187 11981 I chatty  : uid=1000(system) Binder:2187_1B expire 3 lines
06-06 14:11:52.072  2187  3510 I chatty  : uid=1000(system) Binder:2187_9 expire 2 lines
06-06 14:11:52.075  2187 21112 I chatty  : uid=1000(system) Binder:2187_15 expire 6 lines
06-06 14:11:52.124  2187  3560 I chatty  : uid=1000(system) Binder:2187_E expire 5 lines
06-06 14:12:02.758  2187  3535 I chatty  : uid=1000(system) Binder:2187_B expire 2 lines
06-06 14:12:03.015  2187  3571 I chatty  : uid=1000(system) Binder:2187_11 expire 5 lines
06-06 14:12:03.056  2187  2656 I chatty  : uid=1000(system) Binder:2187_4 expire 2 lines
06-06 14:12:03.096  2187 21203 I chatty  : uid=1000(system) Binder:2187_18 expire 3 lines
06-06 14:12:03.130  2187  2949 I chatty  : uid=1000(system) Binder:2187_6 expire 2 lines
06-06 14:12:10.546  2187  2201 I chatty  : uid=1000(system) Binder:2187_2 expire 4 lines
06-06 14:12:10.714  2187  3559 I chatty  : uid=1000(system) Binder:2187_D expire 1 line
06-06 14:12:10.837  2187  3569 I chatty  : uid=1000(system) Binder:2187_10 expire 5 lines
06-06 14:12:10.871  2187  2541 I chatty  : uid=1000(system) Binder:2187_3 expire 4 lines
06-06 14:12:32.150  2187  2187 I chatty  : uid=1000 system_server expire 1 line
06-06 14:12:32.172  2187  2224 I chatty  : uid=1000(system) batterystats-sy expire 3 lines
06-06 14:12:32.806  2187  2264 I chatty  : uid=1000(system) android.display expire 2 lines
06-06 14:12:51.122  2187  2201 I chatty  : uid=1000(system) Binder:2187_2 expire 3 lines
06-06 14:12:51.122  2187  2220 I chatty  : uid=1000(system) ActivityManager expire 55 lines
06-06 14:12:51.138  2187 31939 I chatty  : uid=1000(system) Binder:2187_1C expire 12 lines
06-06 14:12:51.154  2187  2531 I chatty  : uid=1000(system) ConnectivitySer expire 4 lines
06-06 14:12:54.079  2187  2262 I chatty  : uid=1000(system) android.fg expire 1 line
06-06 14:12:54.083  2187  2656 I chatty  : uid=1000(system) Binder:2187_4 expire 2 lines
06-06 14:12:54.992  2187  2949 I chatty  : uid=1000(system) Binder:2187_6 expire 3 lines
06-06 14:12:55.027  2187  3535 I chatty  : uid=1000(system) Binder:2187_B expire 9 lines
06-06 14:12:56.013  2187  2498 I chatty  : uid=1000(system) AlarmManager expire 7 lines
06-06 14:12:56.016  2187  2187 I chatty  : uid=1000 system_server expire 10 lines
06-06 14:12:56.067  2187  2537 I chatty  : uid=1000(system) onProviders.ECP expire 1 line
06-06 14:12:56.401  2187 21203 I chatty  : uid=1000(system) Binder:2187_18 expire 7 lines
06-06 14:12:56.642  2187  2541 I chatty  : uid=1000(system) Binder:2187_3 expire 7 lines
06-06 14:12:56.654  2187  3559 I chatty  : uid=1000(system) Binder:2187_D expire 3 lines
06-06 14:12:56.695  2187 21140 I chatty  : uid=1000(system) Binder:2187_16 expire 4 lines
06-06 14:12:56.708  2187  3572 I chatty  : uid=1000(system) Binder:2187_12 expire 5 lines
06-06 14:12:57.155  2187  2263 I chatty  : uid=1000(system) android.io expire 4 lines
06-06 14:12:58.153  2187 21111 I chatty  : uid=1000(system) Binder:2187_14 expire 4 lines
06-06 14:12:58.253  2187 11981 I chatty  : uid=1000(system) Binder:2187_1B expire 5 lines
06-06 14:12:58.364  2187  3569 I chatty  : uid=1000(system) Binder:2187_10 expire 4 lines
06-06 14:12:59.277  2187 32069 I chatty  : uid=1000(system) Binder:2187_1E expire 9 lines
06-06 14:13:00.049  2187  2200 I chatty  : uid=1000(system) Binder:2187_1 expire 6 lines
06-06 14:13:00.171  2187 31940 I chatty  : uid=1000(system) Binder:2187_1D expire 4 lines
06-06 14:13:00.420  2187  3571 I chatty  : uid=1000(system) Binder:2187_11 expire 3 lines
06-06 14:13:00.421  2187 23143 I chatty  : uid=1000(system) Binder:2187_13 expire 2 lines
06-06 14:13:00.497  2187  3500 I chatty  : uid=1000(system) Binder:2187_7 expire 3 lines
06-06 14:13:00.696  2187  3567 I chatty  : uid=1000(system) Binder:2187_F expire 5 lines
06-06 14:13:00.802  2187 21141 I chatty  : uid=1000(system) Binder:2187_17 expire 8 lines
06-06 14:13:02.112  2187  3560 I chatty  : uid=1000(system) Binder:2187_E expire 1 line
06-06 14:13:02.165  2187  3510 I chatty  : uid=1000(system) Binder:2187_9 expire 4 lines
06-06 14:13:02.966  2187  3503 I chatty  : uid=1000(system) Binder:2187_8 expire 2 lines
06-06 14:13:20.161  2187  3514 I chatty  : uid=1000(system) Binder:2187_A expire 2 lines
06-06 14:13:20.332  2187  3538 I chatty  : uid=1000(system) Binder:2187_C expire 3 lines
06-06 14:13:20.414  2187  2218 I chatty  : uid=1000(system) android.bg expire 1 line
06-06 14:13:41.378  2187  2220 I chatty  : uid=1000(system) ActivityManager expire 44 lines
06-06 14:13:41.523  2187  3571 I chatty  : uid=1000(system) Binder:2187_11 expire 5 lines
06-06 14:13:41.596  2187 21203 I chatty  : uid=1000(system) Binder:2187_18 expire 3 lines
06-06 14:13:41.892  2187 21112 I chatty  : uid=1000(system) Binder:2187_15 expire 3 lines
06-06 14:13:42.393  2187  3569 I chatty  : uid=1000(system) Binder:2187_10 expire 4 lines
06-06 14:13:42.399  2187  2200 I chatty  : uid=1000(system) Binder:2187_1 expire 7 lines
06-06 14:13:42.405  2187  2541 I chatty  : uid=1000(system) Binder:2187_3 expire 2 lines
06-06 14:13:42.410  2187  3559 I chatty  : uid=1000(system) Binder:2187_D expire 8 lines
06-06 14:13:42.640  2187 21141 I chatty  : uid=1000(system) Binder:2187_17 expire 4 lines
06-06 14:13:43.406  2187  3560 I chatty  : uid=1000(system) Binder:2187_E expire 5 lines
06-06 14:13:43.412  2187 23143 I chatty  : uid=1000(system) Binder:2187_13 expire 2 lines
06-06 14:13:43.483  2187  3538 I chatty  : uid=1000(system) Binder:2187_C expire 8 lines
06-06 14:13:43.520  2187  3500 I chatty  : uid=1000(system) Binder:2187_7 expire 3 lines
06-06 14:13:43.691  2187 21140 I chatty  : uid=1000(system) Binder:2187_16 expire 5 lines
06-06 14:13:46.917  2187 11981 I chatty  : uid=1000(system) Binder:2187_1B expire 2 lines
06-06 14:13:56.373  2187  2531 I chatty  : uid=1000(system) ConnectivitySer expire 4 lines
06-06 14:13:57.043  2187 31940 I chatty  : uid=1000(system) Binder:2187_1D expire 6 lines
06-06 14:13:57.046  2187  3572 I chatty  : uid=1000(system) Binder:2187_12 expire 2 lines
06-06 14:13:57.113  2187  3510 I chatty  : uid=1000(system) Binder:2187_9 expire 3 lines
06-06 14:13:57.149  2187  2201 I chatty  : uid=1000(system) Binder:2187_2 expire 2 lines
06-06 14:13:57.381  2187  2657 I chatty  : uid=1000(system) Binder:2187_5 expire 4 lines
06-06 14:13:58.693  2187  3514 I chatty  : uid=1000(system) Binder:2187_A expire 1 line
06-06 14:13:58.696  2187  2949 I chatty  : uid=1000(system) Binder:2187_6 expire 3 lines
06-06 14:14:00.004  2187  2498 I chatty  : uid=1000(system) AlarmManager expire 7 lines
06-06 14:14:00.334  2187  3535 I chatty  : uid=1000(system) Binder:2187_B expire 5 lines
06-06 14:14:00.391  2187 31939 I chatty  : uid=1000(system) Binder:2187_1C expire 1 line
06-06 14:14:00.638  2187 21111 I chatty  : uid=1000(system) Binder:2187_14 expire 2 lines
06-06 14:14:06.938  2187  2501 I chatty  : uid=1000(system) InputReader expire 1 line
06-06 14:14:06.975  2187  2187 I chatty  : uid=1000 system_server expire 14 lines
06-06 14:14:07.446  2187  2267 I chatty  : uid=1000(system) PowerManagerSer expire 2 lines
06-06 14:14:07.865  2622  2622 V KeyguardStatusView: refresh statusview showing:true
06-06 14:14:07.877  2622  2622 V KeyguardDisplayManager: show
06-06 14:14:08.469  2187  2264 I chatty  : uid=1000(system) android.display expire 2 lines
06-06 14:14:15.018  2187  3567 I chatty  : uid=1000(system) Binder:2187_F expire 4 lines
06-06 14:14:15.023  2187  2220 I chatty  : uid=1000(system) ActivityManager expire 23 lines
06-06 14:14:16.768  2187 21313 I chatty  : uid=1000(system) Binder:2187_19 expire 4 lines
06-06 14:14:23.061  2187  2537 I chatty  : uid=1000(system) onProviders.ECP expire 1 line
06-06 14:14:23.650  2187 11980 I chatty  : uid=1000(system) Binder:2187_1A expire 2 lines
06-06 14:14:24.469  2187  2263 I chatty  : uid=1000(system) android.io expire 4 lines
06-06 14:14:25.447 26750 26750 D ActivityThread: Loading provider contacts;com.android.contacts: com.android.providers.contacts.SemcContactsProvider2
06-06 14:14:27.212  2187 31940 I chatty  : uid=1000(system) Binder:2187_1D expire 3 lines
06-06 14:14:27.229  2187  2201 I chatty  : uid=1000(system) Binder:2187_2 expire 5 lines
06-06 14:14:27.263  2187  3572 I chatty  : uid=1000(system) Binder:2187_12 expire 8 lines
06-06 14:14:27.299  2187  3510 I chatty  : uid=1000(system) Binder:2187_9 expire 6 lines
06-06 14:14:27.467  2187  2220 I chatty  : uid=1000(system) ActivityManager expire 10 lines
06-06 14:14:27.467  2187  3560 I chatty  : uid=1000(system) Binder:2187_E expire 5 lines
06-06 14:14:27.470  2187 21111 I chatty  : uid=1000(system) Binder:2187_14 expire 5 lines
06-06 14:14:27.478  2187  2541 I chatty  : uid=1000(system) Binder:2187_3 expire 10 lines
06-06 14:14:27.499  2187 11981 I chatty  : uid=1000(system) Binder:2187_1B expire 3 lines
06-06 14:14:27.594  2187 21141 I chatty  : uid=1000(system) Binder:2187_17 expire 8 lines
06-06 14:14:27.776  2187  3559 I chatty  : uid=1000(system) Binder:2187_D expire 4 lines
06-06 14:14:27.826  2187 11980 I chatty  : uid=1000(system) Binder:2187_1A expire 3 lines
06-06 14:14:27.900  2187  2656 I chatty  : uid=1000(system) Binder:2187_4 expire 2 lines
06-06 14:14:27.928  2187 23143 I chatty  : uid=1000(system) Binder:2187_13 expire 4 lines
06-06 14:14:28.029  2187  3535 I chatty  : uid=1000(system) Binder:2187_B expire 2 lines
06-06 14:14:28.057  2187  2498 I chatty  : uid=1000(system) AlarmManager expire 6 lines
06-06 14:14:28.303  2187 21112 I chatty  : uid=1000(system) Binder:2187_15 expire 4 lines
06-06 14:14:28.758  2187  3569 I chatty  : uid=1000(system) Binder:2187_10 expire 4 lines
06-06 14:14:29.228  2187  3567 I chatty  : uid=1000(system) Binder:2187_F expire 6 lines
06-06 14:14:29.409  2187 21140 I chatty  : uid=1000(system) Binder:2187_16 expire 3 lines
06-06 14:14:46.310  2187  2531 I chatty  : uid=1000(system) ConnectivitySer expire 4 lines
06-06 14:14:46.323  2187  3571 I chatty  : uid=1000(system) Binder:2187_11 expire 5 lines
06-06 14:14:46.347  2187  3500 I chatty  : uid=1000(system) Binder:2187_7 expire 2 lines
06-06 14:15:00.385  2187  2501 I chatty  : uid=1000(system) InputReader expire 1 line
06-06 14:15:00.398  2187  2267 I chatty  : uid=1000(system) PowerManagerSer expire 3 lines
06-06 14:15:00.414  2187  2262 I chatty  : uid=1000(system) android.fg expire 2 lines
06-06 14:15:00.421  2187  2187 I chatty  : uid=1000 system_server expire 3 lines
06-06 14:15:00.422  2187  2264 I chatty  : uid=1000(system) android.display expire 2 lines
06-06 14:15:00.440  2187  3514 I chatty  : uid=1000(system) Binder:2187_A expire 5 lines
06-06 14:15:00.704  2187  2657 I chatty  : uid=1000(system) Binder:2187_5 expire 4 lines
06-06 14:15:02.072  2622  2622 V KeyguardDisplayManager: hide
06-06 14:15:02.091  2187  2220 I chatty  : uid=1000(system) ActivityManager expire 38 lines
06-06 14:15:02.173  2187 21203 I chatty  : uid=1000(system) Binder:2187_18 expire 3 lines
06-06 14:15:02.301  2187  2949 I chatty  : uid=1000(system) Binder:2187_6 expire 4 lines
06-06 14:15:02.708  2187  3538 I chatty  : uid=1000(system) Binder:2187_C expire 3 lines
06-06 14:15:13.852  2187 21313 I chatty  : uid=1000(system) Binder:2187_19 expire 1 line
06-06 14:15:16.806  2187  3503 I chatty  : uid=1000(system) Binder:2187_8 expire 3 lines
06-06 14:15:26.263  2187 32069 I chatty  : uid=1000(system) Binder:2187_1E expire 5 lines
06-06 14:15:26.264  2187 31939 I chatty  : uid=1000(system) Binder:2187_1C expire 1 line
06-06 14:15:32.459  2622  2622 V DeadZone: consuming errant click: (403.0,6.0)
06-06 14:15:32.720  2187  2220 I chatty  : uid=1000(system) ActivityManager expire 54 lines
06-06 14:15:36.724  2187 21141 I chatty  : uid=1000(system) Binder:2187_17 expire 3 lines
06-06 14:15:37.342  2187  2187 I chatty  : uid=1000 system_server expire 1 line
06-06 14:15:37.350  2187  2224 I chatty  : uid=1000(system) batterystats-sy expire 3 lines
06-06 14:15:41.892  2187 23143 I chatty  : uid=1000(system) Binder:2187_13 expire 2 lines
06-06 14:15:41.896  2187  3538 I chatty  : uid=1000(system) Binder:2187_C expire 3 lines
06-06 14:15:41.945  2187  3500 I chatty  : uid=1000(system) Binder:2187_7 expire 8 lines
06-06 14:15:42.475  2187 21111 I chatty  : uid=1000(system) Binder:2187_14 expire 6 lines
06-06 14:15:44.357  2187  2264 I chatty  : uid=1000(system) android.display expire 2 lines
06-06 14:15:46.420  2187  3571 I chatty  : uid=1000(system) Binder:2187_11 expire 3 lines
06-06 14:15:47.032  2187  2949 I chatty  : uid=1000(system) Binder:2187_6 expire 2 lines
06-06 14:15:47.333  2187  2541 I chatty  : uid=1000(system) Binder:2187_3 expire 7 lines
06-06 14:15:47.759  2187  3503 I chatty  : uid=1000(system) Binder:2187_8 expire 3 lines
06-06 14:15:47.765  2187 32069 I chatty  : uid=1000(system) Binder:2187_1E expire 4 lines
06-06 14:15:48.040  2187  3535 I chatty  : uid=1000(system) Binder:2187_B expire 3 lines
06-06 14:15:48.042  2187 11980 I chatty  : uid=1000(system) Binder:2187_1A expire 5 lines
06-06 14:15:48.051  2187  3567 I chatty  : uid=1000(system) Binder:2187_F expire 4 lines
06-06 14:15:48.072  2187  3559 I chatty  : uid=1000(system) Binder:2187_D expire 8 lines
06-06 14:15:48.076  2187 21203 I chatty  : uid=1000(system) Binder:2187_18 expire 3 lines
06-06 14:15:48.107  2187  3514 I chatty  : uid=1000(system) Binder:2187_A expire 5 lines
06-06 14:15:48.108  2187  3560 I chatty  : uid=1000(system) Binder:2187_E expire 3 lines
06-06 14:15:48.355  2187  3572 I chatty  : uid=1000(system) Binder:2187_12 expire 4 lines
06-06 14:15:48.556  2187  2657 I chatty  : uid=1000(system) Binder:2187_5 expire 4 lines
06-06 14:15:48.558  2187 31939 I chatty  : uid=1000(system) Binder:2187_1C expire 4 lines
06-06 14:15:48.632  2187  2201 I chatty  : uid=1000(system) Binder:2187_2 expire 4 lines
06-06 14:15:48.663  2187 21112 I chatty  : uid=1000(system) Binder:2187_15 expire 3 lines
06-06 14:15:52.117  2187  3510 I chatty  : uid=1000(system) Binder:2187_9 expire 3 lines
06-06 14:15:52.188  2187  2531 I chatty  : uid=1000(system) ConnectivitySer expire 4 lines
06-06 14:15:55.679  2187  2200 I chatty  : uid=1000(system) Binder:2187_1 expire 2 lines
06-06 14:15:55.737  2187 21140 I chatty  : uid=1000(system) Binder:2187_16 expire 2 lines
06-06 14:15:57.894  2187  2656 I chatty  : uid=1000(system) Binder:2187_4 expire 2 lines
06-06 14:15:57.926  2187 31940 I chatty  : uid=1000(system) Binder:2187_1D expire 2 lines
06-06 14:16:00.224  2187  2498 I chatty  : uid=1000(system) AlarmManager expire 5 lines
06-06 14:16:01.473  2187  2263 I chatty  : uid=1000(system) android.io expire 3 lines
06-06 14:16:02.019  2187  3569 I chatty  : uid=1000(system) Binder:2187_10 expire 1 line
06-06 14:16:02.176 27668 27668 D ActivityThread: Loading provider contacts;com.android.contacts: com.android.providers.contacts.SemcContactsProvider2
06-06 14:16:03.084  2187 11981 I chatty  : uid=1000(system) Binder:2187_1B expire 1 line
06-06 14:16:06.856  2187  2220 I chatty  : uid=1000(system) ActivityManager expire 80 lines
