05-12 17:50:44.073 15184 15184 D ActivityThread: Loading provider contacts;com.android.contacts: com.android.providers.contacts.SemcContactsProvider2
05-12 17:50:45.050  2185  2258 I chatty  : uid=1000(system) android.display expire 2 lines
05-12 17:50:46.447 12248 15205 E ActivityThread: Failed to find provider info for com.facebook.katana.provider.AttributionIdProvider
05-12 17:50:47.696  2185  2218 I chatty  : uid=1000(system) ActivityManager expire 8 lines
05-12 17:50:47.834  2185  2200 I chatty  : uid=1000(system) Binder:2185_2 expire 11 lines
05-12 17:50:48.736  2185  3697 I chatty  : uid=1000(system) Binder:2185_D expire 5 lines
05-12 17:50:49.760  2185  2218 I chatty  : uid=1000(system) ActivityManager expire 12 lines
05-12 17:50:50.072  2185  3707 I chatty  : uid=1000(system) Binder:2185_F expire 6 lines
05-12 17:50:50.152  2185 24173 I chatty  : uid=1000(system) Binder:2185_19 expire 11 lines
05-12 17:50:50.158  2185 25140 I chatty  : uid=1000(system) Binder:2185_1B expire 3 lines
05-12 17:50:50.358  2185  8479 I chatty  : uid=1000(system) Binder:2185_16 expire 6 lines
05-12 17:50:50.405  2185  2622 I chatty  : uid=1000(system) Binder:2185_4 expire 5 lines
05-12 17:50:50.409  2185  2890 I chatty  : uid=1000(system) Binder:2185_5 expire 3 lines
05-12 17:50:52.809  2185  2530 I chatty  : uid=1000(system) WifiStateMachin expire 1 line
05-12 17:50:53.642  2185  4613 I chatty  : uid=1000(system) Binder:2185_1D expire 9 lines
05-12 17:50:53.714  2185 24175 I chatty  : uid=1000(system) Binder:2185_1A expire 6 lines
05-12 17:50:54.182  2185  3698 I chatty  : uid=1000(system) Binder:2185_E expire 14 lines
05-12 17:50:54.239  2185 25141 I chatty  : uid=1000(system) Binder:2185_1C expire 2 lines
05-12 17:50:54.423  2185  2258 I chatty  : uid=1000(system) android.display expire 5 lines
05-12 17:50:54.885  2185  2504 I chatty  : uid=1000(system) AlarmManager expire 6 lines
05-12 17:50:55.222  2185  3595 I chatty  : uid=1000(system) Binder:2185_8 expire 12 lines
05-12 17:50:55.237  2185 31361 I chatty  : uid=1000(system) Binder:2185_17 expire 8 lines
05-12 17:50:55.528  2185 19420 I chatty  : uid=1000(system) Binder:2185_12 expire 4 lines
05-12 17:50:55.577  2185  2199 I chatty  : uid=1000(system) Binder:2185_1 expire 6 lines
05-12 17:50:55.605  2185 11205 I chatty  : uid=1000(system) Binder:2185_1F expire 7 lines
05-12 17:51:00.624  2185  3565 I chatty  : uid=1000(system) Binder:2185_6 expire 4 lines
05-12 17:51:00.786  2185 11206 I chatty  : uid=1000(system) Binder:2185_20 expire 2 lines
05-12 17:51:00.834  2185 10699 I chatty  : uid=1000(system) Binder:2185_1E expire 6 lines
05-12 17:51:00.836  2185  2185 I chatty  : uid=1000 system_server expire 4 lines
05-12 17:51:00.846  2185  2222 I chatty  : uid=1000(system) batterystats-sy expire 3 lines
05-12 17:51:00.928 15375 15375 W ActivityThread: Application com.ibatimesheet can be debugged on port 8100...
05-12 17:51:01.432  2185 24171 I chatty  : uid=1000(system) Binder:2185_18 expire 4 lines
05-12 17:51:01.543  2185  5138 I chatty  : uid=1000(system) Binder:2185_14 expire 3 lines
05-12 17:51:01.949  2185  2217 I chatty  : uid=1000(system) android.bg expire 2 lines
05-12 17:51:02.375 15554 15554 D ActivityThread: Loading provider com.whatsapp.provider.contact: com.whatsapp.contact.ContactProvider
05-12 17:51:02.429  2185  2218 I chatty  : uid=1000(system) ActivityManager expire 14 lines
05-12 17:51:03.757  2185  3723 I chatty  : uid=1000(system) Binder:2185_10 expire 2 lines
05-12 17:51:04.369  2185  3679 I chatty  : uid=1000(system) Binder:2185_C expire 1 line
05-12 17:51:04.386  2185  3593 I chatty  : uid=1000(system) Binder:2185_7 expire 2 lines
05-12 17:51:04.520  2185  2220 I chatty  : uid=1000(system) ActivityManager expire 1 line
05-12 17:51:05.130  2185  3653 I chatty  : uid=1000(system) Binder:2185_9 expire 5 lines
05-12 17:51:05.392  2185 19421 I chatty  : uid=1000(system) Binder:2185_13 expire 2 lines
05-12 17:51:05.597  2185  3657 I chatty  : uid=1000(system) Binder:2185_A expire 1 line
05-12 17:51:06.673  2185  2547 I chatty  : uid=1000(system) Binder:2185_3 expire 1 line
05-12 17:51:06.820  2185  5139 I chatty  : uid=1000(system) Binder:2185_15 expire 1 line
05-12 17:51:07.398  3716  3818 W ContextImpl: Calling a method in the system process without a qualified user: android.app.ContextImpl.bindService:1422 android.content.ContextWrapper.bindService:636 com.google.android.gms.ads.identifier.AdvertisingIdClient.h:-1 com.google.android.gms.ads.identifier.AdvertisingIdClient.b:-1 com.google.android.gms.ads.identifier.AdvertisingIdClient.getAdvertisingIdInfo:-1 
05-12 17:51:07.688  2185  3698 I chatty  : uid=1000(system) Binder:2185_E expire 10 lines
05-12 17:51:08.103  2185  2218 I chatty  : uid=1000(system) ActivityManager expire 52 lines
05-12 17:51:08.164  2185 24175 I chatty  : uid=1000(system) Binder:2185_1A expire 4 lines
05-12 17:51:08.173  2185  2185 I chatty  : uid=1000 system_server expire 17 lines
05-12 17:51:08.178  2185  2622 I chatty  : uid=1000(system) Binder:2185_4 expire 1 line
05-12 17:51:08.309  2185  3565 I chatty  : uid=1000(system) Binder:2185_6 expire 2 lines
05-12 17:51:08.409  2185  2547 I chatty  : uid=1000(system) Binder:2185_3 expire 3 lines
05-12 17:51:08.430  2185  2537 I chatty  : uid=1000(system) ConnectivitySer expire 6 lines
05-12 17:51:08.567  2185 11205 I chatty  : uid=1000(system) Binder:2185_1F expire 3 lines
05-12 17:51:08.571  2185  3707 I chatty  : uid=1000(system) Binder:2185_F expire 10 lines
05-12 17:51:08.594  2185 10699 I chatty  : uid=1000(system) Binder:2185_1E expire 3 lines
05-12 17:51:08.632  2185  2890 I chatty  : uid=1000(system) Binder:2185_5 expire 1 line
05-12 17:51:08.646  2185  5139 I chatty  : uid=1000(system) Binder:2185_15 expire 3 lines
05-12 17:51:08.669  2185  3593 I chatty  : uid=1000(system) Binder:2185_7 expire 4 lines
05-12 17:51:08.723  2185 11206 I chatty  : uid=1000(system) Binder:2185_20 expire 3 lines
05-12 17:51:08.729  2185  3725 I chatty  : uid=1000(system) Binder:2185_11 expire 8 lines
05-12 17:51:08.824  2185 31361 I chatty  : uid=1000(system) Binder:2185_17 expire 5 lines
05-12 17:51:08.852  2185  2199 I chatty  : uid=1000(system) Binder:2185_1 expire 2 lines
05-12 17:51:09.249  2185  3657 I chatty  : uid=1000(system) Binder:2185_A expire 2 lines
05-12 17:51:09.340  2185  3678 I chatty  : uid=1000(system) Binder:2185_B expire 2 lines
05-12 17:51:09.344  2185  3653 I chatty  : uid=1000(system) Binder:2185_9 expire 3 lines
05-12 17:51:09.383  2185  3723 I chatty  : uid=1000(system) Binder:2185_10 expire 2 lines
05-12 17:51:09.421  2185 24173 I chatty  : uid=1000(system) Binder:2185_19 expire 4 lines
05-12 17:51:09.435  2185 24171 I chatty  : uid=1000(system) Binder:2185_18 expire 2 lines
05-12 17:51:09.435  2185  5138 I chatty  : uid=1000(system) Binder:2185_14 expire 2 lines
05-12 17:51:09.524  2185 25141 I chatty  : uid=1000(system) Binder:2185_1C expire 2 lines
05-12 17:51:09.863  2185  3679 I chatty  : uid=1000(system) Binder:2185_C expire 3 lines
05-12 17:51:09.879  2185  2530 I chatty  : uid=1000(system) WifiStateMachin expire 17 lines
05-12 17:51:10.105  2185  2525 I chatty  : uid=1000(system) WifiP2pService expire 6 lines
05-12 17:51:10.110  2185  2258 I chatty  : uid=1000(system) android.display expire 1 line
05-12 17:51:10.217  2185  2222 I chatty  : uid=1000(system) batterystats-sy expire 1 line
05-12 17:51:10.450  2185 19420 I chatty  : uid=1000(system) Binder:2185_12 expire 1 line
05-12 17:51:10.459  2185  3595 I chatty  : uid=1000(system) Binder:2185_8 expire 4 lines
05-12 17:51:10.481  2185 25140 I chatty  : uid=1000(system) Binder:2185_1B expire 2 lines
05-12 17:51:11.115  2185  3697 I chatty  : uid=1000(system) Binder:2185_D expire 4 lines
05-12 17:51:12.689  2185  4613 I chatty  : uid=1000(system) Binder:2185_1D expire 3 lines
05-12 17:51:14.468  2185  2200 I chatty  : uid=1000(system) Binder:2185_2 expire 1 line
05-12 17:51:14.770  2185 19421 I chatty  : uid=1000(system) Binder:2185_13 expire 3 lines
05-12 17:51:15.147  2185 10699 I chatty  : uid=1000(system) Binder:2185_1E expire 1 line
05-12 17:51:15.159  2185  3725 I chatty  : uid=1000(system) Binder:2185_11 expire 4 lines
05-12 17:51:15.169  2185  3653 I chatty  : uid=1000(system) Binder:2185_9 expire 2 lines
05-12 17:51:15.179  2185  2185 I chatty  : uid=1000 system_server expire 30 lines
05-12 17:51:15.193  2185  3723 I chatty  : uid=1000(system) Binder:2185_10 expire 4 lines
05-12 17:51:15.207  2185  3593 I chatty  : uid=1000(system) Binder:2185_7 expire 5 lines
05-12 17:51:15.474  2185  2890 I chatty  : uid=1000(system) Binder:2185_5 expire 5 lines
05-12 17:51:15.474  2185  2218 I chatty  : uid=1000(system) ActivityManager expire 41 lines
05-12 17:51:15.826  2185  2504 I chatty  : uid=1000(system) AlarmManager expire 6 lines
05-12 17:51:15.835  2185  3698 I chatty  : uid=1000(system) Binder:2185_E expire 1 line
05-12 17:51:15.850  2185  3678 I chatty  : uid=1000(system) Binder:2185_B expire 4 lines
05-12 17:51:15.874  2185  2530 I chatty  : uid=1000(system) WifiStateMachin expire 25 lines
05-12 17:51:15.887  2185  2199 I chatty  : uid=1000(system) Binder:2185_1 expire 3 lines
05-12 17:51:15.926  2185  3595 I chatty  : uid=1000(system) Binder:2185_8 expire 4 lines
05-12 17:51:15.949  2185  5138 I chatty  : uid=1000(system) Binder:2185_14 expire 2 lines
05-12 17:51:16.097  2185  2622 I chatty  : uid=1000(system) Binder:2185_4 expire 5 lines
05-12 17:51:16.126  2185  2537 I chatty  : uid=1000(system) ConnectivitySer expire 15 lines
05-12 17:51:16.770  2185  3707 I chatty  : uid=1000(system) Binder:2185_F expire 2 lines
05-12 17:51:16.985  2185  2255 I chatty  : uid=1000(system) android.fg expire 2 lines
05-12 17:51:16.987  2185  2200 I chatty  : uid=1000(system) Binder:2185_2 expire 5 lines
05-12 17:51:17.020  2185 11206 I chatty  : uid=1000(system) Binder:2185_20 expire 1 line
05-12 17:51:17.136  2185 16599 I chatty  : uid=1000(system) NetworkMonitorN expire 1 line
05-12 17:51:17.161  2185  3565 I chatty  : uid=1000(system) Binder:2185_6 expire 2 lines
05-12 17:51:17.482  2185 25141 I chatty  : uid=1000(system) Binder:2185_1C expire 1 line
05-12 17:51:18.346  2185  2547 I chatty  : uid=1000(system) Binder:2185_3 expire 1 line
05-12 17:51:23.615  2185 31361 I chatty  : uid=1000(system) Binder:2185_17 expire 1 line
05-12 17:51:23.874  2185  8479 I chatty  : uid=1000(system) Binder:2185_16 expire 2 lines
05-12 17:51:30.288  2185  3657 I chatty  : uid=1000(system) Binder:2185_A expire 4 lines
05-12 17:51:30.331  2185  4613 I chatty  : uid=1000(system) Binder:2185_1D expire 5 lines
05-12 17:51:30.661  2185  2256 I chatty  : uid=1000(system) android.io expire 2 lines
05-12 17:51:35.858  2185 24175 I chatty  : uid=1000(system) Binder:2185_1A expire 1 line
05-12 17:51:46.496  2185  3697 I chatty  : uid=1000(system) Binder:2185_D expire 4 lines
05-12 17:51:49.266  2185  3679 I chatty  : uid=1000(system) Binder:2185_C expire 2 lines
05-12 17:51:49.300  2185 24171 I chatty  : uid=1000(system) Binder:2185_18 expire 1 line
05-12 17:51:57.077  2185 24173 I chatty  : uid=1000(system) Binder:2185_19 expire 2 lines
05-12 17:52:03.948  2185  2507 I chatty  : uid=1000(system) InputReader expire 2 lines
05-12 17:52:04.672  2646  2646 V KeyguardStatusView: refresh statusview showing:true
05-12 17:52:04.719  2185  2185 I chatty  : uid=1000 system_server expire 8 lines
05-12 17:52:04.795  2646  2646 V KeyguardDisplayManager: show
05-12 17:52:05.217  2185 31361 I chatty  : uid=1000(system) Binder:2185_17 expire 4 lines
05-12 17:52:05.225  2646  2646 V KeyguardDisplayManager: hide
05-12 17:52:05.226  2185  3679 I chatty  : uid=1000(system) Binder:2185_C expire 7 lines
05-12 17:52:05.233  2185 25140 I chatty  : uid=1000(system) Binder:2185_1B expire 5 lines
05-12 17:52:05.235  2185  2218 I chatty  : uid=1000(system) ActivityManager expire 14 lines
05-12 17:52:05.245  2185  2890 I chatty  : uid=1000(system) Binder:2185_5 expire 3 lines
05-12 17:52:05.319  2185 25141 I chatty  : uid=1000(system) Binder:2185_1C expire 5 lines
05-12 17:52:05.328  2185  3657 I chatty  : uid=1000(system) Binder:2185_A expire 10 lines
05-12 17:52:05.369  2185  2258 I chatty  : uid=1000(system) android.display expire 4 lines
05-12 17:52:05.473  2185  2199 I chatty  : uid=1000(system) Binder:2185_1 expire 3 lines
05-12 17:52:05.539  2185 10699 I chatty  : uid=1000(system) Binder:2185_1E expire 2 lines
05-12 17:52:05.649  2185 24173 I chatty  : uid=1000(system) Binder:2185_19 expire 10 lines
05-12 17:52:05.667  2185  3725 I chatty  : uid=1000(system) Binder:2185_11 expire 2 lines
05-12 17:52:05.675  2185  3653 I chatty  : uid=1000(system) Binder:2185_9 expire 3 lines
05-12 17:52:05.714  2185  3565 I chatty  : uid=1000(system) Binder:2185_6 expire 11 lines
05-12 17:52:05.735  2185  3593 I chatty  : uid=1000(system) Binder:2185_7 expire 4 lines
05-12 17:52:05.789  2185  8479 I chatty  : uid=1000(system) Binder:2185_16 expire 1 line
05-12 17:52:07.292  2185 19420 I chatty  : uid=1000(system) Binder:2185_12 expire 6 lines
05-12 17:52:08.245  3716  3818 W ContextImpl: Calling a method in the system process without a qualified user: android.app.ContextImpl.bindService:1422 android.content.ContextWrapper.bindService:636 com.google.android.gms.ads.identifier.AdvertisingIdClient.h:-1 com.google.android.gms.ads.identifier.AdvertisingIdClient.b:-1 com.google.android.gms.ads.identifier.AdvertisingIdClient.getAdvertisingIdInfo:-1 
05-12 17:52:08.283  2185 24175 I chatty  : uid=1000(system) Binder:2185_1A expire 2 lines
05-12 17:52:08.941  2185  5138 I chatty  : uid=1000(system) Binder:2185_14 expire 10 lines
05-12 17:52:11.689  2185  2507 I chatty  : uid=1000(system) InputReader expire 2 lines
05-12 17:52:12.209  2185  2263 I chatty  : uid=1000(system) PowerManagerSer expire 3 lines
05-12 17:52:12.503  2646  2646 V KeyguardStatusView: refresh statusview showing:true
05-12 17:52:12.512  2646  2646 V KeyguardDisplayManager: show
05-12 17:52:12.794  2185  3595 I chatty  : uid=1000(system) Binder:2185_8 expire 4 lines
05-12 17:52:16.808  2185  2504 I chatty  : uid=1000(system) AlarmManager expire 19 lines
05-12 17:52:19.473  2185  3678 I chatty  : uid=1000(system) Binder:2185_B expire 3 lines
05-12 17:52:19.662 17263 17263 D ActivityThread: Loading provider contacts;com.android.contacts: com.android.providers.contacts.SemcContactsProvider2
05-12 17:52:24.878  2185 11205 I chatty  : uid=1000(system) Binder:2185_1F expire 1 line
05-12 17:52:24.895  2185 24171 I chatty  : uid=1000(system) Binder:2185_18 expire 3 lines
05-12 17:52:24.926  2185  5139 I chatty  : uid=1000(system) Binder:2185_15 expire 5 lines
05-12 17:52:24.973  2185  2547 I chatty  : uid=1000(system) Binder:2185_3 expire 4 lines
05-12 17:52:37.430  2185 19421 I chatty  : uid=1000(system) Binder:2185_13 expire 4 lines
05-12 17:52:55.714  2185  4613 I chatty  : uid=1000(system) Binder:2185_1D expire 4 lines
05-12 17:52:57.218  2185  2622 I chatty  : uid=1000(system) Binder:2185_4 expire 2 lines
05-12 17:52:57.306  2185  2200 I chatty  : uid=1000(system) Binder:2185_2 expire 10 lines
05-12 17:54:00.062  2185 11206 I chatty  : uid=1000(system) Binder:2185_20 expire 2 lines
05-12 17:54:25.660  2185  2519 I chatty  : uid=1000(system) NetworkStats expire 1 line
05-12 17:55:04.409 17470 17470 D ActivityThread: Loading provider com.whatsapp.provider.contact: com.whatsapp.contact.ContactProvider
05-12 17:55:04.479  2185  2218 I chatty  : uid=1000(system) ActivityManager expire 5 lines
05-12 17:55:05.057  2185  3698 I chatty  : uid=1000(system) Binder:2185_E expire 1 line
05-12 17:55:55.853  2185  2504 I chatty  : uid=1000(system) AlarmManager expire 7 lines
05-12 17:56:04.336  2185  3707 I chatty  : uid=1000(system) Binder:2185_F expire 1 line
05-12 17:56:41.394  2185  2217 I chatty  : uid=1000(system) android.bg expire 1 line
05-12 17:56:55.326  2185  3723 I chatty  : uid=1000(system) Binder:2185_10 expire 5 lines
05-12 17:56:55.346  2185 24171 I chatty  : uid=1000(system) Binder:2185_18 expire 6 lines
05-12 17:56:55.819  2185  2890 I chatty  : uid=1000(system) Binder:2185_5 expire 2 lines
05-12 17:56:55.838  2185 24173 I chatty  : uid=1000(system) Binder:2185_19 expire 3 lines
05-12 17:56:56.282  2185  3565 I chatty  : uid=1000(system) Binder:2185_6 expire 3 lines
05-12 17:56:56.968  2185  2185 I chatty  : uid=1000 system_server expire 12 lines
05-12 17:56:57.232  2646  2646 V KeyguardDisplayManager: hide
05-12 17:56:57.232  2185 11206 I chatty  : uid=1000(system) Binder:2185_20 expire 1 line
05-12 17:56:57.238  2185  2200 I chatty  : uid=1000(system) Binder:2185_2 expire 3 lines
05-12 17:56:57.243  2185  5138 I chatty  : uid=1000(system) Binder:2185_14 expire 4 lines
05-12 17:56:57.245  2185  2218 I chatty  : uid=1000(system) ActivityManager expire 20 lines
05-12 17:56:57.280  2185 25141 I chatty  : uid=1000(system) Binder:2185_1C expire 5 lines
05-12 17:56:57.300  2185  3595 I chatty  : uid=1000(system) Binder:2185_8 expire 5 lines
05-12 17:56:57.333  2185 19421 I chatty  : uid=1000(system) Binder:2185_13 expire 5 lines
05-12 17:57:00.001  2185  2504 I chatty  : uid=1000(system) AlarmManager expire 51 lines
05-12 17:57:00.080  2185  3657 I chatty  : uid=1000(system) Binder:2185_A expire 2 lines
05-12 17:57:00.449  2185  2622 I chatty  : uid=1000(system) Binder:2185_4 expire 5 lines
05-12 17:57:02.596  2185  2507 I chatty  : uid=1000(system) InputReader expire 1 line
05-12 17:57:03.105  2185  2263 I chatty  : uid=1000(system) PowerManagerSer expire 1 line
05-12 17:57:03.393  2646  2646 V KeyguardStatusView: refresh statusview showing:true
05-12 17:57:03.405  2646  2646 V KeyguardDisplayManager: show
05-12 17:57:03.688  2185  3653 I chatty  : uid=1000(system) Binder:2185_9 expire 2 lines
05-12 17:57:03.889  2185  2258 I chatty  : uid=1000(system) android.display expire 2 lines
05-12 17:57:04.337  2185 10699 I chatty  : uid=1000(system) Binder:2185_1E expire 10 lines
05-12 17:57:04.580  2185  3678 I chatty  : uid=1000(system) Binder:2185_B expire 2 lines
05-12 17:57:11.043  2185  4613 I chatty  : uid=1000(system) Binder:2185_1D expire 5 lines
05-12 17:57:41.296  2185  3593 I chatty  : uid=1000(system) Binder:2185_7 expire 3 lines
05-12 17:57:43.848  2185  2547 I chatty  : uid=1000(system) Binder:2185_3 expire 1 line
05-12 17:58:04.442  2185  8479 I chatty  : uid=1000(system) Binder:2185_16 expire 4 lines
05-12 17:58:04.574  2185  3725 I chatty  : uid=1000(system) Binder:2185_11 expire 3 lines
05-12 17:58:29.239  2185  2222 I chatty  : uid=1000(system) batterystats-sy expire 9 lines
05-12 17:58:54.747  2185  2199 I chatty  : uid=1000(system) Binder:2185_1 expire 1 line
05-12 17:59:54.801  2185  3697 I chatty  : uid=1000(system) Binder:2185_D expire 1 line
05-12 18:00:04.723  2185  3698 I chatty  : uid=1000(system) Binder:2185_E expire 2 lines
05-12 18:00:15.292  2185  2259 I chatty  : uid=1000(system) CpuTracker expire 1 line
05-12 18:00:50.374  2185 31361 I chatty  : uid=1000(system) Binder:2185_17 expire 1 line
05-12 18:00:56.926  2185 25140 I chatty  : uid=1000(system) Binder:2185_1B expire 2 lines
05-12 18:01:04.770  2185  2519 I chatty  : uid=1000(system) NetworkStats expire 2 lines
05-12 18:01:04.780  2185 11205 I chatty  : uid=1000(system) Binder:2185_1F expire 3 lines
05-12 18:03:05.128  2185 24175 I chatty  : uid=1000(system) Binder:2185_1A expire 1 line
05-12 18:03:05.139  2185  3679 I chatty  : uid=1000(system) Binder:2185_C expire 1 line
05-12 18:05:05.355  2185  3707 I chatty  : uid=1000(system) Binder:2185_F expire 1 line
05-12 18:05:05.463  2185 19420 I chatty  : uid=1000(system) Binder:2185_12 expire 1 line
05-12 18:07:05.660  2185  5139 I chatty  : uid=1000(system) Binder:2185_15 expire 1 line
05-12 18:07:08.333  3716  3818 W ContextImpl: Calling a method in the system process without a qualified user: android.app.ContextImpl.bindService:1422 android.content.ContextWrapper.bindService:636 com.google.android.gms.ads.identifier.AdvertisingIdClient.h:-1 com.google.android.gms.ads.identifier.AdvertisingIdClient.b:-1 com.google.android.gms.ads.identifier.AdvertisingIdClient.getAdvertisingIdInfo:-1 
05-12 18:07:50.919  2185  2185 I chatty  : uid=1000 system_server expire 12 lines
05-12 18:07:50.934  2185  2218 I chatty  : uid=1000(system) ActivityManager expire 42 lines
05-12 18:07:50.957  2185  2222 I chatty  : uid=1000(system) batterystats-sy expire 6 lines
05-12 18:07:55.213  2185  2504 I chatty  : uid=1000(system) AlarmManager expire 27 lines
05-12 18:07:55.242  2185 31361 I chatty  : uid=1000(system) Binder:2185_17 expire 1 line
05-12 18:08:05.644  2185 24173 I chatty  : uid=1000(system) Binder:2185_19 expire 1 line
05-12 18:08:05.655  2185 24171 I chatty  : uid=1000(system) Binder:2185_18 expire 4 lines
05-12 18:08:05.745  2185  3657 I chatty  : uid=1000(system) Binder:2185_A expire 2 lines
05-12 18:08:55.307  2185  3678 I chatty  : uid=1000(system) Binder:2185_B expire 2 lines
05-12 18:09:05.742  2185  3697 I chatty  : uid=1000(system) Binder:2185_D expire 4 lines
05-12 18:09:05.858  2185  3679 I chatty  : uid=1000(system) Binder:2185_C expire 1 line
05-12 18:09:48.344  2185  2622 I chatty  : uid=1000(system) Binder:2185_4 expire 2 lines
05-12 18:09:55.364  2185  3725 I chatty  : uid=1000(system) Binder:2185_11 expire 3 lines
05-12 18:10:05.836  2185 10699 I chatty  : uid=1000(system) Binder:2185_1E expire 1 line
05-12 18:10:05.909  2185 19420 I chatty  : uid=1000(system) Binder:2185_12 expire 1 line
05-12 18:10:55.427  2185  2890 I chatty  : uid=1000(system) Binder:2185_5 expire 1 line
05-12 18:11:06.134  2185 25141 I chatty  : uid=1000(system) Binder:2185_1C expire 2 lines
05-12 18:11:06.235  2185  3653 I chatty  : uid=1000(system) Binder:2185_9 expire 1 line
05-12 18:11:28.177  2185 24175 I chatty  : uid=1000(system) Binder:2185_1A expire 2 lines
05-12 18:11:55.475  2185  3723 I chatty  : uid=1000(system) Binder:2185_10 expire 2 lines
05-12 18:12:20.147  2185  3423 I chatty  : uid=1000(system) backup expire 20 lines
05-12 18:12:20.228  2185 11205 I chatty  : uid=1000(system) Binder:2185_1F expire 1 line
05-12 18:12:20.361  2185  2199 I chatty  : uid=1000(system) Binder:2185_1 expire 2 lines
05-12 18:12:20.951  2185  8479 I chatty  : uid=1000(system) Binder:2185_16 expire 1 line
05-12 18:12:21.362  2185 25140 I chatty  : uid=1000(system) Binder:2185_1B expire 2 lines
05-12 18:12:23.229  2185  2282 I chatty  : uid=1000(system) PackageManager expire 33 lines
05-12 18:12:26.433  2185  2519 I chatty  : uid=1000(system) NetworkStats expire 7 lines
05-12 18:12:33.484  2185 19421 I chatty  : uid=1000(system) Binder:2185_13 expire 1 line
05-12 18:12:37.760  2185  3565 I chatty  : uid=1000(system) Binder:2185_6 expire 3 lines
05-12 18:12:37.781  2185  3707 I chatty  : uid=1000(system) Binder:2185_F expire 1 line
05-12 18:12:40.561  2185  3698 I chatty  : uid=1000(system) Binder:2185_E expire 1 line
05-12 18:13:37.282  2185  2397 I chatty  : uid=1000(system) OmsHandlerThrea expire 2 lines
05-12 18:13:38.757 18563 18563 W ContextImpl: Calling a method in the system process without a qualified user: android.app.ContextImpl.startService:1358 android.content.ContextWrapper.startService:613 android.content.ContextWrapper.startService:613 com.android.keychain.KeyChainBroadcastReceiver.onReceive:12 android.app.ActivityThread.handleReceiver:3085 
05-12 18:13:38.786  2185 24171 I chatty  : uid=1000(system) Binder:2185_18 expire 6 lines
05-12 18:13:38.848  2185  2200 I chatty  : uid=1000(system) Binder:2185_2 expire 7 lines
05-12 18:13:38.879  2185  2547 I chatty  : uid=1000(system) Binder:2185_3 expire 3 lines
05-12 18:13:38.891  2185  3565 I chatty  : uid=1000(system) Binder:2185_6 expire 5 lines
05-12 18:13:38.925  2185  4613 I chatty  : uid=1000(system) Binder:2185_1D expire 8 lines
05-12 18:13:38.999 18597 18597 D ActivityThread: Loading provider contacts;com.android.contacts: com.android.providers.contacts.SemcContactsProvider2
05-12 18:13:39.316  2185  3657 I chatty  : uid=1000(system) Binder:2185_A expire 6 lines
05-12 18:13:39.482  2185  8479 I chatty  : uid=1000(system) Binder:2185_16 expire 6 lines
05-12 18:13:39.556  2185  2185 I chatty  : uid=1000 system_server expire 5 lines
05-12 18:13:39.662  2185  3423 I chatty  : uid=1000(system) backup expire 1 line
05-12 18:13:39.708  2185 10699 I chatty  : uid=1000(system) Binder:2185_1E expire 4 lines
05-12 18:13:39.982  2185 24173 I chatty  : uid=1000(system) Binder:2185_19 expire 6 lines
05-12 18:13:40.138  2185  3698 I chatty  : uid=1000(system) Binder:2185_E expire 6 lines
05-12 18:13:40.150  2185 11206 I chatty  : uid=1000(system) Binder:2185_20 expire 5 lines
05-12 18:13:40.245  2185  3723 I chatty  : uid=1000(system) Binder:2185_10 expire 4 lines
05-12 18:13:40.339  2185  3678 I chatty  : uid=1000(system) Binder:2185_B expire 3 lines
05-12 18:13:40.406  2185  2217 I chatty  : uid=1000(system) android.bg expire 3 lines
05-12 18:13:40.623  2185 11205 I chatty  : uid=1000(system) Binder:2185_1F expire 3 lines
05-12 18:13:40.761 18724 18724 W KeyphraseEnrollmentInfo: No Enrollment application supports the given keyphrase/locale
05-12 18:13:40.818  2185  3697 I chatty  : uid=1000(system) Binder:2185_D expire 4 lines
05-12 18:13:40.902  2185  2218 I chatty  : uid=1000(system) ActivityManager expire 13 lines
05-12 18:13:41.231  2185  2199 I chatty  : uid=1000(system) Binder:2185_1 expire 2 lines
05-12 18:13:41.453  2185  2622 I chatty  : uid=1000(system) Binder:2185_4 expire 5 lines
05-12 18:13:41.512  2185 25141 I chatty  : uid=1000(system) Binder:2185_1C expire 2 lines
05-12 18:13:41.792  2185  5139 I chatty  : uid=1000(system) Binder:2185_15 expire 4 lines
05-12 18:13:41.831  2185  5138 I chatty  : uid=1000(system) Binder:2185_14 expire 5 lines
05-12 18:13:42.158  2185  3725 I chatty  : uid=1000(system) Binder:2185_11 expire 2 lines
05-12 18:13:42.488  2185 31361 I chatty  : uid=1000(system) Binder:2185_17 expire 3 lines
05-12 18:13:42.787  2185  3679 I chatty  : uid=1000(system) Binder:2185_C expire 5 lines
05-12 18:13:43.003  2185 24175 I chatty  : uid=1000(system) Binder:2185_1A expire 6 lines
05-12 18:13:43.573  2185  3707 I chatty  : uid=1000(system) Binder:2185_F expire 5 lines
05-12 18:13:43.760  2185  3593 I chatty  : uid=1000(system) Binder:2185_7 expire 5 lines
05-12 18:13:44.600 19035 19035 E ActivityThread: Failed to find provider info for com.google.android.googlequicksearchbox.MetricaContentProvider
05-12 18:13:44.603  2185  3653 I chatty  : uid=1000(system) Binder:2185_9 expire 2 lines
05-12 18:13:44.613  2185  3595 I chatty  : uid=1000(system) Binder:2185_8 expire 2 lines
05-12 18:13:45.271  2185  2504 I chatty  : uid=1000(system) AlarmManager expire 22 lines
05-12 18:13:46.012  2185 19420 I chatty  : uid=1000(system) Binder:2185_12 expire 2 lines
05-12 18:13:47.749  2185 25140 I chatty  : uid=1000(system) Binder:2185_1B expire 2 lines
05-12 18:13:48.784  2185  2890 I chatty  : uid=1000(system) Binder:2185_5 expire 5 lines
05-12 18:13:50.679  2185  2256 I chatty  : uid=1000(system) android.io expire 2 lines
05-12 18:13:50.737  2185 19421 I chatty  : uid=1000(system) Binder:2185_13 expire 1 line
05-12 18:14:02.778 15917 15917 E ActivityThread: Service com.android.providers.downloads.DownloadJobService has leaked ServiceConnection android.media.MediaScannerConnection@cabeafd that was originally bound here
05-12 18:14:02.778 15917 15917 E ActivityThread: android.app.ServiceConnectionLeaked: Service com.android.providers.downloads.DownloadJobService has leaked ServiceConnection android.media.MediaScannerConnection@cabeafd that was originally bound here
05-12 18:14:02.778 15917 15917 E ActivityThread: 	at android.app.LoadedApk$ServiceDispatcher.<init>(LoadedApk.java:1337)
05-12 18:14:02.778 15917 15917 E ActivityThread: 	at android.app.LoadedApk.getServiceDispatcher(LoadedApk.java:1232)
05-12 18:14:02.778 15917 15917 E ActivityThread: 	at android.app.ContextImpl.bindServiceCommon(ContextImpl.java:1451)
05-12 18:14:02.778 15917 15917 E ActivityThread: 	at android.app.ContextImpl.bindService(ContextImpl.java:1423)
05-12 18:14:02.778 15917 15917 E ActivityThread: 	at android.content.ContextWrapper.bindService(ContextWrapper.java:636)
05-12 18:14:02.778 15917 15917 E ActivityThread: 	at android.media.MediaScannerConnection.connect(MediaScannerConnection.java:119)
05-12 18:14:02.778 15917 15917 E ActivityThread: 	at com.android.providers.downloads.DownloadScanner.requestScan(DownloadScanner.java:130)
05-12 18:14:02.778 15917 15917 E ActivityThread: 	at com.android.providers.downloads.DownloadScanner.requestScanBlocking(DownloadScanner.java:85)
05-12 18:14:02.778 15917 15917 E ActivityThread: 	at com.android.providers.downloads.DownloadThread.run(DownloadThread.java:416)
05-12 18:14:03.590  2185  2218 I chatty  : uid=1000(system) ActivityManager expire 4 lines
05-12 18:16:52.285  2185  2222 I chatty  : uid=1000(system) batterystats-sy expire 12 lines
05-12 18:17:06.796  2185  2622 I chatty  : uid=1000(system) Binder:2185_4 expire 5 lines
05-12 18:17:06.820  2185  2547 I chatty  : uid=1000(system) Binder:2185_3 expire 14 lines
05-12 18:17:06.879  2185 19421 I chatty  : uid=1000(system) Binder:2185_13 expire 7 lines
05-12 18:17:06.884  2185  2185 I chatty  : uid=1000 system_server expire 12 lines
05-12 18:17:06.983  2185  3653 I chatty  : uid=1000(system) Binder:2185_9 expire 5 lines
05-12 18:17:07.019  2185 11205 I chatty  : uid=1000(system) Binder:2185_1F expire 4 lines
05-12 18:17:07.035  2185  3707 I chatty  : uid=1000(system) Binder:2185_F expire 3 lines
05-12 18:17:56.210  2185  2504 I chatty  : uid=1000(system) AlarmManager expire 22 lines
05-12 18:17:56.235  2185  2200 I chatty  : uid=1000(system) Binder:2185_2 expire 3 lines
05-12 18:17:56.247  2185  3678 I chatty  : uid=1000(system) Binder:2185_B expire 5 lines
05-12 18:17:56.272  2185 19420 I chatty  : uid=1000(system) Binder:2185_12 expire 1 line
05-12 18:18:06.891  2185  2890 I chatty  : uid=1000(system) Binder:2185_5 expire 1 line
05-12 18:18:10.822  2185  2218 I chatty  : uid=1000(system) ActivityManager expire 10 lines
05-12 18:18:56.291  2185  5139 I chatty  : uid=1000(system) Binder:2185_15 expire 2 lines
05-12 18:19:07.012  2185  3679 I chatty  : uid=1000(system) Binder:2185_C expire 2 lines
05-12 18:19:07.240  2185 11206 I chatty  : uid=1000(system) Binder:2185_20 expire 1 line
05-12 18:19:22.288  2185  3725 I chatty  : uid=1000(system) Binder:2185_11 expire 6 lines
05-12 18:19:22.294  2185 10699 I chatty  : uid=1000(system) Binder:2185_1E expire 3 lines
05-12 18:19:22.340  2185 31361 I chatty  : uid=1000(system) Binder:2185_17 expire 3 lines
05-12 18:19:55.109  2185 25141 I chatty  : uid=1000(system) Binder:2185_1C expire 3 lines
05-12 18:20:07.135  2185  8479 I chatty  : uid=1000(system) Binder:2185_16 expire 4 lines
05-12 18:20:56.408  2185  2199 I chatty  : uid=1000(system) Binder:2185_1 expire 1 line
05-12 18:21:36.868  2185  4613 I chatty  : uid=1000(system) Binder:2185_1D expire 1 line
05-12 18:21:56.475  2185  3698 I chatty  : uid=1000(system) Binder:2185_E expire 2 lines
05-12 18:22:07.390  2185  3697 I chatty  : uid=1000(system) Binder:2185_D expire 2 lines
05-12 18:22:08.445  3716  3818 W ContextImpl: Calling a method in the system process without a qualified user: android.app.ContextImpl.bindService:1422 android.content.ContextWrapper.bindService:636 com.google.android.gms.ads.identifier.AdvertisingIdClient.h:-1 com.google.android.gms.ads.identifier.AdvertisingIdClient.b:-1 com.google.android.gms.ads.identifier.AdvertisingIdClient.getAdvertisingIdInfo:-1 
05-12 18:22:10.883  2185  2218 I chatty  : uid=1000(system) ActivityManager expire 21 lines
05-12 18:22:56.504  2185  2504 I chatty  : uid=1000(system) AlarmManager expire 21 lines
05-12 18:23:08.466  2185  3595 I chatty  : uid=1000(system) Binder:2185_8 expire 2 lines
05-12 18:23:39.043  2185  3723 I chatty  : uid=1000(system) Binder:2185_10 expire 1 line
05-12 18:24:31.736  2185  2256 I chatty  : uid=1000(system) android.io expire 2 lines
05-12 18:24:31.749  2185  5138 I chatty  : uid=1000(system) Binder:2185_14 expire 1 line
05-12 18:24:31.889  2185 24173 I chatty  : uid=1000(system) Binder:2185_19 expire 1 line
05-12 18:24:56.647  2185  3565 I chatty  : uid=1000(system) Binder:2185_6 expire 1 line
05-12 18:26:56.895  2185 24171 I chatty  : uid=1000(system) Binder:2185_18 expire 5 lines
05-12 18:27:25.228  2185  2218 I chatty  : uid=1000(system) ActivityManager expire 32 lines
05-12 18:27:56.833  2185  2504 I chatty  : uid=1000(system) AlarmManager expire 12 lines
05-12 18:27:56.884  2185 31361 I chatty  : uid=1000(system) Binder:2185_17 expire 4 lines
05-12 18:27:56.974  2185  3725 I chatty  : uid=1000(system) Binder:2185_11 expire 3 lines
05-12 18:28:00.258  2185 25140 I chatty  : uid=1000(system) Binder:2185_1B expire 2 lines
05-12 18:28:34.918  2185  2222 I chatty  : uid=1000(system) batterystats-sy expire 9 lines
05-12 18:28:37.933  2185  2185 I chatty  : uid=1000 system_server expire 12 lines
05-12 18:28:46.896  2185 11206 I chatty  : uid=1000(system) Binder:2185_20 expire 5 lines
05-12 18:28:55.844  2185  2200 I chatty  : uid=1000(system) Binder:2185_2 expire 4 lines
05-12 18:28:56.947  2185  2890 I chatty  : uid=1000(system) Binder:2185_5 expire 2 lines
05-12 18:28:57.049  2185 19421 I chatty  : uid=1000(system) Binder:2185_13 expire 6 lines
05-12 18:29:00.350  2185 11205 I chatty  : uid=1000(system) Binder:2185_1F expire 3 lines
05-12 18:29:57.115  2185  2547 I chatty  : uid=1000(system) Binder:2185_3 expire 3 lines
05-12 18:30:00.438  2185  3678 I chatty  : uid=1000(system) Binder:2185_B expire 2 lines
05-12 18:30:38.985  2185  2507 I chatty  : uid=1000(system) InputReader expire 2 lines
05-12 18:30:38.993  2185  2263 I chatty  : uid=1000(system) PowerManagerSer expire 3 lines
05-12 18:30:39.003  2185  2258 I chatty  : uid=1000(system) android.display expire 5 lines
05-12 18:30:39.226  2185  4613 I chatty  : uid=1000(system) Binder:2185_1D expire 2 lines
05-12 18:30:39.349  2185  3657 I chatty  : uid=1000(system) Binder:2185_A expire 1 line
05-12 18:30:39.353  2185  3679 I chatty  : uid=1000(system) Binder:2185_C expire 5 lines
05-12 18:30:39.367  2185  3698 I chatty  : uid=1000(system) Binder:2185_E expire 4 lines
05-12 18:30:39.686  2185  8479 I chatty  : uid=1000(system) Binder:2185_16 expire 2 lines
05-12 18:30:40.111  2185  5139 I chatty  : uid=1000(system) Binder:2185_15 expire 4 lines
05-12 18:30:40.114  2646  2646 V KeyguardDisplayManager: hide
05-12 18:30:40.120  2185  3653 I chatty  : uid=1000(system) Binder:2185_9 expire 4 lines
05-12 18:30:40.495  2185  2622 I chatty  : uid=1000(system) Binder:2185_4 expire 2 lines
05-12 18:30:40.542  2185 24173 I chatty  : uid=1000(system) Binder:2185_19 expire 2 lines
05-12 18:30:40.986  2185  3595 I chatty  : uid=1000(system) Binder:2185_8 expire 2 lines
05-12 18:30:41.865  2185  3565 I chatty  : uid=1000(system) Binder:2185_6 expire 3 lines
05-12 18:30:41.895 12248 20505 E ActivityThread: Failed to find provider info for com.facebook.katana.provider.AttributionIdProvider
05-12 18:30:42.013  2185 19420 I chatty  : uid=1000(system) Binder:2185_12 expire 2 lines
05-12 18:30:42.922  2185  3697 I chatty  : uid=1000(system) Binder:2185_D expire 2 lines
05-12 18:30:43.331  2185 10699 I chatty  : uid=1000(system) Binder:2185_1E expire 1 line
05-12 18:30:43.434  2185  5138 I chatty  : uid=1000(system) Binder:2185_14 expire 2 lines
05-12 18:30:52.662  2185 24175 I chatty  : uid=1000(system) Binder:2185_1A expire 3 lines
05-12 18:31:00.003  2185  2504 I chatty  : uid=1000(system) AlarmManager expire 13 lines
05-12 18:31:02.009  2185  2519 I chatty  : uid=1000(system) NetworkStats expire 2 lines
05-12 18:31:04.139  2185  3593 I chatty  : uid=1000(system) Binder:2185_7 expire 1 line
05-12 18:31:08.412  2646  2646 V KeyguardStatusView: refresh statusview showing:true
05-12 18:31:08.418  2646  2646 V KeyguardDisplayManager: show
05-12 18:31:08.772  2185 25141 I chatty  : uid=1000(system) Binder:2185_1C expire 1 line
05-12 18:31:52.038  2185  2218 I chatty  : uid=1000(system) ActivityManager expire 6 lines
05-12 18:32:02.606  2185  2199 I chatty  : uid=1000(system) Binder:2185_1 expire 1 line
05-12 18:32:16.169  2185  2185 I chatty  : uid=1000 system_server expire 1 line
05-12 18:33:02.643  2185  2504 W ActivityManager: Unable to start service Intent { act=com.alibaba.aliexpresshd.intent.action.COCKROACH flg=0x4 (has extras) } U=0: not found
05-12 18:33:02.645  2185  2504 D ActivityManager: SystemUid, not FirstBoot, not Upgrade, use SERVICE_TIMEOUT
05-12 18:33:02.647  2185  2504 I BroadcastQueue: am_broadcast_enqueue: [background,1,Intent { flg=0x14 cmp=com.google.android.gms/.lockbox.LockboxAlarmReceiver (has extras) },1]
05-12 18:33:02.672  2185  2890 I BroadcastQueue: am_broadcast_finished: [background,1,Intent { flg=0x14 (has extras) }]
05-12 18:33:02.758  2185 11205 I BroadcastQueue: am_broadcast_finished: [foreground,1,Intent { act=android.intent.action.TIME_TICK flg=0x50000014 (has extras) }]
05-12 18:33:07.984  2185 11205 I BroadcastQueue: am_broadcast_enqueue: [background,0,Intent { act=com.vkontakte.android.USER_PRESENCE flg=0x10 (has extras) },4]
05-12 18:33:07.988  2185  2218 I BroadcastQueue: am_broadcast_finished: [background,0,Intent { act=com.vkontakte.android.USER_PRESENCE flg=0x10 (has extras) }]
05-12 18:33:08.661  2185  2622 I BroadcastQueue: am_broadcast_enqueue: [background,0,Intent { act=com.qualcomm.intent.action.ACTION_UNSOL_RESPONSE_OEM_HOOK_RAW flg=0x10 (has extras) },3]
05-12 18:33:08.663  2185  2218 I BroadcastQueue: am_broadcast_finished: [background,0,Intent { act=com.qualcomm.intent.action.ACTION_UNSOL_RESPONSE_OEM_HOOK_RAW flg=0x10 (has extras) }]
05-12 18:33:18.400  2185  2507 I PowerManagerService: Waking up from sleep (uid 1000)...
05-12 18:33:18.402  2185  2185 I BroadcastQueue: am_broadcast_enqueue: [foreground,1,Intent { act=android.intent.action.SCREEN_ON flg=0x50000010 },41]
05-12 18:33:18.403  2185  2263 I DisplayPowerController: Blocking screen on until initial contents have been drawn.
05-12 18:33:18.406  2185  2258 I DisplayManagerService: Display device changed state: "Built-in Screen", ON
05-12 18:33:18.742  2185  2263 I DisplayPowerController: Unblocked screen on after 339 ms
05-12 18:33:18.797  2185  2547 I BroadcastQueue: am_broadcast_enqueue: [background,1,Intent { act=com.sonymobile.lifelog.logger.ACTION_SCREEN_ON flg=0x10 pkg=com.sonymobile.lifelog },1]
05-12 18:33:18.844  2185 10699 I BroadcastQueue: am_broadcast_finished: [background,1,Intent { act=com.sonymobile.lifelog.logger.ACTION_SCREEN_ON flg=0x10 pkg=com.sonymobile.lifelog }]
05-12 18:33:18.852  2185  3593 D ActivityManager: SystemUid, not FirstBoot, not Upgrade, use SERVICE_TIMEOUT
05-12 18:33:18.865  2185  2890 I BroadcastQueue: am_broadcast_finished: [foreground,1,Intent { act=android.intent.action.SCREEN_ON flg=0x50000010 }]
05-12 18:33:20.310  2185  2185 V FingerprintService: onAuthenticated(owner=com.android.systemui, id=-1209258406, gp=0)
05-12 18:33:20.319  2185  2185 V FingerprintService: Done with client: com.android.systemui
05-12 18:33:20.615  2646  2646 V KeyguardDisplayManager: hide
05-12 18:33:20.619  2185  3653 I BroadcastQueue: am_broadcast_enqueue: [background,0,Intent { act=android.intent.action.USER_PRESENT flg=0x24000010 },21]
05-12 18:33:20.619  2185  3653 I BroadcastQueue: am_broadcast_enqueue: [background,1,Intent { act=android.intent.action.USER_PRESENT flg=0x24000010 },12]
05-12 18:33:20.625  2185  2218 I BroadcastQueue: am_broadcast_finished: [background,0,Intent { act=android.intent.action.USER_PRESENT flg=0x24000010 }]
05-12 18:33:20.691  2185  2890 I BroadcastQueue: am_broadcast_enqueue: [background,0,Intent { act=com.vkontakte.android.COUNTERS_UPDATED flg=0x10 },2]
05-12 18:33:20.691  2185 31361 W InputMethodManagerService: Window already focused, ignoring focus gain of: com.android.internal.view.IInputMethodClient$Stub$Proxy@f951ebd attribute=android.view.inputmethod.EditorInfo@509dcb2, token = android.os.BinderProxy@ee39eb6
05-12 18:33:20.699  2185  2218 I BroadcastQueue: am_broadcast_finished: [background,0,Intent { act=com.vkontakte.android.COUNTERS_UPDATED flg=0x10 }]
05-12 18:33:20.699  2185  3657 I BroadcastQueue: am_broadcast_enqueue: [background,0,Intent { act=com.vkontakte.android.COUNTERS_UPDATED flg=0x10 },2]
05-12 18:33:20.701  2185  2218 I BroadcastQueue: am_broadcast_finished: [background,0,Intent { act=com.vkontakte.android.COUNTERS_UPDATED flg=0x10 }]
05-12 18:33:20.796  2185  4613 W BroadcastQueue: Permission Denial: broadcasting Intent { act=android.intent.action.USER_PRESENT flg=0x24000010 } from com.android.systemui (pid=2646, uid=10084) is not exported from uid 10055 due to receiver com.sonymobile.mx.android/.receivers.StopMessageReceiver
05-12 18:33:20.808  2185 25140 I BroadcastQueue: am_broadcast_enqueue: [background,0,Intent { act=com.google.android.apps.gmm.NAVIGATION_STATE flg=0x10 pkg=com.google.android.googlequicksearchbox (has extras) },1]
05-12 18:33:20.809  2185 25140 I BroadcastQueue: am_broadcast_enqueue: [background,0,Intent { act=com.google.android.apps.gmm.NAVIGATION_STATE flg=0x10 pkg=com.google.android.gms (has extras) },1]
05-12 18:33:20.809  2185  2218 I BroadcastQueue: am_broadcast_finished: [background,0,Intent { act=com.google.android.apps.gmm.NAVIGATION_STATE flg=0x10 pkg=com.google.android.googlequicksearchbox (has extras) }]
05-12 18:33:20.809  2185  2218 I BroadcastQueue: am_broadcast_finished: [background,0,Intent { act=com.google.android.apps.gmm.NAVIGATION_STATE flg=0x10 pkg=com.google.android.gms (has extras) }]
05-12 18:33:20.836  2185  3678 W BroadcastQueue: Permission Denial: broadcasting Intent { act=android.intent.action.USER_PRESENT flg=0x24000010 } from com.android.systemui (pid=2646, uid=10084) is not exported from uid 10270 due to receiver by.st/.app.widget.PriorbankWidgetProvider
05-12 18:33:20.888  2185  3657 I BroadcastQueue: am_broadcast_finished: [background,1,Intent { act=android.intent.action.USER_PRESENT flg=0x24000010 }]
05-12 18:33:22.702  2185  2507 I PowerManagerService: Going to sleep due to power button (uid 1000)...
05-12 18:33:22.727  2185  2185 V FingerprintService: startAuthentication(com.android.systemui)
05-12 18:33:22.727  2185  2185 V FingerprintService: starting client AuthenticationClient(com.android.systemui), initiatedByClient = true)
05-12 18:33:22.728  2185  2185 W FingerprintService: client com.android.systemui is authenticating...
05-12 18:33:23.196  2185  2263 I PowerManagerService: Sleeping (uid 1000)...
05-12 18:33:23.326  2185  2185 I BroadcastQueue: am_broadcast_enqueue: [foreground,1,Intent { act=android.intent.action.SCREEN_OFF flg=0x50000010 },49]
05-12 18:33:23.478  2646  2646 V KeyguardStatusView: refresh statusview showing:true
05-12 18:33:23.488  2646  2646 V KeyguardDisplayManager: show
05-12 18:33:23.772  2185  2547 D ActivityManager: SystemUid, not FirstBoot, not Upgrade, use SERVICE_TIMEOUT
05-12 18:33:23.801  2185  5139 I BroadcastQueue: am_broadcast_finished: [foreground,1,Intent { act=android.intent.action.SCREEN_OFF flg=0x50000010 }]
05-12 18:33:23.982  2185  2258 I WindowManager: Destroying surface Surface(name=NavigationBar) called by com.android.server.wm.WindowStateAnimator.destroySurface:2022 com.android.server.wm.WindowStateAnimator.destroySurfaceLocked:889 com.android.server.wm.WindowState.destroyOrSaveSurface:2117 com.android.server.wm.WindowSurfacePlacer.performSurfacePlacementInner:435 com.android.server.wm.WindowSurfacePlacer.performSurfacePlacementLoop:238 com.android.server.wm.WindowSurfacePlacer.performSurfacePlacement:186 com.android.server.wm.WindowManagerService$H.handleMessage:8290 android.os.Handler.dispatchMessage:102 
05-12 18:33:24.194  2185  2258 I DisplayManagerService: Display device changed state: "Built-in Screen", OFF
05-12 18:33:30.306  2185  2185 I BroadcastQueue: am_broadcast_enqueue: [background,0,Intent { act=android.intent.action.BATTERY_CHANGED flg=0x60000010 (has extras) },21]
05-12 18:33:30.317  2185  2218 I BroadcastQueue: am_broadcast_finished: [background,0,Intent { act=android.intent.action.BATTERY_CHANGED flg=0x60000010 (has extras) }]
05-12 18:33:39.480  2185  2504 I BroadcastQueue: am_broadcast_enqueue: [background,1,Intent { act=com.sonymobile.lifelog.action.STEPS dat=StepsSTEP_COUNTER typ=vnd.android.cursor.dir/vnd.sonymobile.steps flg=0x14 (has extras) },1]
05-12 18:33:39.507  2185  5139 I BroadcastQueue: am_broadcast_finished: [background,1,Intent { act=com.sonymobile.lifelog.action.STEPS dat=StepsSTEP_COUNTER typ=vnd.android.cursor.dir/vnd.sonymobile.steps flg=0x14 (has extras) }]
05-12 18:33:43.398  2185  2507 I PowerManagerService: Waking up from sleep (uid 1000)...
05-12 18:33:43.402  2185  2263 I DisplayPowerController: Blocking screen on until initial contents have been drawn.
05-12 18:33:43.403  2185  2185 I BroadcastQueue: am_broadcast_enqueue: [foreground,1,Intent { act=android.intent.action.SCREEN_ON flg=0x50000010 },41]
05-12 18:33:43.407  2185  2258 I DisplayManagerService: Display device changed state: "Built-in Screen", ON
05-12 18:33:43.695  2185  8479 I BroadcastQueue: am_broadcast_enqueue: [background,1,Intent { act=com.sonymobile.lifelog.logger.ACTION_SCREEN_ON flg=0x10 pkg=com.sonymobile.lifelog },1]
05-12 18:33:43.736  2185  3595 D ActivityManager: SystemUid, not FirstBoot, not Upgrade, use SERVICE_TIMEOUT
05-12 18:33:43.751  2185  3697 I BroadcastQueue: am_broadcast_finished: [foreground,1,Intent { act=android.intent.action.SCREEN_ON flg=0x50000010 }]
05-12 18:33:43.762  2185  3725 I BroadcastQueue: am_broadcast_finished: [background,1,Intent { act=com.sonymobile.lifelog.logger.ACTION_SCREEN_ON flg=0x10 pkg=com.sonymobile.lifelog }]
05-12 18:33:43.813  2185  2263 I DisplayPowerController: Unblocked screen on after 411 ms
05-12 18:33:44.074  2185  2185 V FingerprintService: onAuthenticated(owner=com.android.systemui, id=-1209258406, gp=0)
05-12 18:33:44.079  2185  2185 V FingerprintService: Done with client: com.android.systemui
05-12 18:33:44.345  2646  2646 V KeyguardDisplayManager: hide
05-12 18:33:44.350  2185  3678 I BroadcastQueue: am_broadcast_enqueue: [background,0,Intent { act=android.intent.action.USER_PRESENT flg=0x24000010 },21]
05-12 18:33:44.350  2185  3678 I BroadcastQueue: am_broadcast_enqueue: [background,1,Intent { act=android.intent.action.USER_PRESENT flg=0x24000010 },12]
05-12 18:33:44.352  2185  2218 I BroadcastQueue: am_broadcast_finished: [background,0,Intent { act=android.intent.action.USER_PRESENT flg=0x24000010 }]
05-12 18:33:44.386  2185 24175 W InputMethodManagerService: Window already focused, ignoring focus gain of: com.android.internal.view.IInputMethodClient$Stub$Proxy@6c13028 attribute=android.view.inputmethod.EditorInfo@3dde141, token = android.os.BinderProxy@ee39eb6
05-12 18:33:44.390  2185 31361 I BroadcastQueue: am_broadcast_enqueue: [background,0,Intent { act=com.google.android.apps.gmm.NAVIGATION_STATE flg=0x10 pkg=com.google.android.googlequicksearchbox (has extras) },1]
05-12 18:33:44.390  2185 31361 I BroadcastQueue: am_broadcast_enqueue: [background,0,Intent { act=com.google.android.apps.gmm.NAVIGATION_STATE flg=0x10 pkg=com.google.android.gms (has extras) },1]
05-12 18:33:44.391  2185  2218 I BroadcastQueue: am_broadcast_finished: [background,0,Intent { act=com.google.android.apps.gmm.NAVIGATION_STATE flg=0x10 pkg=com.google.android.googlequicksearchbox (has extras) }]
05-12 18:33:44.391  2185  2218 I BroadcastQueue: am_broadcast_finished: [background,0,Intent { act=com.google.android.apps.gmm.NAVIGATION_STATE flg=0x10 pkg=com.google.android.gms (has extras) }]
05-12 18:33:44.415  2185 10699 W BroadcastQueue: Permission Denial: broadcasting Intent { act=android.intent.action.USER_PRESENT flg=0x24000010 } from com.android.systemui (pid=2646, uid=10084) is not exported from uid 10055 due to receiver com.sonymobile.mx.android/.receivers.StopMessageReceiver
05-12 18:33:44.432  2185  4613 W BroadcastQueue: Permission Denial: broadcasting Intent { act=android.intent.action.USER_PRESENT flg=0x24000010 } from com.android.systemui (pid=2646, uid=10084) is not exported from uid 10270 due to receiver by.st/.app.widget.PriorbankWidgetProvider
05-12 18:33:44.442  2185  3595 I BroadcastQueue: am_broadcast_enqueue: [background,0,Intent { act=com.vkontakte.android.COUNTERS_UPDATED flg=0x10 },2]
05-12 18:33:44.443  2185  2218 I BroadcastQueue: am_broadcast_finished: [background,0,Intent { act=com.vkontakte.android.COUNTERS_UPDATED flg=0x10 }]
05-12 18:33:44.449  2185 24173 I BroadcastQueue: am_broadcast_enqueue: [background,0,Intent { act=com.vkontakte.android.COUNTERS_UPDATED flg=0x10 },2]
05-12 18:33:44.450  2185  2218 I BroadcastQueue: am_broadcast_finished: [background,0,Intent { act=com.vkontakte.android.COUNTERS_UPDATED flg=0x10 }]
05-12 18:33:44.468  2185 11205 I BroadcastQueue: am_broadcast_finished: [background,1,Intent { act=android.intent.action.USER_PRESENT flg=0x24000010 }]
05-12 18:33:46.084  2185  3707 I ActivityManager: START u0 {cmp=com.vkontakte.android/.FragmentWrapperActivity (has extras)} from uid 10269 on display 0
05-12 18:33:46.296  2185  4613 I BroadcastQueue: am_broadcast_enqueue: [background,0,Intent { act=android.net.conn.CONNECTIVITY_CHANGE flg=0x4000010 (has extras) },1]
05-12 18:33:46.297  2185  2218 I BroadcastQueue: am_broadcast_finished: [background,0,Intent { act=android.net.conn.CONNECTIVITY_CHANGE flg=0x4000010 (has extras) }]
