06-02 09:33:01.846  2185 24171 I chatty  : uid=1000(system) Binder:2185_18 expire 1 line
06-02 09:33:11.810  2185  3679 I chatty  : uid=1000(system) Binder:2185_C expire 4 lines
06-02 09:33:12.213  2185  3723 I chatty  : uid=1000(system) Binder:2185_10 expire 1 line
06-02 09:33:12.665  2185  3595 I chatty  : uid=1000(system) Binder:2185_8 expire 3 lines
06-02 09:33:12.672  2185  2199 I chatty  : uid=1000(system) Binder:2185_1 expire 3 lines
06-02 09:33:12.689  2185  3653 I chatty  : uid=1000(system) Binder:2185_9 expire 3 lines
06-02 09:33:13.718  2185  2890 I chatty  : uid=1000(system) Binder:2185_5 expire 1 line
06-02 09:33:13.722  2185  5138 I chatty  : uid=1000(system) Binder:2185_14 expire 1 line
06-02 09:33:14.029  2185 10699 I chatty  : uid=1000(system) Binder:2185_1E expire 2 lines
06-02 09:33:18.829  2185 24173 I chatty  : uid=1000(system) Binder:2185_19 expire 1 line
06-02 09:33:20.876  2185 19420 I chatty  : uid=1000(system) Binder:2185_12 expire 1 line
06-02 09:34:00.937 24733 24733 V DeadZone: consuming errant click: (179.0,23.0)
06-02 09:34:01.562 24733 24733 V DeadZone: consuming errant click: (153.0,19.0)
06-02 09:34:02.032  2185  2530 I chatty  : uid=1000(system) WifiStateMachin expire 2 lines
06-02 09:34:02.034  2185  2218 I chatty  : uid=1000(system) ActivityManager expire 6 lines
06-02 09:34:02.389  2185 19421 I chatty  : uid=1000(system) Binder:2185_13 expire 4 lines
06-02 09:34:08.108  2185  3565 I chatty  : uid=1000(system) Binder:2185_6 expire 1 line
06-02 09:34:09.238  2185  3657 I chatty  : uid=1000(system) Binder:2185_A expire 8 lines
06-02 09:34:10.264  2185  2218 I chatty  : uid=1000(system) ActivityManager expire 45 lines
06-02 09:34:12.072  2185  2504 I chatty  : uid=1000(system) AlarmManager expire 12 lines
06-02 09:34:12.135  2185  3679 I chatty  : uid=1000(system) Binder:2185_C expire 2 lines
06-02 09:34:12.154  2185  2547 I chatty  : uid=1000(system) Binder:2185_3 expire 7 lines
06-02 09:34:12.164  2185 24175 I chatty  : uid=1000(system) Binder:2185_1A expire 6 lines
06-02 09:34:12.177  2185 25140 I chatty  : uid=1000(system) Binder:2185_1B expire 9 lines
06-02 09:34:12.197  2185  5139 I chatty  : uid=1000(system) Binder:2185_15 expire 6 lines
06-02 09:34:12.201  2185 31361 I chatty  : uid=1000(system) Binder:2185_17 expire 3 lines
06-02 09:34:12.318  2185  2185 I chatty  : uid=1000 system_server expire 3 lines
06-02 09:34:12.352  2185 25141 I chatty  : uid=1000(system) Binder:2185_1C expire 7 lines
06-02 09:34:12.360  2185  3707 I chatty  : uid=1000(system) Binder:2185_F expire 1 line
06-02 09:34:12.363  2185 19420 I chatty  : uid=1000(system) Binder:2185_12 expire 3 lines
06-02 09:34:12.380  2185 10699 I chatty  : uid=1000(system) Binder:2185_1E expire 4 lines
06-02 09:34:12.417  2185  2199 I chatty  : uid=1000(system) Binder:2185_1 expire 7 lines
06-02 09:34:12.430  2185  3698 I chatty  : uid=1000(system) Binder:2185_E expire 5 lines
06-02 09:34:12.864  2185  2200 I chatty  : uid=1000(system) Binder:2185_2 expire 2 lines
06-02 09:34:12.959  2185  2890 I chatty  : uid=1000(system) Binder:2185_5 expire 2 lines
06-02 09:34:14.327  2185 19421 I chatty  : uid=1000(system) Binder:2185_13 expire 4 lines
06-02 09:34:14.598  2185 24173 I chatty  : uid=1000(system) Binder:2185_19 expire 11 lines
06-02 09:34:23.371  2185  3593 I chatty  : uid=1000(system) Binder:2185_7 expire 3 lines
06-02 09:34:23.842  2185  3595 I chatty  : uid=1000(system) Binder:2185_8 expire 7 lines
06-02 09:34:34.009  2185  3565 I chatty  : uid=1000(system) Binder:2185_6 expire 4 lines
06-02 09:34:34.012  2185  2537 I chatty  : uid=1000(system) ConnectivitySer expire 2 lines
06-02 09:34:35.308  2185  3678 I chatty  : uid=1000(system) Binder:2185_B expire 6 lines
06-02 09:34:36.121  2185  8479 I chatty  : uid=1000(system) Binder:2185_16 expire 7 lines
06-02 09:34:36.651  2185 24171 I chatty  : uid=1000(system) Binder:2185_18 expire 3 lines
06-02 09:34:37.564  2185  5138 I chatty  : uid=1000(system) Binder:2185_14 expire 6 lines
06-02 09:34:37.663  2185  3697 I chatty  : uid=1000(system) Binder:2185_D expire 2 lines
06-02 09:34:40.759  2185  3653 I chatty  : uid=1000(system) Binder:2185_9 expire 5 lines
06-02 09:34:41.530  2185  3723 I chatty  : uid=1000(system) Binder:2185_10 expire 4 lines
06-02 09:34:43.685  2185  4613 I chatty  : uid=1000(system) Binder:2185_1D expire 4 lines
06-02 09:35:00.179  2185  3725 I chatty  : uid=1000(system) Binder:2185_11 expire 1 line
06-02 09:35:09.458  2185  2256 I chatty  : uid=1000(system) android.io expire 2 lines
06-02 09:35:15.300  2185 11205 I chatty  : uid=1000(system) Binder:2185_1F expire 3 lines
06-02 09:35:18.598  2185  2218 I chatty  : uid=1000(system) ActivityManager expire 41 lines
06-02 09:35:19.046  2185  3698 I chatty  : uid=1000(system) Binder:2185_E expire 4 lines
06-02 09:35:19.236  2185 10699 I chatty  : uid=1000(system) Binder:2185_1E expire 9 lines
06-02 09:35:19.788  2185 11206 I chatty  : uid=1000(system) Binder:2185_20 expire 3 lines
06-02 09:35:20.320  2185 19421 I chatty  : uid=1000(system) Binder:2185_13 expire 7 lines
06-02 09:35:20.595  2185  3678 I chatty  : uid=1000(system) Binder:2185_B expire 6 lines
06-02 09:35:20.618  2185 31361 I chatty  : uid=1000(system) Binder:2185_17 expire 3 lines
06-02 09:35:20.649  2185  5138 I chatty  : uid=1000(system) Binder:2185_14 expire 13 lines
06-02 09:35:20.698  2185  2199 I chatty  : uid=1000(system) Binder:2185_1 expire 1 line
06-02 09:35:29.032  2185  3707 I chatty  : uid=1000(system) Binder:2185_F expire 5 lines
06-02 09:35:29.159  2185  3565 I chatty  : uid=1000(system) Binder:2185_6 expire 3 lines
06-02 09:35:40.119  2185  2504 I chatty  : uid=1000(system) AlarmManager expire 8 lines
06-02 09:35:40.135  2185  8479 I chatty  : uid=1000(system) Binder:2185_16 expire 10 lines
06-02 09:35:40.157  2185 24173 I chatty  : uid=1000(system) Binder:2185_19 expire 2 lines
06-02 09:35:43.519  2185  2890 I chatty  : uid=1000(system) Binder:2185_5 expire 2 lines
06-02 09:35:43.524  2185  2200 I chatty  : uid=1000(system) Binder:2185_2 expire 3 lines
06-02 09:35:43.535  2185  3725 I chatty  : uid=1000(system) Binder:2185_11 expire 10 lines
06-02 09:35:53.766  2185  2185 I chatty  : uid=1000 system_server expire 1 line
06-02 09:35:53.831  2185  2222 I chatty  : uid=1000(system) batterystats-sy expire 3 lines
06-02 09:35:59.793  2185  2622 I chatty  : uid=1000(system) Binder:2185_4 expire 10 lines
06-02 09:35:59.836  2185  3697 I chatty  : uid=1000(system) Binder:2185_D expire 2 lines
06-02 09:35:59.982  2185 19420 I chatty  : uid=1000(system) Binder:2185_12 expire 2 lines
06-02 09:36:00.111  2185 24175 I chatty  : uid=1000(system) Binder:2185_1A expire 2 lines
06-02 09:36:00.214  2185 24171 I chatty  : uid=1000(system) Binder:2185_18 expire 6 lines
06-02 09:36:08.781  2185  3653 I chatty  : uid=1000(system) Binder:2185_9 expire 1 line
06-02 09:36:11.905  2185 25140 I chatty  : uid=1000(system) Binder:2185_1B expire 3 lines
06-02 09:36:12.064  2185  5139 I chatty  : uid=1000(system) Binder:2185_15 expire 1 line
06-02 09:36:15.692  2185  3593 I chatty  : uid=1000(system) Binder:2185_7 expire 1 line
06-02 09:36:27.089  2185  2530 I chatty  : uid=1000(system) WifiStateMachin expire 4 lines
06-02 09:36:29.066  2185  4613 I chatty  : uid=1000(system) Binder:2185_1D expire 5 lines
06-02 09:36:29.099  2185  2547 I chatty  : uid=1000(system) Binder:2185_3 expire 4 lines
06-02 09:36:31.297  2185  3723 I chatty  : uid=1000(system) Binder:2185_10 expire 3 lines
06-02 09:36:40.630 22684 22684 D ActivityThread: Loading provider com.whatsapp.provider.contact: com.whatsapp.contact.ContactProvider
06-02 09:36:40.682  2185  3595 I chatty  : uid=1000(system) Binder:2185_8 expire 1 line
06-02 09:36:40.746  2185  2218 I chatty  : uid=1000(system) ActivityManager expire 9 lines
06-02 09:36:40.748  2185  2622 I chatty  : uid=1000(system) Binder:2185_4 expire 1 line
06-02 09:36:41.064  2185  3679 I chatty  : uid=1000(system) Binder:2185_C expire 9 lines
06-02 09:36:47.296  2185  3707 I chatty  : uid=1000(system) Binder:2185_F expire 8 lines
06-02 09:36:47.296  2185  2537 I chatty  : uid=1000(system) ConnectivitySer expire 1 line
06-02 09:36:48.581  2185  2218 I chatty  : uid=1000(system) ActivityManager expire 63 lines
06-02 09:36:49.184  2185 11205 I chatty  : uid=1000(system) Binder:2185_1F expire 4 lines
06-02 09:36:49.410  2185  3678 I chatty  : uid=1000(system) Binder:2185_B expire 1 line
06-02 09:36:52.303  2185  5138 I chatty  : uid=1000(system) Binder:2185_14 expire 5 lines
06-02 09:36:58.754  2185  3565 I chatty  : uid=1000(system) Binder:2185_6 expire 2 lines
06-02 09:36:59.061  2185  2890 I chatty  : uid=1000(system) Binder:2185_5 expire 4 lines
06-02 09:37:00.004  2185  2504 I chatty  : uid=1000(system) AlarmManager expire 11 lines
06-02 09:37:00.053  2185 11206 I chatty  : uid=1000(system) Binder:2185_20 expire 2 lines
06-02 09:37:00.115  2185  3725 I chatty  : uid=1000(system) Binder:2185_11 expire 4 lines
06-02 09:37:00.298  2185  2200 I chatty  : uid=1000(system) Binder:2185_2 expire 10 lines
06-02 09:37:00.319  2185  2530 I chatty  : uid=1000(system) WifiStateMachin expire 12 lines
06-02 09:37:08.744  2185 24175 I chatty  : uid=1000(system) Binder:2185_1A expire 12 lines
06-02 09:37:09.341  2185  2547 I chatty  : uid=1000(system) Binder:2185_3 expire 1 line
06-02 09:37:09.863  2185  3697 I chatty  : uid=1000(system) Binder:2185_D expire 3 lines
06-02 09:37:15.877  2185 24171 I chatty  : uid=1000(system) Binder:2185_18 expire 4 lines
06-02 09:37:16.077  2185 25141 I chatty  : uid=1000(system) Binder:2185_1C expire 2 lines
06-02 09:37:17.035  2185 24173 I chatty  : uid=1000(system) Binder:2185_19 expire 4 lines
06-02 09:37:17.089  2185  3698 I chatty  : uid=1000(system) Binder:2185_E expire 6 lines
06-02 09:37:30.013  2185  3723 I chatty  : uid=1000(system) Binder:2185_10 expire 3 lines
06-02 09:37:30.656  2185 19421 I chatty  : uid=1000(system) Binder:2185_13 expire 2 lines
06-02 09:37:37.761  2185  2519 I chatty  : uid=1000(system) NetworkStats expire 6 lines
06-02 09:37:39.507  2185 10699 I chatty  : uid=1000(system) Binder:2185_1E expire 1 line
06-02 09:37:39.833  2185  2622 I chatty  : uid=1000(system) Binder:2185_4 expire 10 lines
06-02 09:37:48.316  2185  5139 I chatty  : uid=1000(system) Binder:2185_15 expire 2 lines
06-02 09:37:48.324  2185  3657 I chatty  : uid=1000(system) Binder:2185_A expire 3 lines
06-02 09:37:50.230  2185  2199 I chatty  : uid=1000(system) Binder:2185_1 expire 1 line
06-02 09:37:50.730  2185  2258 I chatty  : uid=1000(system) android.display expire 1 line
06-02 09:37:56.739  2185  3593 I chatty  : uid=1000(system) Binder:2185_7 expire 2 lines
06-02 09:38:05.985  2185 25140 I chatty  : uid=1000(system) Binder:2185_1B expire 2 lines
06-02 09:38:09.244  2185  2185 I chatty  : uid=1000 system_server expire 1 line
06-02 09:38:09.267  2185  2222 I chatty  : uid=1000(system) batterystats-sy expire 2 lines
06-02 09:38:19.356  2185  4613 I chatty  : uid=1000(system) Binder:2185_1D expire 2 lines
06-02 09:39:00.122  2185  8479 I chatty  : uid=1000(system) Binder:2185_16 expire 4 lines
06-02 09:39:01.251  2185  2530 I chatty  : uid=1000(system) WifiStateMachin expire 6 lines
06-02 09:39:01.253  2185  2218 I chatty  : uid=1000(system) ActivityManager expire 20 lines
06-02 09:39:16.450  2185  2504 I chatty  : uid=1000(system) AlarmManager expire 9 lines
06-02 09:39:16.665  2185 10699 I chatty  : uid=1000(system) Binder:2185_1E expire 8 lines
06-02 09:39:19.098  2185  2519 I chatty  : uid=1000(system) NetworkStats expire 1 line
06-02 09:39:26.411  2185  5138 I chatty  : uid=1000(system) Binder:2185_14 expire 4 lines
06-02 09:39:26.437  2185  3725 I chatty  : uid=1000(system) Binder:2185_11 expire 7 lines
06-02 09:39:26.439  2185  3698 I chatty  : uid=1000(system) Binder:2185_E expire 6 lines
06-02 09:39:26.702  2185  3595 I chatty  : uid=1000(system) Binder:2185_8 expire 4 lines
06-02 09:39:26.751  2185  3657 I chatty  : uid=1000(system) Binder:2185_A expire 6 lines
06-02 09:39:27.081  2185 24175 I chatty  : uid=1000(system) Binder:2185_1A expire 4 lines
06-02 09:39:27.118  2185  3565 I chatty  : uid=1000(system) Binder:2185_6 expire 4 lines
06-02 09:39:27.152  2185  4613 I chatty  : uid=1000(system) Binder:2185_1D expire 7 lines
06-02 09:39:27.705  2185  5139 I chatty  : uid=1000(system) Binder:2185_15 expire 10 lines
06-02 09:39:29.192  2185  2199 I chatty  : uid=1000(system) Binder:2185_1 expire 2 lines
06-02 09:39:29.692  2185 31361 I chatty  : uid=1000(system) Binder:2185_17 expire 3 lines
06-02 09:39:29.755  2185  3723 I chatty  : uid=1000(system) Binder:2185_10 expire 5 lines
06-02 09:39:29.756  2185  2537 I chatty  : uid=1000(system) ConnectivitySer expire 1 line
06-02 09:39:37.531  2185  2217 I chatty  : uid=1000(system) android.bg expire 3 lines
06-02 09:39:42.061 19229 23664 E ActivityThread: Failed to find provider info for com.facebook.katana.provider.AttributionIdProvider
06-02 09:39:43.622  2185  2218 I chatty  : uid=1000(system) ActivityManager expire 33 lines
06-02 09:39:44.844  2185 24171 I chatty  : uid=1000(system) Binder:2185_18 expire 1 line
06-02 09:39:44.996  2185 24173 I chatty  : uid=1000(system) Binder:2185_19 expire 1 line
06-02 09:39:47.737  2185  3593 I chatty  : uid=1000(system) Binder:2185_7 expire 3 lines
06-02 09:39:53.730  2185  3707 I chatty  : uid=1000(system) Binder:2185_F expire 1 line
06-02 09:40:00.426  2185  2547 I chatty  : uid=1000(system) Binder:2185_3 expire 8 lines
06-02 09:40:01.121  2185  3697 I chatty  : uid=1000(system) Binder:2185_D expire 1 line
06-02 09:40:01.345  2185 11206 I chatty  : uid=1000(system) Binder:2185_20 expire 2 lines
06-02 09:40:02.679  2185 19421 I chatty  : uid=1000(system) Binder:2185_13 expire 1 line
06-02 09:40:02.684  2185  2890 I chatty  : uid=1000(system) Binder:2185_5 expire 1 line
06-02 09:40:10.373  2185  3678 I chatty  : uid=1000(system) Binder:2185_B expire 6 lines
06-02 09:40:13.357  2185  2256 I chatty  : uid=1000(system) android.io expire 4 lines
06-02 09:40:19.837  2185 25140 I chatty  : uid=1000(system) Binder:2185_1B expire 1 line
06-02 09:40:20.458  2185 19420 I chatty  : uid=1000(system) Binder:2185_12 expire 7 lines
06-02 09:40:20.039  2185  2185 I chatty  : uid=1000 system_server expire 10 lines
06-02 09:40:20.194  2185  2543 I chatty  : uid=1000(system) onProviders.ECP expire 4 lines
06-02 09:40:20.833  2185 25141 I chatty  : uid=1000(system) Binder:2185_1C expire 1 line
06-02 09:40:20.919  2185  3653 I chatty  : uid=1000(system) Binder:2185_9 expire 1 line
06-02 09:40:22.626  2185  3679 I chatty  : uid=1000(system) Binder:2185_C expire 3 lines
06-02 09:40:24.316  2185  2547 I chatty  : uid=1000(system) Binder:2185_3 expire 7 lines
06-02 09:40:24.683  2185  3657 I chatty  : uid=1000(system) Binder:2185_A expire 2 lines
06-02 09:40:25.299  2185  2218 I chatty  : uid=1000(system) ActivityManager expire 40 lines
06-02 09:40:25.398  2185  2217 I chatty  : uid=1000(system) android.bg expire 3 lines
06-02 09:40:25.628  2185 24175 I chatty  : uid=1000(system) Binder:2185_1A expire 8 lines
06-02 09:40:25.660  2185 10699 I chatty  : uid=1000(system) Binder:2185_1E expire 11 lines
06-02 09:40:25.697  2185  2890 I chatty  : uid=1000(system) Binder:2185_5 expire 7 lines
06-02 09:40:26.138  2185  3678 I chatty  : uid=1000(system) Binder:2185_B expire 9 lines
06-02 09:40:26.248  2185  3725 I chatty  : uid=1000(system) Binder:2185_11 expire 6 lines
06-02 09:40:27.492  2185 25140 I chatty  : uid=1000(system) Binder:2185_1B expire 3 lines
06-02 09:40:27.500  2185  2537 I chatty  : uid=1000(system) ConnectivitySer expire 1 line
06-02 09:40:27.523  2185  3595 I chatty  : uid=1000(system) Binder:2185_8 expire 7 lines
06-02 09:40:27.616  2185  2200 I chatty  : uid=1000(system) Binder:2185_2 expire 6 lines
06-02 09:40:27.678  2185  5139 I chatty  : uid=1000(system) Binder:2185_15 expire 2 lines
06-02 09:40:27.679  2185 24173 I chatty  : uid=1000(system) Binder:2185_19 expire 5 lines
06-02 09:40:27.722  2185  3698 I chatty  : uid=1000(system) Binder:2185_E expire 6 lines
06-02 09:40:27.765  2185  3653 I chatty  : uid=1000(system) Binder:2185_9 expire 3 lines
06-02 09:40:27.798  2185 31361 I chatty  : uid=1000(system) Binder:2185_17 expire 5 lines
06-02 09:40:27.831  2185  3707 I chatty  : uid=1000(system) Binder:2185_F expire 4 lines
06-02 09:40:27.876  2185  3697 I chatty  : uid=1000(system) Binder:2185_D expire 8 lines
06-02 09:40:27.933  2185  3593 I chatty  : uid=1000(system) Binder:2185_7 expire 4 lines
06-02 09:40:27.941  2185  8479 I chatty  : uid=1000(system) Binder:2185_16 expire 4 lines
06-02 09:40:28.560  2185 11205 I chatty  : uid=1000(system) Binder:2185_1F expire 1 line
06-02 09:40:28.695  2185  2530 I chatty  : uid=1000(system) WifiStateMachin expire 2 lines
06-02 09:40:29.224  2185  2185 I chatty  : uid=1000 system_server expire 2 lines
06-02 09:40:29.342  2185  4613 I chatty  : uid=1000(system) Binder:2185_1D expire 3 lines
06-02 09:40:29.437  2185  2622 I chatty  : uid=1000(system) Binder:2185_4 expire 3 lines
06-02 09:40:29.857  2185  2263 I chatty  : uid=1000(system) PowerManagerSer expire 1 line
06-02 09:40:30.004  2185 19420 I chatty  : uid=1000(system) Binder:2185_12 expire 2 lines
06-02 09:40:30.268  2185 19421 I chatty  : uid=1000(system) Binder:2185_13 expire 2 lines
06-02 09:40:30.358  2185  2519 I chatty  : uid=1000(system) NetworkStats expire 5 lines
06-02 09:40:35.058  2185  2504 I chatty  : uid=1000(system) AlarmManager expire 8 lines
06-02 09:40:36.487  2185 11206 I chatty  : uid=1000(system) Binder:2185_20 expire 3 lines
06-02 09:40:44.490  2185 25141 I chatty  : uid=1000(system) Binder:2185_1C expire 4 lines
06-02 09:41:07.565  2185  3723 I chatty  : uid=1000(system) Binder:2185_10 expire 2 lines
06-02 09:41:11.894  2185  2199 I chatty  : uid=1000(system) Binder:2185_1 expire 2 lines
06-02 09:41:13.728  2185  2222 I chatty  : uid=1000(system) batterystats-sy expire 3 lines
06-02 09:41:18.922  2185  5138 I chatty  : uid=1000(system) Binder:2185_14 expire 2 lines
06-02 09:41:18.963  2185 24171 I chatty  : uid=1000(system) Binder:2185_18 expire 7 lines
06-02 09:41:26.512  2185  2504 I chatty  : uid=1000(system) AlarmManager expire 8 lines
06-02 09:41:26.530  2185  3653 I chatty  : uid=1000(system) Binder:2185_9 expire 1 line
06-02 09:41:26.543  2185  2547 I chatty  : uid=1000(system) Binder:2185_3 expire 11 lines
06-02 09:41:27.848  2185 25141 I chatty  : uid=1000(system) Binder:2185_1C expire 1 line
06-02 09:41:45.889  2185 10699 I chatty  : uid=1000(system) Binder:2185_1E expire 3 lines
06-02 09:41:45.893  2185  2218 I chatty  : uid=1000(system) ActivityManager expire 54 lines
06-02 09:41:47.271  2185  5138 I chatty  : uid=1000(system) Binder:2185_14 expire 4 lines
06-02 09:41:47.629  2185  3697 I chatty  : uid=1000(system) Binder:2185_D expire 2 lines
06-02 09:41:51.737  2185  3725 I chatty  : uid=1000(system) Binder:2185_11 expire 6 lines
06-02 09:41:55.825  2185  3679 I chatty  : uid=1000(system) Binder:2185_C expire 3 lines
06-02 09:41:57.074  2185  3565 I chatty  : uid=1000(system) Binder:2185_6 expire 9 lines
06-02 09:42:00.109  2185 24175 I chatty  : uid=1000(system) Binder:2185_1A expire 5 lines
06-02 09:42:04.752  2185 11205 I chatty  : uid=1000(system) Binder:2185_1F expire 11 lines
06-02 09:42:07.730  2185  2622 I chatty  : uid=1000(system) Binder:2185_4 expire 2 lines
06-02 09:42:16.965  2185  8479 I chatty  : uid=1000(system) Binder:2185_16 expire 1 line
06-02 09:42:17.433  2185 19421 I chatty  : uid=1000(system) Binder:2185_13 expire 1 line
06-02 09:42:19.963  2185  3698 I chatty  : uid=1000(system) Binder:2185_E expire 7 lines
06-02 09:42:27.613  2185  4613 I chatty  : uid=1000(system) Binder:2185_1D expire 2 lines
06-02 09:42:27.884  2185  3707 I chatty  : uid=1000(system) Binder:2185_F expire 5 lines
06-02 09:42:28.170  2185  3657 I chatty  : uid=1000(system) Binder:2185_A expire 13 lines
06-02 09:42:28.690  2185  2537 I chatty  : uid=1000(system) ConnectivitySer expire 1 line
06-02 09:42:39.911  2185  5139 I chatty  : uid=1000(system) Binder:2185_15 expire 5 lines
06-02 09:42:41.302  2185 24173 I chatty  : uid=1000(system) Binder:2185_19 expire 5 lines
06-02 09:42:46.999  2185 31361 I chatty  : uid=1000(system) Binder:2185_17 expire 9 lines
06-02 09:42:48.288  2185  2199 I chatty  : uid=1000(system) Binder:2185_1 expire 4 lines
06-02 09:42:49.303  2185  2217 I chatty  : uid=1000(system) android.bg expire 1 line
06-02 09:42:49.317  2185 25140 I chatty  : uid=1000(system) Binder:2185_1B expire 1 line
06-02 09:42:50.096  2185  3595 I chatty  : uid=1000(system) Binder:2185_8 expire 2 lines
06-02 09:42:50.213  2185 19420 I chatty  : uid=1000(system) Binder:2185_12 expire 4 lines
06-02 09:42:57.691  2185  3678 I chatty  : uid=1000(system) Binder:2185_B expire 1 line
06-02 09:43:02.599  2185  2519 I chatty  : uid=1000(system) NetworkStats expire 3 lines
06-02 09:43:09.200  2185  3723 I chatty  : uid=1000(system) Binder:2185_10 expire 1 line
06-02 09:43:10.110  2185  2890 I chatty  : uid=1000(system) Binder:2185_5 expire 3 lines
06-02 09:43:11.235  2185  3593 I chatty  : uid=1000(system) Binder:2185_7 expire 2 lines
06-02 09:43:11.504  2185  2200 I chatty  : uid=1000(system) Binder:2185_2 expire 7 lines
06-02 09:43:11.744  2185  5139 I chatty  : uid=1000(system) Binder:2185_15 expire 8 lines
06-02 09:43:11.745  2185  2537 I chatty  : uid=1000(system) ConnectivitySer expire 1 line
06-02 09:43:12.531  2185  2218 I chatty  : uid=1000(system) ActivityManager expire 49 lines
06-02 09:43:12.728  2185  2199 I chatty  : uid=1000(system) Binder:2185_1 expire 7 lines
06-02 09:43:12.789  2185 25141 I chatty  : uid=1000(system) Binder:2185_1C expire 10 lines
06-02 09:43:12.798  2185 24173 I chatty  : uid=1000(system) Binder:2185_19 expire 11 lines
06-02 09:43:13.138  2185  2185 I chatty  : uid=1000 system_server expire 1 line
06-02 09:43:13.235  2185  2222 I chatty  : uid=1000(system) batterystats-sy expire 3 lines
06-02 09:43:13.712  2185  3657 I chatty  : uid=1000(system) Binder:2185_A expire 9 lines
06-02 09:43:14.120  2185  2622 I chatty  : uid=1000(system) Binder:2185_4 expire 3 lines
06-02 09:43:14.418  2185  3595 I chatty  : uid=1000(system) Binder:2185_8 expire 8 lines
06-02 09:43:14.475  2185  3697 I chatty  : uid=1000(system) Binder:2185_D expire 3 lines
06-02 09:43:14.595  2185  3723 I chatty  : uid=1000(system) Binder:2185_10 expire 2 lines
06-02 09:43:14.839  2185 10699 I chatty  : uid=1000(system) Binder:2185_1E expire 3 lines
06-02 09:43:14.902  2185 19421 I chatty  : uid=1000(system) Binder:2185_13 expire 5 lines
06-02 09:43:16.132  2185 19420 I chatty  : uid=1000(system) Binder:2185_12 expire 7 lines
06-02 09:43:16.835  2185  3653 I chatty  : uid=1000(system) Binder:2185_9 expire 2 lines
06-02 09:43:18.884  2185  3678 I chatty  : uid=1000(system) Binder:2185_B expire 5 lines
06-02 09:43:18.954  2185  3725 I chatty  : uid=1000(system) Binder:2185_11 expire 2 lines
06-02 09:43:20.014  2185  3565 I chatty  : uid=1000(system) Binder:2185_6 expire 4 lines
06-02 09:43:20.320  2185 24171 I chatty  : uid=1000(system) Binder:2185_18 expire 4 lines
06-02 09:43:20.403  2185  2217 I chatty  : uid=1000(system) android.bg expire 1 line
06-02 09:43:20.837 25984 26010 D ActivityThread: Loading provider com.google.android.gmail.provider;com.android.mail.notifier;com.google.android.gm.email.provider;com.google.android.gm.tasks.provider;com.google.android.gm.email.notifier: com.android.email.provider.EmailProvider
06-02 09:43:20.984  2185 11205 I chatty  : uid=1000(system) Binder:2185_1F expire 7 lines
06-02 09:43:20.992  2185  2547 I chatty  : uid=1000(system) Binder:2185_3 expire 1 line
06-02 09:43:21.104  2185  3593 I chatty  : uid=1000(system) Binder:2185_7 expire 4 lines
06-02 09:43:21.155  2185  5138 I chatty  : uid=1000(system) Binder:2185_14 expire 4 lines
06-02 09:43:25.407  2185 24175 I chatty  : uid=1000(system) Binder:2185_1A expire 1 line
06-02 09:43:26.136  2185 31361 I chatty  : uid=1000(system) Binder:2185_17 expire 4 lines
06-02 09:43:33.850  2185 25140 I chatty  : uid=1000(system) Binder:2185_1B expire 4 lines
06-02 09:43:43.479  2185  4613 I chatty  : uid=1000(system) Binder:2185_1D expire 2 lines
06-02 09:43:52.697  2185 11206 I chatty  : uid=1000(system) Binder:2185_20 expire 6 lines
06-02 09:44:00.000  2185  2504 I chatty  : uid=1000(system) AlarmManager expire 5 lines
06-02 09:44:03.423  2185  2519 I chatty  : uid=1000(system) NetworkStats expire 1 line
06-02 09:44:09.270  2185  3679 I chatty  : uid=1000(system) Binder:2185_C expire 1 line
06-02 09:44:21.324  2185  2530 I chatty  : uid=1000(system) WifiStateMachin expire 6 lines
06-02 09:44:32.718  2185 25140 I chatty  : uid=1000(system) Binder:2185_1B expire 7 lines
06-02 09:44:33.371  2185  5138 I chatty  : uid=1000(system) Binder:2185_14 expire 4 lines
06-02 09:44:33.372  2185  2218 I chatty  : uid=1000(system) ActivityManager expire 28 lines
06-02 09:44:33.374  2185  3725 I chatty  : uid=1000(system) Binder:2185_11 expire 2 lines
06-02 09:44:33.447  2185 10699 I chatty  : uid=1000(system) Binder:2185_1E expire 4 lines
06-02 09:44:33.600  2185  8479 I chatty  : uid=1000(system) Binder:2185_16 expire 2 lines
06-02 09:44:33.649  2185  2890 I chatty  : uid=1000(system) Binder:2185_5 expire 5 lines
06-02 09:44:33.811  2185 25141 I chatty  : uid=1000(system) Binder:2185_1C expire 1 line
06-02 09:44:33.935  2185  3678 I chatty  : uid=1000(system) Binder:2185_B expire 8 lines
06-02 09:44:33.977  2185  3565 I chatty  : uid=1000(system) Binder:2185_6 expire 5 lines
06-02 09:44:34.912  2185  5139 I chatty  : uid=1000(system) Binder:2185_15 expire 10 lines
06-02 09:44:34.916  2185  3723 I chatty  : uid=1000(system) Binder:2185_10 expire 2 lines
06-02 09:44:53.865  2185  2217 I chatty  : uid=1000(system) android.bg expire 1 line
06-02 09:44:53.980  2185 24173 I chatty  : uid=1000(system) Binder:2185_19 expire 5 lines
06-02 09:44:57.696  2185 11206 I chatty  : uid=1000(system) Binder:2185_20 expire 2 lines
06-02 09:44:57.958  2185  4613 I chatty  : uid=1000(system) Binder:2185_1D expire 3 lines
06-02 09:44:57.958  2185 24171 I chatty  : uid=1000(system) Binder:2185_18 expire 3 lines
06-02 09:44:57.960  2185  2537 I chatty  : uid=1000(system) ConnectivitySer expire 1 line
06-02 09:44:58.092  2185  3657 I chatty  : uid=1000(system) Binder:2185_A expire 2 lines
06-02 09:44:58.219  2185  2547 I chatty  : uid=1000(system) Binder:2185_3 expire 4 lines
06-02 09:45:00.002  2185  2504 I chatty  : uid=1000(system) AlarmManager expire 11 lines
06-02 09:45:03.853  2185  3707 I chatty  : uid=1000(system) Binder:2185_F expire 2 lines
06-02 09:45:09.099  2185  2622 I chatty  : uid=1000(system) Binder:2185_4 expire 8 lines
06-02 09:45:09.133  2185  2199 I chatty  : uid=1000(system) Binder:2185_1 expire 2 lines
06-02 09:45:09.453  2185  3595 I chatty  : uid=1000(system) Binder:2185_8 expire 6 lines
06-02 09:45:09.629  2185  3697 I chatty  : uid=1000(system) Binder:2185_D expire 8 lines
06-02 09:45:09.742  2185 19421 I chatty  : uid=1000(system) Binder:2185_13 expire 5 lines
06-02 09:45:09.759  2185 24175 I chatty  : uid=1000(system) Binder:2185_1A expire 1 line
06-02 09:45:10.238  2185  2200 I chatty  : uid=1000(system) Binder:2185_2 expire 5 lines
06-02 09:45:14.600  2185  3698 I chatty  : uid=1000(system) Binder:2185_E expire 4 lines
06-02 09:45:15.778  2185  3679 I chatty  : uid=1000(system) Binder:2185_C expire 1 line
06-02 09:45:21.330  3716  3818 W ContextImpl: Calling a method in the system process without a qualified user: android.app.ContextImpl.bindService:1422 android.content.ContextWrapper.bindService:636 com.google.android.gms.ads.identifier.AdvertisingIdClient.h:-1 com.google.android.gms.ads.identifier.AdvertisingIdClient.b:-1 com.google.android.gms.ads.identifier.AdvertisingIdClient.getAdvertisingIdInfo:-1 
06-02 09:45:23.746  2185  2218 I chatty  : uid=1000(system) ActivityManager expire 16 lines
06-02 09:45:24.101  2185 31361 I chatty  : uid=1000(system) Binder:2185_17 expire 1 line
06-02 09:45:29.752  2185  2256 I chatty  : uid=1000(system) android.io expire 2 lines
06-02 09:45:29.884  2185 19420 I chatty  : uid=1000(system) Binder:2185_12 expire 4 lines
06-02 09:45:57.155  2185  2519 I chatty  : uid=1000(system) NetworkStats expire 1 line
06-02 09:46:01.587  2185  2507 I chatty  : uid=1000(system) InputReader expire 2 lines
06-02 09:46:01.624  2185  2185 I chatty  : uid=1000 system_server expire 5 lines
06-02 09:46:02.157  2185  2263 I chatty  : uid=1000(system) PowerManagerSer expire 3 lines
06-02 09:46:02.719 24733 24733 V KeyguardStatusView: refresh statusview showing:true
06-02 09:46:02.730 24733 24733 V KeyguardDisplayManager: show
06-02 09:46:02.787  2185  2218 I chatty  : uid=1000(system) ActivityManager expire 3 lines
06-02 09:46:03.102  2185  3593 I chatty  : uid=1000(system) Binder:2185_7 expire 1 line
06-02 09:46:03.168  2185  2258 I chatty  : uid=1000(system) android.display expire 4 lines
06-02 09:46:14.088  2185  2263 I chatty  : uid=1000(system) PowerManagerSer expire 1 line
06-02 09:46:14.273  2185  3707 I chatty  : uid=1000(system) Binder:2185_F expire 1 line
06-02 09:46:14.287  2185 10699 I chatty  : uid=1000(system) Binder:2185_1E expire 3 lines
06-02 09:46:14.288  2185  2199 I chatty  : uid=1000(system) Binder:2185_1 expire 7 lines
06-02 09:46:14.894  2185  2185 I chatty  : uid=1000 system_server expire 3 lines
06-02 09:46:14.947  2185  2622 I chatty  : uid=1000(system) Binder:2185_4 expire 5 lines
06-02 09:46:14.967  2185  2890 I chatty  : uid=1000(system) Binder:2185_5 expire 4 lines
06-02 09:46:15.138 24733 24733 V KeyguardDisplayManager: hide
06-02 09:46:15.142  2185  5138 I chatty  : uid=1000(system) Binder:2185_14 expire 2 lines
06-02 09:46:15.144  2185  2218 I chatty  : uid=1000(system) ActivityManager expire 38 lines
06-02 09:46:15.166  2185 11206 I chatty  : uid=1000(system) Binder:2185_20 expire 11 lines
06-02 09:46:15.236  2185  3593 I chatty  : uid=1000(system) Binder:2185_7 expire 5 lines
06-02 09:46:15.290  2185  3565 I chatty  : uid=1000(system) Binder:2185_6 expire 10 lines
06-02 09:46:15.614  2185  3725 I chatty  : uid=1000(system) Binder:2185_11 expire 5 lines
06-02 09:46:15.617  2185  2537 I chatty  : uid=1000(system) ConnectivitySer expire 2 lines
06-02 09:46:15.652  2185  5139 I chatty  : uid=1000(system) Binder:2185_15 expire 5 lines
06-02 09:46:15.905  2185  3657 I chatty  : uid=1000(system) Binder:2185_A expire 8 lines
06-02 09:46:15.944  2185 19421 I chatty  : uid=1000(system) Binder:2185_13 expire 2 lines
06-02 09:46:16.278  2185  2200 I chatty  : uid=1000(system) Binder:2185_2 expire 1 line
06-02 09:46:16.292  2185  8479 I chatty  : uid=1000(system) Binder:2185_16 expire 3 lines
06-02 09:46:25.633  2185  2547 I chatty  : uid=1000(system) Binder:2185_3 expire 2 lines
06-02 09:46:25.984  2185  3697 I chatty  : uid=1000(system) Binder:2185_D expire 4 lines
06-02 09:46:26.944  2185  2256 I chatty  : uid=1000(system) android.io expire 2 lines
06-02 09:46:27.791  2185  2504 I chatty  : uid=1000(system) AlarmManager expire 8 lines
06-02 09:46:29.076  2185  3679 I chatty  : uid=1000(system) Binder:2185_C expire 3 lines
06-02 09:46:30.450  2185  3678 I chatty  : uid=1000(system) Binder:2185_B expire 3 lines
06-02 09:46:30.478  2185  3595 I chatty  : uid=1000(system) Binder:2185_8 expire 3 lines
06-02 09:46:30.582  2185 24171 I chatty  : uid=1000(system) Binder:2185_18 expire 4 lines
06-02 09:46:31.132  2185  4613 I chatty  : uid=1000(system) Binder:2185_1D expire 4 lines
06-02 09:46:34.880  2185  2530 I chatty  : uid=1000(system) WifiStateMachin expire 9 lines
06-02 09:46:37.547  2185  3698 I chatty  : uid=1000(system) Binder:2185_E expire 4 lines
06-02 09:46:38.288  2185 25140 I chatty  : uid=1000(system) Binder:2185_1B expire 3 lines
06-02 09:46:38.507  2185  3723 I chatty  : uid=1000(system) Binder:2185_10 expire 4 lines
06-02 09:46:52.892  2185  2506 I chatty  : uid=1000(system) InputDispatcher expire 2 lines
06-02 09:46:53.285  2185 31361 I chatty  : uid=1000(system) Binder:2185_17 expire 1 line
06-02 09:46:54.026  2185 11205 I chatty  : uid=1000(system) Binder:2185_1F expire 1 line
06-02 09:46:55.794 24377 27738 E ActivityThread: Failed to find provider info for com.facebook.katana.provider.AttributionIdProvider
06-02 09:46:56.046  2185  2218 I chatty  : uid=1000(system) ActivityManager expire 15 lines
06-02 09:46:56.072  2185  3653 I chatty  : uid=1000(system) Binder:2185_9 expire 2 lines
06-02 09:46:57.825  2185 25141 I chatty  : uid=1000(system) Binder:2185_1C expire 4 lines
06-02 09:47:27.129  2185 24173 I chatty  : uid=1000(system) Binder:2185_19 expire 1 line
06-02 09:47:27.371  2185 19420 I chatty  : uid=1000(system) Binder:2185_12 expire 14 lines
06-02 09:47:28.454  2185  3595 I chatty  : uid=1000(system) Binder:2185_8 expire 2 lines
06-02 09:47:29.388  2185  2218 I chatty  : uid=1000(system) ActivityManager expire 61 lines
06-02 09:47:29.749  2185  3725 I chatty  : uid=1000(system) Binder:2185_11 expire 1 line
06-02 09:47:30.689  2185  3593 I chatty  : uid=1000(system) Binder:2185_7 expire 2 lines
06-02 09:47:31.032  2185 24171 I chatty  : uid=1000(system) Binder:2185_18 expire 2 lines
06-02 09:47:31.131  2185 11205 I chatty  : uid=1000(system) Binder:2185_1F expire 5 lines
06-02 09:47:31.553  2185  3657 I chatty  : uid=1000(system) Binder:2185_A expire 8 lines
06-02 09:47:31.555  2185  5139 I chatty  : uid=1000(system) Binder:2185_15 expire 2 lines
06-02 09:47:31.622  2185  2547 I chatty  : uid=1000(system) Binder:2185_3 expire 4 lines
06-02 09:47:31.819  2185 11206 I chatty  : uid=1000(system) Binder:2185_20 expire 1 line
06-02 09:47:32.126  2185  3698 I chatty  : uid=1000(system) Binder:2185_E expire 6 lines
06-02 09:47:32.700  2185 10699 I chatty  : uid=1000(system) Binder:2185_1E expire 5 lines
06-02 09:47:33.493  2185  3679 I chatty  : uid=1000(system) Binder:2185_C expire 1 line
06-02 09:47:36.149  2185  2519 I chatty  : uid=1000(system) NetworkStats expire 4 lines
06-02 09:47:36.582  2185  5138 I chatty  : uid=1000(system) Binder:2185_14 expire 8 lines
06-02 09:47:39.873  2185 31361 I chatty  : uid=1000(system) Binder:2185_17 expire 6 lines
06-02 09:47:56.367  2185  3723 I chatty  : uid=1000(system) Binder:2185_10 expire 1 line
06-02 09:47:56.482  2185  8479 I chatty  : uid=1000(system) Binder:2185_16 expire 5 lines
06-02 09:47:56.931  2185  2199 I chatty  : uid=1000(system) Binder:2185_1 expire 7 lines
06-02 09:47:58.206  2185 24173 I chatty  : uid=1000(system) Binder:2185_19 expire 1 line
06-02 09:47:59.648  2185 24175 I chatty  : uid=1000(system) Binder:2185_1A expire 10 lines
06-02 09:48:00.004  2185  2504 I chatty  : uid=1000(system) AlarmManager expire 9 lines
06-02 09:48:09.980  2185 25141 I chatty  : uid=1000(system) Binder:2185_1C expire 2 lines
06-02 09:48:10.002  2185  2890 I chatty  : uid=1000(system) Binder:2185_5 expire 2 lines
06-02 09:48:10.559  2185  3565 I chatty  : uid=1000(system) Binder:2185_6 expire 6 lines
06-02 09:48:15.889  2185  2258 I chatty  : uid=1000(system) android.display expire 3 lines
06-02 09:48:16.819  2185  3653 I chatty  : uid=1000(system) Binder:2185_9 expire 1 line
06-02 09:48:16.838  2185  4613 I chatty  : uid=1000(system) Binder:2185_1D expire 5 lines
06-02 09:48:16.844  2185  3678 I chatty  : uid=1000(system) Binder:2185_B expire 1 line
06-02 09:48:18.958  2185  3707 I chatty  : uid=1000(system) Binder:2185_F expire 3 lines
06-02 09:48:31.237  2185 19421 I chatty  : uid=1000(system) Binder:2185_13 expire 2 lines
06-02 09:48:35.627  2185  2537 I chatty  : uid=1000(system) ConnectivitySer expire 1 line
06-02 09:48:44.875  2185  2530 I chatty  : uid=1000(system) WifiStateMachin expire 2 lines
06-02 09:48:47.384  2185  2222 I chatty  : uid=1000(system) batterystats-sy expire 2 lines
06-02 09:48:47.387  2185  2185 I chatty  : uid=1000 system_server expire 1 line
06-02 09:48:47.413  2185 25140 I chatty  : uid=1000(system) Binder:2185_1B expire 5 lines
06-02 09:48:57.412  2185  2622 I chatty  : uid=1000(system) Binder:2185_4 expire 1 line
06-02 09:48:58.186  2185  3697 I chatty  : uid=1000(system) Binder:2185_D expire 1 line
06-02 09:49:11.084  2185  2200 I chatty  : uid=1000(system) Binder:2185_2 expire 5 lines
06-02 09:49:35.749  2185 31361 I chatty  : uid=1000(system) Binder:2185_17 expire 11 lines
06-02 09:49:35.780  2185  3653 I chatty  : uid=1000(system) Binder:2185_9 expire 2 lines
06-02 09:49:36.257  2185  3725 I chatty  : uid=1000(system) Binder:2185_11 expire 2 lines
06-02 09:49:36.258  2185  2218 I chatty  : uid=1000(system) ActivityManager expire 42 lines
06-02 09:49:36.651  2185  3707 I chatty  : uid=1000(system) Binder:2185_F expire 4 lines
06-02 09:49:36.661  2185 24173 I chatty  : uid=1000(system) Binder:2185_19 expire 6 lines
06-02 09:49:36.696  2185  3565 I chatty  : uid=1000(system) Binder:2185_6 expire 6 lines
06-02 09:49:37.388  2185 24175 I chatty  : uid=1000(system) Binder:2185_1A expire 2 lines
06-02 09:49:37.465  2185  8479 I chatty  : uid=1000(system) Binder:2185_16 expire 2 lines
06-02 09:49:40.409  2185  3678 I chatty  : uid=1000(system) Binder:2185_B expire 2 lines
06-02 09:49:46.428  2185  2507 I chatty  : uid=1000(system) InputReader expire 1 line
06-02 09:49:46.459  2185  2185 I chatty  : uid=1000 system_server expire 4 lines
06-02 09:49:46.898  2185  3697 I chatty  : uid=1000(system) Binder:2185_D expire 5 lines
06-02 09:49:46.938  2185  2263 I chatty  : uid=1000(system) PowerManagerSer expire 2 lines
06-02 09:49:47.067  2185 25141 I chatty  : uid=1000(system) Binder:2185_1C expire 5 lines
06-02 09:49:47.438 24733 24733 V KeyguardStatusView: refresh statusview showing:true
06-02 09:49:47.456 24733 24733 V KeyguardDisplayManager: show
06-02 09:49:47.844  2185  2199 I chatty  : uid=1000(system) Binder:2185_1 expire 2 lines
06-02 09:49:47.986  2185  2258 I chatty  : uid=1000(system) android.display expire 2 lines
06-02 09:49:48.601  2185  3595 I chatty  : uid=1000(system) Binder:2185_8 expire 7 lines
06-02 09:49:48.602  2185  2537 I chatty  : uid=1000(system) ConnectivitySer expire 2 lines
06-02 09:49:49.033  2185  4613 I chatty  : uid=1000(system) Binder:2185_1D expire 8 lines
06-02 09:49:49.284  2185 11206 I chatty  : uid=1000(system) Binder:2185_20 expire 7 lines
06-02 09:49:49.506  2185  3593 I chatty  : uid=1000(system) Binder:2185_7 expire 6 lines
06-02 09:49:49.765  2185 25140 I chatty  : uid=1000(system) Binder:2185_1B expire 4 lines
06-02 09:49:49.782  2185 19421 I chatty  : uid=1000(system) Binder:2185_13 expire 7 lines
06-02 09:49:51.768  2185  2622 I chatty  : uid=1000(system) Binder:2185_4 expire 5 lines
06-02 09:49:54.113  2185  2522 I chatty  : uid=1000(system) NetworkPolicy expire 1 line
06-02 09:49:54.591  2185  5138 I chatty  : uid=1000(system) Binder:2185_14 expire 3 lines
06-02 09:49:55.216  2185 24171 I chatty  : uid=1000(system) Binder:2185_18 expire 1 line
06-02 09:49:55.779  2185  5139 I chatty  : uid=1000(system) Binder:2185_15 expire 3 lines
06-02 09:50:06.069  2185  2547 I chatty  : uid=1000(system) Binder:2185_3 expire 2 lines
06-02 09:50:10.174  2185  2504 I chatty  : uid=1000(system) AlarmManager expire 12 lines
06-02 09:50:21.379  2185  3698 I chatty  : uid=1000(system) Binder:2185_E expire 2 lines
06-02 09:50:22.703  2185  3657 I chatty  : uid=1000(system) Binder:2185_A expire 4 lines
06-02 09:50:25.120  2185 19420 I chatty  : uid=1000(system) Binder:2185_12 expire 2 lines
06-02 09:51:00.359  2185 10699 I chatty  : uid=1000(system) Binder:2185_1E expire 3 lines
06-02 09:51:01.915  2185  3679 I chatty  : uid=1000(system) Binder:2185_C expire 6 lines
06-02 09:51:01.964  2185 11205 I chatty  : uid=1000(system) Binder:2185_1F expire 6 lines
06-02 09:51:10.399  2185  2890 I chatty  : uid=1000(system) Binder:2185_5 expire 2 lines
06-02 09:51:11.393  2185  2256 I chatty  : uid=1000(system) android.io expire 3 lines
06-02 09:51:11.846  2185  3723 I chatty  : uid=1000(system) Binder:2185_10 expire 7 lines
06-02 09:51:13.747  2185  2200 I chatty  : uid=1000(system) Binder:2185_2 expire 9 lines
06-02 09:51:13.748  2185  2218 I chatty  : uid=1000(system) ActivityManager expire 18 lines
06-02 09:51:13.751  2185  3725 I chatty  : uid=1000(system) Binder:2185_11 expire 7 lines
06-02 09:51:14.012  2185 11205 I chatty  : uid=1000(system) Binder:2185_1F expire 2 lines
06-02 09:51:14.062  2185 25141 I chatty  : uid=1000(system) Binder:2185_1C expire 5 lines
06-02 09:51:14.179  2185 11206 I chatty  : uid=1000(system) Binder:2185_20 expire 7 lines
06-02 09:51:23.608  2185  5139 I chatty  : uid=1000(system) Binder:2185_15 expire 7 lines
06-02 09:51:24.191  2185  2256 I chatty  : uid=1000(system) android.io expire 2 lines
06-02 09:51:27.301  2185 31361 I chatty  : uid=1000(system) Binder:2185_17 expire 6 lines
06-02 09:51:27.615  2185  3593 I chatty  : uid=1000(system) Binder:2185_7 expire 3 lines
06-02 09:51:31.639  2185 19420 I chatty  : uid=1000(system) Binder:2185_12 expire 1 line
06-02 09:51:46.621  2185  2890 I chatty  : uid=1000(system) Binder:2185_5 expire 3 lines
06-02 09:51:47.193  2185 19421 I chatty  : uid=1000(system) Binder:2185_13 expire 5 lines
06-02 09:51:47.426  2185 24175 I chatty  : uid=1000(system) Binder:2185_1A expire 1 line
06-02 09:51:48.020  2185  3698 I chatty  : uid=1000(system) Binder:2185_E expire 7 lines
06-02 09:51:49.224  2185  3697 I chatty  : uid=1000(system) Binder:2185_D expire 4 lines
06-02 09:51:49.297  2185  3679 I chatty  : uid=1000(system) Binder:2185_C expire 1 line
06-02 09:51:49.384  2185 25140 I chatty  : uid=1000(system) Binder:2185_1B expire 4 lines
06-02 09:51:49.443  2185  3653 I chatty  : uid=1000(system) Binder:2185_9 expire 5 lines
06-02 09:51:55.328  2185  2507 I chatty  : uid=1000(system) InputReader expire 2 lines
06-02 09:51:55.332  2185  2185 I chatty  : uid=1000 system_server expire 8 lines
06-02 09:51:55.346  2185  2263 I chatty  : uid=1000(system) PowerManagerSer expire 7 lines
06-02 09:51:55.371  2185  2258 I chatty  : uid=1000(system) android.display expire 3 lines
06-02 09:51:56.993 24733 24733 V KeyguardDisplayManager: hide
06-02 09:51:57.000  2185  2622 I chatty  : uid=1000(system) Binder:2185_4 expire 3 lines
06-02 09:51:57.001  2185  2218 I chatty  : uid=1000(system) ActivityManager expire 34 lines
06-02 09:51:57.326  2185  2199 I chatty  : uid=1000(system) Binder:2185_1 expire 2 lines
06-02 09:51:57.333  2185  2547 I chatty  : uid=1000(system) Binder:2185_3 expire 4 lines
06-02 09:51:57.608  2185  3595 I chatty  : uid=1000(system) Binder:2185_8 expire 6 lines
06-02 09:51:59.438  2185 10699 I chatty  : uid=1000(system) Binder:2185_1E expire 2 lines
06-02 09:52:00.002  2185  2504 I chatty  : uid=1000(system) AlarmManager expire 8 lines
06-02 09:52:00.444  2185 24171 I chatty  : uid=1000(system) Binder:2185_18 expire 4 lines
06-02 09:52:01.092  2185  8479 I chatty  : uid=1000(system) Binder:2185_16 expire 4 lines
06-02 09:52:03.544  2185  2506 I chatty  : uid=1000(system) InputDispatcher expire 2 lines
06-02 09:52:05.017 24733 24733 V KeyguardStatusView: refresh statusview showing:true
06-02 09:52:05.028 24733 24733 V KeyguardDisplayManager: show
06-02 09:52:05.827  2185  2537 I chatty  : uid=1000(system) ConnectivitySer expire 1 line
06-02 09:52:43.333  2185  3565 I chatty  : uid=1000(system) Binder:2185_6 expire 1 line
06-02 09:52:45.242  2185  3657 I chatty  : uid=1000(system) Binder:2185_A expire 1 line
06-02 09:52:50.249  2185  4613 I chatty  : uid=1000(system) Binder:2185_1D expire 1 line
06-02 09:53:08.396  2185  3678 I chatty  : uid=1000(system) Binder:2185_B expire 5 lines
06-02 09:53:12.441  2185  2504 I chatty  : uid=1000(system) AlarmManager expire 15 lines
06-02 09:53:12.470  2185  2622 I chatty  : uid=1000(system) Binder:2185_4 expire 6 lines
06-02 09:53:12.517  2185  3653 I chatty  : uid=1000(system) Binder:2185_9 expire 7 lines
06-02 09:53:17.301  2185  2218 I chatty  : uid=1000(system) ActivityManager expire 57 lines
06-02 09:53:17.443  2185  3697 I chatty  : uid=1000(system) Binder:2185_D expire 3 lines
06-02 09:53:19.346  2185 25141 I chatty  : uid=1000(system) Binder:2185_1C expire 8 lines
06-02 09:53:19.439  2185  5138 I chatty  : uid=1000(system) Binder:2185_14 expire 6 lines
06-02 09:53:20.658  2185  2547 I chatty  : uid=1000(system) Binder:2185_3 expire 5 lines
06-02 09:53:21.507  2185  8479 I chatty  : uid=1000(system) Binder:2185_16 expire 9 lines
06-02 09:53:21.791  2185  3723 I chatty  : uid=1000(system) Binder:2185_10 expire 8 lines
06-02 09:53:22.661  2185 19420 I chatty  : uid=1000(system) Binder:2185_12 expire 2 lines
06-02 09:53:23.220  2185  2200 I chatty  : uid=1000(system) Binder:2185_2 expire 1 line
06-02 09:53:23.223  2185  2890 I chatty  : uid=1000(system) Binder:2185_5 expire 1 line
06-02 09:53:23.284  2185  3657 I chatty  : uid=1000(system) Binder:2185_A expire 1 line
06-02 09:53:33.614  2185  3679 I chatty  : uid=1000(system) Binder:2185_C expire 4 lines
06-02 09:53:33.880  2185 11206 I chatty  : uid=1000(system) Binder:2185_20 expire 2 lines
06-02 09:53:33.960  2185 10699 I chatty  : uid=1000(system) Binder:2185_1E expire 7 lines
06-02 09:53:34.176  2185  3707 I chatty  : uid=1000(system) Binder:2185_F expire 8 lines
06-02 09:53:35.178  2185 24171 I chatty  : uid=1000(system) Binder:2185_18 expire 4 lines
06-02 09:53:36.514  2185  3593 I chatty  : uid=1000(system) Binder:2185_7 expire 2 lines
06-02 09:54:12.572  2185  5139 I chatty  : uid=1000(system) Binder:2185_15 expire 8 lines
06-02 09:54:37.297  2185  3698 I chatty  : uid=1000(system) Binder:2185_E expire 4 lines
06-02 09:54:38.529  2185  2185 I chatty  : uid=1000 system_server expire 1 line
06-02 09:54:38.552  2185  2222 I chatty  : uid=1000(system) batterystats-sy expire 3 lines
06-02 09:54:48.467  2185 24173 I chatty  : uid=1000(system) Binder:2185_19 expire 5 lines
06-02 09:55:01.236  2185  3725 I chatty  : uid=1000(system) Binder:2185_11 expire 5 lines
06-02 09:55:01.247  2185 25140 I chatty  : uid=1000(system) Binder:2185_1B expire 4 lines
06-02 09:55:01.253  2185  4613 I chatty  : uid=1000(system) Binder:2185_1D expire 1 line
06-02 09:56:00.144  2185  3595 I chatty  : uid=1000(system) Binder:2185_8 expire 1 line
06-02 09:56:27.593  2185  2537 I chatty  : uid=1000(system) ConnectivitySer expire 1 line
06-02 09:56:27.651  2185 11205 I chatty  : uid=1000(system) Binder:2185_1F expire 13 lines
06-02 09:56:39.586  2185 19421 I chatty  : uid=1000(system) Binder:2185_13 expire 5 lines
06-02 09:56:39.671  2185 25141 I chatty  : uid=1000(system) Binder:2185_1C expire 2 lines
06-02 09:56:43.504  2185  3678 I chatty  : uid=1000(system) Binder:2185_B expire 10 lines
06-02 09:56:53.936  2185  2218 I chatty  : uid=1000(system) ActivityManager expire 41 lines
06-02 09:56:55.378  2185  3725 I chatty  : uid=1000(system) Binder:2185_11 expire 5 lines
06-02 09:56:56.761  2185  2547 I chatty  : uid=1000(system) Binder:2185_3 expire 4 lines
06-02 09:56:56.901  2185 24171 I chatty  : uid=1000(system) Binder:2185_18 expire 4 lines
06-02 09:57:05.768  2185  2504 I chatty  : uid=1000(system) AlarmManager expire 10 lines
06-02 09:57:05.901  2185  3707 I chatty  : uid=1000(system) Binder:2185_F expire 8 lines
06-02 09:57:06.118  2185  3593 I chatty  : uid=1000(system) Binder:2185_7 expire 5 lines
06-02 09:57:06.276  2185  2217 I chatty  : uid=1000(system) android.bg expire 4 lines
06-02 09:57:06.301  2185 19420 I chatty  : uid=1000(system) Binder:2185_12 expire 4 lines
06-02 09:57:06.400  2185 24175 I chatty  : uid=1000(system) Binder:2185_1A expire 6 lines
06-02 09:57:06.400  2185  3698 I chatty  : uid=1000(system) Binder:2185_E expire 2 lines
06-02 09:57:06.425  2185  2199 I chatty  : uid=1000(system) Binder:2185_1 expire 3 lines
06-02 09:57:13.394  2185  4613 I chatty  : uid=1000(system) Binder:2185_1D expire 3 lines
06-02 09:57:19.308  2185  3595 I chatty  : uid=1000(system) Binder:2185_8 expire 3 lines
06-02 09:57:19.748  2185  5139 I chatty  : uid=1000(system) Binder:2185_15 expire 3 lines
06-02 09:57:19.755  2185 24173 I chatty  : uid=1000(system) Binder:2185_19 expire 10 lines
06-02 09:57:19.760  2185 10699 I chatty  : uid=1000(system) Binder:2185_1E expire 5 lines
06-02 09:57:20.258  2185  3723 I chatty  : uid=1000(system) Binder:2185_10 expire 2 lines
06-02 09:57:20.750  2185  2522 I chatty  : uid=1000(system) NetworkPolicy expire 3 lines
06-02 09:57:21.533  2185  3679 I chatty  : uid=1000(system) Binder:2185_C expire 5 lines
06-02 09:57:21.746  2185 25140 I chatty  : uid=1000(system) Binder:2185_1B expire 6 lines
06-02 09:58:00.238  2185  2537 I chatty  : uid=1000(system) ConnectivitySer expire 1 line
06-02 09:58:01.344  2185  5138 I chatty  : uid=1000(system) Binder:2185_14 expire 3 lines
06-02 09:58:01.780  2185  2200 I chatty  : uid=1000(system) Binder:2185_2 expire 2 lines
06-02 09:58:04.820  2185  2622 I chatty  : uid=1000(system) Binder:2185_4 expire 5 lines
06-02 09:58:04.901  2185  3697 I chatty  : uid=1000(system) Binder:2185_D expire 2 lines
06-02 09:58:14.235  2185 11206 I chatty  : uid=1000(system) Binder:2185_20 expire 1 line
06-02 09:58:15.740  2185  2507 I chatty  : uid=1000(system) InputReader expire 1 line
06-02 09:58:15.742  2185  2185 I chatty  : uid=1000 system_server expire 3 lines
06-02 09:58:15.752  2185  2263 I chatty  : uid=1000(system) PowerManagerSer expire 4 lines
06-02 09:58:15.770  2185  2258 I chatty  : uid=1000(system) android.display expire 1 line
06-02 09:58:15.890  2185  3565 I chatty  : uid=1000(system) Binder:2185_6 expire 2 lines
06-02 09:58:16.039  2185  2890 I chatty  : uid=1000(system) Binder:2185_5 expire 2 lines
06-02 09:58:16.075  2185  3657 I chatty  : uid=1000(system) Binder:2185_A expire 1 line
06-02 09:58:16.199  2185  3653 I chatty  : uid=1000(system) Binder:2185_9 expire 1 line
