05-29 09:57:17.557  2185 10699 I chatty  : uid=1000(system) Binder:2185_1E expire 4 lines
05-29 09:57:18.125  2185  2256 I chatty  : uid=1000(system) android.io expire 2 lines
05-29 09:57:18.270  2185  2200 I chatty  : uid=1000(system) Binder:2185_2 expire 3 lines
05-29 09:57:19.164  2185  3723 I chatty  : uid=1000(system) Binder:2185_10 expire 4 lines
05-29 09:57:19.934  2185  3679 I chatty  : uid=1000(system) Binder:2185_C expire 2 lines
05-29 09:57:20.592  2185  3707 I chatty  : uid=1000(system) Binder:2185_F expire 6 lines
05-29 09:57:20.632  2185  5139 I chatty  : uid=1000(system) Binder:2185_15 expire 1 line
05-29 09:57:21.643  2185  3678 I chatty  : uid=1000(system) Binder:2185_B expire 2 lines
05-29 09:57:22.899  2185  2622 I chatty  : uid=1000(system) Binder:2185_4 expire 5 lines
05-29 09:57:39.141  2185  2255 I chatty  : uid=1000(system) android.fg expire 3 lines
05-29 09:57:43.558  2185 11205 I chatty  : uid=1000(system) Binder:2185_1F expire 3 lines
05-29 09:58:02.117  2185 24175 I chatty  : uid=1000(system) Binder:2185_1A expire 3 lines
05-29 09:58:14.952  2185  3678 I chatty  : uid=1000(system) Binder:2185_B expire 1 line
05-29 09:58:14.953  2185  2218 I chatty  : uid=1000(system) ActivityManager expire 18 lines
05-29 09:58:14.955  2185  2255 I chatty  : uid=1000(system) android.fg expire 5 lines
05-29 09:58:14.959  2185  2890 I chatty  : uid=1000(system) Binder:2185_5 expire 3 lines
05-29 09:58:14.981  2185 19420 I chatty  : uid=1000(system) Binder:2185_12 expire 5 lines
05-29 09:58:14.999  2185 19421 I chatty  : uid=1000(system) Binder:2185_13 expire 7 lines
05-29 09:58:15.008  2185  8479 I chatty  : uid=1000(system) Binder:2185_16 expire 5 lines
05-29 09:58:15.021  2185  4613 I chatty  : uid=1000(system) Binder:2185_1D expire 3 lines
05-29 09:58:15.037  2185  3698 I chatty  : uid=1000(system) Binder:2185_E expire 2 lines
05-29 09:58:15.038  2185  3595 I chatty  : uid=1000(system) Binder:2185_8 expire 2 lines
05-29 09:58:15.040  2185  2547 I chatty  : uid=1000(system) Binder:2185_3 expire 4 lines
05-29 09:58:15.041  2185  3725 I chatty  : uid=1000(system) Binder:2185_11 expire 4 lines
05-29 09:58:15.089  2185  2537 I chatty  : uid=1000(system) ConnectivitySer expire 5 lines
05-29 09:58:15.358  2185 10699 I chatty  : uid=1000(system) Binder:2185_1E expire 5 lines
05-29 09:58:18.471  2185 24171 I chatty  : uid=1000(system) Binder:2185_18 expire 1 line
05-29 09:58:24.142  2185 31361 I chatty  : uid=1000(system) Binder:2185_17 expire 4 lines
05-29 09:58:25.100  2185  3679 I chatty  : uid=1000(system) Binder:2185_C expire 3 lines
05-29 09:58:27.087  2185  2507 I chatty  : uid=1000(system) InputReader expire 3 lines
05-29 09:58:27.096  2185  2263 I chatty  : uid=1000(system) PowerManagerSer expire 9 lines
05-29 09:58:27.110  2185  2185 I chatty  : uid=1000 system_server expire 10 lines
05-29 09:58:27.112  2185  2258 I chatty  : uid=1000(system) android.display expire 4 lines
05-29 09:58:27.549  2185 25140 I chatty  : uid=1000(system) Binder:2185_1B expire 6 lines
05-29 09:58:28.197 24733 24733 V KeyguardDisplayManager: hide
05-29 09:58:28.201  2185  3723 I chatty  : uid=1000(system) Binder:2185_10 expire 2 lines
05-29 09:58:28.202  2185  2218 I chatty  : uid=1000(system) ActivityManager expire 24 lines
05-29 09:58:28.438  2185  2200 I chatty  : uid=1000(system) Binder:2185_2 expire 1 line
05-29 09:58:28.685  2185  2622 I chatty  : uid=1000(system) Binder:2185_4 expire 4 lines
05-29 09:58:28.716  2185 25141 I chatty  : uid=1000(system) Binder:2185_1C expire 1 line
05-29 09:58:28.729  2185  5138 I chatty  : uid=1000(system) Binder:2185_14 expire 3 lines
05-29 09:58:30.187  2185  3565 I chatty  : uid=1000(system) Binder:2185_6 expire 2 lines
05-29 09:58:30.574 24733 24733 V KeyguardStatusView: refresh statusview showing:true
05-29 09:58:30.604 24733 24733 V KeyguardDisplayManager: show
05-29 09:58:30.807  2185  2199 I chatty  : uid=1000(system) Binder:2185_1 expire 6 lines
05-29 09:58:42.925  2185  2504 I chatty  : uid=1000(system) AlarmManager expire 7 lines
05-29 09:58:42.972  2185  3707 I chatty  : uid=1000(system) Binder:2185_F expire 5 lines
05-29 09:59:00.057  2185  3657 I chatty  : uid=1000(system) Binder:2185_A expire 2 lines
05-29 09:59:00.325  2185  2256 I chatty  : uid=1000(system) android.io expire 2 lines
05-29 09:59:00.371  2185  3697 I chatty  : uid=1000(system) Binder:2185_D expire 2 lines
05-29 09:59:01.078 24733 24733 V KeyguardDisplayManager: hide
05-29 09:59:01.087  2185  2218 I chatty  : uid=1000(system) ActivityManager expire 10 lines
05-29 09:59:01.185  2185  5139 I chatty  : uid=1000(system) Binder:2185_15 expire 2 lines
05-29 09:59:01.011  2185  2185 I chatty  : uid=1000 system_server expire 4 lines
05-29 09:59:01.053  2185  2543 I chatty  : uid=1000(system) onProviders.ECP expire 1 line
05-29 09:59:01.661  2185  3593 I chatty  : uid=1000(system) Binder:2185_7 expire 2 lines
05-29 09:59:01.760  2185  2218 I chatty  : uid=1000(system) ActivityManager expire 58 lines
05-29 09:59:01.766  2185  8479 I chatty  : uid=1000(system) Binder:2185_16 expire 3 lines
05-29 09:59:01.787  2185  2547 I chatty  : uid=1000(system) Binder:2185_3 expire 4 lines
05-29 09:59:01.803  2185 10699 I chatty  : uid=1000(system) Binder:2185_1E expire 8 lines
05-29 09:59:01.809  2185  3595 I chatty  : uid=1000(system) Binder:2185_8 expire 4 lines
05-29 09:59:01.825  2185  3707 I chatty  : uid=1000(system) Binder:2185_F expire 2 lines
05-29 09:59:01.914  2185  2185 I chatty  : uid=1000 system_server expire 8 lines
05-29 09:59:01.928  2185 19420 I chatty  : uid=1000(system) Binder:2185_12 expire 1 line
05-29 09:59:02.006  2185  3679 I chatty  : uid=1000(system) Binder:2185_C expire 3 lines
05-29 09:59:02.100  2185  2256 I chatty  : uid=1000(system) android.io expire 2 lines
05-29 09:59:02.807  2185 11205 I chatty  : uid=1000(system) Binder:2185_1F expire 1 line
05-29 09:59:02.846  2185  3725 I chatty  : uid=1000(system) Binder:2185_11 expire 3 lines
05-29 09:59:02.869  2185  2199 I chatty  : uid=1000(system) Binder:2185_1 expire 5 lines
05-29 09:59:02.895  2185  3697 I chatty  : uid=1000(system) Binder:2185_D expire 8 lines
05-29 09:59:02.938  2185 24173 I chatty  : uid=1000(system) Binder:2185_19 expire 8 lines
05-29 09:59:02.970  2185  2530 I chatty  : uid=1000(system) WifiStateMachin expire 20 lines
05-29 09:59:03.054  3716  3818 W ContextImpl: Calling a method in the system process without a qualified user: android.app.ContextImpl.bindService:1422 android.content.ContextWrapper.bindService:636 com.google.android.gms.ads.identifier.AdvertisingIdClient.h:-1 com.google.android.gms.ads.identifier.AdvertisingIdClient.b:-1 com.google.android.gms.ads.identifier.AdvertisingIdClient.getAdvertisingIdInfo:-1 
05-29 09:59:03.239  2185  2525 I chatty  : uid=1000(system) WifiP2pService expire 6 lines
05-29 09:59:03.240  2185  2258 I chatty  : uid=1000(system) android.display expire 1 line
05-29 09:59:03.259  2185  3698 I chatty  : uid=1000(system) Binder:2185_E expire 3 lines
05-29 09:59:05.137  2185  5139 I chatty  : uid=1000(system) Binder:2185_15 expire 3 lines
05-29 09:59:05.160  2185 11206 I chatty  : uid=1000(system) Binder:2185_20 expire 2 lines
05-29 09:59:05.204  2185 31361 I chatty  : uid=1000(system) Binder:2185_17 expire 2 lines
05-29 09:59:06.153  2185  4613 I chatty  : uid=1000(system) Binder:2185_1D expire 1 line
05-29 09:59:06.203  2185  5138 I chatty  : uid=1000(system) Binder:2185_14 expire 4 lines
05-29 09:59:06.342  2185 24171 I chatty  : uid=1000(system) Binder:2185_18 expire 4 lines
05-29 09:59:06.480  2185  3653 I chatty  : uid=1000(system) Binder:2185_9 expire 3 lines
05-29 09:59:06.634  2185  2537 I chatty  : uid=1000(system) ConnectivitySer expire 6 lines
05-29 09:59:06.798  2185  3565 I chatty  : uid=1000(system) Binder:2185_6 expire 6 lines
05-29 09:59:06.899  2185 25141 I chatty  : uid=1000(system) Binder:2185_1C expire 5 lines
05-29 09:59:07.345  2185  3678 I chatty  : uid=1000(system) Binder:2185_B expire 2 lines
05-29 09:59:07.950  2185 24175 I chatty  : uid=1000(system) Binder:2185_1A expire 1 line
05-29 09:59:08.641  2185  3723 I chatty  : uid=1000(system) Binder:2185_10 expire 1 line
05-29 09:59:08.674  2185 19421 I chatty  : uid=1000(system) Binder:2185_13 expire 1 line
05-29 09:59:08.713  2185  2200 I chatty  : uid=1000(system) Binder:2185_2 expire 1 line
05-29 09:59:08.729  2185  2506 I chatty  : uid=1000(system) InputDispatcher expire 2 lines
05-29 09:59:09.041  2185  2530 I chatty  : uid=1000(system) WifiStateMachin expire 18 lines
05-29 09:59:09.041  2185  2218 I chatty  : uid=1000(system) ActivityManager expire 28 lines
05-29 09:59:09.049  2185  2185 I chatty  : uid=1000 system_server expire 42 lines
05-29 09:59:09.109  2185  3678 I chatty  : uid=1000(system) Binder:2185_B expire 2 lines
05-29 09:59:09.252  2185  2537 I chatty  : uid=1000(system) ConnectivitySer expire 14 lines
05-29 09:59:09.629  2185  4613 I chatty  : uid=1000(system) Binder:2185_1D expire 5 lines
05-29 09:59:10.253  2185  3565 I chatty  : uid=1000(system) Binder:2185_6 expire 2 lines
05-29 09:59:10.995  2185 25141 I chatty  : uid=1000(system) Binder:2185_1C expire 4 lines
05-29 09:59:11.019  2185  3707 I chatty  : uid=1000(system) Binder:2185_F expire 5 lines
05-29 09:59:11.103  2185  3723 I chatty  : uid=1000(system) Binder:2185_10 expire 7 lines
05-29 09:59:11.272  2185 11205 I chatty  : uid=1000(system) Binder:2185_1F expire 2 lines
05-29 09:59:11.719  2185  2504 I chatty  : uid=1000(system) AlarmManager expire 2 lines
05-29 09:59:12.044  2185  2199 I chatty  : uid=1000(system) Binder:2185_1 expire 4 lines
05-29 09:59:12.044  2185 19421 I chatty  : uid=1000(system) Binder:2185_13 expire 2 lines
05-29 09:59:12.270  2185 25140 I chatty  : uid=1000(system) Binder:2185_1B expire 3 lines
05-29 09:59:12.379  2185 24171 I chatty  : uid=1000(system) Binder:2185_18 expire 1 line
05-29 09:59:12.487  2185  3697 I chatty  : uid=1000(system) Binder:2185_D expire 2 lines
05-29 09:59:12.816  2185 19420 I chatty  : uid=1000(system) Binder:2185_12 expire 3 lines
05-29 09:59:12.881  2185  2256 I chatty  : uid=1000(system) android.io expire 2 lines
05-29 09:59:13.016  2185 11206 I chatty  : uid=1000(system) Binder:2185_20 expire 7 lines
05-29 09:59:13.479  2185  3595 I chatty  : uid=1000(system) Binder:2185_8 expire 6 lines
05-29 09:59:13.626  2185  3725 I chatty  : uid=1000(system) Binder:2185_11 expire 3 lines
05-29 09:59:13.939  2185  5138 I chatty  : uid=1000(system) Binder:2185_14 expire 2 lines
05-29 09:59:14.088  2185  8479 I chatty  : uid=1000(system) Binder:2185_16 expire 5 lines
05-29 09:59:14.181  2185  2200 I chatty  : uid=1000(system) Binder:2185_2 expire 2 lines
05-29 09:59:14.310  2185 24173 I chatty  : uid=1000(system) Binder:2185_19 expire 2 lines
05-29 09:59:14.365  2185  2622 I chatty  : uid=1000(system) Binder:2185_4 expire 2 lines
05-29 09:59:14.438  2185  3657 I chatty  : uid=1000(system) Binder:2185_A expire 1 line
05-29 09:59:15.710  2185  3698 I chatty  : uid=1000(system) Binder:2185_E expire 3 lines
05-29 09:59:15.829  7881  7881 W ActivityThread: Application com.ibatimesheet can be debugged on port 8100...
05-29 09:59:16.336  2185  5139 I chatty  : uid=1000(system) Binder:2185_15 expire 1 line
05-29 09:59:16.385  2185  2258 I chatty  : uid=1000(system) android.display expire 1 line
05-29 09:59:17.690  2185  2255 I chatty  : uid=1000(system) android.fg expire 3 lines
05-29 09:59:17.830  2185  3593 I chatty  : uid=1000(system) Binder:2185_7 expire 3 lines
05-29 09:59:17.912  2185 31361 I chatty  : uid=1000(system) Binder:2185_17 expire 2 lines
05-29 09:59:20.180  2185  7540 I chatty  : uid=1000(system) NetworkMonitorN expire 1 line
05-29 09:59:20.339  2185  2185 I chatty  : uid=1000 system_server expire 8 lines
05-29 09:59:20.342  2185  3698 I chatty  : uid=1000(system) Binder:2185_E expire 6 lines
05-29 09:59:20.391  2185  2218 I chatty  : uid=1000(system) ActivityManager expire 29 lines
05-29 09:59:20.432  2185  3653 I chatty  : uid=1000(system) Binder:2185_9 expire 5 lines
05-29 09:59:21.364  2185  3595 I chatty  : uid=1000(system) Binder:2185_8 expire 5 lines
05-29 09:59:21.458  2185  3707 I chatty  : uid=1000(system) Binder:2185_F expire 10 lines
05-29 09:59:21.509  2185 19420 I chatty  : uid=1000(system) Binder:2185_12 expire 4 lines
05-29 09:59:22.037  2185 19421 I chatty  : uid=1000(system) Binder:2185_13 expire 3 lines
05-29 09:59:22.055  2185  3565 I chatty  : uid=1000(system) Binder:2185_6 expire 4 lines
05-29 09:59:22.153  2185 11206 I chatty  : uid=1000(system) Binder:2185_20 expire 8 lines
05-29 09:59:22.177  2185  2200 I chatty  : uid=1000(system) Binder:2185_2 expire 4 lines
05-29 09:59:22.206  2185 25140 I chatty  : uid=1000(system) Binder:2185_1B expire 3 lines
05-29 09:59:22.372  2185  2622 I chatty  : uid=1000(system) Binder:2185_4 expire 2 lines
05-29 09:59:22.483  2185  3725 I chatty  : uid=1000(system) Binder:2185_11 expire 2 lines
05-29 09:59:22.486  2185 25141 I chatty  : uid=1000(system) Binder:2185_1C expire 4 lines
05-29 09:59:22.487  2185  3697 I chatty  : uid=1000(system) Binder:2185_D expire 4 lines
05-29 09:59:22.490  2185  4613 I chatty  : uid=1000(system) Binder:2185_1D expire 4 lines
05-29 09:59:22.625  2185 24171 I chatty  : uid=1000(system) Binder:2185_18 expire 4 lines
05-29 09:59:22.629  2185  8479 I chatty  : uid=1000(system) Binder:2185_16 expire 1 line
05-29 09:59:22.631  2185 31361 I chatty  : uid=1000(system) Binder:2185_17 expire 2 lines
05-29 09:59:22.634  2185  3593 I chatty  : uid=1000(system) Binder:2185_7 expire 1 line
05-29 09:59:22.650  2185  5138 I chatty  : uid=1000(system) Binder:2185_14 expire 4 lines
05-29 09:59:22.802  2185  2537 I chatty  : uid=1000(system) ConnectivitySer expire 2 lines
05-29 09:59:22.808  2185 11205 I chatty  : uid=1000(system) Binder:2185_1F expire 2 lines
05-29 09:59:22.888  2185  2504 I chatty  : uid=1000(system) AlarmManager expire 6 lines
05-29 09:59:23.029  2185 10699 I chatty  : uid=1000(system) Binder:2185_1E expire 7 lines
05-29 09:59:23.361  2185  3657 I chatty  : uid=1000(system) Binder:2185_A expire 4 lines
05-29 09:59:23.990  2185  3678 I chatty  : uid=1000(system) Binder:2185_B expire 3 lines
05-29 09:59:24.026  2185  3723 I chatty  : uid=1000(system) Binder:2185_10 expire 2 lines
05-29 09:59:30.041  2185  2255 I chatty  : uid=1000(system) android.fg expire 1 line
05-29 09:59:30.173  2185  2258 I chatty  : uid=1000(system) android.display expire 12 lines
05-29 09:59:32.473  2185  2199 I chatty  : uid=1000(system) Binder:2185_1 expire 5 lines
05-29 09:59:37.799  2185 24173 I chatty  : uid=1000(system) Binder:2185_19 expire 5 lines
05-29 09:59:38.227  2185  3679 I chatty  : uid=1000(system) Binder:2185_C expire 3 lines
05-29 09:59:48.531  2185  2530 I chatty  : uid=1000(system) WifiStateMachin expire 2 lines
05-29 09:59:54.452  7881  7881 E AndroidRuntime: FATAL EXCEPTION: main
05-29 09:59:54.452  7881  7881 E AndroidRuntime: Process: com.ibatimesheet, PID: 7881
05-29 09:59:54.452  7881  7881 E AndroidRuntime: android.os.NetworkOnMainThreadException
05-29 09:59:54.452  7881  7881 E AndroidRuntime: 	at android.os.StrictMode$AndroidBlockGuardPolicy.onNetwork(StrictMode.java:1303)
05-29 09:59:54.452  7881  7881 E AndroidRuntime: 	at java.net.SocketOutputStream.socketWrite(SocketOutputStream.java:111)
05-29 09:59:54.452  7881  7881 E AndroidRuntime: 	at java.net.SocketOutputStream.write(SocketOutputStream.java:157)
05-29 09:59:54.452  7881  7881 E AndroidRuntime: 	at okio.Okio$1.write(Okio.java:80)
05-29 09:59:54.452  7881  7881 E AndroidRuntime: 	at okio.AsyncTimeout$1.write(AsyncTimeout.java:155)
05-29 09:59:54.452  7881  7881 E AndroidRuntime: 	at okio.RealBufferedSink.emit(RealBufferedSink.java:183)
05-29 09:59:54.452  7881  7881 E AndroidRuntime: 	at okhttp3.internal.ws.WebSocketWriter.writeControlFrameSynchronized(WebSocketWriter.java:152)
05-29 09:59:54.452  7881  7881 E AndroidRuntime: 	at okhttp3.internal.ws.WebSocketWriter.writeClose(WebSocketWriter.java:111)
05-29 09:59:54.452  7881  7881 E AndroidRuntime: 	at okhttp3.internal.ws.RealWebSocket.close(RealWebSocket.java:168)
05-29 09:59:54.452  7881  7881 E AndroidRuntime: 	at com.facebook.react.devsupport.JSDebuggerWebSocketClient.closeQuietly(JSDebuggerWebSocketClient.java:144)
05-29 09:59:54.452  7881  7881 E AndroidRuntime: 	at com.facebook.react.devsupport.WebsocketJavaScriptExecutor$3.run(WebsocketJavaScriptExecutor.java:146)
05-29 09:59:54.452  7881  7881 E AndroidRuntime: 	at android.os.Handler.handleCallback(Handler.java:751)
05-29 09:59:54.452  7881  7881 E AndroidRuntime: 	at android.os.Handler.dispatchMessage(Handler.java:95)
05-29 09:59:54.452  7881  7881 E AndroidRuntime: 	at android.os.Looper.loop(Looper.java:241)
05-29 09:59:54.452  7881  7881 E AndroidRuntime: 	at android.app.ActivityThread.main(ActivityThread.java:6217)
05-29 09:59:54.452  7881  7881 E AndroidRuntime: 	at java.lang.reflect.Method.invoke(Native Method)
05-29 09:59:54.452  7881  7881 E AndroidRuntime: 	at com.android.internal.os.ZygoteInit$MethodAndArgsCaller.run(ZygoteInit.java:865)
05-29 09:59:54.452  7881  7881 E AndroidRuntime: 	at com.android.internal.os.ZygoteInit.main(ZygoteInit.java:755)
05-29 09:59:54.458  2185  2890 I chatty  : uid=1000(system) Binder:2185_5 expire 6 lines
05-29 09:59:54.618  2185  2254 I chatty  : uid=1000(system) FileObserver expire 2 lines
05-29 09:59:54.709  2185 24175 I chatty  : uid=1000(system) Binder:2185_1A expire 2 lines
05-29 09:59:56.299  8617  8617 W ActivityThread: Application com.ibatimesheet can be debugged on port 8100...
05-29 09:59:56.403  2185  2258 I chatty  : uid=1000(system) android.display expire 9 lines
05-29 09:59:57.710  2185  2218 I chatty  : uid=1000(system) ActivityManager expire 3 lines
05-29 10:00:01.635  8617  8617 E AndroidRuntime: FATAL EXCEPTION: main
05-29 10:00:01.635  8617  8617 E AndroidRuntime: Process: com.ibatimesheet, PID: 8617
05-29 10:00:01.635  8617  8617 E AndroidRuntime: android.os.NetworkOnMainThreadException
05-29 10:00:01.635  8617  8617 E AndroidRuntime: 	at android.os.StrictMode$AndroidBlockGuardPolicy.onNetwork(StrictMode.java:1303)
05-29 10:00:01.635  8617  8617 E AndroidRuntime: 	at java.net.SocketOutputStream.socketWrite(SocketOutputStream.java:111)
05-29 10:00:01.635  8617  8617 E AndroidRuntime: 	at java.net.SocketOutputStream.write(SocketOutputStream.java:157)
05-29 10:00:01.635  8617  8617 E AndroidRuntime: 	at okio.Okio$1.write(Okio.java:80)
05-29 10:00:01.635  8617  8617 E AndroidRuntime: 	at okio.AsyncTimeout$1.write(AsyncTimeout.java:155)
05-29 10:00:01.635  8617  8617 E AndroidRuntime: 	at okio.RealBufferedSink.emit(RealBufferedSink.java:183)
05-29 10:00:01.635  8617  8617 E AndroidRuntime: 	at okhttp3.internal.ws.WebSocketWriter.writeControlFrameSynchronized(WebSocketWriter.java:152)
05-29 10:00:01.635  8617  8617 E AndroidRuntime: 	at okhttp3.internal.ws.WebSocketWriter.writeClose(WebSocketWriter.java:111)
05-29 10:00:01.635  8617  8617 E AndroidRuntime: 	at okhttp3.internal.ws.RealWebSocket.close(RealWebSocket.java:168)
05-29 10:00:01.635  8617  8617 E AndroidRuntime: 	at com.facebook.react.devsupport.JSDebuggerWebSocketClient.closeQuietly(JSDebuggerWebSocketClient.java:144)
05-29 10:00:01.635  8617  8617 E AndroidRuntime: 	at com.facebook.react.devsupport.WebsocketJavaScriptExecutor$3.run(WebsocketJavaScriptExecutor.java:146)
05-29 10:00:01.635  8617  8617 E AndroidRuntime: 	at android.os.Handler.handleCallback(Handler.java:751)
05-29 10:00:01.635  8617  8617 E AndroidRuntime: 	at android.os.Handler.dispatchMessage(Handler.java:95)
05-29 10:00:01.635  8617  8617 E AndroidRuntime: 	at android.os.Looper.loop(Looper.java:241)
05-29 10:00:01.635  8617  8617 E AndroidRuntime: 	at android.app.ActivityThread.main(ActivityThread.java:6217)
05-29 10:00:01.635  8617  8617 E AndroidRuntime: 	at java.lang.reflect.Method.invoke(Native Method)
05-29 10:00:01.635  8617  8617 E AndroidRuntime: 	at com.android.internal.os.ZygoteInit$MethodAndArgsCaller.run(ZygoteInit.java:865)
05-29 10:00:01.635  8617  8617 E AndroidRuntime: 	at com.android.internal.os.ZygoteInit.main(ZygoteInit.java:755)
05-29 10:00:01.755  2185  5139 I chatty  : uid=1000(system) Binder:2185_15 expire 4 lines
05-29 10:00:03.216  2185  2258 I chatty  : uid=1000(system) android.display expire 12 lines
05-29 10:00:03.735  2185 24171 I chatty  : uid=1000(system) Binder:2185_18 expire 2 lines
05-29 10:00:03.796  2185 11206 I chatty  : uid=1000(system) Binder:2185_20 expire 3 lines
05-29 10:00:03.840  8703  8703 W ActivityThread: Application com.ibatimesheet can be debugged on port 8100...
05-29 10:00:04.006  2185  4613 I chatty  : uid=1000(system) Binder:2185_1D expire 2 lines
05-29 10:00:06.854  2185  2504 I chatty  : uid=1000(system) AlarmManager expire 5 lines
05-29 10:00:06.885  2185  2218 I chatty  : uid=1000(system) ActivityManager expire 40 lines
05-29 10:00:07.186  2185  3679 I chatty  : uid=1000(system) Binder:2185_C expire 6 lines
05-29 10:00:08.374  2185  2622 I chatty  : uid=1000(system) Binder:2185_4 expire 5 lines
05-29 10:00:08.852  2185  3678 I chatty  : uid=1000(system) Binder:2185_B expire 2 lines
05-29 10:00:08.861  2185 11205 I chatty  : uid=1000(system) Binder:2185_1F expire 2 lines
05-29 10:00:08.866  2185  2200 I chatty  : uid=1000(system) Binder:2185_2 expire 7 lines
05-29 10:00:09.020  8703  8703 E AndroidRuntime: FATAL EXCEPTION: main
05-29 10:00:09.020  8703  8703 E AndroidRuntime: Process: com.ibatimesheet, PID: 8703
05-29 10:00:09.020  8703  8703 E AndroidRuntime: android.os.NetworkOnMainThreadException
05-29 10:00:09.020  8703  8703 E AndroidRuntime: 	at android.os.StrictMode$AndroidBlockGuardPolicy.onNetwork(StrictMode.java:1303)
05-29 10:00:09.020  8703  8703 E AndroidRuntime: 	at java.net.SocketOutputStream.socketWrite(SocketOutputStream.java:111)
05-29 10:00:09.020  8703  8703 E AndroidRuntime: 	at java.net.SocketOutputStream.write(SocketOutputStream.java:157)
05-29 10:00:09.020  8703  8703 E AndroidRuntime: 	at okio.Okio$1.write(Okio.java:80)
05-29 10:00:09.020  8703  8703 E AndroidRuntime: 	at okio.AsyncTimeout$1.write(AsyncTimeout.java:155)
05-29 10:00:09.020  8703  8703 E AndroidRuntime: 	at okio.RealBufferedSink.emit(RealBufferedSink.java:183)
05-29 10:00:09.020  8703  8703 E AndroidRuntime: 	at okhttp3.internal.ws.WebSocketWriter.writeControlFrameSynchronized(WebSocketWriter.java:152)
05-29 10:00:09.020  8703  8703 E AndroidRuntime: 	at okhttp3.internal.ws.WebSocketWriter.writeClose(WebSocketWriter.java:111)
05-29 10:00:09.020  8703  8703 E AndroidRuntime: 	at okhttp3.internal.ws.RealWebSocket.close(RealWebSocket.java:168)
05-29 10:00:09.020  8703  8703 E AndroidRuntime: 	at com.facebook.react.devsupport.JSDebuggerWebSocketClient.closeQuietly(JSDebuggerWebSocketClient.java:144)
05-29 10:00:09.020  8703  8703 E AndroidRuntime: 	at com.facebook.react.devsupport.WebsocketJavaScriptExecutor$3.run(WebsocketJavaScriptExecutor.java:146)
05-29 10:00:09.020  8703  8703 E AndroidRuntime: 	at android.os.Handler.handleCallback(Handler.java:751)
05-29 10:00:09.020  8703  8703 E AndroidRuntime: 	at android.os.Handler.dispatchMessage(Handler.java:95)
05-29 10:00:09.020  8703  8703 E AndroidRuntime: 	at android.os.Looper.loop(Looper.java:241)
05-29 10:00:09.020  8703  8703 E AndroidRuntime: 	at android.app.ActivityThread.main(ActivityThread.java:6217)
05-29 10:00:09.020  8703  8703 E AndroidRuntime: 	at java.lang.reflect.Method.invoke(Native Method)
05-29 10:00:09.020  8703  8703 E AndroidRuntime: 	at com.android.internal.os.ZygoteInit$MethodAndArgsCaller.run(ZygoteInit.java:865)
05-29 10:00:09.020  8703  8703 E AndroidRuntime: 	at com.android.internal.os.ZygoteInit.main(ZygoteInit.java:755)
05-29 10:00:09.027  2185 24175 I chatty  : uid=1000(system) Binder:2185_1A expire 13 lines
05-29 10:00:09.060  2185  2185 I chatty  : uid=1000 system_server expire 2 lines
05-29 10:00:09.127  2185  2254 I chatty  : uid=1000(system) FileObserver expire 1 line
05-29 10:00:09.182  2185 19421 I chatty  : uid=1000(system) Binder:2185_13 expire 4 lines
05-29 10:00:09.186  2185 31361 I chatty  : uid=1000(system) Binder:2185_17 expire 1 line
05-29 10:00:09.678  2185  3595 I chatty  : uid=1000(system) Binder:2185_8 expire 5 lines
05-29 10:00:09.683  2185 25140 I chatty  : uid=1000(system) Binder:2185_1B expire 9 lines
05-29 10:00:11.754  2185  3653 I chatty  : uid=1000(system) Binder:2185_9 expire 3 lines
05-29 10:00:11.876  2185  8479 I chatty  : uid=1000(system) Binder:2185_16 expire 5 lines
05-29 10:00:12.032  2185 24173 I chatty  : uid=1000(system) Binder:2185_19 expire 4 lines
05-29 10:00:13.070  2185  3697 I chatty  : uid=1000(system) Binder:2185_D expire 5 lines
05-29 10:00:14.512  2185  3657 I chatty  : uid=1000(system) Binder:2185_A expire 8 lines
05-29 10:00:15.906  8854  8854 W ActivityThread: Application com.ibatimesheet can be debugged on port 8100...
05-29 10:00:16.306  2185  2222 I chatty  : uid=1000(system) batterystats-sy expire 3 lines
05-29 10:00:16.329  2185  2258 I chatty  : uid=1000(system) android.display expire 13 lines
05-29 10:00:17.698  2185  5138 I chatty  : uid=1000(system) Binder:2185_14 expire 4 lines
05-29 10:00:24.771  2185  2530 I chatty  : uid=1000(system) WifiStateMachin expire 4 lines
05-29 10:00:28.351  2185  3565 I chatty  : uid=1000(system) Binder:2185_6 expire 4 lines
05-29 10:00:29.746  2185  3725 I chatty  : uid=1000(system) Binder:2185_11 expire 3 lines
05-29 10:00:37.907  2185  2199 I chatty  : uid=1000(system) Binder:2185_1 expire 2 lines
05-29 10:00:38.479  2185  3723 I chatty  : uid=1000(system) Binder:2185_10 expire 2 lines
05-29 10:00:41.524  2185 10699 I chatty  : uid=1000(system) Binder:2185_1E expire 5 lines
05-29 10:00:44.045  2185  2890 I chatty  : uid=1000(system) Binder:2185_5 expire 2 lines
05-29 10:00:47.960  2185  3593 I chatty  : uid=1000(system) Binder:2185_7 expire 4 lines
05-29 10:00:57.226  2185  3707 I chatty  : uid=1000(system) Binder:2185_F expire 4 lines
05-29 10:01:06.734  2185  2537 I chatty  : uid=1000(system) ConnectivitySer expire 2 lines
05-29 10:01:18.147  2185  3698 I chatty  : uid=1000(system) Binder:2185_E expire 2 lines
05-29 10:01:18.148  2185  2218 I chatty  : uid=1000(system) ActivityManager expire 53 lines
05-29 10:01:18.284  2185  2199 I chatty  : uid=1000(system) Binder:2185_1 expire 12 lines
05-29 10:01:18.864  2185 31361 I chatty  : uid=1000(system) Binder:2185_17 expire 4 lines
05-29 10:01:18.869  2185  2547 I chatty  : uid=1000(system) Binder:2185_3 expire 2 lines
05-29 10:01:18.878  2185 19421 I chatty  : uid=1000(system) Binder:2185_13 expire 7 lines
05-29 10:01:20.042  2185  3678 I chatty  : uid=1000(system) Binder:2185_B expire 3 lines
05-29 10:01:26.253  2185 25141 I chatty  : uid=1000(system) Binder:2185_1C expire 2 lines
05-29 10:01:32.165  2185  2222 I chatty  : uid=1000(system) batterystats-sy expire 3 lines
05-29 10:01:32.302  2185 24171 I chatty  : uid=1000(system) Binder:2185_18 expire 7 lines
05-29 10:01:46.250  2185  2504 I chatty  : uid=1000(system) AlarmManager expire 15 lines
05-29 10:01:46.281  2185  3593 I chatty  : uid=1000(system) Binder:2185_7 expire 7 lines
05-29 10:01:46.291  2185 19420 I chatty  : uid=1000(system) Binder:2185_12 expire 12 lines
05-29 10:01:46.382  2185  3565 I chatty  : uid=1000(system) Binder:2185_6 expire 5 lines
05-29 10:01:48.098  2185  3595 I chatty  : uid=1000(system) Binder:2185_8 expire 2 lines
05-29 10:01:48.324  2185  3657 I chatty  : uid=1000(system) Binder:2185_A expire 11 lines
05-29 10:01:48.396  2185  5138 I chatty  : uid=1000(system) Binder:2185_14 expire 7 lines
05-29 10:01:49.690  2185 24173 I chatty  : uid=1000(system) Binder:2185_19 expire 4 lines
05-29 10:01:49.740  2185  3697 I chatty  : uid=1000(system) Binder:2185_D expire 8 lines
05-29 10:01:49.837  2185 11205 I chatty  : uid=1000(system) Binder:2185_1F expire 1 line
05-29 10:01:58.797  2185  2622 I chatty  : uid=1000(system) Binder:2185_4 expire 6 lines
05-29 10:02:00.111  2185  3653 I chatty  : uid=1000(system) Binder:2185_9 expire 2 lines
05-29 10:02:03.689  2185  4613 I chatty  : uid=1000(system) Binder:2185_1D expire 6 lines
05-29 10:02:07.949  2185 25140 I chatty  : uid=1000(system) Binder:2185_1B expire 6 lines
05-29 10:02:08.130  2185  2519 I chatty  : uid=1000(system) NetworkStats expire 1 line
05-29 10:02:28.011  2185 24175 I chatty  : uid=1000(system) Binder:2185_1A expire 4 lines
05-29 10:02:28.284  2185 10699 I chatty  : uid=1000(system) Binder:2185_1E expire 3 lines
05-29 10:02:28.386  2185  8479 I chatty  : uid=1000(system) Binder:2185_16 expire 5 lines
05-29 10:02:38.863  2185 11206 I chatty  : uid=1000(system) Binder:2185_20 expire 1 line
05-29 10:02:58.303  2185  5139 I chatty  : uid=1000(system) Binder:2185_15 expire 1 line
05-29 10:03:19.119  2185  3679 I chatty  : uid=1000(system) Binder:2185_C expire 2 lines
05-29 10:03:46.559  2185  3723 I chatty  : uid=1000(system) Binder:2185_10 expire 1 line
05-29 10:03:50.098  2185  3725 I chatty  : uid=1000(system) Binder:2185_11 expire 12 lines
05-29 10:03:51.117  2185  3653 I chatty  : uid=1000(system) Binder:2185_9 expire 1 line
05-29 10:03:51.126  2185  3697 I chatty  : uid=1000(system) Binder:2185_D expire 8 lines
05-29 10:03:58.719  2185  2185 I chatty  : uid=1000 system_server expire 13 lines
05-29 10:03:58.722  2185  2218 I chatty  : uid=1000(system) ActivityManager expire 39 lines
05-29 10:03:58.740  2185  2222 I chatty  : uid=1000(system) batterystats-sy expire 3 lines
05-29 10:03:59.085  2185  2255 I chatty  : uid=1000(system) android.fg expire 6 lines
05-29 10:03:59.125  2185 11205 I chatty  : uid=1000(system) Binder:2185_1F expire 6 lines
05-29 10:03:59.131  2185 31361 I chatty  : uid=1000(system) Binder:2185_17 expire 6 lines
05-29 10:03:59.216  2185  2622 I chatty  : uid=1000(system) Binder:2185_4 expire 4 lines
05-29 10:03:59.256 10423 10423 W ContextImpl: Calling a method in the system process without a qualified user: android.app.ContextImpl.startService:1358 android.content.ContextWrapper.startService:613 android.content.ContextWrapper.startService:613 com.sonyericsson.usbux.service.UsbServiceReceiver.onReceive:157 android.app.ActivityThread.handleReceiver:3085 
05-29 10:03:59.257  2185  5138 I chatty  : uid=1000(system) Binder:2185_14 expire 6 lines
05-29 10:03:59.271  2185  5139 I chatty  : uid=1000(system) Binder:2185_15 expire 2 lines
05-29 10:03:59.274  2185  4613 I chatty  : uid=1000(system) Binder:2185_1D expire 10 lines
05-29 10:03:59.349  2185 25141 I chatty  : uid=1000(system) Binder:2185_1C expire 4 lines
05-29 10:03:59.401  2185  3595 I chatty  : uid=1000(system) Binder:2185_8 expire 5 lines
05-29 10:03:59.508 10520 10520 W ContextImpl: Calling a method in the system process without a qualified user: android.app.ContextImpl.startService:1358 android.content.ContextWrapper.startService:613 android.content.ContextWrapper.startService:613 com.sonymobile.enterprise.service.UsbReceiver.onReceive:31 android.app.ActivityThread.handleReceiver:3085 
05-29 10:03:59.528  2185  3678 I chatty  : uid=1000(system) Binder:2185_B expire 3 lines
05-29 10:03:59.684  2185  3593 I chatty  : uid=1000(system) Binder:2185_7 expire 11 lines
05-29 10:03:59.703  2185 11206 I chatty  : uid=1000(system) Binder:2185_20 expire 3 lines
05-29 10:03:59.730  2185  2200 I chatty  : uid=1000(system) Binder:2185_2 expire 3 lines
05-29 10:04:00.001  2185  2504 I chatty  : uid=1000(system) AlarmManager expire 3 lines
05-29 10:04:00.131 10553 10589 W ContextImpl: Calling a method in the system process without a qualified user: android.app.ContextImpl.bindService:1422 android.content.ContextWrapper.bindService:636 com.google.android.gms.common.stats.zzb.zza:-1 com.google.android.gms.common.stats.zzb.zza:-1 com.google.android.gms.ads.identifier.AdvertisingIdClient.zzp:-1 
05-29 10:04:00.300  2185 19420 I chatty  : uid=1000(system) Binder:2185_12 expire 2 lines
05-29 10:04:00.375  2185 19421 I chatty  : uid=1000(system) Binder:2185_13 expire 6 lines
05-29 10:04:00.559  2185 25140 I chatty  : uid=1000(system) Binder:2185_1B expire 3 lines
05-29 10:04:00.672  2185  3657 I chatty  : uid=1000(system) Binder:2185_A expire 5 lines
05-29 10:04:00.695 10423 10423 W ContextImpl: Calling a method in the system process without a qualified user: android.app.ContextImpl.startActivity:768 android.content.ContextWrapper.startActivity:356 android.content.ContextWrapper.startActivity:356 com.sonyericsson.usbux.service.UsbServiceReceiver.onReceive:110 android.app.ActivityThread.handleReceiver:3085 
05-29 10:04:00.696 10423 10423 W ContextImpl: Calling a method in the system process without a qualified user: android.app.ContextImpl.startActivity:780 android.app.ContextImpl.startActivity:769 android.content.ContextWrapper.startActivity:356 android.content.ContextWrapper.startActivity:356 com.sonyericsson.usbux.service.UsbServiceReceiver.onReceive:110 
05-29 10:04:00.702  2185 24173 I chatty  : uid=1000(system) Binder:2185_19 expire 6 lines
05-29 10:04:00.777 10423 10423 W ContextImpl: Calling a method in the system process without a qualified user: android.app.ContextImpl.startService:1358 android.content.ContextWrapper.startService:613 android.content.ContextWrapper.startService:613 com.sonyericsson.usbux.service.UsbServiceReceiver.onReceive:157 android.app.ActivityThread.handleReceiver:3085 
05-29 10:04:00.787  2185  3679 I chatty  : uid=1000(system) Binder:2185_C expire 3 lines
05-29 10:04:00.806  2185  2256 I chatty  : uid=1000(system) android.io expire 2 lines
05-29 10:04:00.907  2185  3707 I chatty  : uid=1000(system) Binder:2185_F expire 2 lines
05-29 10:04:01.094  2185  3698 I chatty  : uid=1000(system) Binder:2185_E expire 3 lines
05-29 10:04:01.102 10732 10732 W ContextImpl: Calling a method in the system process without a qualified user: android.app.ContextImpl.startService:1358 android.content.ContextWrapper.startService:613 android.content.ContextWrapper.startService:613 com.sonyericsson.idd.agent.IDDEnabledBroadcastReceiver.onReceive:58 android.app.ActivityThread.handleReceiver:3085 
05-29 10:04:01.220 10423 10423 W ContextImpl: Calling a method in the system process without a qualified user: android.app.ContextImpl.startService:1358 android.content.ContextWrapper.startService:613 android.content.ContextWrapper.startService:613 com.sonyericsson.usbux.capabilities.CapabilityUpdaterReceiver.onReceive:46 android.app.ActivityThread.handleReceiver:3085 
05-29 10:04:01.225 10520 10520 W ContextImpl: Calling a method in the system process without a qualified user: android.app.ContextImpl.startService:1358 android.content.ContextWrapper.startService:613 android.content.ContextWrapper.startService:613 com.sonymobile.enterprise.service.UsbReceiver.onReceive:31 android.app.ActivityThread.handleReceiver:3085 
05-29 10:04:01.226 10423 10423 W ContextImpl: Calling a method in the system process without a qualified user: android.app.ContextImpl.startService:1358 android.content.ContextWrapper.startService:613 android.content.ContextWrapper.startService:613 com.sonyericsson.usbux.gagtm.GaGtmServiceReceiver.onReceive:62 android.app.ActivityThread.handleReceiver:3085 
05-29 10:04:01.248 10423 10423 W ContextImpl: Calling a method in the system process without a qualified user: android.app.ContextImpl.bindService:1422 android.content.ContextWrapper.bindService:636 android.media.MediaScannerConnection.connect:119 com.sonyericsson.usbux.capabilities.CapabilityUpdaterService.onCreate:271 android.app.ActivityThread.handleCreateService:3236 
05-29 10:04:01.734 10423 10849 W ContextImpl: Calling a method in the system process without a qualified user: android.app.ContextImpl.bindService:1422 android.content.ContextWrapper.bindService:636 com.google.android.gms.common.stats.zzb.zza:-1 com.google.android.gms.common.stats.zzb.zza:-1 com.google.android.gms.ads.identifier.AdvertisingIdClient.zzp:-1 
05-29 10:04:02.891  2185  3565 I chatty  : uid=1000(system) Binder:2185_6 expire 1 line
05-29 10:04:03.055  2185  2547 I chatty  : uid=1000(system) Binder:2185_3 expire 2 lines
05-29 10:04:03.703  2185  2199 I chatty  : uid=1000(system) Binder:2185_1 expire 1 line
05-29 10:04:04.058  2185 10699 I chatty  : uid=1000(system) Binder:2185_1E expire 4 lines
05-29 10:04:04.263  2185  2258 I chatty  : uid=1000(system) android.display expire 1 line
05-29 10:04:04.380  2185 24175 I chatty  : uid=1000(system) Binder:2185_1A expire 2 lines
05-29 10:04:04.890  2185 24171 I chatty  : uid=1000(system) Binder:2185_18 expire 2 lines
05-29 10:04:04.961  2185  2537 I chatty  : uid=1000(system) ConnectivitySer expire 1 line
05-29 10:04:05.301  2185  3423 I chatty  : uid=1000(system) backup expire 13 lines
05-29 10:04:05.348  2185  2217 I chatty  : uid=1000(system) android.bg expire 2 lines
05-29 10:04:05.755  2185  2220 I chatty  : uid=1000(system) ActivityManager expire 1 line
05-29 10:04:06.052 11313 11313 D ActivityThread: Loading provider com.whatsapp.provider.contact: com.whatsapp.contact.ContactProvider
05-29 10:04:06.212  2185  3723 I chatty  : uid=1000(system) Binder:2185_10 expire 5 lines
05-29 10:04:06.923  2185  4613 I chatty  : uid=1000(system) Binder:2185_1D expire 7 lines
05-29 10:04:06.980  2185  2890 I chatty  : uid=1000(system) Binder:2185_5 expire 9 lines
05-29 10:04:07.001  2185 25140 I chatty  : uid=1000(system) Binder:2185_1B expire 3 lines
05-29 10:04:07.001  2185  2218 I chatty  : uid=1000(system) ActivityManager expire 32 lines
05-29 10:04:07.003  2185  2199 I chatty  : uid=1000(system) Binder:2185_1 expire 12 lines
05-29 10:04:07.015  2185  3595 I chatty  : uid=1000(system) Binder:2185_8 expire 9 lines
05-29 10:04:07.128  2185 31361 I chatty  : uid=1000(system) Binder:2185_17 expire 5 lines
05-29 10:04:07.202  2185  3593 I chatty  : uid=1000(system) Binder:2185_7 expire 2 lines
05-29 10:04:07.231  2185  2200 I chatty  : uid=1000(system) Binder:2185_2 expire 2 lines
05-29 10:04:07.273  2185 24175 I chatty  : uid=1000(system) Binder:2185_1A expire 4 lines
05-29 10:04:07.291  2185  3707 I chatty  : uid=1000(system) Binder:2185_F expire 5 lines
05-29 10:04:07.309  2185 11206 I chatty  : uid=1000(system) Binder:2185_20 expire 3 lines
05-29 10:04:07.331  2185  3678 I chatty  : uid=1000(system) Binder:2185_B expire 7 lines
05-29 10:04:07.571  2185  3653 I chatty  : uid=1000(system) Binder:2185_9 expire 2 lines
05-29 10:04:07.573  2185  3725 I chatty  : uid=1000(system) Binder:2185_11 expire 3 lines
05-29 10:04:07.617  2185 10699 I chatty  : uid=1000(system) Binder:2185_1E expire 3 lines
05-29 10:04:07.627  2185  2504 I chatty  : uid=1000(system) AlarmManager expire 8 lines
05-29 10:04:07.835  2185  3423 I chatty  : uid=1000(system) backup expire 18 lines
05-29 10:04:08.047  2185 25141 I chatty  : uid=1000(system) Binder:2185_1C expire 9 lines
05-29 10:04:08.104  2185 24173 I chatty  : uid=1000(system) Binder:2185_19 expire 2 lines
05-29 10:04:08.610  2185 19420 I chatty  : uid=1000(system) Binder:2185_12 expire 3 lines
05-29 10:04:08.702  2185 24171 I chatty  : uid=1000(system) Binder:2185_18 expire 8 lines
05-29 10:04:09.130  2185  8479 I chatty  : uid=1000(system) Binder:2185_16 expire 6 lines
05-29 10:04:10.257  2185  2185 I chatty  : uid=1000 system_server expire 5 lines
05-29 10:04:10.884  2185  3698 I chatty  : uid=1000(system) Binder:2185_E expire 2 lines
05-29 10:04:13.842  2185 19421 I chatty  : uid=1000(system) Binder:2185_13 expire 11 lines
05-29 10:04:14.311  2185  2622 I chatty  : uid=1000(system) Binder:2185_4 expire 10 lines
05-29 10:04:21.449  2185  2258 I chatty  : uid=1000(system) android.display expire 2 lines
05-29 10:04:22.856  2185  2256 I chatty  : uid=1000(system) android.io expire 2 lines
05-29 10:04:30.821  2185  5139 I chatty  : uid=1000(system) Binder:2185_15 expire 2 lines
05-29 10:04:31.732  2185  3697 I chatty  : uid=1000(system) Binder:2185_D expire 3 lines
05-29 10:04:31.770  2185  5138 I chatty  : uid=1000(system) Binder:2185_14 expire 1 line
05-29 10:04:50.557  2185 11205 I chatty  : uid=1000(system) Binder:2185_1F expire 2 lines
05-29 10:04:50.558  2185  2537 I chatty  : uid=1000(system) ConnectivitySer expire 2 lines
05-29 10:05:04.948  2185  3707 I chatty  : uid=1000(system) Binder:2185_F expire 4 lines
05-29 10:05:04.948  2185  2218 I chatty  : uid=1000(system) ActivityManager expire 44 lines
05-29 10:05:05.427  2185 31361 I chatty  : uid=1000(system) Binder:2185_17 expire 3 lines
05-29 10:05:05.442  2185  8479 I chatty  : uid=1000(system) Binder:2185_16 expire 2 lines
05-29 10:05:05.456  2185 19420 I chatty  : uid=1000(system) Binder:2185_12 expire 6 lines
05-29 10:05:05.474  2185  2622 I chatty  : uid=1000(system) Binder:2185_4 expire 2 lines
05-29 10:05:05.495  2185 24175 I chatty  : uid=1000(system) Binder:2185_1A expire 2 lines
05-29 10:05:08.178  2185  2504 I chatty  : uid=1000(system) AlarmManager expire 11 lines
05-29 10:05:08.424  2185  3593 I chatty  : uid=1000(system) Binder:2185_7 expire 6 lines
05-29 10:05:08.566  2185  2200 I chatty  : uid=1000(system) Binder:2185_2 expire 1 line
05-29 10:05:09.689 12345 12345 D ActivityThread: Loading provider com.whatsapp.provider.contact: com.whatsapp.contact.ContactProvider
05-29 10:05:09.804  2185  3595 I chatty  : uid=1000(system) Binder:2185_8 expire 4 lines
05-29 10:05:10.010  2185  2890 I chatty  : uid=1000(system) Binder:2185_5 expire 7 lines
05-29 10:05:10.025  2185 11206 I chatty  : uid=1000(system) Binder:2185_20 expire 1 line
05-29 10:05:10.065  2185  3698 I chatty  : uid=1000(system) Binder:2185_E expire 11 lines
05-29 10:05:10.066  2185 24171 I chatty  : uid=1000(system) Binder:2185_18 expire 10 lines
05-29 10:05:10.268  2185  5139 I chatty  : uid=1000(system) Binder:2185_15 expire 9 lines
05-29 10:05:10.274  2185  3565 I chatty  : uid=1000(system) Binder:2185_6 expire 12 lines
05-29 10:05:11.531  2185 25141 I chatty  : uid=1000(system) Binder:2185_1C expire 4 lines
05-29 10:05:11.532  2185  2199 I chatty  : uid=1000(system) Binder:2185_1 expire 5 lines
05-29 10:05:11.540  2185 25140 I chatty  : uid=1000(system) Binder:2185_1B expire 7 lines
05-29 10:05:11.660  2185  3725 I chatty  : uid=1000(system) Binder:2185_11 expire 4 lines
05-29 10:05:13.744  2185  2547 I chatty  : uid=1000(system) Binder:2185_3 expire 1 line
05-29 10:05:14.615  2185  3723 I chatty  : uid=1000(system) Binder:2185_10 expire 2 lines
05-29 10:05:14.617  2185  3657 I chatty  : uid=1000(system) Binder:2185_A expire 2 lines
05-29 10:05:49.704  2185  2185 I chatty  : uid=1000 system_server expire 1 line
05-29 10:06:00.069  2185 19421 I chatty  : uid=1000(system) Binder:2185_13 expire 6 lines
05-29 10:06:05.197  2185  2258 I chatty  : uid=1000(system) android.display expire 3 lines
05-29 10:06:05.807  2185 10699 I chatty  : uid=1000(system) Binder:2185_1E expire 2 lines
05-29 10:06:10.069  2185 24173 I chatty  : uid=1000(system) Binder:2185_19 expire 6 lines
05-29 10:06:10.418  2185  3697 I chatty  : uid=1000(system) Binder:2185_D expire 7 lines
05-29 10:06:10.460  2185  3679 I chatty  : uid=1000(system) Binder:2185_C expire 1 line
05-29 10:06:12.246  2185  3678 I chatty  : uid=1000(system) Binder:2185_B expire 1 line
05-29 10:06:16.621  2185  2519 I chatty  : uid=1000(system) NetworkStats expire 1 line
05-29 10:06:20.379  2185 11205 I chatty  : uid=1000(system) Binder:2185_1F expire 1 line
05-29 10:06:20.866  2185  5138 I chatty  : uid=1000(system) Binder:2185_14 expire 1 line
05-29 10:06:53.838  2185  2282 I chatty  : uid=1000(system) PackageManager expire 10 lines
05-29 10:06:59.303  2185  4613 I chatty  : uid=1000(system) Binder:2185_1D expire 1 line
05-29 10:07:00.016  2185  2397 I chatty  : uid=1000(system) OmsHandlerThrea expire 2 lines
05-29 10:07:00.069  2185  2282 I chatty  : uid=1000(system) PackageManager expire 5 lines
05-29 10:07:00.083  2185  2218 I chatty  : uid=1000(system) ActivityManager expire 22 lines
05-29 10:07:00.172  2185  2547 I chatty  : uid=1000(system) Binder:2185_3 expire 2 lines
05-29 10:07:00.722  2185 11205 I chatty  : uid=1000(system) Binder:2185_1F expire 10 lines
05-29 10:07:00.793  2185  8479 I chatty  : uid=1000(system) Binder:2185_16 expire 15 lines
05-29 10:07:00.860 13171 13171 W ContextImpl: Calling a method in the system process without a qualified user: android.app.ContextImpl.startService:1358 android.content.ContextWrapper.startService:613 android.content.ContextWrapper.startService:613 com.android.keychain.KeyChainBroadcastReceiver.onReceive:12 android.app.ActivityThread.handleReceiver:3085 
05-29 10:07:00.874  2185  4613 I chatty  : uid=1000(system) Binder:2185_1D expire 6 lines
05-29 10:07:00.995  2185  3565 I chatty  : uid=1000(system) Binder:2185_6 expire 12 lines
05-29 10:07:01.246  2185 19421 I chatty  : uid=1000(system) Binder:2185_13 expire 7 lines
05-29 10:07:01.250  2185  3593 I chatty  : uid=1000(system) Binder:2185_7 expire 4 lines
05-29 10:07:01.257  2185 19420 I chatty  : uid=1000(system) Binder:2185_12 expire 6 lines
05-29 10:07:01.261  2185 10699 I chatty  : uid=1000(system) Binder:2185_1E expire 5 lines
05-29 10:07:01.570  2185  3657 I chatty  : uid=1000(system) Binder:2185_A expire 4 lines
05-29 10:07:01.973  2185 24173 I chatty  : uid=1000(system) Binder:2185_19 expire 5 lines
05-29 10:07:02.108  2185  2217 I chatty  : uid=1000(system) android.bg expire 1 line
05-29 10:07:02.370  2185  2890 I chatty  : uid=1000(system) Binder:2185_5 expire 5 lines
05-29 10:07:02.372  2185  3725 I chatty  : uid=1000(system) Binder:2185_11 expire 1 line
05-29 10:07:02.373  2185 24175 I chatty  : uid=1000(system) Binder:2185_1A expire 2 lines
05-29 10:07:02.479  2185  5138 I chatty  : uid=1000(system) Binder:2185_14 expire 6 lines
05-29 10:07:02.514  2185  2220 I chatty  : uid=1000(system) ActivityManager expire 1 line
05-29 10:07:02.532  2185 11206 I chatty  : uid=1000(system) Binder:2185_20 expire 11 lines
05-29 10:07:02.723  2185  2199 I chatty  : uid=1000(system) Binder:2185_1 expire 4 lines
05-29 10:07:02.812  2185  2200 I chatty  : uid=1000(system) Binder:2185_2 expire 8 lines
05-29 10:07:02.936  2185  2622 I chatty  : uid=1000(system) Binder:2185_4 expire 8 lines
05-29 10:07:03.118  2185 25141 I chatty  : uid=1000(system) Binder:2185_1C expire 6 lines
05-29 10:07:03.184  2185  2537 I chatty  : uid=1000(system) ConnectivitySer expire 1 line
05-29 10:07:03.360  2185  2256 I chatty  : uid=1000(system) android.io expire 2 lines
05-29 10:07:03.787  2185  3698 I chatty  : uid=1000(system) Binder:2185_E expire 4 lines
05-29 10:07:03.818 13452 13452 D ActivityThread: Loading provider com.whatsapp.provider.contact: com.whatsapp.contact.ContactProvider
05-29 10:07:03.863  2185 24171 I chatty  : uid=1000(system) Binder:2185_18 expire 3 lines
05-29 10:07:03.966  2185  3679 I chatty  : uid=1000(system) Binder:2185_C expire 11 lines
05-29 10:07:04.132  2185  5139 I chatty  : uid=1000(system) Binder:2185_15 expire 1 line
05-29 10:07:04.156  2185  3697 I chatty  : uid=1000(system) Binder:2185_D expire 10 lines
05-29 10:07:04.352  2185  3595 I chatty  : uid=1000(system) Binder:2185_8 expire 2 lines
05-29 10:07:04.433  2185  2185 I chatty  : uid=1000 system_server expire 2 lines
05-29 10:07:07.638  2185  3653 I chatty  : uid=1000(system) Binder:2185_9 expire 3 lines
05-29 10:07:08.283  2185 31361 I chatty  : uid=1000(system) Binder:2185_17 expire 1 line
05-29 10:07:08.622  2185  3678 I chatty  : uid=1000(system) Binder:2185_B expire 1 line
05-29 10:07:08.669  2185  2504 I chatty  : uid=1000(system) AlarmManager expire 3 lines
05-29 10:07:08.747  2185 25140 I chatty  : uid=1000(system) Binder:2185_1B expire 2 lines
05-29 10:07:08.981 14035 14035 E ActivityThread: Failed to find provider info for com.ibatimesheet.MetricaContentProvider
05-29 10:07:09.027  2185  3723 I chatty  : uid=1000(system) Binder:2185_10 expire 1 line
05-29 10:07:10.041  2185  3707 I chatty  : uid=1000(system) Binder:2185_F expire 4 lines
05-29 10:07:11.561  2185 19420 I chatty  : uid=1000(system) Binder:2185_12 expire 5 lines
05-29 10:07:11.628  2185  3698 I chatty  : uid=1000(system) Binder:2185_E expire 1 line
05-29 10:07:11.689 14228 14228 W ActivityThread: Application com.ibatimesheet can be debugged on port 8100...
05-29 10:07:11.770  2185  2256 I chatty  : uid=1000(system) android.io expire 4 lines
05-29 10:07:12.220  2185 24171 I chatty  : uid=1000(system) Binder:2185_18 expire 6 lines
05-29 10:07:12.312  2185  3593 I chatty  : uid=1000(system) Binder:2185_7 expire 5 lines
05-29 10:07:12.313  2185  2218 I chatty  : uid=1000(system) ActivityManager expire 44 lines
05-29 10:07:12.360  2185 10699 I chatty  : uid=1000(system) Binder:2185_1E expire 5 lines
05-29 10:07:12.463  2185  3679 I chatty  : uid=1000(system) Binder:2185_C expire 3 lines
05-29 10:07:12.492  2185  2258 I chatty  : uid=1000(system) android.display expire 8 lines
05-29 10:07:12.545  2185  2622 I chatty  : uid=1000(system) Binder:2185_4 expire 11 lines
05-29 10:07:13.064  2185 24173 I chatty  : uid=1000(system) Binder:2185_19 expire 2 lines
05-29 10:07:13.075  2185  3725 I chatty  : uid=1000(system) Binder:2185_11 expire 9 lines
05-29 10:07:13.089  2185  5138 I chatty  : uid=1000(system) Binder:2185_14 expire 4 lines
05-29 10:07:13.098  2185  3595 I chatty  : uid=1000(system) Binder:2185_8 expire 3 lines
05-29 10:07:13.319  2185 11206 I chatty  : uid=1000(system) Binder:2185_20 expire 4 lines
05-29 10:07:15.689  2185  3657 I chatty  : uid=1000(system) Binder:2185_A expire 4 lines
05-29 10:07:15.695  2185  3678 I chatty  : uid=1000(system) Binder:2185_B expire 4 lines
05-29 10:07:16.628  2185  8479 I chatty  : uid=1000(system) Binder:2185_16 expire 6 lines
05-29 10:07:17.805  2185  3697 I chatty  : uid=1000(system) Binder:2185_D expire 3 lines
05-29 10:07:22.106  2185 24175 I chatty  : uid=1000(system) Binder:2185_1A expire 1 line
05-29 10:07:22.545  2185  2504 I chatty  : uid=1000(system) AlarmManager expire 15 lines
05-29 10:07:22.575  2185  5139 I chatty  : uid=1000(system) Binder:2185_15 expire 11 lines
05-29 10:07:22.594  2185  2547 I chatty  : uid=1000(system) Binder:2185_3 expire 7 lines
05-29 10:07:23.599  2185  4613 I chatty  : uid=1000(system) Binder:2185_1D expire 2 lines
