05-29 04:41:10.026  2185  5139 I chatty  : uid=1000(system) Binder:2185_15 expire 2 lines
05-29 04:41:10.118  2185  3707 I chatty  : uid=1000(system) Binder:2185_F expire 1 line
05-29 04:41:10.122  2185  4613 I chatty  : uid=1000(system) Binder:2185_1D expire 8 lines
05-29 04:41:25.205  2185  3725 I chatty  : uid=1000(system) Binder:2185_11 expire 2 lines
05-29 04:41:48.107  2185  2504 I chatty  : uid=1000(system) AlarmManager expire 19 lines
05-29 04:41:48.134  2185  3679 I chatty  : uid=1000(system) Binder:2185_C expire 2 lines
05-29 04:41:48.171  2185 10699 I chatty  : uid=1000(system) Binder:2185_1E expire 2 lines
05-29 04:42:10.277  2185 24171 I chatty  : uid=1000(system) Binder:2185_18 expire 10 lines
05-29 04:42:47.555  2185  2256 I chatty  : uid=1000(system) android.io expire 2 lines
05-29 04:42:48.195  2185  3723 I chatty  : uid=1000(system) Binder:2185_10 expire 1 line
05-29 04:42:51.760  2185  2185 I chatty  : uid=1000 system_server expire 11 lines
05-29 04:45:01.482  2185 25140 I chatty  : uid=1000(system) Binder:2185_1B expire 7 lines
05-29 04:45:48.525  2185  2504 I chatty  : uid=1000(system) AlarmManager expire 70 lines
05-29 04:45:48.555  2185 19421 I chatty  : uid=1000(system) Binder:2185_13 expire 2 lines
05-29 04:45:57.153  2185  2218 I chatty  : uid=1000(system) ActivityManager expire 2 lines
05-29 04:46:09.171  2185  2255 I chatty  : uid=1000(system) android.fg expire 19 lines
05-29 04:46:09.172  2185  3725 I chatty  : uid=1000(system) Binder:2185_11 expire 4 lines
05-29 04:46:09.185  2185  3678 I chatty  : uid=1000(system) Binder:2185_B expire 9 lines
05-29 04:46:09.283  2185  2199 I chatty  : uid=1000(system) Binder:2185_1 expire 1 line
05-29 04:46:17.566  3716  3818 W ContextImpl: Calling a method in the system process without a qualified user: android.app.ContextImpl.bindService:1422 android.content.ContextWrapper.bindService:636 com.google.android.gms.ads.identifier.AdvertisingIdClient.h:-1 com.google.android.gms.ads.identifier.AdvertisingIdClient.b:-1 com.google.android.gms.ads.identifier.AdvertisingIdClient.getAdvertisingIdInfo:-1 
05-29 04:46:48.617  2185  2200 I chatty  : uid=1000(system) Binder:2185_2 expire 3 lines
05-29 04:46:53.447  2185  4613 I chatty  : uid=1000(system) Binder:2185_1D expire 7 lines
05-29 04:47:08.520  2185  3679 I chatty  : uid=1000(system) Binder:2185_C expire 1 line
05-29 04:47:09.322  2185  2519 I chatty  : uid=1000(system) NetworkStats expire 2 lines
05-29 04:47:09.345  2185 11205 I chatty  : uid=1000(system) Binder:2185_1F expire 3 lines
05-29 04:47:09.389  2185  3707 I chatty  : uid=1000(system) Binder:2185_F expire 7 lines
05-29 04:47:09.397  2185  5139 I chatty  : uid=1000(system) Binder:2185_15 expire 5 lines
05-29 04:47:12.811  2185 19420 I chatty  : uid=1000(system) Binder:2185_12 expire 5 lines
05-29 04:47:48.663  2185  5138 I chatty  : uid=1000(system) Binder:2185_14 expire 2 lines
05-29 04:48:08.360  2185 10699 I chatty  : uid=1000(system) Binder:2185_1E expire 3 lines
05-29 04:48:09.496  2185  2622 I chatty  : uid=1000(system) Binder:2185_4 expire 3 lines
05-29 04:49:09.686  2185 31361 I chatty  : uid=1000(system) Binder:2185_17 expire 4 lines
05-29 04:49:09.707  2185 11206 I chatty  : uid=1000(system) Binder:2185_20 expire 2 lines
05-29 04:49:09.787  2185  8479 I chatty  : uid=1000(system) Binder:2185_16 expire 4 lines
05-29 04:49:48.767  2185 25141 I chatty  : uid=1000(system) Binder:2185_1C expire 3 lines
05-29 04:50:27.561  2185  3595 I chatty  : uid=1000(system) Binder:2185_8 expire 6 lines
05-29 04:50:43.141  2185  2547 I chatty  : uid=1000(system) Binder:2185_3 expire 4 lines
05-29 04:50:48.811  2185  3698 I chatty  : uid=1000(system) Binder:2185_E expire 3 lines
05-29 04:50:58.482  2185  3593 I chatty  : uid=1000(system) Binder:2185_7 expire 4 lines
05-29 04:51:17.543  2185  2217 I chatty  : uid=1000(system) android.bg expire 1 line
05-29 04:52:00.162  2185 24175 I chatty  : uid=1000(system) Binder:2185_1A expire 1 line
05-29 04:52:48.940  2185  3697 I chatty  : uid=1000(system) Binder:2185_D expire 3 lines
05-29 04:57:09.455  2185  2890 I chatty  : uid=1000(system) Binder:2185_5 expire 2 lines
05-29 04:59:23.409  2185  2222 I chatty  : uid=1000(system) batterystats-sy expire 3 lines
05-29 04:59:49.296  2185  3657 I chatty  : uid=1000(system) Binder:2185_A expire 3 lines
05-29 05:00:12.430  2185 25140 I chatty  : uid=1000(system) Binder:2185_1B expire 2 lines
05-29 05:00:12.462  2185  2199 I chatty  : uid=1000(system) Binder:2185_1 expire 3 lines
05-29 05:00:12.506  2185  2200 I chatty  : uid=1000(system) Binder:2185_2 expire 6 lines
05-29 05:00:12.547  2185  3697 I chatty  : uid=1000(system) Binder:2185_D expire 6 lines
05-29 05:00:12.563  2185  4613 I chatty  : uid=1000(system) Binder:2185_1D expire 3 lines
05-29 05:00:12.591  2185  3593 I chatty  : uid=1000(system) Binder:2185_7 expire 5 lines
05-29 05:00:13.249  2185  2218 I chatty  : uid=1000(system) ActivityManager expire 18 lines
05-29 05:00:13.748  2185 19420 I chatty  : uid=1000(system) Binder:2185_12 expire 3 lines
05-29 05:00:13.798  2185 24171 I chatty  : uid=1000(system) Binder:2185_18 expire 3 lines
05-29 05:00:13.824  2185 10699 I chatty  : uid=1000(system) Binder:2185_1E expire 11 lines
05-29 05:00:13.907  2185 19421 I chatty  : uid=1000(system) Binder:2185_13 expire 7 lines
05-29 05:00:24.057  2185  3725 I chatty  : uid=1000(system) Binder:2185_11 expire 4 lines
05-29 05:00:24.245  2185  3698 I chatty  : uid=1000(system) Binder:2185_E expire 4 lines
05-29 05:00:24.288  2185  3707 I chatty  : uid=1000(system) Binder:2185_F expire 3 lines
05-29 05:00:24.430  2185 24173 I chatty  : uid=1000(system) Binder:2185_19 expire 2 lines
05-29 05:00:24.819  2185  2504 I chatty  : uid=1000(system) AlarmManager expire 42 lines
05-29 05:00:28.512  2185  2255 I chatty  : uid=1000(system) android.fg expire 20 lines
05-29 05:00:33.460  2185  3723 I chatty  : uid=1000(system) Binder:2185_10 expire 5 lines
05-29 05:00:49.723  2185  5139 I chatty  : uid=1000(system) Binder:2185_15 expire 1 line
05-29 05:01:03.401  2185 11206 I chatty  : uid=1000(system) Binder:2185_20 expire 2 lines
05-29 05:01:03.497  2185  2890 I chatty  : uid=1000(system) Binder:2185_5 expire 4 lines
05-29 05:01:07.740  2185 24175 I chatty  : uid=1000(system) Binder:2185_1A expire 3 lines
05-29 05:01:07.896  2185  3595 I chatty  : uid=1000(system) Binder:2185_8 expire 2 lines
05-29 05:01:17.649  3716  3818 W ContextImpl: Calling a method in the system process without a qualified user: android.app.ContextImpl.bindService:1422 android.content.ContextWrapper.bindService:636 com.google.android.gms.ads.identifier.AdvertisingIdClient.h:-1 com.google.android.gms.ads.identifier.AdvertisingIdClient.b:-1 com.google.android.gms.ads.identifier.AdvertisingIdClient.getAdvertisingIdInfo:-1 
05-29 05:01:24.439  2185  8479 I chatty  : uid=1000(system) Binder:2185_16 expire 4 lines
05-29 05:03:18.592  2185  3679 I chatty  : uid=1000(system) Binder:2185_C expire 2 lines
05-29 05:03:49.872  2185  3565 I chatty  : uid=1000(system) Binder:2185_6 expire 4 lines
05-29 05:03:50.007  2185  5138 I chatty  : uid=1000(system) Binder:2185_14 expire 2 lines
05-29 05:04:00.115  2185  2218 I chatty  : uid=1000(system) ActivityManager expire 13 lines
05-29 05:04:11.277  2185  2256 I chatty  : uid=1000(system) android.io expire 4 lines
05-29 05:04:16.232  2185  2530 I chatty  : uid=1000(system) WifiStateMachin expire 2 lines
05-29 05:04:16.246  2185  2537 I chatty  : uid=1000(system) ConnectivitySer expire 3 lines
05-29 05:05:28.556  2185 31361 I chatty  : uid=1000(system) Binder:2185_17 expire 4 lines
05-29 05:06:09.056  2185 25141 I chatty  : uid=1000(system) Binder:2185_1C expire 1 line
05-29 05:06:09.357  2185  3678 I chatty  : uid=1000(system) Binder:2185_B expire 1 line
05-29 05:08:09.451  2185  2185 I chatty  : uid=1000 system_server expire 9 lines
05-29 05:09:50.124  2185  2504 I chatty  : uid=1000(system) AlarmManager expire 30 lines
05-29 05:09:50.149  2185 11206 I chatty  : uid=1000(system) Binder:2185_20 expire 3 lines
05-29 05:09:56.556  2185  2255 I chatty  : uid=1000(system) android.fg expire 10 lines
05-29 05:09:56.562  2185 24171 I chatty  : uid=1000(system) Binder:2185_18 expire 3 lines
05-29 05:10:09.642  2185  2200 I chatty  : uid=1000(system) Binder:2185_2 expire 6 lines
05-29 05:10:09.746  2185  4613 I chatty  : uid=1000(system) Binder:2185_1D expire 4 lines
05-29 05:10:50.203  2185 11205 I chatty  : uid=1000(system) Binder:2185_1F expire 4 lines
05-29 05:11:07.239  2185  3697 I chatty  : uid=1000(system) Binder:2185_D expire 3 lines
05-29 05:11:09.887  2185  5139 I chatty  : uid=1000(system) Binder:2185_15 expire 4 lines
05-29 05:11:10.300  2185  3725 I chatty  : uid=1000(system) Binder:2185_11 expire 1 line
05-29 05:11:28.479  2185  3679 I chatty  : uid=1000(system) Binder:2185_C expire 2 lines
05-29 05:12:00.135  2185  2199 I chatty  : uid=1000(system) Binder:2185_1 expire 5 lines
05-29 05:12:24.839  2185 31361 I chatty  : uid=1000(system) Binder:2185_17 expire 3 lines
05-29 05:12:50.311  2185  3593 I chatty  : uid=1000(system) Binder:2185_7 expire 2 lines
05-29 05:13:17.163  2185  2622 I chatty  : uid=1000(system) Binder:2185_4 expire 3 lines
05-29 05:13:32.201  2185 10699 I chatty  : uid=1000(system) Binder:2185_1E expire 4 lines
05-29 05:13:50.496  2185  3565 I chatty  : uid=1000(system) Binder:2185_6 expire 1 line
05-29 05:14:00.065  2185  3707 I chatty  : uid=1000(system) Binder:2185_F expire 2 lines
05-29 05:14:00.229  2185 25140 I chatty  : uid=1000(system) Binder:2185_1B expire 3 lines
05-29 05:14:50.428  2185  3698 I chatty  : uid=1000(system) Binder:2185_E expire 4 lines
05-29 05:15:00.155  2185  8479 I chatty  : uid=1000(system) Binder:2185_16 expire 2 lines
05-29 05:15:11.695  2185  3653 I chatty  : uid=1000(system) Binder:2185_9 expire 2 lines
05-29 05:15:26.762  2185  3657 I chatty  : uid=1000(system) Binder:2185_A expire 1 line
05-29 05:16:09.324  2185 25141 I chatty  : uid=1000(system) Binder:2185_1C expire 5 lines
05-29 05:16:09.347  2185  3595 I chatty  : uid=1000(system) Binder:2185_8 expire 1 line
05-29 05:16:17.708  3716  3818 W ContextImpl: Calling a method in the system process without a qualified user: android.app.ContextImpl.bindService:1422 android.content.ContextWrapper.bindService:636 com.google.android.gms.ads.identifier.AdvertisingIdClient.h:-1 com.google.android.gms.ads.identifier.AdvertisingIdClient.b:-1 com.google.android.gms.ads.identifier.AdvertisingIdClient.getAdvertisingIdInfo:-1 
05-29 05:16:26.756  2185  2255 I chatty  : uid=1000(system) android.fg expire 9 lines
05-29 05:16:50.507  2185  2504 I chatty  : uid=1000(system) AlarmManager expire 46 lines
05-29 05:16:50.535  2185  2547 I chatty  : uid=1000(system) Binder:2185_3 expire 3 lines
05-29 05:17:09.505  2185  2519 I chatty  : uid=1000(system) NetworkStats expire 3 lines
05-29 05:17:09.506  2185  2218 I chatty  : uid=1000(system) ActivityManager expire 6 lines
05-29 05:18:46.733  2185 24175 I chatty  : uid=1000(system) Binder:2185_1A expire 3 lines
05-29 05:19:09.840  2185  5138 I chatty  : uid=1000(system) Binder:2185_14 expire 6 lines
05-29 05:19:09.962  2185 19420 I chatty  : uid=1000(system) Binder:2185_12 expire 4 lines
05-29 05:19:15.137  2185  2890 I chatty  : uid=1000(system) Binder:2185_5 expire 2 lines
05-29 05:20:24.154  2185  2217 I chatty  : uid=1000(system) android.bg expire 1 line
05-29 05:21:00.155  2185  3723 I chatty  : uid=1000(system) Binder:2185_10 expire 1 line
05-29 05:25:09.611  2185 19421 I chatty  : uid=1000(system) Binder:2185_13 expire 5 lines
05-29 05:26:24.880  2185  8479 I chatty  : uid=1000(system) Binder:2185_16 expire 11 lines
05-29 05:26:51.051  2185  2504 I chatty  : uid=1000(system) AlarmManager expire 22 lines
05-29 05:26:51.087  2185  2199 I chatty  : uid=1000(system) Binder:2185_1 expire 4 lines
05-29 05:27:09.769  2185  3593 I chatty  : uid=1000(system) Binder:2185_7 expire 6 lines
05-29 05:27:09.887  2185  4613 I chatty  : uid=1000(system) Binder:2185_1D expire 13 lines
05-29 05:27:51.147  2185  3697 I chatty  : uid=1000(system) Binder:2185_D expire 1 line
05-29 05:28:00.133  2185 11206 I chatty  : uid=1000(system) Binder:2185_20 expire 3 lines
05-29 05:28:29.163  2185  2255 I chatty  : uid=1000(system) android.fg expire 18 lines
05-29 05:28:46.719  2185  2547 I chatty  : uid=1000(system) Binder:2185_3 expire 3 lines
05-29 05:28:51.209  2185  3653 I chatty  : uid=1000(system) Binder:2185_9 expire 4 lines
05-29 05:28:57.277  2185 31361 I chatty  : uid=1000(system) Binder:2185_17 expire 3 lines
05-29 05:29:00.299  2185  3595 I chatty  : uid=1000(system) Binder:2185_8 expire 8 lines
05-29 05:29:15.360  2185 10699 I chatty  : uid=1000(system) Binder:2185_1E expire 2 lines
05-29 05:29:23.581  2185  2222 I chatty  : uid=1000(system) batterystats-sy expire 3 lines
05-29 05:29:51.268  2185 25140 I chatty  : uid=1000(system) Binder:2185_1B expire 2 lines
05-29 05:29:51.372  2185  3725 I chatty  : uid=1000(system) Binder:2185_11 expire 1 line
05-29 05:30:00.161  2185  3657 I chatty  : uid=1000(system) Binder:2185_A expire 2 lines
05-29 05:30:00.202  2185  3678 I chatty  : uid=1000(system) Binder:2185_B expire 3 lines
05-29 05:30:08.063  2185  3707 I chatty  : uid=1000(system) Binder:2185_F expire 3 lines
05-29 05:30:10.178  2185  3698 I chatty  : uid=1000(system) Binder:2185_E expire 3 lines
05-29 05:31:00.169  2185  2200 I chatty  : uid=1000(system) Binder:2185_2 expire 2 lines
05-29 05:31:00.265  2185  5139 I chatty  : uid=1000(system) Binder:2185_15 expire 2 lines
05-29 05:31:17.801  3716  3818 W ContextImpl: Calling a method in the system process without a qualified user: android.app.ContextImpl.bindService:1422 android.content.ContextWrapper.bindService:636 com.google.android.gms.ads.identifier.AdvertisingIdClient.h:-1 com.google.android.gms.ads.identifier.AdvertisingIdClient.b:-1 com.google.android.gms.ads.identifier.AdvertisingIdClient.getAdvertisingIdInfo:-1 
05-29 05:31:51.340  2185  2504 I chatty  : uid=1000(system) AlarmManager expire 45 lines
05-29 05:31:51.369  2185 24173 I chatty  : uid=1000(system) Binder:2185_19 expire 1 line
05-29 05:32:07.115  2185  3679 I chatty  : uid=1000(system) Binder:2185_C expire 2 lines
05-29 05:32:12.066  2185 11205 I chatty  : uid=1000(system) Binder:2185_1F expire 2 lines
05-29 05:32:51.419  2185  2622 I chatty  : uid=1000(system) Binder:2185_4 expire 2 lines
05-29 05:34:07.244  2185  5138 I chatty  : uid=1000(system) Binder:2185_14 expire 3 lines
05-29 05:34:51.525  2185  3723 I chatty  : uid=1000(system) Binder:2185_10 expire 1 line
05-29 05:35:28.491  2185  2218 I chatty  : uid=1000(system) ActivityManager expire 12 lines
05-29 05:35:28.521  2185  2217 I chatty  : uid=1000(system) android.bg expire 1 line
05-29 05:35:51.574  2185  3565 I chatty  : uid=1000(system) Binder:2185_6 expire 1 line
05-29 05:35:57.141  2185  2185 I chatty  : uid=1000 system_server expire 1 line
05-29 05:36:51.629  2185  2890 I chatty  : uid=1000(system) Binder:2185_5 expire 3 lines
05-29 05:37:09.812  2185 19420 I chatty  : uid=1000(system) Binder:2185_12 expire 3 lines
05-29 05:38:34.326  2185 25141 I chatty  : uid=1000(system) Binder:2185_1C expire 2 lines
05-29 05:38:34.021  2185 24175 I chatty  : uid=1000(system) Binder:2185_1A expire 3 lines
05-29 05:38:48.490  2185 24171 I chatty  : uid=1000(system) Binder:2185_18 expire 3 lines
05-29 05:41:00.291 30659 30659 D ActivityThread: Loading provider com.whatsapp.provider.contact: com.whatsapp.contact.ContactProvider
05-29 05:41:00.709  2185  2199 I chatty  : uid=1000(system) Binder:2185_1 expire 2 lines
05-29 05:41:00.710  2185  2218 I chatty  : uid=1000(system) ActivityManager expire 6 lines
05-29 05:41:00.729  2185  3679 I chatty  : uid=1000(system) Binder:2185_C expire 12 lines
05-29 05:41:00.731  2185  3697 I chatty  : uid=1000(system) Binder:2185_D expire 17 lines
05-29 05:41:00.760  2185  2255 I chatty  : uid=1000(system) android.fg expire 11 lines
05-29 05:41:15.823  2185  2547 I chatty  : uid=1000(system) Binder:2185_3 expire 6 lines
05-29 05:41:15.860  2185 25141 I chatty  : uid=1000(system) Binder:2185_1C expire 2 lines
05-29 05:41:15.864  2185  2890 I chatty  : uid=1000(system) Binder:2185_5 expire 1 line
05-29 05:41:45.908  2185 11205 I chatty  : uid=1000(system) Binder:2185_1F expire 3 lines
05-29 05:41:51.368  2185  2504 I chatty  : uid=1000(system) AlarmManager expire 25 lines
05-29 05:41:51.435  2185  4613 I chatty  : uid=1000(system) Binder:2185_1D expire 3 lines
05-29 05:41:51.661  2185 25140 I chatty  : uid=1000(system) Binder:2185_1B expire 2 lines
05-29 05:42:06.705  2185  3657 I chatty  : uid=1000(system) Binder:2185_A expire 1 line
05-29 05:42:08.630  2185  3593 I chatty  : uid=1000(system) Binder:2185_7 expire 7 lines
05-29 05:42:08.754  2185 10699 I chatty  : uid=1000(system) Binder:2185_1E expire 4 lines
05-29 05:42:42.585  2185 19420 I chatty  : uid=1000(system) Binder:2185_12 expire 2 lines
05-29 05:42:51.469  2185  3595 I chatty  : uid=1000(system) Binder:2185_8 expire 4 lines
05-29 05:43:08.732  2185  8479 I chatty  : uid=1000(system) Binder:2185_16 expire 1 line
05-29 05:43:51.532  2185  3565 I chatty  : uid=1000(system) Binder:2185_6 expire 1 line
05-29 05:44:08.838  2185  2185 I chatty  : uid=1000 system_server expire 5 lines
05-29 05:44:08.988  2185  3423 I chatty  : uid=1000(system) backup expire 17 lines
05-29 05:44:10.336  2185  3725 I chatty  : uid=1000(system) Binder:2185_11 expire 4 lines
05-29 05:44:10.989  2185 24175 I chatty  : uid=1000(system) Binder:2185_1A expire 2 lines
05-29 05:44:15.315  2185  3678 I chatty  : uid=1000(system) Binder:2185_B expire 2 lines
05-29 05:44:15.395  2185 19421 I chatty  : uid=1000(system) Binder:2185_13 expire 3 lines
05-29 05:44:46.392  2185  3707 I chatty  : uid=1000(system) Binder:2185_F expire 2 lines
05-29 05:44:46.402  2185  3698 I chatty  : uid=1000(system) Binder:2185_E expire 3 lines
05-29 05:45:09.028  2185  5138 I chatty  : uid=1000(system) Binder:2185_14 expire 1 line
05-29 05:45:10.512  2185  2217 I chatty  : uid=1000(system) android.bg expire 1 line
05-29 05:46:09.255  2185  2200 I chatty  : uid=1000(system) Binder:2185_2 expire 1 line
05-29 05:46:17.413  3716  3818 W ContextImpl: Calling a method in the system process without a qualified user: android.app.ContextImpl.bindService:1422 android.content.ContextWrapper.bindService:636 com.google.android.gms.ads.identifier.AdvertisingIdClient.h:-1 com.google.android.gms.ads.identifier.AdvertisingIdClient.b:-1 com.google.android.gms.ads.identifier.AdvertisingIdClient.getAdvertisingIdInfo:-1 
05-29 05:46:28.142  2185  2255 I chatty  : uid=1000(system) android.fg expire 11 lines
05-29 05:46:51.660  2185  2504 I chatty  : uid=1000(system) AlarmManager expire 21 lines
05-29 05:46:51.685  2185  3697 I chatty  : uid=1000(system) Binder:2185_D expire 1 line
05-29 05:47:06.545  2185  2519 I chatty  : uid=1000(system) NetworkStats expire 2 lines
05-29 05:47:06.602  2185 31361 I chatty  : uid=1000(system) Binder:2185_17 expire 3 lines
05-29 05:47:09.423  2185 24173 I chatty  : uid=1000(system) Binder:2185_19 expire 2 lines
05-29 05:48:26.704  2185  3653 I chatty  : uid=1000(system) Binder:2185_9 expire 4 lines
05-29 05:48:51.791  2185  3679 I chatty  : uid=1000(system) Binder:2185_C expire 1 line
05-29 05:49:26.507  2185  2622 I chatty  : uid=1000(system) Binder:2185_4 expire 1 line
05-29 05:49:51.858  2185  3723 I chatty  : uid=1000(system) Binder:2185_10 expire 1 line
05-29 05:50:00.060  2185  5139 I chatty  : uid=1000(system) Binder:2185_15 expire 2 lines
05-29 05:50:52.016  2185 11206 I chatty  : uid=1000(system) Binder:2185_20 expire 2 lines
05-29 05:51:00.197  2185  2504 I chatty  : uid=1000(system) AlarmManager expire 47 lines
05-29 05:51:00.245  2185  2200 I chatty  : uid=1000(system) Binder:2185_2 expire 2 lines
05-29 05:51:00.354  2185  3678 I chatty  : uid=1000(system) Binder:2185_B expire 1 line
05-29 05:51:51.952  2185  4613 I chatty  : uid=1000(system) Binder:2185_1D expire 8 lines
05-29 05:52:00.444  2185  3707 I chatty  : uid=1000(system) Binder:2185_F expire 3 lines
05-29 05:53:00.528  2185 24171 I chatty  : uid=1000(system) Binder:2185_18 expire 2 lines
05-29 05:53:13.787  2185  2255 I chatty  : uid=1000(system) android.fg expire 13 lines
05-29 05:53:13.793  2185 24173 I chatty  : uid=1000(system) Binder:2185_19 expire 5 lines
05-29 05:53:29.023  2185  3595 I chatty  : uid=1000(system) Binder:2185_8 expire 7 lines
05-29 05:54:06.776  2185  2622 I chatty  : uid=1000(system) Binder:2185_4 expire 4 lines
05-29 05:54:06.814  2185  5139 I chatty  : uid=1000(system) Binder:2185_15 expire 5 lines
05-29 05:54:06.903  2185 11205 I chatty  : uid=1000(system) Binder:2185_1F expire 3 lines
05-29 05:54:52.113  2185  2199 I chatty  : uid=1000(system) Binder:2185_1 expire 5 lines
05-29 05:55:52.146  2185  2218 I chatty  : uid=1000(system) ActivityManager expire 5 lines
05-29 05:55:52.166  2185  3698 I chatty  : uid=1000(system) Binder:2185_E expire 3 lines
05-29 05:55:52.195  2185 19420 I chatty  : uid=1000(system) Binder:2185_12 expire 3 lines
05-29 05:55:56.648  2185  2185 I chatty  : uid=1000 system_server expire 9 lines
05-29 05:56:09.432  2185  2547 I chatty  : uid=1000(system) Binder:2185_3 expire 3 lines
05-29 05:56:52.214  2185 10699 I chatty  : uid=1000(system) Binder:2185_1E expire 2 lines
05-29 05:57:09.291  2185  3679 I chatty  : uid=1000(system) Binder:2185_C expire 1 line
05-29 05:57:09.413  2185  3593 I chatty  : uid=1000(system) Binder:2185_7 expire 1 line
05-29 05:57:52.257  2185 25140 I chatty  : uid=1000(system) Binder:2185_1B expire 1 line
05-29 05:58:46.240  2185  3653 I chatty  : uid=1000(system) Binder:2185_9 expire 5 lines
05-29 05:58:52.306  2185 25141 I chatty  : uid=1000(system) Binder:2185_1C expire 2 lines
05-29 05:59:22.909  2185  2222 I chatty  : uid=1000(system) batterystats-sy expire 3 lines
05-29 06:00:00.051  2185  3723 I chatty  : uid=1000(system) Binder:2185_10 expire 4 lines
05-29 06:00:00.165  2185  3697 I chatty  : uid=1000(system) Binder:2185_D expire 3 lines
05-29 06:00:10.380  2185  8479 I chatty  : uid=1000(system) Binder:2185_16 expire 3 lines
05-29 06:01:17.492  3716  3818 W ContextImpl: Calling a method in the system process without a qualified user: android.app.ContextImpl.bindService:1422 android.content.ContextWrapper.bindService:636 com.google.android.gms.ads.identifier.AdvertisingIdClient.h:-1 com.google.android.gms.ads.identifier.AdvertisingIdClient.b:-1 com.google.android.gms.ads.identifier.AdvertisingIdClient.getAdvertisingIdInfo:-1 
05-29 06:01:25.378  2185  2255 I chatty  : uid=1000(system) android.fg expire 5 lines
05-29 06:01:52.429  2185  2504 I chatty  : uid=1000(system) AlarmManager expire 31 lines
05-29 06:03:06.593  2185  5138 I chatty  : uid=1000(system) Binder:2185_14 expire 1 line
05-29 06:03:48.781  2185  2530 I chatty  : uid=1000(system) WifiStateMachin expire 1 line
05-29 06:03:48.789  2185  2537 I chatty  : uid=1000(system) ConnectivitySer expire 2 lines
05-29 06:03:52.562  2185  3657 I chatty  : uid=1000(system) Binder:2185_A expire 1 line
05-29 06:05:52.664  2185  3565 I chatty  : uid=1000(system) Binder:2185_6 expire 1 line
05-29 06:06:09.348  2185 19421 I chatty  : uid=1000(system) Binder:2185_13 expire 1 line
05-29 06:06:17.463  2185  2217 I chatty  : uid=1000(system) android.bg expire 1 line
05-29 06:07:09.304  2185  2890 I chatty  : uid=1000(system) Binder:2185_5 expire 2 lines
05-29 06:07:30.665  2185  3725 I chatty  : uid=1000(system) Binder:2185_11 expire 6 lines
05-29 06:08:46.200  2185  2504 I chatty  : uid=1000(system) AlarmManager expire 34 lines
05-29 06:08:46.228  2185  3679 I chatty  : uid=1000(system) Binder:2185_C expire 5 lines
05-29 06:08:46.255  2185  2259 I chatty  : uid=1000(system) CpuTracker expire 1 line
05-29 06:08:46.324  2185 24173 I chatty  : uid=1000(system) Binder:2185_19 expire 5 lines
05-29 06:08:52.808  2185 31361 I chatty  : uid=1000(system) Binder:2185_17 expire 3 lines
05-29 06:09:52.864  2185  3678 I chatty  : uid=1000(system) Binder:2185_B expire 2 lines
05-29 06:09:52.960  2185  3697 I chatty  : uid=1000(system) Binder:2185_D expire 5 lines
05-29 06:10:00.042  2185 25141 I chatty  : uid=1000(system) Binder:2185_1C expire 3 lines
05-29 06:10:45.878  2185  2255 I chatty  : uid=1000(system) android.fg expire 13 lines
05-29 06:10:45.890  2185  3707 I chatty  : uid=1000(system) Binder:2185_F expire 7 lines
05-29 06:10:52.931  2185 24171 I chatty  : uid=1000(system) Binder:2185_18 expire 2 lines
05-29 06:10:53.029  2185 25140 I chatty  : uid=1000(system) Binder:2185_1B expire 4 lines
05-29 06:11:01.108  2185  2547 I chatty  : uid=1000(system) Binder:2185_3 expire 3 lines
05-29 06:11:52.982  2185 19420 I chatty  : uid=1000(system) Binder:2185_12 expire 4 lines
05-29 06:12:00.330  2185  8479 I chatty  : uid=1000(system) Binder:2185_16 expire 3 lines
05-29 06:12:53.035  2185  3595 I chatty  : uid=1000(system) Binder:2185_8 expire 5 lines
05-29 06:12:53.087  2185 19421 I chatty  : uid=1000(system) Binder:2185_13 expire 3 lines
05-29 06:13:00.411  2185  5139 I chatty  : uid=1000(system) Binder:2185_15 expire 1 line
05-29 06:14:06.834  2185  2890 I chatty  : uid=1000(system) Binder:2185_5 expire 1 line
05-29 06:14:20.627  2185  2530 I chatty  : uid=1000(system) WifiStateMachin expire 1 line
05-29 06:14:20.628  2185  2218 I chatty  : uid=1000(system) ActivityManager expire 4 lines
05-29 06:14:20.694  2185  2537 I chatty  : uid=1000(system) ConnectivitySer expire 1 line
05-29 06:14:35.667  2185 11205 I chatty  : uid=1000(system) Binder:2185_1F expire 3 lines
05-29 06:15:06.928  2185  3593 I chatty  : uid=1000(system) Binder:2185_7 expire 1 line
05-29 06:15:07.043  2185  2622 I chatty  : uid=1000(system) Binder:2185_4 expire 2 lines
05-29 06:15:53.192  2185  3657 I chatty  : uid=1000(system) Binder:2185_A expire 1 line
05-29 06:15:56.648  2185  2185 I chatty  : uid=1000 system_server expire 3 lines
05-29 06:16:07.021  2185  2200 I chatty  : uid=1000(system) Binder:2185_2 expire 2 lines
05-29 06:16:07.042  2185  3653 I chatty  : uid=1000(system) Binder:2185_9 expire 3 lines
05-29 06:16:17.563  3716  3818 W ContextImpl: Calling a method in the system process without a qualified user: android.app.ContextImpl.bindService:1422 android.content.ContextWrapper.bindService:636 com.google.android.gms.ads.identifier.AdvertisingIdClient.h:-1 com.google.android.gms.ads.identifier.AdvertisingIdClient.b:-1 com.google.android.gms.ads.identifier.AdvertisingIdClient.getAdvertisingIdInfo:-1 
05-29 06:16:53.224  2185  2504 I chatty  : uid=1000(system) AlarmManager expire 53 lines
05-29 06:17:07.162  2185  2519 I chatty  : uid=1000(system) NetworkStats expire 3 lines
05-29 06:17:07.510  2185  3565 I chatty  : uid=1000(system) Binder:2185_6 expire 2 lines
05-29 06:18:04.039  2185 11206 I chatty  : uid=1000(system) Binder:2185_20 expire 3 lines
05-29 06:18:07.590  2185 10699 I chatty  : uid=1000(system) Binder:2185_1E expire 3 lines
05-29 06:18:07.699  2185  3698 I chatty  : uid=1000(system) Binder:2185_E expire 2 lines
05-29 06:19:07.698  2185  4613 I chatty  : uid=1000(system) Binder:2185_1D expire 1 line
05-29 06:20:13.154  2185 24175 I chatty  : uid=1000(system) Binder:2185_1A expire 1 line
05-29 06:21:32.426  2185  5138 I chatty  : uid=1000(system) Binder:2185_14 expire 2 lines
05-29 06:21:53.501  2185  3723 I chatty  : uid=1000(system) Binder:2185_10 expire 6 lines
05-29 06:28:07.702  2185  4613 I chatty  : uid=1000(system) Binder:2185_1D expire 2 lines
05-29 06:28:07.836  2185 19420 I chatty  : uid=1000(system) Binder:2185_12 expire 4 lines
05-29 06:28:08.079  2185 10699 I chatty  : uid=1000(system) Binder:2185_1E expire 12 lines
05-29 06:28:08.512  2185  2504 I chatty  : uid=1000(system) AlarmManager expire 16 lines
05-29 06:28:08.533  2185 24175 I chatty  : uid=1000(system) Binder:2185_1A expire 2 lines
05-29 06:28:08.721  2185  2199 I chatty  : uid=1000(system) Binder:2185_1 expire 11 lines
05-29 06:28:08.722  2185  2218 I chatty  : uid=1000(system) ActivityManager expire 24 lines
05-29 06:28:08.857  2185  3565 I chatty  : uid=1000(system) Binder:2185_6 expire 5 lines
05-29 06:28:09.152  2185  3707 I chatty  : uid=1000(system) Binder:2185_F expire 3 lines
05-29 06:28:09.160  2185  2890 I chatty  : uid=1000(system) Binder:2185_5 expire 3 lines
05-29 06:28:09.284  2185  8479 I chatty  : uid=1000(system) Binder:2185_16 expire 4 lines
05-29 06:28:09.289  2185 31361 I chatty  : uid=1000(system) Binder:2185_17 expire 3 lines
05-29 06:28:09.295  2185  3595 I chatty  : uid=1000(system) Binder:2185_8 expire 5 lines
05-29 06:28:09.303  2185 19421 I chatty  : uid=1000(system) Binder:2185_13 expire 3 lines
05-29 06:28:09.350  2185  3725 I chatty  : uid=1000(system) Binder:2185_11 expire 3 lines
05-29 06:28:09.357  2185 24171 I chatty  : uid=1000(system) Binder:2185_18 expire 6 lines
05-29 06:28:09.363  2185  2622 I chatty  : uid=1000(system) Binder:2185_4 expire 3 lines
05-29 06:28:09.480  2185  5138 I chatty  : uid=1000(system) Binder:2185_14 expire 4 lines
05-29 06:28:09.482  2185 11206 I chatty  : uid=1000(system) Binder:2185_20 expire 5 lines
05-29 06:28:09.490  2185 25141 I chatty  : uid=1000(system) Binder:2185_1C expire 6 lines
05-29 06:28:09.592  2185  3679 I chatty  : uid=1000(system) Binder:2185_C expire 2 lines
05-29 06:28:09.633  2185  5139 I chatty  : uid=1000(system) Binder:2185_15 expire 4 lines
05-29 06:28:10.123  2185 24173 I chatty  : uid=1000(system) Binder:2185_19 expire 7 lines
05-29 06:28:10.125  2185  3698 I chatty  : uid=1000(system) Binder:2185_E expire 4 lines
05-29 06:28:20.712  2185  3697 I chatty  : uid=1000(system) Binder:2185_D expire 1 line
05-29 06:28:20.817  2185  3653 I chatty  : uid=1000(system) Binder:2185_9 expire 2 lines
05-29 06:28:30.736  2185 11205 I chatty  : uid=1000(system) Binder:2185_1F expire 5 lines
05-29 06:28:30.799  2185  2537 I chatty  : uid=1000(system) ConnectivitySer expire 1 line
05-29 06:29:10.305  2185  2255 I chatty  : uid=1000(system) android.fg expire 17 lines
05-29 06:29:22.921  2185  2222 I chatty  : uid=1000(system) batterystats-sy expire 3 lines
05-29 06:30:02.466  2185 25140 I chatty  : uid=1000(system) Binder:2185_1B expire 2 lines
05-29 06:30:19.951  2185  2256 I chatty  : uid=1000(system) android.io expire 2 lines
05-29 06:31:08.955  2185  2200 I chatty  : uid=1000(system) Binder:2185_2 expire 1 line
05-29 06:31:17.642  3716  3818 W ContextImpl: Calling a method in the system process without a qualified user: android.app.ContextImpl.bindService:1422 android.content.ContextWrapper.bindService:636 com.google.android.gms.ads.identifier.AdvertisingIdClient.h:-1 com.google.android.gms.ads.identifier.AdvertisingIdClient.b:-1 com.google.android.gms.ads.identifier.AdvertisingIdClient.getAdvertisingIdInfo:-1 
05-29 06:31:53.993  2185  2504 I chatty  : uid=1000(system) AlarmManager expire 16 lines
05-29 06:32:09.106  2185  3657 I chatty  : uid=1000(system) Binder:2185_A expire 2 lines
05-29 06:32:36.310  2185  2218 I chatty  : uid=1000(system) ActivityManager expire 4 lines
05-29 06:33:54.674  2185 10699 I chatty  : uid=1000(system) Binder:2185_1E expire 2 lines
05-29 06:34:09.871  2185 11205 I chatty  : uid=1000(system) Binder:2185_1F expire 4 lines
05-29 06:34:09.992  2185  2890 I chatty  : uid=1000(system) Binder:2185_5 expire 3 lines
05-29 06:34:24.855  2185  2504 I chatty  : uid=1000(system) AlarmManager expire 29 lines
05-29 06:34:43.707  2185  2255 I chatty  : uid=1000(system) android.fg expire 14 lines
05-29 06:34:43.713  2185 24175 I chatty  : uid=1000(system) Binder:2185_1A expire 1 line
05-29 06:34:54.716  2185  2547 I chatty  : uid=1000(system) Binder:2185_3 expire 3 lines
05-29 06:34:58.963  2185  3657 I chatty  : uid=1000(system) Binder:2185_A expire 3 lines
05-29 06:35:23.556  2185  5138 I chatty  : uid=1000(system) Binder:2185_14 expire 1 line
05-29 06:35:24.880  2185  3595 I chatty  : uid=1000(system) Binder:2185_8 expire 5 lines
05-29 06:35:24.923  2185  2185 I chatty  : uid=1000 system_server expire 13 lines
05-29 06:35:25.002  2185 19420 I chatty  : uid=1000(system) Binder:2185_12 expire 2 lines
05-29 06:35:28.736  2185  2218 I chatty  : uid=1000(system) ActivityManager expire 9 lines
05-29 06:35:38.602  2185 25140 I chatty  : uid=1000(system) Binder:2185_1B expire 2 lines
05-29 06:35:39.352  2185 24171 I chatty  : uid=1000(system) Binder:2185_18 expire 3 lines
05-29 06:36:18.150  2185  2217 I chatty  : uid=1000(system) android.bg expire 1 line
05-29 06:37:09.176  2185 31361 I chatty  : uid=1000(system) Binder:2185_17 expire 4 lines
05-29 06:37:09.267  2185  4613 I chatty  : uid=1000(system) Binder:2185_1D expire 2 lines
05-29 06:37:15.781  2185  2199 I chatty  : uid=1000(system) Binder:2185_1 expire 12 lines
05-29 06:37:31.122  2185  3679 I chatty  : uid=1000(system) Binder:2185_C expire 11 lines
05-29 06:38:09.261  2185  3653 I chatty  : uid=1000(system) Binder:2185_9 expire 2 lines
05-29 06:38:09.365  2185  3723 I chatty  : uid=1000(system) Binder:2185_10 expire 8 lines
05-29 06:39:09.413  2185 24173 I chatty  : uid=1000(system) Binder:2185_19 expire 1 line
05-29 06:40:09.576  2185  2622 I chatty  : uid=1000(system) Binder:2185_4 expire 1 line
05-29 06:41:01.561  2185  3678 I chatty  : uid=1000(system) Binder:2185_B expire 2 lines
05-29 06:41:09.721  1018  1018 D ActivityThread: Loading provider com.whatsapp.provider.contact: com.whatsapp.contact.ContactProvider
05-29 06:41:09.819  2185  3593 I chatty  : uid=1000(system) Binder:2185_7 expire 2 lines
05-29 06:41:10.074  2185  3725 I chatty  : uid=1000(system) Binder:2185_11 expire 16 lines
05-29 06:41:10.074  2185  3707 I chatty  : uid=1000(system) Binder:2185_F expire 1 line
05-29 06:41:10.082  2185  3698 I chatty  : uid=1000(system) Binder:2185_E expire 1 line
05-29 06:41:10.103  2185  3565 I chatty  : uid=1000(system) Binder:2185_6 expire 10 lines
05-29 06:41:10.178  2185  2255 I chatty  : uid=1000(system) android.fg expire 6 lines
05-29 06:41:55.029  2185  2504 I chatty  : uid=1000(system) AlarmManager expire 16 lines
05-29 06:42:10.365  2185  3697 I chatty  : uid=1000(system) Binder:2185_D expire 8 lines
05-29 06:42:17.210  2185 19421 I chatty  : uid=1000(system) Binder:2185_13 expire 1 line
05-29 06:42:48.281  2185  2256 I chatty  : uid=1000(system) android.io expire 2 lines
05-29 06:43:09.000  2185  2200 I chatty  : uid=1000(system) Binder:2185_2 expire 1 line
05-29 06:43:55.156  2185  8479 I chatty  : uid=1000(system) Binder:2185_16 expire 5 lines
05-29 06:44:00.318  2185  3657 I chatty  : uid=1000(system) Binder:2185_A expire 7 lines
05-29 06:44:00.843  2185 19421 I chatty  : uid=1000(system) Binder:2185_13 expire 9 lines
05-29 06:44:01.020  2185  2255 I chatty  : uid=1000(system) android.fg expire 13 lines
05-29 06:44:01.022  2185  3565 I chatty  : uid=1000(system) Binder:2185_6 expire 5 lines
05-29 06:44:02.066  2185  2218 I chatty  : uid=1000(system) ActivityManager expire 12 lines
05-29 06:44:02.293  2185  2200 I chatty  : uid=1000(system) Binder:2185_2 expire 4 lines
05-29 06:44:02.297  2185  3593 I chatty  : uid=1000(system) Binder:2185_7 expire 1 line
05-29 06:44:02.427  2185  3723 I chatty  : uid=1000(system) Binder:2185_10 expire 3 lines
05-29 06:44:02.530  2185  5139 I chatty  : uid=1000(system) Binder:2185_15 expire 6 lines
05-29 06:44:55.177  2185  2504 I chatty  : uid=1000(system) AlarmManager expire 10 lines
05-29 06:44:55.216  2185 10699 I chatty  : uid=1000(system) Binder:2185_1E expire 2 lines
05-29 06:45:55.257  2185  2547 I chatty  : uid=1000(system) Binder:2185_3 expire 3 lines
05-29 06:46:09.476  2185  3595 I chatty  : uid=1000(system) Binder:2185_8 expire 4 lines
05-29 06:46:18.268  3716  3818 W ContextImpl: Calling a method in the system process without a qualified user: android.app.ContextImpl.bindService:1422 android.content.ContextWrapper.bindService:636 com.google.android.gms.ads.identifier.AdvertisingIdClient.h:-1 com.google.android.gms.ads.identifier.AdvertisingIdClient.b:-1 com.google.android.gms.ads.identifier.AdvertisingIdClient.getAdvertisingIdInfo:-1 
05-29 06:46:54.007  2185 25141 I chatty  : uid=1000(system) Binder:2185_1C expire 5 lines
05-29 06:46:55.283  2185  2504 I chatty  : uid=1000(system) AlarmManager expire 42 lines
05-29 06:46:55.315  2185  3707 I chatty  : uid=1000(system) Binder:2185_F expire 1 line
05-29 06:47:09.082  2185  3698 I chatty  : uid=1000(system) Binder:2185_E expire 5 lines
05-29 06:47:09.591  2185  2519 I chatty  : uid=1000(system) NetworkStats expire 2 lines
05-29 06:47:47.087  2185 25140 I chatty  : uid=1000(system) Binder:2185_1B expire 2 lines
05-29 06:48:05.840  2185 24171 I chatty  : uid=1000(system) Binder:2185_18 expire 3 lines
05-29 06:48:09.740  2185  2185 I chatty  : uid=1000 system_server expire 23 lines
05-29 06:48:09.748  2185  3725 I chatty  : uid=1000(system) Binder:2185_11 expire 7 lines
05-29 06:48:09.877  2185  5138 I chatty  : uid=1000(system) Binder:2185_14 expire 3 lines
05-29 06:48:24.958  2185  3653 I chatty  : uid=1000(system) Binder:2185_9 expire 3 lines
05-29 06:49:01.853  2185  3679 I chatty  : uid=1000(system) Binder:2185_C expire 3 lines
05-29 06:49:55.476  2185  2890 I chatty  : uid=1000(system) Binder:2185_5 expire 1 line
05-29 06:52:00.054  2185  2199 I chatty  : uid=1000(system) Binder:2185_1 expire 2 lines
05-29 06:52:55.739  2185 24173 I chatty  : uid=1000(system) Binder:2185_19 expire 1 line
05-29 06:53:02.604  2185  3697 I chatty  : uid=1000(system) Binder:2185_D expire 2 lines
05-29 06:55:00.187  2185 31361 I chatty  : uid=1000(system) Binder:2185_17 expire 1 line
05-29 06:55:00.319  2185  3678 I chatty  : uid=1000(system) Binder:2185_B expire 1 line
05-29 06:55:00.519  2185  4613 I chatty  : uid=1000(system) Binder:2185_1D expire 1 line
05-29 06:55:00.552  2185 11206 I chatty  : uid=1000(system) Binder:2185_20 expire 2 lines
05-29 06:55:01.355  2185  2258 I chatty  : uid=1000(system) android.display expire 2 lines
05-29 06:55:01.364  2185  2263 I chatty  : uid=1000(system) PowerManagerSer expire 2 lines
05-29 06:55:01.715  2185 24175 I chatty  : uid=1000(system) Binder:2185_1A expire 2 lines
05-29 06:55:02.774  2185 19420 I chatty  : uid=1000(system) Binder:2185_12 expire 5 lines
05-29 06:55:03.274  2185  3698 I chatty  : uid=1000(system) Binder:2185_E expire 5 lines
05-29 06:55:03.295  2185  4613 I chatty  : uid=1000(system) Binder:2185_1D expire 2 lines
05-29 06:55:03.309  2185  8479 I chatty  : uid=1000(system) Binder:2185_16 expire 7 lines
05-29 06:55:03.324  2185 19421 I chatty  : uid=1000(system) Binder:2185_13 expire 6 lines
05-29 06:55:04.188  2185 24173 I chatty  : uid=1000(system) Binder:2185_19 expire 6 lines
05-29 06:55:05.166  2185  2199 I chatty  : uid=1000(system) Binder:2185_1 expire 5 lines
05-29 06:55:06.205  2185  2218 I chatty  : uid=1000(system) ActivityManager expire 15 lines
05-29 06:55:07.312  2185  5139 I chatty  : uid=1000(system) Binder:2185_15 expire 5 lines
05-29 06:55:07.350  2185  2622 I chatty  : uid=1000(system) Binder:2185_4 expire 3 lines
05-29 06:55:07.379  2185  2200 I chatty  : uid=1000(system) Binder:2185_2 expire 2 lines
05-29 06:55:07.386  2185 11205 I chatty  : uid=1000(system) Binder:2185_1F expire 4 lines
05-29 06:55:08.443  2185  3565 I chatty  : uid=1000(system) Binder:2185_6 expire 5 lines
05-29 06:55:08.464  2185  2890 I chatty  : uid=1000(system) Binder:2185_5 expire 6 lines
05-29 06:55:09.241  2185 10699 I chatty  : uid=1000(system) Binder:2185_1E expire 3 lines
05-29 06:55:09.607  2185  3595 I chatty  : uid=1000(system) Binder:2185_8 expire 8 lines
05-29 06:55:09.746  2185  3707 I chatty  : uid=1000(system) Binder:2185_F expire 4 lines
05-29 06:55:16.632  2185  2504 I chatty  : uid=1000(system) AlarmManager expire 9 lines
05-29 06:55:16.675  2185 11206 I chatty  : uid=1000(system) Binder:2185_20 expire 3 lines
05-29 06:55:17.292  2185  3725 I chatty  : uid=1000(system) Binder:2185_11 expire 4 lines
05-29 06:55:17.304  2185 24175 I chatty  : uid=1000(system) Binder:2185_1A expire 5 lines
05-29 06:55:17.380  2185  3657 I chatty  : uid=1000(system) Binder:2185_A expire 4 lines
05-29 06:55:17.381  2185  2547 I chatty  : uid=1000(system) Binder:2185_3 expire 6 lines
05-29 06:55:17.576 24733 24733 V KeyguardStatusView: refresh statusview showing:true
05-29 06:55:17.587  2185  2185 I chatty  : uid=1000 system_server expire 13 lines
05-29 06:55:18.180  2185  2258 I chatty  : uid=1000(system) android.display expire 4 lines
05-29 06:55:18.611  2185  2222 I chatty  : uid=1000(system) batterystats-sy expire 6 lines
05-29 06:55:19.391  2185  3679 I chatty  : uid=1000(system) Binder:2185_C expire 3 lines
05-29 06:55:19.457  2185 31361 I chatty  : uid=1000(system) Binder:2185_17 expire 3 lines
05-29 06:55:20.085  2185  2256 I chatty  : uid=1000(system) android.io expire 2 lines
05-29 06:55:20.360  2185  3697 I chatty  : uid=1000(system) Binder:2185_D expire 1 line
05-29 06:55:20.372  2185  3593 I chatty  : uid=1000(system) Binder:2185_7 expire 4 lines
05-29 06:55:20.380  2185 25140 I chatty  : uid=1000(system) Binder:2185_1B expire 2 lines
05-29 06:55:20.650  2109  2109 W ContextImpl: Calling a method in the system process without a qualified user: android.app.ContextImpl.startService:1358 android.content.ContextWrapper.startService:613 android.content.ContextWrapper.startService:613 com.sonyericsson.idd.agent.IDDEnabledBroadcastReceiver.onReceive:58 android.app.ActivityThread.handleReceiver:3085 
05-29 06:55:20.699  2185  3678 I chatty  : uid=1000(system) Binder:2185_B expire 2 lines
05-29 06:55:21.022  2185  2218 I chatty  : uid=1000(system) ActivityManager expire 20 lines
05-29 06:55:21.163  2185 24171 I chatty  : uid=1000(system) Binder:2185_18 expire 2 lines
05-29 06:55:22.571  2185  2530 I chatty  : uid=1000(system) WifiStateMachin expire 1 line
05-29 06:55:33.588  2185  2263 I chatty  : uid=1000(system) PowerManagerSer expire 10 lines
05-29 06:55:34.293  2185  3653 I chatty  : uid=1000(system) Binder:2185_9 expire 1 line
05-29 06:55:35.055  2185  2507 I chatty  : uid=1000(system) InputReader expire 4 lines
05-29 06:55:38.149  2185  2255 I chatty  : uid=1000(system) android.fg expire 2 lines
05-29 06:55:43.846  2185  3723 I chatty  : uid=1000(system) Binder:2185_10 expire 4 lines
05-29 06:57:03.872  2185  2504 I chatty  : uid=1000(system) AlarmManager expire 28 lines
05-29 06:57:03.877  2185  2255 I chatty  : uid=1000(system) android.fg expire 12 lines
05-29 06:57:03.884  2185  5139 I chatty  : uid=1000(system) Binder:2185_15 expire 3 lines
05-29 06:57:03.898  2185  2222 I chatty  : uid=1000(system) batterystats-sy expire 12 lines
05-29 06:57:04.034  2185  3565 I chatty  : uid=1000(system) Binder:2185_6 expire 2 lines
05-29 06:57:09.862  2185  2199 I chatty  : uid=1000(system) Binder:2185_1 expire 6 lines
05-29 06:57:39.090  2185 11205 I chatty  : uid=1000(system) Binder:2185_1F expire 8 lines
05-29 06:58:05.879  2185  2622 I chatty  : uid=1000(system) Binder:2185_4 expire 1 line
05-29 06:58:05.904  2185  2218 I chatty  : uid=1000(system) ActivityManager expire 17 lines
05-29 06:58:05.979  2185 31361 I chatty  : uid=1000(system) Binder:2185_17 expire 3 lines
05-29 06:58:10.914  2185 24171 I chatty  : uid=1000(system) Binder:2185_18 expire 3 lines
05-29 06:58:20.424  2185  2890 I chatty  : uid=1000(system) Binder:2185_5 expire 4 lines
05-29 06:58:20.579  2185  2256 I chatty  : uid=1000(system) android.io expire 3 lines
05-29 06:58:20.600  2185  3725 I chatty  : uid=1000(system) Binder:2185_11 expire 2 lines
05-29 06:58:20.606  2185  3653 I chatty  : uid=1000(system) Binder:2185_9 expire 8 lines
05-29 06:58:21.179  2185  3697 I chatty  : uid=1000(system) Binder:2185_D expire 4 lines
05-29 06:58:21.251  2185  3698 I chatty  : uid=1000(system) Binder:2185_E expire 4 lines
05-29 06:58:21.257  2185 11206 I chatty  : uid=1000(system) Binder:2185_20 expire 5 lines
05-29 06:58:21.788  2185 25141 I chatty  : uid=1000(system) Binder:2185_1C expire 5 lines
05-29 06:58:21.790  2185  8479 I chatty  : uid=1000(system) Binder:2185_16 expire 2 lines
05-29 06:58:22.303  2185  4613 I chatty  : uid=1000(system) Binder:2185_1D expire 1 line
05-29 06:58:22.307  2185 24173 I chatty  : uid=1000(system) Binder:2185_19 expire 8 lines
05-29 06:58:47.950  2185  2547 I chatty  : uid=1000(system) Binder:2185_3 expire 2 lines
05-29 06:59:07.017  2185  2522 I chatty  : uid=1000(system) NetworkPolicy expire 1 line
05-29 06:59:07.075  2185  3707 I chatty  : uid=1000(system) Binder:2185_F expire 4 lines
05-29 06:59:07.085  2185 19420 I chatty  : uid=1000(system) Binder:2185_12 expire 3 lines
05-29 06:59:07.123  2185  3679 I chatty  : uid=1000(system) Binder:2185_C expire 1 line
05-29 06:59:14.174  2185 10699 I chatty  : uid=1000(system) Binder:2185_1E expire 2 lines
05-29 06:59:14.501  2185  5138 I chatty  : uid=1000(system) Binder:2185_14 expire 5 lines
05-29 06:59:37.947  2185 19421 I chatty  : uid=1000(system) Binder:2185_13 expire 3 lines
05-29 06:59:38.016  2185  3678 I chatty  : uid=1000(system) Binder:2185_B expire 2 lines
05-29 07:00:00.879  2185  2185 I chatty  : uid=1000 system_server expire 5 lines
05-29 07:00:08.880  2185 25140 I chatty  : uid=1000(system) Binder:2185_1B expire 2 lines
05-29 07:00:09.180  2185  3595 I chatty  : uid=1000(system) Binder:2185_8 expire 4 lines
05-29 07:00:09.181  2185  2537 I chatty  : uid=1000(system) ConnectivitySer expire 1 line
05-29 07:00:45.938  2185 24175 I chatty  : uid=1000(system) Binder:2185_1A expire 1 line
05-29 07:00:46.561  2185  2217 I chatty  : uid=1000(system) android.bg expire 2 lines
05-29 07:02:09.278  2152  3190 E ActivityThread: Failed to find provider info for com.facebook.katana.provider.AttributionIdProvider
05-29 07:02:09.716  2185  2218 I chatty  : uid=1000(system) ActivityManager expire 4 lines
05-29 07:02:09.933  2185  2504 I chatty  : uid=1000(system) AlarmManager expire 11 lines
05-29 07:02:10.164  2185  2200 I chatty  : uid=1000(system) Binder:2185_2 expire 1 line
05-29 07:03:08.881  2185  2255 I chatty  : uid=1000(system) android.fg expire 1 line
05-29 07:03:08.894  2185  2222 I chatty  : uid=1000(system) batterystats-sy expire 10 lines
05-29 07:04:00.916  2185  3723 I chatty  : uid=1000(system) Binder:2185_10 expire 1 line
05-29 07:04:00.921  2185  3593 I chatty  : uid=1000(system) Binder:2185_7 expire 5 lines
05-29 07:04:00.957  2185  5138 I chatty  : uid=1000(system) Binder:2185_14 expire 1 line
05-29 07:04:00.960  2185  2622 I chatty  : uid=1000(system) Binder:2185_4 expire 4 lines
05-29 07:04:01.009  2185 25141 I chatty  : uid=1000(system) Binder:2185_1C expire 2 lines
05-29 07:04:02.324  2185  2255 I chatty  : uid=1000(system) android.fg expire 10 lines
05-29 07:04:02.332  2185 24175 I chatty  : uid=1000(system) Binder:2185_1A expire 2 lines
05-29 07:04:10.869  2185  2218 I chatty  : uid=1000(system) ActivityManager expire 20 lines
05-29 07:04:10.896  2185  2504 I chatty  : uid=1000(system) AlarmManager expire 42 lines
05-29 07:04:10.973  2185  2547 I chatty  : uid=1000(system) Binder:2185_3 expire 5 lines
05-29 07:04:25.896  2185  3698 I chatty  : uid=1000(system) Binder:2185_E expire 5 lines
05-29 07:05:11.889  2185 11205 I chatty  : uid=1000(system) Binder:2185_1F expire 3 lines
05-29 07:05:12.000  2185  2199 I chatty  : uid=1000(system) Binder:2185_1 expire 2 lines
05-29 07:06:00.889  2185 19420 I chatty  : uid=1000(system) Binder:2185_12 expire 5 lines
05-29 07:06:00.996  2185  4613 I chatty  : uid=1000(system) Binder:2185_1D expire 2 lines
05-29 07:06:01.107  2185  2217 I chatty  : uid=1000(system) android.bg expire 7 lines
05-29 07:06:01.148  2185  2185 I chatty  : uid=1000 system_server expire 15 lines
05-29 07:06:02.818  2185  3565 I chatty  : uid=1000(system) Binder:2185_6 expire 3 lines
05-29 07:06:02.818  2185  3657 I chatty  : uid=1000(system) Binder:2185_A expire 8 lines
05-29 07:06:02.828  2185 31361 I chatty  : uid=1000(system) Binder:2185_17 expire 1 line
05-29 07:06:03.098  2185  2200 I chatty  : uid=1000(system) Binder:2185_2 expire 2 lines
05-29 07:06:04.070  2185  3725 I chatty  : uid=1000(system) Binder:2185_11 expire 1 line
05-29 07:06:04.624  2185  8479 I chatty  : uid=1000(system) Binder:2185_16 expire 1 line
05-29 07:07:01.908  2185 25140 I chatty  : uid=1000(system) Binder:2185_1B expire 4 lines
05-29 07:07:02.028  2185  3678 I chatty  : uid=1000(system) Binder:2185_B expire 2 lines
05-29 07:08:03.974  2185  3707 I chatty  : uid=1000(system) Binder:2185_F expire 3 lines
05-29 07:08:14.611  2185 24173 I chatty  : uid=1000(system) Binder:2185_19 expire 2 lines
05-29 07:08:54.023  2185  2507 I chatty  : uid=1000(system) InputReader expire 2 lines
05-29 07:08:54.049  2185  2263 I chatty  : uid=1000(system) PowerManagerSer expire 4 lines
05-29 07:08:54.050  2185  2258 I chatty  : uid=1000(system) android.display expire 2 lines
05-29 07:08:54.303  2185 11206 I chatty  : uid=1000(system) Binder:2185_20 expire 1 line
05-29 07:08:54.390  2185 10699 I chatty  : uid=1000(system) Binder:2185_1E expire 7 lines
05-29 07:08:55.937  2185 19421 I chatty  : uid=1000(system) Binder:2185_13 expire 4 lines
05-29 07:08:56.145  2185  3679 I chatty  : uid=1000(system) Binder:2185_C expire 2 lines
05-29 07:08:58.904  2185  5139 I chatty  : uid=1000(system) Binder:2185_15 expire 4 lines
05-29 07:08:59.283  2185 24171 I chatty  : uid=1000(system) Binder:2185_18 expire 2 lines
05-29 07:09:01.423  2185  3697 I chatty  : uid=1000(system) Binder:2185_D expire 4 lines
05-29 07:09:05.167  2185  3595 I chatty  : uid=1000(system) Binder:2185_8 expire 1 line
05-29 07:09:05.210  2185  3653 I chatty  : uid=1000(system) Binder:2185_9 expire 3 lines
05-29 07:14:00.321  2185  2218 I chatty  : uid=1000(system) ActivityManager expire 32 lines
05-29 07:14:00.552  2185  2217 I chatty  : uid=1000(system) android.bg expire 8 lines
05-29 07:14:00.701  2185 24173 I chatty  : uid=1000(system) Binder:2185_19 expire 4 lines
05-29 07:14:00.708  2185 10699 I chatty  : uid=1000(system) Binder:2185_1E expire 5 lines
05-29 07:15:00.867  2185  2504 I chatty  : uid=1000(system) AlarmManager expire 27 lines
