05-14 21:09:07.523 17800 17865 E AndroidRuntime: unmountChildren@198:2303
05-14 21:09:07.523 17800 17865 E AndroidRuntime: unmountComponent@195:254
05-14 21:09:07.523 17800 17865 E AndroidRuntime: unmountComponent@147:441
05-14 21:09:07.523 17800 17865 E AndroidRuntime: unmountComponent@202:3726
05-14 21:09:07.523 17800 17865 E AndroidRuntime: unmountComponent@147:441
05-14 21:09:07.523 17800 17865 E AndroidRuntime: unmountComponent@202:3726
05-14 21:09:07.523 17800 17865 E AndroidRuntime: unmountComponent@147:441
05-14 21:09:07.523 17800 17865 E AndroidRuntime: unmountComponentFromNode@226:1688
05-14 21:09:07.523 17800 17865 E AndroidRuntime: unmountComponentAtNode@226:1584
05-14 21:09:07.523 17800 17865 E AndroidRuntime: unmountComponentAtNodeAndRemoveContainer@226:1342
05-14 21:09:07.523 17800 17865 E AndroidRuntime: unmountApplicationComponentAtRootTag@341:1938
05-14 21:09:07.523 17800 17865 E AndroidRuntime: value@43:2897
05-14 21:09:07.523 17800 17865 E AndroidRuntime: <unknown>@43:1013
05-14 21:09:07.523 17800 17865 E AndroidRuntime: <unknown>@43:106
05-14 21:09:07.523 17800 17865 E AndroidRuntime: value@43:985
05-14 21:09:07.523 17800 17865 E AndroidRuntime: 
05-14 21:09:07.523 17800 17865 E AndroidRuntime: 	at com.facebook.react.modules.core.ExceptionsManagerModule.showOrThrowError(ExceptionsManagerModule.java:99)
05-14 21:09:07.523 17800 17865 E AndroidRuntime: 	at com.facebook.react.modules.core.ExceptionsManagerModule.reportFatalException(ExceptionsManagerModule.java:83)
05-14 21:09:07.523 17800 17865 E AndroidRuntime: 	at java.lang.reflect.Method.invoke(Native Method)
05-14 21:09:07.523 17800 17865 E AndroidRuntime: 	at com.facebook.react.bridge.BaseJavaModule$JavaMethod.invoke(BaseJavaModule.java:345)
05-14 21:09:07.523 17800 17865 E AndroidRuntime: 	at com.facebook.react.cxxbridge.JavaModuleWrapper.invoke(JavaModuleWrapper.java:141)
05-14 21:09:07.523 17800 17865 E AndroidRuntime: 	at com.facebook.react.bridge.queue.NativeRunnable.run(Native Method)
05-14 21:09:07.523 17800 17865 E AndroidRuntime: 	at android.os.Handler.handleCallback(Handler.java:751)
05-14 21:09:07.523 17800 17865 E AndroidRuntime: 	at android.os.Handler.dispatchMessage(Handler.java:95)
05-14 21:09:07.523 17800 17865 E AndroidRuntime: 	at com.facebook.react.bridge.queue.MessageQueueThreadHandler.dispatchMessage(MessageQueueThreadHandler.java:31)
05-14 21:09:07.523 17800 17865 E AndroidRuntime: 	at android.os.Looper.loop(Looper.java:241)
05-14 21:09:07.523 17800 17865 E AndroidRuntime: 	at com.facebook.react.bridge.queue.MessageQueueThreadImpl$3.run(MessageQueueThreadImpl.java:196)
05-14 21:09:07.523 17800 17865 E AndroidRuntime: 	at java.lang.Thread.run(Thread.java:761)
--------- beginning of system
05-14 22:22:12.891  2185 25140 I chatty  : uid=1000(system) Binder:2185_1B expire 5 lines
05-14 22:22:13.827  2185  2504 I chatty  : uid=1000(system) AlarmManager expire 58 lines
05-14 22:22:13.829  2185  2185 I chatty  : uid=1000 system_server expire 10 lines
05-14 22:22:14.245  2185  2530 I chatty  : uid=1000(system) WifiStateMachin expire 2 lines
05-14 22:22:14.246  2185  2218 I chatty  : uid=1000(system) ActivityManager expire 11 lines
05-14 22:22:22.114  2185 31361 I chatty  : uid=1000(system) Binder:2185_17 expire 2 lines
05-14 22:22:22.156  2185  2200 I chatty  : uid=1000(system) Binder:2185_2 expire 2 lines
05-14 22:22:24.500  2185  5139 I chatty  : uid=1000(system) Binder:2185_15 expire 2 lines
05-14 22:22:24.524  2185 19420 I chatty  : uid=1000(system) Binder:2185_12 expire 1 line
05-14 22:22:29.740  2185  3653 I chatty  : uid=1000(system) Binder:2185_9 expire 1 line
05-14 22:22:34.479  2185  2258 I chatty  : uid=1000(system) android.display expire 12 lines
05-14 22:22:34.739  2185 11206 I chatty  : uid=1000(system) Binder:2185_20 expire 1 line
05-14 22:22:34.756  2185  8479 I chatty  : uid=1000(system) Binder:2185_16 expire 2 lines
05-14 22:22:36.197  2185  2255 I chatty  : uid=1000(system) android.fg expire 9 lines
05-14 22:22:36.201  2185  2622 I chatty  : uid=1000(system) Binder:2185_4 expire 2 lines
05-14 22:22:37.838  3716  3818 W ContextImpl: Calling a method in the system process without a qualified user: android.app.ContextImpl.bindService:1422 android.content.ContextWrapper.bindService:636 com.google.android.gms.ads.identifier.AdvertisingIdClient.h:-1 com.google.android.gms.ads.identifier.AdvertisingIdClient.b:-1 com.google.android.gms.ads.identifier.AdvertisingIdClient.getAdvertisingIdInfo:-1 
05-14 22:22:39.728  2185  2185 I chatty  : uid=1000 system_server expire 37 lines
05-14 22:22:40.949  2185 24173 I chatty  : uid=1000(system) Binder:2185_19 expire 2 lines
05-14 22:23:00.090  2185  3595 I chatty  : uid=1000(system) Binder:2185_8 expire 1 line
05-14 22:23:01.359  2185  3657 I chatty  : uid=1000(system) Binder:2185_A expire 5 lines
05-14 22:23:16.087  2185  3593 I chatty  : uid=1000(system) Binder:2185_7 expire 2 lines
05-14 22:23:39.636  2185  2199 I chatty  : uid=1000(system) Binder:2185_1 expire 1 line
05-14 22:23:39.693  2185  3725 I chatty  : uid=1000(system) Binder:2185_11 expire 2 lines
05-14 22:23:42.225  2185  4613 I chatty  : uid=1000(system) Binder:2185_1D expire 2 lines
05-14 22:23:42.442  2185  3679 I chatty  : uid=1000(system) Binder:2185_C expire 1 line
05-14 22:23:43.093  2185  3707 I chatty  : uid=1000(system) Binder:2185_F expire 2 lines
05-14 22:23:43.186  2185 24171 I chatty  : uid=1000(system) Binder:2185_18 expire 2 lines
05-14 22:24:00.096  2185 24175 I chatty  : uid=1000(system) Binder:2185_1A expire 1 line
05-14 22:24:24.610  2185 10699 I chatty  : uid=1000(system) Binder:2185_1E expire 1 line
05-14 22:24:24.614  2185  3697 I chatty  : uid=1000(system) Binder:2185_D expire 2 lines
05-14 22:24:24.633  2185 25141 I chatty  : uid=1000(system) Binder:2185_1C expire 2 lines
05-14 22:25:09.883  2185  3723 I chatty  : uid=1000(system) Binder:2185_10 expire 3 lines
05-14 22:25:24.731  2185 19420 I chatty  : uid=1000(system) Binder:2185_12 expire 1 line
05-14 22:25:24.734  2185  2185 I chatty  : uid=1000 system_server expire 35 lines
05-14 22:25:29.737  2185  2504 I chatty  : uid=1000(system) AlarmManager expire 43 lines
05-14 22:25:30.029  2185  2218 I chatty  : uid=1000(system) ActivityManager expire 17 lines
05-14 22:25:30.049  2185  2222 I chatty  : uid=1000(system) batterystats-sy expire 6 lines
05-14 22:26:00.126  2185 10699 I chatty  : uid=1000(system) Binder:2185_1E expire 2 lines
05-14 22:26:09.882  2185  2255 I chatty  : uid=1000(system) android.fg expire 7 lines
05-14 22:26:09.891  2185  3697 I chatty  : uid=1000(system) Binder:2185_D expire 2 lines
05-14 22:26:24.769  2185  3707 I chatty  : uid=1000(system) Binder:2185_F expire 3 lines
05-14 22:26:24.985  2185 31361 I chatty  : uid=1000(system) Binder:2185_17 expire 3 lines
05-14 22:26:25.003  2185  5138 I chatty  : uid=1000(system) Binder:2185_14 expire 4 lines
05-14 22:26:30.287  2185  3657 I chatty  : uid=1000(system) Binder:2185_A expire 2 lines
05-14 22:26:32.054  2185  2530 I chatty  : uid=1000(system) WifiStateMachin expire 6 lines
05-14 22:26:40.609  2185 24171 I chatty  : uid=1000(system) Binder:2185_18 expire 2 lines
05-14 22:27:10.952  2185 25141 I chatty  : uid=1000(system) Binder:2185_1C expire 2 lines
05-14 22:27:24.852  2185 24175 I chatty  : uid=1000(system) Binder:2185_1A expire 3 lines
05-14 22:27:49.151  2185  2258 I chatty  : uid=1000(system) android.display expire 2 lines
05-14 22:27:58.550  2185  2282 I chatty  : uid=1000(system) PackageManager expire 15 lines
05-14 22:28:04.407  2185  4613 I chatty  : uid=1000(system) Binder:2185_1D expire 1 line
05-14 22:28:04.713  2185  2397 I chatty  : uid=1000(system) OmsHandlerThrea expire 2 lines
05-14 22:28:04.955  2185  3679 I chatty  : uid=1000(system) Binder:2185_C expire 3 lines
05-14 22:28:05.011 13136 13136 W ContextImpl: Calling a method in the system process without a qualified user: android.app.ContextImpl.startService:1358 android.content.ContextWrapper.startService:613 android.content.ContextWrapper.startService:613 com.android.keychain.KeyChainBroadcastReceiver.onReceive:12 android.app.ActivityThread.handleReceiver:3085 
05-14 22:28:05.025  2185  3595 I chatty  : uid=1000(system) Binder:2185_8 expire 3 lines
05-14 22:28:05.029  2185  2504 I chatty  : uid=1000(system) AlarmManager expire 2 lines
05-14 22:28:05.057  2185  3678 I chatty  : uid=1000(system) Binder:2185_B expire 3 lines
05-14 22:28:05.071  2185  2259 I chatty  : uid=1000(system) CpuTracker expire 1 line
05-14 22:28:05.163 13170 13170 D ActivityThread: Loading provider contacts;com.android.contacts: com.android.providers.contacts.SemcContactsProvider2
05-14 22:28:05.176  2185  2185 I chatty  : uid=1000 system_server expire 3 lines
05-14 22:28:05.482  2185  2622 I chatty  : uid=1000(system) Binder:2185_4 expire 3 lines
05-14 22:28:05.888  2185  2890 I chatty  : uid=1000(system) Binder:2185_5 expire 1 line
05-14 22:28:05.915 13311 13311 W ActivityThread: Application com.ibatimesheet can be debugged on port 8100...
05-14 22:28:05.966  2185  2199 I chatty  : uid=1000(system) Binder:2185_1 expire 2 lines
05-14 22:28:05.970  2185  3725 I chatty  : uid=1000(system) Binder:2185_11 expire 1 line
05-14 22:28:06.078  2185  2218 I chatty  : uid=1000(system) ActivityManager expire 1 line
05-14 22:28:06.218  2185  2200 I chatty  : uid=1000(system) Binder:2185_2 expire 1 line
05-14 22:28:06.270  2185 11206 I chatty  : uid=1000(system) Binder:2185_20 expire 1 line
05-14 22:28:06.272  2185  2256 I chatty  : uid=1000(system) android.io expire 4 lines
05-14 22:28:06.300  2185  3697 I chatty  : uid=1000(system) Binder:2185_D expire 7 lines
05-14 22:28:06.303  2185  2890 I chatty  : uid=1000(system) Binder:2185_5 expire 5 lines
05-14 22:28:06.304  2185  2218 I chatty  : uid=1000(system) ActivityManager expire 17 lines
05-14 22:28:06.319  2185 19421 I chatty  : uid=1000(system) Binder:2185_13 expire 5 lines
05-14 22:28:06.323  2185  5138 I chatty  : uid=1000(system) Binder:2185_14 expire 3 lines
05-14 22:28:06.341  2185  3698 I chatty  : uid=1000(system) Binder:2185_E expire 3 lines
05-14 22:28:06.344  2185  3679 I chatty  : uid=1000(system) Binder:2185_C expire 3 lines
05-14 22:28:06.350  2185  2258 I chatty  : uid=1000(system) android.display expire 11 lines
05-14 22:28:06.422  2185  3678 I chatty  : uid=1000(system) Binder:2185_B expire 2 lines
05-14 22:28:06.443  2185 19420 I chatty  : uid=1000(system) Binder:2185_12 expire 8 lines
05-14 22:28:06.457  2185 11205 I chatty  : uid=1000(system) Binder:2185_1F expire 5 lines
05-14 22:28:06.538  2185  2220 I chatty  : uid=1000(system) ActivityManager expire 2 lines
05-14 22:28:06.640  2185  3707 I chatty  : uid=1000(system) Binder:2185_F expire 9 lines
05-14 22:28:07.122  2185  3657 I chatty  : uid=1000(system) Binder:2185_A expire 6 lines
05-14 22:28:07.127  2185  8479 I chatty  : uid=1000(system) Binder:2185_16 expire 7 lines
05-14 22:28:07.130  2185  2200 I chatty  : uid=1000(system) Binder:2185_2 expire 5 lines
05-14 22:28:07.210  2185  3723 I chatty  : uid=1000(system) Binder:2185_10 expire 3 lines
05-14 22:28:07.464  2185 10699 I chatty  : uid=1000(system) Binder:2185_1E expire 3 lines
05-14 22:28:07.491  2185  3593 I chatty  : uid=1000(system) Binder:2185_7 expire 4 lines
05-14 22:28:07.576  2185  2547 I chatty  : uid=1000(system) Binder:2185_3 expire 3 lines
05-14 22:28:07.576  2185 25141 I chatty  : uid=1000(system) Binder:2185_1C expire 5 lines
05-14 22:28:07.641  2185  5139 I chatty  : uid=1000(system) Binder:2185_15 expire 3 lines
05-14 22:28:07.676  2185  3653 I chatty  : uid=1000(system) Binder:2185_9 expire 3 lines
05-14 22:28:08.087  2185 24173 I chatty  : uid=1000(system) Binder:2185_19 expire 5 lines
05-14 22:28:08.123  2185 11206 I chatty  : uid=1000(system) Binder:2185_20 expire 2 lines
05-14 22:28:08.179  2185  2185 I chatty  : uid=1000 system_server expire 17 lines
05-14 22:28:08.182  2185 24171 I chatty  : uid=1000(system) Binder:2185_18 expire 2 lines
05-14 22:28:08.248 13686 13686 E ActivityThread: Failed to find provider info for com.ibatimesheet.MetricaContentProvider
05-14 22:28:08.251  2185  3565 I chatty  : uid=1000(system) Binder:2185_6 expire 1 line
05-14 22:28:08.401  2185  4613 I chatty  : uid=1000(system) Binder:2185_1D expire 3 lines
05-14 22:28:08.816  2185 25140 I chatty  : uid=1000(system) Binder:2185_1B expire 1 line
05-14 22:28:09.094  2185  2530 I chatty  : uid=1000(system) WifiStateMachin expire 2 lines
05-14 22:28:09.474  2185  3725 I chatty  : uid=1000(system) Binder:2185_11 expire 1 line
05-14 22:28:09.498  2185  2622 I chatty  : uid=1000(system) Binder:2185_4 expire 4 lines
05-14 22:28:09.839  2185  3595 I chatty  : uid=1000(system) Binder:2185_8 expire 3 lines
05-14 22:28:09.937  2185 24175 I chatty  : uid=1000(system) Binder:2185_1A expire 1 line
05-14 22:28:24.898  2185  2504 I chatty  : uid=1000(system) AlarmManager expire 16 lines
05-14 22:28:30.253  2185 31361 I chatty  : uid=1000(system) Binder:2185_17 expire 1 line
05-14 22:28:38.039  2185  2255 I chatty  : uid=1000(system) android.fg expire 2 lines
05-14 22:28:39.216  2185  2199 I chatty  : uid=1000(system) Binder:2185_1 expire 5 lines
05-14 22:29:21.207  2185  2547 I chatty  : uid=1000(system) Binder:2185_3 expire 1 line
05-14 22:29:21.207  2185  2218 I chatty  : uid=1000(system) ActivityManager expire 22 lines
05-14 22:29:21.439  2185  2258 I chatty  : uid=1000(system) android.display expire 12 lines
05-14 22:29:25.177  2185  2504 I chatty  : uid=1000(system) AlarmManager expire 47 lines
05-14 22:29:25.189  2185  8479 I chatty  : uid=1000(system) Binder:2185_16 expire 2 lines
05-14 22:29:25.195  2185  3653 I chatty  : uid=1000(system) Binder:2185_9 expire 3 lines
05-14 22:29:25.292  2185  2519 I chatty  : uid=1000(system) NetworkStats expire 3 lines
05-14 22:29:25.690  2185 31361 I chatty  : uid=1000(system) Binder:2185_17 expire 1 line
05-14 22:29:25.840  2185  2622 I chatty  : uid=1000(system) Binder:2185_4 expire 2 lines
05-14 22:29:25.859  2185 11206 I chatty  : uid=1000(system) Binder:2185_20 expire 4 lines
05-14 22:29:25.859  2185  2185 I chatty  : uid=1000 system_server expire 34 lines
05-14 22:29:25.886  2185  3595 I chatty  : uid=1000(system) Binder:2185_8 expire 2 lines
05-14 22:29:26.562  2185  3593 I chatty  : uid=1000(system) Binder:2185_7 expire 4 lines
05-14 22:29:26.599  2185 19421 I chatty  : uid=1000(system) Binder:2185_13 expire 2 lines
05-14 22:29:26.661  2185 24171 I chatty  : uid=1000(system) Binder:2185_18 expire 1 line
05-14 22:29:26.737  2185 24175 I chatty  : uid=1000(system) Binder:2185_1A expire 2 lines
05-14 22:29:26.749  2185 10699 I chatty  : uid=1000(system) Binder:2185_1E expire 2 lines
05-14 22:29:26.839  2185 25140 I chatty  : uid=1000(system) Binder:2185_1B expire 2 lines
05-14 22:29:27.159  2185  4613 I chatty  : uid=1000(system) Binder:2185_1D expire 1 line
05-14 22:29:27.164  2185 19420 I chatty  : uid=1000(system) Binder:2185_12 expire 2 lines
05-14 22:29:31.586  2185 24173 I chatty  : uid=1000(system) Binder:2185_19 expire 3 lines
05-14 22:29:36.942  2185  2530 I chatty  : uid=1000(system) WifiStateMachin expire 12 lines
05-14 22:29:42.537  2185  3707 I chatty  : uid=1000(system) Binder:2185_F expire 2 lines
05-14 22:29:49.523  2185  2255 I chatty  : uid=1000(system) android.fg expire 8 lines
05-14 22:29:49.530  2185  3657 I chatty  : uid=1000(system) Binder:2185_A expire 1 line
05-14 22:29:53.187  2185  2222 I chatty  : uid=1000(system) batterystats-sy expire 3 lines
05-14 22:30:00.701  2185  2890 I chatty  : uid=1000(system) Binder:2185_5 expire 2 lines
05-14 22:30:44.631  2185  3565 I chatty  : uid=1000(system) Binder:2185_6 expire 1 line
05-14 22:30:54.353  2185  2217 I chatty  : uid=1000(system) android.bg expire 1 line
05-14 22:31:00.144  2185  3679 I chatty  : uid=1000(system) Binder:2185_C expire 1 line
05-14 22:31:00.514  2185  2200 I chatty  : uid=1000(system) Binder:2185_2 expire 2 lines
05-14 22:31:32.062  2185 11205 I chatty  : uid=1000(system) Binder:2185_1F expire 1 line
05-14 22:31:45.921  2185  3697 I chatty  : uid=1000(system) Binder:2185_D expire 2 lines
05-14 22:31:51.184  2185  4613 I chatty  : uid=1000(system) Binder:2185_1D expire 4 lines
05-14 22:31:51.194  2185  2504 I chatty  : uid=1000(system) AlarmManager expire 75 lines
05-14 22:31:51.197  2185  2185 I chatty  : uid=1000 system_server expire 55 lines
05-14 22:32:00.117  2185 25140 I chatty  : uid=1000(system) Binder:2185_1B expire 3 lines
05-14 22:32:23.915  2185  2218 I chatty  : uid=1000(system) ActivityManager expire 10 lines
05-14 22:32:25.947  2185 24171 I chatty  : uid=1000(system) Binder:2185_18 expire 2 lines
05-14 22:32:27.315  2185  2255 I chatty  : uid=1000(system) android.fg expire 11 lines
05-14 22:32:27.321  2185  3653 I chatty  : uid=1000(system) Binder:2185_9 expire 1 line
05-14 22:32:40.454  2185  5139 I chatty  : uid=1000(system) Binder:2185_15 expire 2 lines
05-14 22:32:40.467  2185  8479 I chatty  : uid=1000(system) Binder:2185_16 expire 2 lines
05-14 22:33:00.121  2185  5138 I chatty  : uid=1000(system) Binder:2185_14 expire 2 lines
05-14 22:33:09.287  2185 10699 I chatty  : uid=1000(system) Binder:2185_1E expire 1 line
05-14 22:33:25.997  2185  3707 I chatty  : uid=1000(system) Binder:2185_F expire 1 line
05-14 22:33:28.841  2185 31361 I chatty  : uid=1000(system) Binder:2185_17 expire 1 line
05-14 22:33:35.907  2185  2547 I chatty  : uid=1000(system) Binder:2185_3 expire 1 line
05-14 22:33:52.162  2185 19421 I chatty  : uid=1000(system) Binder:2185_13 expire 3 lines
05-14 22:33:54.741  2185  2530 I chatty  : uid=1000(system) WifiStateMachin expire 4 lines
05-14 22:33:59.838  2185  3679 I chatty  : uid=1000(system) Binder:2185_C expire 2 lines
05-14 22:34:26.050  2185  2200 I chatty  : uid=1000(system) Binder:2185_2 expire 2 lines
05-14 22:34:26.578  2185  2622 I chatty  : uid=1000(system) Binder:2185_4 expire 1 line
05-14 22:34:40.717  2185 24173 I chatty  : uid=1000(system) Binder:2185_19 expire 3 lines
05-14 22:34:40.799  2185  3725 I chatty  : uid=1000(system) Binder:2185_11 expire 2 lines
05-14 22:34:40.807  2185  3593 I chatty  : uid=1000(system) Binder:2185_7 expire 1 line
05-14 22:34:41.666  2185 11206 I chatty  : uid=1000(system) Binder:2185_20 expire 1 line
05-14 22:34:41.755  2185 11205 I chatty  : uid=1000(system) Binder:2185_1F expire 2 lines
05-14 22:34:42.581  2185  2222 I chatty  : uid=1000(system) batterystats-sy expire 3 lines
05-14 22:35:36.840  2185 25141 I chatty  : uid=1000(system) Binder:2185_1C expire 1 line
05-14 22:35:41.884  2185  3657 I chatty  : uid=1000(system) Binder:2185_A expire 2 lines
05-14 22:35:56.918  2185  4613 I chatty  : uid=1000(system) Binder:2185_1D expire 6 lines
05-14 22:36:00.002  2185  2504 I chatty  : uid=1000(system) AlarmManager expire 26 lines
05-14 22:36:01.862  2185  2185 I chatty  : uid=1000 system_server expire 25 lines
05-14 22:36:07.044  2185 25140 I chatty  : uid=1000(system) Binder:2185_1B expire 6 lines
05-14 22:36:07.049  2185  2218 I chatty  : uid=1000(system) ActivityManager expire 28 lines
05-14 22:36:07.055  2185  3679 I chatty  : uid=1000(system) Binder:2185_C expire 2 lines
05-14 22:36:07.082  2185  2543 I chatty  : uid=1000(system) onProviders.ECP expire 1 line
05-14 22:36:07.345  2185  2890 I chatty  : uid=1000(system) Binder:2185_5 expire 2 lines
05-14 22:36:07.507  2185  2200 I chatty  : uid=1000(system) Binder:2185_2 expire 5 lines
05-14 22:36:07.694  2185  3593 I chatty  : uid=1000(system) Binder:2185_7 expire 6 lines
05-14 22:36:07.729  2185 10699 I chatty  : uid=1000(system) Binder:2185_1E expire 2 lines
05-14 22:36:07.899  2185  2256 I chatty  : uid=1000(system) android.io expire 2 lines
05-14 22:36:07.957  2185 25141 I chatty  : uid=1000(system) Binder:2185_1C expire 10 lines
05-14 22:36:08.109  2185  3595 I chatty  : uid=1000(system) Binder:2185_8 expire 4 lines
05-14 22:36:08.123  2185  3697 I chatty  : uid=1000(system) Binder:2185_D expire 7 lines
05-14 22:36:08.145  2185 24175 I chatty  : uid=1000(system) Binder:2185_1A expire 7 lines
05-14 22:36:08.663  2185  2199 I chatty  : uid=1000(system) Binder:2185_1 expire 7 lines
05-14 22:36:08.739 15881 15881 D ActivityThread: Loading provider contacts;com.android.contacts: com.android.providers.contacts.SemcContactsProvider2
05-14 22:36:09.042  2185 11205 I chatty  : uid=1000(system) Binder:2185_1F expire 2 lines
05-14 22:36:11.074  2185  3565 I chatty  : uid=1000(system) Binder:2185_6 expire 3 lines
05-14 22:36:11.175  2185  2547 I chatty  : uid=1000(system) Binder:2185_3 expire 6 lines
05-14 22:36:11.204  2185 24173 I chatty  : uid=1000(system) Binder:2185_19 expire 3 lines
05-14 22:36:11.216  2185  2255 I chatty  : uid=1000(system) android.fg expire 2 lines
05-14 22:36:11.294  2185  5138 I chatty  : uid=1000(system) Binder:2185_14 expire 1 line
05-14 22:36:11.295  2185  3678 I chatty  : uid=1000(system) Binder:2185_B expire 3 lines
05-14 22:36:11.296  2185  2537 I chatty  : uid=1000(system) ConnectivitySer expire 1 line
05-14 22:36:11.410  2185 11206 I chatty  : uid=1000(system) Binder:2185_20 expire 3 lines
05-14 22:36:11.432  2185  3653 I chatty  : uid=1000(system) Binder:2185_9 expire 3 lines
05-14 22:36:11.519  2185  2217 I chatty  : uid=1000(system) android.bg expire 1 line
05-14 22:36:11.531  2185  8479 I chatty  : uid=1000(system) Binder:2185_16 expire 2 lines
05-14 22:36:11.569  2185 31361 I chatty  : uid=1000(system) Binder:2185_17 expire 4 lines
05-14 22:36:11.750  2185 19421 I chatty  : uid=1000(system) Binder:2185_13 expire 1 line
05-14 22:36:11.936  2185  3707 I chatty  : uid=1000(system) Binder:2185_F expire 5 lines
05-14 22:36:12.408  2185  3698 I chatty  : uid=1000(system) Binder:2185_E expire 5 lines
05-14 22:36:12.611  2185  3725 I chatty  : uid=1000(system) Binder:2185_11 expire 3 lines
05-14 22:36:12.702  2185  5139 I chatty  : uid=1000(system) Binder:2185_15 expire 2 lines
05-14 22:36:13.839  2185  2622 I chatty  : uid=1000(system) Binder:2185_4 expire 1 line
05-14 22:36:22.799  2185  3723 I chatty  : uid=1000(system) Binder:2185_10 expire 2 lines
05-14 22:37:02.314  2185  2218 I chatty  : uid=1000(system) ActivityManager expire 30 lines
05-14 22:37:02.503  2185  2530 I chatty  : uid=1000(system) WifiStateMachin expire 21 lines
05-14 22:37:02.714  2185  2504 I chatty  : uid=1000(system) AlarmManager expire 64 lines
05-14 22:37:02.714  2185  2185 I chatty  : uid=1000 system_server expire 50 lines
05-14 22:37:26.293  2185  3697 I chatty  : uid=1000(system) Binder:2185_D expire 4 lines
05-14 22:37:37.707  3716  3818 W ContextImpl: Calling a method in the system process without a qualified user: android.app.ContextImpl.bindService:1422 android.content.ContextWrapper.bindService:636 com.google.android.gms.ads.identifier.AdvertisingIdClient.h:-1 com.google.android.gms.ads.identifier.AdvertisingIdClient.b:-1 com.google.android.gms.ads.identifier.AdvertisingIdClient.getAdvertisingIdInfo:-1 
05-14 22:37:41.786  2185 24173 I chatty  : uid=1000(system) Binder:2185_19 expire 2 lines
05-14 22:38:00.098  2185 10699 I chatty  : uid=1000(system) Binder:2185_1E expire 1 line
05-14 22:38:07.360  2185  2222 I chatty  : uid=1000(system) batterystats-sy expire 3 lines
05-14 22:38:26.347  2185 25140 I chatty  : uid=1000(system) Binder:2185_1B expire 1 line
05-14 22:38:41.877  2185 24171 I chatty  : uid=1000(system) Binder:2185_18 expire 1 line
05-14 22:39:00.115  2185 31361 I chatty  : uid=1000(system) Binder:2185_17 expire 3 lines
05-14 22:39:17.231  2185  2255 I chatty  : uid=1000(system) android.fg expire 5 lines
05-14 22:39:17.237  2185  3653 I chatty  : uid=1000(system) Binder:2185_9 expire 2 lines
05-14 22:39:26.397  2185 19421 I chatty  : uid=1000(system) Binder:2185_13 expire 1 line
05-14 22:40:00.132  2185  3698 I chatty  : uid=1000(system) Binder:2185_E expire 1 line
05-14 22:40:06.305  2185  2890 I chatty  : uid=1000(system) Binder:2185_5 expire 2 lines
05-14 22:40:42.079  2185 19420 I chatty  : uid=1000(system) Binder:2185_12 expire 1 line
05-14 22:40:42.101  2185  3725 I chatty  : uid=1000(system) Binder:2185_11 expire 2 lines
05-14 22:40:42.159  2185  3707 I chatty  : uid=1000(system) Binder:2185_F expire 1 line
05-14 22:40:42.197  2185  2200 I chatty  : uid=1000(system) Binder:2185_2 expire 1 line
05-14 22:40:53.079  2185  2256 I chatty  : uid=1000(system) android.io expire 2 lines
05-14 22:40:53.284  2185  2504 I chatty  : uid=1000(system) AlarmManager expire 72 lines
05-14 22:40:53.284  2185  2185 I chatty  : uid=1000 system_server expire 55 lines
05-14 22:40:59.237  2185  2530 I chatty  : uid=1000(system) WifiStateMachin expire 18 lines
05-14 22:40:59.238  2185  2218 I chatty  : uid=1000(system) ActivityManager expire 23 lines
05-14 22:41:00.119  2185  3593 I chatty  : uid=1000(system) Binder:2185_7 expire 1 line
05-14 22:41:26.494  2185  3657 I chatty  : uid=1000(system) Binder:2185_A expire 1 line
05-14 22:41:29.619  2185  2255 I chatty  : uid=1000(system) android.fg expire 7 lines
05-14 22:41:29.624  2185 25140 I chatty  : uid=1000(system) Binder:2185_1B expire 2 lines
05-14 22:41:32.374  2185  2222 I chatty  : uid=1000(system) batterystats-sy expire 3 lines
05-14 22:41:42.177  2185 19421 I chatty  : uid=1000(system) Binder:2185_13 expire 2 lines
05-14 22:42:00.120  2185  3565 I chatty  : uid=1000(system) Binder:2185_6 expire 3 lines
05-14 22:42:42.264  2185 24175 I chatty  : uid=1000(system) Binder:2185_1A expire 2 lines
05-14 22:42:48.978  2185  5139 I chatty  : uid=1000(system) Binder:2185_15 expire 1 line
05-14 22:43:00.121  2185 11205 I chatty  : uid=1000(system) Binder:2185_1F expire 1 line
05-14 22:43:15.631  2185  2622 I chatty  : uid=1000(system) Binder:2185_4 expire 1 line
05-14 22:43:26.614  2185  3679 I chatty  : uid=1000(system) Binder:2185_C expire 1 line
05-14 22:43:29.719  2185  3653 I chatty  : uid=1000(system) Binder:2185_9 expire 1 line
05-14 22:43:42.372  2185  2200 I chatty  : uid=1000(system) Binder:2185_2 expire 1 line
05-14 22:44:00.135  2185 10699 I chatty  : uid=1000(system) Binder:2185_1E expire 2 lines
05-14 22:44:18.187  2185  3723 I chatty  : uid=1000(system) Binder:2185_10 expire 2 lines
05-14 22:44:42.488  2185  2504 I chatty  : uid=1000(system) AlarmManager expire 32 lines
05-14 22:44:43.172  2185 31361 I chatty  : uid=1000(system) Binder:2185_17 expire 1 line
05-14 22:44:43.172  2185  2218 I chatty  : uid=1000(system) ActivityManager expire 24 lines
05-14 22:44:43.618  2185 24175 I chatty  : uid=1000(system) Binder:2185_1A expire 3 lines
05-14 22:44:43.624  2185  2622 I chatty  : uid=1000(system) Binder:2185_4 expire 3 lines
05-14 22:44:43.656  2185  2255 I chatty  : uid=1000(system) android.fg expire 5 lines
05-14 22:44:43.659  2185 25140 I chatty  : uid=1000(system) Binder:2185_1B expire 6 lines
05-14 22:44:43.718  2185  3707 I chatty  : uid=1000(system) Binder:2185_F expire 5 lines
05-14 22:44:43.797  2185 11206 I chatty  : uid=1000(system) Binder:2185_20 expire 3 lines
05-14 22:44:43.798  2185  2185 I chatty  : uid=1000 system_server expire 29 lines
05-14 22:44:43.812  2185  3725 I chatty  : uid=1000(system) Binder:2185_11 expire 2 lines
05-14 22:44:43.833  2185  3697 I chatty  : uid=1000(system) Binder:2185_D expire 2 lines
05-14 22:44:43.842  2185  3698 I chatty  : uid=1000(system) Binder:2185_E expire 2 lines
05-14 22:44:44.657  2185  5138 I chatty  : uid=1000(system) Binder:2185_14 expire 5 lines
05-14 22:44:44.673  2185  3657 I chatty  : uid=1000(system) Binder:2185_A expire 2 lines
05-14 22:44:44.795 12248 17692 E ActivityThread: Failed to find provider info for com.facebook.katana.provider.AttributionIdProvider
05-14 22:44:45.156  2185 24171 I chatty  : uid=1000(system) Binder:2185_18 expire 3 lines
05-14 22:44:45.168  2185  3653 I chatty  : uid=1000(system) Binder:2185_9 expire 2 lines
05-14 22:44:47.321  2185 19421 I chatty  : uid=1000(system) Binder:2185_13 expire 3 lines
05-14 22:44:49.088  2185  3565 I chatty  : uid=1000(system) Binder:2185_6 expire 3 lines
05-14 22:44:49.097  2185 25141 I chatty  : uid=1000(system) Binder:2185_1C expire 2 lines
05-14 22:45:00.099  2185  8479 I chatty  : uid=1000(system) Binder:2185_16 expire 1 line
05-14 22:45:08.044  2185  2530 I chatty  : uid=1000(system) WifiStateMachin expire 10 lines
05-14 22:45:28.979  2185 24173 I chatty  : uid=1000(system) Binder:2185_19 expire 2 lines
05-14 22:45:45.191  2185  2890 I chatty  : uid=1000(system) Binder:2185_5 expire 1 line
05-14 22:46:29.014  2185  2222 I chatty  : uid=1000(system) batterystats-sy expire 3 lines
05-14 22:46:34.330  2185  2282 I chatty  : uid=1000(system) PackageManager expire 15 lines
05-14 22:46:40.686  2185  3593 I chatty  : uid=1000(system) Binder:2185_7 expire 2 lines
05-14 22:46:40.994  2185  2397 I chatty  : uid=1000(system) OmsHandlerThrea expire 2 lines
05-14 22:46:41.565 18076 18076 W ContextImpl: Calling a method in the system process without a qualified user: android.app.ContextImpl.startService:1358 android.content.ContextWrapper.startService:613 android.content.ContextWrapper.startService:613 com.android.keychain.KeyChainBroadcastReceiver.onReceive:12 android.app.ActivityThread.handleReceiver:3085 
05-14 22:46:41.801 18109 18109 D ActivityThread: Loading provider contacts;com.android.contacts: com.android.providers.contacts.SemcContactsProvider2
05-14 22:46:42.070  2185  2530 I chatty  : uid=1000(system) WifiStateMachin expire 1 line
05-14 22:46:42.070  2185  2218 I chatty  : uid=1000(system) ActivityManager expire 3 lines
05-14 22:46:42.127  2185 10699 I chatty  : uid=1000(system) Binder:2185_1E expire 2 lines
05-14 22:46:42.152  2185  3679 I chatty  : uid=1000(system) Binder:2185_C expire 2 lines
05-14 22:46:42.365  2185  2200 I chatty  : uid=1000(system) Binder:2185_2 expire 2 lines
05-14 22:46:42.456 18202 18202 W ActivityThread: Application com.ibatimesheet can be debugged on port 8100...
05-14 22:46:42.544  2185  2217 I chatty  : uid=1000(system) android.bg expire 1 line
05-14 22:46:42.918  2185  3595 I chatty  : uid=1000(system) Binder:2185_8 expire 1 line
05-14 22:46:43.006  2185  2258 I chatty  : uid=1000(system) android.display expire 1 line
05-14 22:46:43.055  2185  2504 I chatty  : uid=1000(system) AlarmManager expire 1 line
05-14 22:46:43.055  2185  2185 I chatty  : uid=1000 system_server expire 1 line
05-14 22:46:43.062  2185  2256 I chatty  : uid=1000(system) android.io expire 2 lines
05-14 22:46:43.083  2185  2547 I chatty  : uid=1000(system) Binder:2185_3 expire 1 line
05-14 22:46:43.280  2185  4613 I chatty  : uid=1000(system) Binder:2185_1D expire 1 line
05-14 22:46:43.336  2185  3678 I chatty  : uid=1000(system) Binder:2185_B expire 3 lines
05-14 22:46:43.622  2185  2504 I chatty  : uid=1000(system) AlarmManager expire 15 lines
05-14 22:46:43.623  2185  2185 I chatty  : uid=1000 system_server expire 13 lines
05-14 22:46:43.650  2185  3698 I chatty  : uid=1000(system) Binder:2185_E expire 3 lines
05-14 22:46:43.677  2185 25140 I chatty  : uid=1000(system) Binder:2185_1B expire 11 lines
05-14 22:46:43.811  2185 24173 I chatty  : uid=1000(system) Binder:2185_19 expire 1 line
05-14 22:46:43.836  2185  2622 I chatty  : uid=1000(system) Binder:2185_4 expire 3 lines
05-14 22:46:43.851  2185 11205 I chatty  : uid=1000(system) Binder:2185_1F expire 6 lines
05-14 22:46:43.972  2185  3653 I chatty  : uid=1000(system) Binder:2185_9 expire 11 lines
05-14 22:46:44.116  2185  3595 I chatty  : uid=1000(system) Binder:2185_8 expire 5 lines
05-14 22:46:44.117  2185  2218 I chatty  : uid=1000(system) ActivityManager expire 21 lines
05-14 22:46:44.208  2185  3697 I chatty  : uid=1000(system) Binder:2185_D expire 2 lines
05-14 22:46:44.227  2185  3565 I chatty  : uid=1000(system) Binder:2185_6 expire 3 lines
05-14 22:46:44.588  2185  2547 I chatty  : uid=1000(system) Binder:2185_3 expire 6 lines
05-14 22:46:45.024  2185  3657 I chatty  : uid=1000(system) Binder:2185_A expire 6 lines
05-14 22:46:45.030  2185 11206 I chatty  : uid=1000(system) Binder:2185_20 expire 4 lines
05-14 22:46:45.031  2185 25141 I chatty  : uid=1000(system) Binder:2185_1C expire 5 lines
05-14 22:46:45.035  2185  5139 I chatty  : uid=1000(system) Binder:2185_15 expire 4 lines
05-14 22:46:45.083  2185  2530 I chatty  : uid=1000(system) WifiStateMachin expire 2 lines
05-14 22:46:45.089  2185  3725 I chatty  : uid=1000(system) Binder:2185_11 expire 1 line
05-14 22:46:45.736  2185  5138 I chatty  : uid=1000(system) Binder:2185_14 expire 4 lines
05-14 22:46:45.860  2185  2200 I chatty  : uid=1000(system) Binder:2185_2 expire 6 lines
05-14 22:46:45.958  2185 24171 I chatty  : uid=1000(system) Binder:2185_18 expire 6 lines
05-14 22:46:45.983  2185  2890 I chatty  : uid=1000(system) Binder:2185_5 expire 7 lines
05-14 22:46:46.145 18629 18629 D ActivityThread: Loading provider contacts;com.android.contacts: com.android.providers.contacts.SemcContactsProvider2
05-14 22:46:46.240  2185  2199 I chatty  : uid=1000(system) Binder:2185_1 expire 11 lines
05-14 22:46:46.334  2185  4613 I chatty  : uid=1000(system) Binder:2185_1D expire 4 lines
05-14 22:46:46.523  2185 31361 I chatty  : uid=1000(system) Binder:2185_17 expire 4 lines
05-14 22:46:46.553  2185 24175 I chatty  : uid=1000(system) Binder:2185_1A expire 6 lines
05-14 22:46:46.764  2185  3707 I chatty  : uid=1000(system) Binder:2185_F expire 7 lines
05-14 22:46:46.864  2185  3679 I chatty  : uid=1000(system) Binder:2185_C expire 3 lines
05-14 22:46:47.315  2185  2256 I chatty  : uid=1000(system) android.io expire 4 lines
05-14 22:46:47.614  2185  3723 I chatty  : uid=1000(system) Binder:2185_10 expire 2 lines
05-14 22:46:47.664  2185 19421 I chatty  : uid=1000(system) Binder:2185_13 expire 2 lines
05-14 22:46:47.917 18850 18850 E ActivityThread: Failed to find provider info for com.ibatimesheet.MetricaContentProvider
05-14 22:46:48.276  2185  2258 I chatty  : uid=1000(system) android.display expire 2 lines
05-14 22:46:48.555  2185 10699 I chatty  : uid=1000(system) Binder:2185_1E expire 1 line
05-14 22:46:49.524  2185  3593 I chatty  : uid=1000(system) Binder:2185_7 expire 1 line
05-14 22:46:58.080  2185  3657 I chatty  : uid=1000(system) Binder:2185_A expire 1 line
05-14 22:46:59.323  2185  2504 I chatty  : uid=1000(system) AlarmManager expire 51 lines
05-14 22:46:59.326  2185  2185 I chatty  : uid=1000 system_server expire 45 lines
05-14 22:47:00.114  2185 25141 I chatty  : uid=1000(system) Binder:2185_1C expire 3 lines
05-14 22:47:01.143  2185  3565 I chatty  : uid=1000(system) Binder:2185_6 expire 5 lines
05-14 22:47:01.171  2185 24173 I chatty  : uid=1000(system) Binder:2185_19 expire 2 lines
05-14 22:47:04.397  2185  8479 I chatty  : uid=1000(system) Binder:2185_16 expire 1 line
05-14 22:47:11.415  2185 19420 I chatty  : uid=1000(system) Binder:2185_12 expire 2 lines
05-14 22:47:11.432  2185  3595 I chatty  : uid=1000(system) Binder:2185_8 expire 1 line
05-14 22:47:16.449  2185  3678 I chatty  : uid=1000(system) Binder:2185_B expire 5 lines
05-14 22:47:39.590  2185  2530 I chatty  : uid=1000(system) WifiStateMachin expire 21 lines
05-14 22:47:39.592  2185  2218 I chatty  : uid=1000(system) ActivityManager expire 24 lines
05-14 22:47:44.185  2185  2547 I chatty  : uid=1000(system) Binder:2185_3 expire 2 lines
05-14 22:47:45.823  2185  2255 I chatty  : uid=1000(system) android.fg expire 4 lines
05-14 22:47:45.828  2185 11206 I chatty  : uid=1000(system) Binder:2185_20 expire 1 line
05-14 22:47:48.524  2185 11205 I chatty  : uid=1000(system) Binder:2185_1F expire 3 lines
05-14 22:47:58.084  2185 25140 I chatty  : uid=1000(system) Binder:2185_1B expire 1 line
05-14 22:47:58.312 18202 18300 E AndroidRuntime: FATAL EXCEPTION: mqt_native_modules
05-14 22:47:58.312 18202 18300 E AndroidRuntime: Process: com.ibatimesheet, PID: 18202
05-14 22:47:58.312 18202 18300 E AndroidRuntime: com.facebook.react.common.JavascriptException: Module AppRegistry is not a registered callable module (calling unmountApplicationComponentAtRootTag), stack:
05-14 22:47:58.312 18202 18300 E AndroidRuntime: value@43:2756
05-14 22:47:58.312 18202 18300 E AndroidRuntime: <unknown>@43:1013
05-14 22:47:58.312 18202 18300 E AndroidRuntime: <unknown>@43:106
05-14 22:47:58.312 18202 18300 E AndroidRuntime: value@43:985
05-14 22:47:58.312 18202 18300 E AndroidRuntime: 
05-14 22:47:58.312 18202 18300 E AndroidRuntime: 	at com.facebook.react.modules.core.ExceptionsManagerModule.showOrThrowError(ExceptionsManagerModule.java:99)
05-14 22:47:58.312 18202 18300 E AndroidRuntime: 	at com.facebook.react.modules.core.ExceptionsManagerModule.reportFatalException(ExceptionsManagerModule.java:83)
05-14 22:47:58.312 18202 18300 E AndroidRuntime: 	at java.lang.reflect.Method.invoke(Native Method)
05-14 22:47:58.312 18202 18300 E AndroidRuntime: 	at com.facebook.react.bridge.BaseJavaModule$JavaMethod.invoke(BaseJavaModule.java:345)
05-14 22:47:58.312 18202 18300 E AndroidRuntime: 	at com.facebook.react.cxxbridge.JavaModuleWrapper.invoke(JavaModuleWrapper.java:141)
05-14 22:47:58.312 18202 18300 E AndroidRuntime: 	at com.facebook.react.bridge.queue.NativeRunnable.run(Native Method)
05-14 22:47:58.312 18202 18300 E AndroidRuntime: 	at android.os.Handler.handleCallback(Handler.java:751)
05-14 22:47:58.312 18202 18300 E AndroidRuntime: 	at android.os.Handler.dispatchMessage(Handler.java:95)
05-14 22:47:58.312 18202 18300 E AndroidRuntime: 	at com.facebook.react.bridge.queue.MessageQueueThreadHandler.dispatchMessage(MessageQueueThreadHandler.java:31)
05-14 22:47:58.312 18202 18300 E AndroidRuntime: 	at android.os.Looper.loop(Looper.java:241)
05-14 22:47:58.312 18202 18300 E AndroidRuntime: 	at com.facebook.react.bridge.queue.MessageQueueThreadImpl$3.run(MessageQueueThreadImpl.java:196)
05-14 22:47:58.312 18202 18300 E AndroidRuntime: 	at java.lang.Thread.run(Thread.java:761)
05-14 22:47:58.314  2185  3653 I chatty  : uid=1000(system) Binder:2185_9 expire 1 line
05-14 22:47:58.321  2185  2258 I chatty  : uid=1000(system) android.display expire 3 lines
05-14 22:47:58.446  2185  2254 I chatty  : uid=1000(system) FileObserver expire 1 line
05-14 22:47:58.509  2185  2199 I chatty  : uid=1000(system) Binder:2185_1 expire 2 lines
05-14 22:47:58.534  2185  4613 I chatty  : uid=1000(system) Binder:2185_1D expire 2 lines
05-14 22:47:58.619  2185  5138 I chatty  : uid=1000(system) Binder:2185_14 expire 4 lines
05-14 22:47:58.720  2185 19421 I chatty  : uid=1000(system) Binder:2185_13 expire 1 line
05-14 22:47:58.735  2185  3697 I chatty  : uid=1000(system) Binder:2185_D expire 1 line
05-14 22:47:58.737  2185  3698 I chatty  : uid=1000(system) Binder:2185_E expire 1 line
05-14 22:47:58.752  2185 24171 I chatty  : uid=1000(system) Binder:2185_18 expire 1 line
05-14 22:48:00.127  2185  5139 I chatty  : uid=1000(system) Binder:2185_15 expire 2 lines
05-14 22:49:00.190  2185  2622 I chatty  : uid=1000(system) Binder:2185_4 expire 1 line
05-14 22:49:00.223  2185  3725 I chatty  : uid=1000(system) Binder:2185_11 expire 5 lines
05-14 22:49:49.211  2185  2218 I chatty  : uid=1000(system) ActivityManager expire 14 lines
05-14 22:49:49.214  2185  2199 I chatty  : uid=1000(system) Binder:2185_1 expire 4 lines
05-14 22:49:51.270  2185  2504 I chatty  : uid=1000(system) AlarmManager expire 12 lines
05-14 22:49:51.274  2185  2185 I chatty  : uid=1000 system_server expire 17 lines
05-14 22:50:00.123  2185  5138 I chatty  : uid=1000(system) Binder:2185_14 expire 4 lines
05-14 22:50:00.384  2185  2255 I chatty  : uid=1000(system) android.fg expire 2 lines
05-14 22:50:00.391  2185  2890 I chatty  : uid=1000(system) Binder:2185_5 expire 5 lines
05-14 22:50:11.399  2185  2530 I chatty  : uid=1000(system) WifiStateMachin expire 4 lines
05-14 22:50:20.807  2185  2282 I chatty  : uid=1000(system) PackageManager expire 15 lines
05-14 22:50:27.116  2185  2397 I chatty  : uid=1000(system) OmsHandlerThrea expire 2 lines
05-14 22:50:27.183  2185 11206 I chatty  : uid=1000(system) Binder:2185_20 expire 4 lines
05-14 22:50:27.482  2185 19421 I chatty  : uid=1000(system) Binder:2185_13 expire 7 lines
05-14 22:50:27.537  2185  3697 I chatty  : uid=1000(system) Binder:2185_D expire 6 lines
05-14 22:50:27.570 20008 20008 W ContextImpl: Calling a method in the system process without a qualified user: android.app.ContextImpl.startService:1358 android.content.ContextWrapper.startService:613 android.content.ContextWrapper.startService:613 com.android.keychain.KeyChainBroadcastReceiver.onReceive:12 android.app.ActivityThread.handleReceiver:3085 
05-14 22:50:27.589  2185  4613 I chatty  : uid=1000(system) Binder:2185_1D expire 2 lines
05-14 22:50:27.624  2185  2200 I chatty  : uid=1000(system) Binder:2185_2 expire 5 lines
05-14 22:50:27.658  2185 10699 I chatty  : uid=1000(system) Binder:2185_1E expire 3 lines
05-14 22:50:27.668  2185  2622 I chatty  : uid=1000(system) Binder:2185_4 expire 4 lines
05-14 22:50:27.689  2185 24175 I chatty  : uid=1000(system) Binder:2185_1A expire 4 lines
05-14 22:50:27.739 20044 20044 D ActivityThread: Loading provider contacts;com.android.contacts: com.android.providers.contacts.SemcContactsProvider2
05-14 22:50:27.927  2185  3595 I chatty  : uid=1000(system) Binder:2185_8 expire 2 lines
05-14 22:50:28.019  2185  3678 I chatty  : uid=1000(system) Binder:2185_B expire 3 lines
05-14 22:50:28.045  2185  8479 I chatty  : uid=1000(system) Binder:2185_16 expire 6 lines
05-14 22:50:28.158  2185  3679 I chatty  : uid=1000(system) Binder:2185_C expire 6 lines
05-14 22:50:28.380 20141 20141 W ActivityThread: Application com.ibatimesheet can be debugged on port 8100...
05-14 22:50:28.392  2185 24173 I chatty  : uid=1000(system) Binder:2185_19 expire 1 line
05-14 22:50:28.414  2185  2217 I chatty  : uid=1000(system) android.bg expire 1 line
05-14 22:50:28.434  2185 31361 I chatty  : uid=1000(system) Binder:2185_17 expire 2 lines
05-14 22:50:28.702  2185  3707 I chatty  : uid=1000(system) Binder:2185_F expire 3 lines
05-14 22:50:28.812  2185  2258 I chatty  : uid=1000(system) android.display expire 3 lines
05-14 22:50:28.829  2185 19420 I chatty  : uid=1000(system) Binder:2185_12 expire 4 lines
05-14 22:50:28.942  2185  2504 I chatty  : uid=1000(system) AlarmManager expire 7 lines
05-14 22:50:28.954  2185  2256 I chatty  : uid=1000(system) android.io expire 2 lines
05-14 22:50:29.066  2185  2547 I chatty  : uid=1000(system) Binder:2185_3 expire 8 lines
05-14 22:50:29.212  2185 24171 I chatty  : uid=1000(system) Binder:2185_18 expire 3 lines
05-14 22:50:29.232  2185 25141 I chatty  : uid=1000(system) Binder:2185_1C expire 1 line
05-14 22:50:29.311  2185  5139 I chatty  : uid=1000(system) Binder:2185_15 expire 2 lines
05-14 22:50:30.175  2185 11205 I chatty  : uid=1000(system) Binder:2185_1F expire 3 lines
05-14 22:50:30.178  2185  3698 I chatty  : uid=1000(system) Binder:2185_E expire 4 lines
05-14 22:50:30.490  2185  3657 I chatty  : uid=1000(system) Binder:2185_A expire 1 line
05-14 22:50:30.989  2185 25140 I chatty  : uid=1000(system) Binder:2185_1B expire 1 line
05-14 22:50:31.050  2185  3565 I chatty  : uid=1000(system) Binder:2185_6 expire 4 lines
05-14 22:50:31.699 20589 20589 E ActivityThread: Failed to find provider info for com.ibatimesheet.MetricaContentProvider
05-14 22:50:31.924  2185  2218 I chatty  : uid=1000(system) ActivityManager expire 6 lines
05-14 22:50:33.302  2185  3723 I chatty  : uid=1000(system) Binder:2185_10 expire 1 line
05-14 22:50:33.617  2185  2185 I chatty  : uid=1000 system_server expire 12 lines
05-14 22:50:33.763  2185 31361 I chatty  : uid=1000(system) Binder:2185_17 expire 4 lines
05-14 22:50:34.102  2185  2890 I chatty  : uid=1000(system) Binder:2185_5 expire 2 lines
05-14 22:50:34.135  2185  2504 I chatty  : uid=1000(system) AlarmManager expire 10 lines
05-14 22:50:35.239  2185  2256 I chatty  : uid=1000(system) android.io expire 2 lines
05-14 22:50:35.318  2185  3698 I chatty  : uid=1000(system) Binder:2185_E expire 4 lines
05-14 22:50:35.328  2185 24175 I chatty  : uid=1000(system) Binder:2185_1A expire 3 lines
05-14 22:50:35.329  2185  2218 I chatty  : uid=1000(system) ActivityManager expire 12 lines
05-14 22:50:35.359  2185  8479 I chatty  : uid=1000(system) Binder:2185_16 expire 1 line
05-14 22:50:35.474  2185  3678 I chatty  : uid=1000(system) Binder:2185_B expire 2 lines
05-14 22:50:35.557  2185 25141 I chatty  : uid=1000(system) Binder:2185_1C expire 1 line
05-14 22:50:35.640  2185 19421 I chatty  : uid=1000(system) Binder:2185_13 expire 3 lines
05-14 22:50:35.871  2185  2530 I chatty  : uid=1000(system) WifiStateMachin expire 16 lines
05-14 22:50:35.962  2185 11206 I chatty  : uid=1000(system) Binder:2185_20 expire 1 line
05-14 22:50:35.973  2185 11205 I chatty  : uid=1000(system) Binder:2185_1F expire 2 lines
05-14 22:50:36.203  2185  3595 I chatty  : uid=1000(system) Binder:2185_8 expire 3 lines
05-14 22:50:36.298  2185  3679 I chatty  : uid=1000(system) Binder:2185_C expire 1 line
05-14 22:50:36.373  2185  5139 I chatty  : uid=1000(system) Binder:2185_15 expire 5 lines
05-14 22:50:36.391  2185  3723 I chatty  : uid=1000(system) Binder:2185_10 expire 3 lines
05-14 22:50:36.393  2185  3657 I chatty  : uid=1000(system) Binder:2185_A expire 2 lines
05-14 22:50:44.172  2185  3653 I chatty  : uid=1000(system) Binder:2185_9 expire 3 lines
05-14 22:50:44.592  2185  2200 I chatty  : uid=1000(system) Binder:2185_2 expire 3 lines
05-14 22:50:44.613  2185 24171 I chatty  : uid=1000(system) Binder:2185_18 expire 1 line
05-14 22:50:50.685  2185  2199 I chatty  : uid=1000(system) Binder:2185_1 expire 4 lines
05-14 22:50:55.735  2185  3593 I chatty  : uid=1000(system) Binder:2185_7 expire 3 lines
05-14 22:51:00.048  2185  2622 I chatty  : uid=1000(system) Binder:2185_4 expire 1 line
05-14 22:51:00.054  2185  2220 I chatty  : uid=1000(system) ActivityManager expire 1 line
05-14 22:51:05.934  2185  2217 I chatty  : uid=1000(system) android.bg expire 1 line
05-14 22:51:06.343 21138 21156 D ActivityThread: Loading provider com.google.android.gmail.provider;com.android.mail.notifier;com.google.android.gm.email.provider;com.google.android.gm.tasks.provider;com.google.android.gm.email.notifier: com.android.email.provider.EmailProvider
05-14 22:51:06.404  2185  3697 I chatty  : uid=1000(system) Binder:2185_D expire 1 line
05-14 22:51:06.417  2185  2547 I chatty  : uid=1000(system) Binder:2185_3 expire 2 lines
05-14 22:51:06.623  2185  3565 I chatty  : uid=1000(system) Binder:2185_6 expire 1 line
05-14 22:51:09.265  2185  2218 I chatty  : uid=1000(system) ActivityManager expire 13 lines
05-14 22:51:10.692  2185  2504 I chatty  : uid=1000(system) AlarmManager expire 29 lines
05-14 22:51:10.693  2185  2185 I chatty  : uid=1000 system_server expire 23 lines
05-14 22:51:27.660  2185 25140 I chatty  : uid=1000(system) Binder:2185_1B expire 1 line
05-14 22:51:27.882  2185 24173 I chatty  : uid=1000(system) Binder:2185_19 expire 2 lines
05-14 22:51:31.438  2185  2222 I chatty  : uid=1000(system) batterystats-sy expire 3 lines
05-14 22:51:37.985  2185  2255 I chatty  : uid=1000(system) android.fg expire 4 lines
05-14 22:51:38.985  2185  4613 I chatty  : uid=1000(system) Binder:2185_1D expire 2 lines
05-14 22:51:39.310  2185  5138 I chatty  : uid=1000(system) Binder:2185_14 expire 1 line
05-14 22:52:27.855  2185  3725 I chatty  : uid=1000(system) Binder:2185_11 expire 1 line
05-14 22:52:32.099 21557 21557 D ActivityThread: Loading provider contacts;com.android.contacts: com.android.providers.contacts.SemcContactsProvider2
05-14 22:52:32.780  2185  2504 I chatty  : uid=1000(system) AlarmManager expire 1 line
05-14 22:52:32.785  2185  2185 I chatty  : uid=1000 system_server expire 1 line
05-14 22:52:36.185  2185 10699 I chatty  : uid=1000(system) Binder:2185_1E expire 1 line
05-14 22:52:36.200  2185  3723 I chatty  : uid=1000(system) Binder:2185_10 expire 10 lines
05-14 22:52:37.818  2185  2504 I chatty  : uid=1000(system) AlarmManager expire 19 lines
05-14 22:52:37.820  2185  2185 I chatty  : uid=1000 system_server expire 12 lines
05-14 22:52:37.828  3716  3818 W ContextImpl: Calling a method in the system process without a qualified user: android.app.ContextImpl.bindService:1422 android.content.ContextWrapper.bindService:636 com.google.android.gms.ads.identifier.AdvertisingIdClient.h:-1 com.google.android.gms.ads.identifier.AdvertisingIdClient.b:-1 com.google.android.gms.ads.identifier.AdvertisingIdClient.getAdvertisingIdInfo:-1 
05-14 22:52:44.710  2185  2890 I chatty  : uid=1000(system) Binder:2185_5 expire 1 line
05-14 22:52:46.431  2185  2530 I chatty  : uid=1000(system) WifiStateMachin expire 12 lines
05-14 22:52:46.433  2185  2218 I chatty  : uid=1000(system) ActivityManager expire 21 lines
05-14 22:52:52.913  2185 24173 I chatty  : uid=1000(system) Binder:2185_19 expire 1 line
05-14 22:52:54.343  2185  2255 I chatty  : uid=1000(system) android.fg expire 4 lines
05-14 22:52:54.350  2185 31361 I chatty  : uid=1000(system) Binder:2185_17 expire 2 lines
05-14 22:53:00.110  2185  3657 I chatty  : uid=1000(system) Binder:2185_A expire 3 lines
05-14 22:53:28.415  2185 19420 I chatty  : uid=1000(system) Binder:2185_12 expire 2 lines
05-14 22:53:28.419  2185  3593 I chatty  : uid=1000(system) Binder:2185_7 expire 3 lines
05-14 22:53:29.225  2185  8479 I chatty  : uid=1000(system) Binder:2185_16 expire 3 lines
05-14 22:53:29.274  2185  3653 I chatty  : uid=1000(system) Binder:2185_9 expire 2 lines
05-14 22:53:29.562 21836 21836 D ActivityThread: Loading provider com.whatsapp.provider.contact: com.whatsapp.contact.ContactProvider
05-14 22:53:29.626  2185  3678 I chatty  : uid=1000(system) Binder:2185_B expire 1 line
05-14 22:53:29.631  2185  3679 I chatty  : uid=1000(system) Binder:2185_C expire 2 lines
05-14 22:53:29.866  2185 25141 I chatty  : uid=1000(system) Binder:2185_1C expire 1 line
05-14 22:53:29.891  2185 11206 I chatty  : uid=1000(system) Binder:2185_20 expire 9 lines
05-14 22:53:29.939  2185 24171 I chatty  : uid=1000(system) Binder:2185_18 expire 6 lines
05-14 22:53:29.945  2185  3565 I chatty  : uid=1000(system) Binder:2185_6 expire 10 lines
05-14 22:53:29.957  2185  5139 I chatty  : uid=1000(system) Binder:2185_15 expire 1 line
