06-05 13:21:50.847 29839 29839 W ContextImpl: Calling a method in the system process without a qualified user: android.app.ContextImpl.startService:1358 android.content.ContextWrapper.startService:613 android.content.ContextWrapper.startService:613 com.sonyericsson.idd.agent.IDDEnabledBroadcastReceiver.onReceive:58 android.app.ActivityThread.handleReceiver:3085 
06-05 13:21:50.873 28560 28560 W ContextImpl: Calling a method in the system process without a qualified user: android.app.ContextImpl.startService:1358 android.content.ContextWrapper.startService:613 android.content.ContextWrapper.startService:613 com.sonyericsson.usbux.gagtm.GaGtmServiceReceiver.onReceive:62 android.app.ActivityThread.handleReceiver:3085 
06-05 13:21:50.881 28560 28560 W ContextImpl: Calling a method in the system process without a qualified user: android.app.ContextImpl.startActivity:768 android.content.ContextWrapper.startActivity:356 android.content.ContextWrapper.startActivity:356 com.sonyericsson.usbux.service.UsbServiceReceiver.onReceive:110 android.app.ActivityThread.handleReceiver:3085 
06-05 13:21:50.881 28560 28560 W ContextImpl: Calling a method in the system process without a qualified user: android.app.ContextImpl.startActivity:780 android.app.ContextImpl.startActivity:769 android.content.ContextWrapper.startActivity:356 android.content.ContextWrapper.startActivity:356 com.sonyericsson.usbux.service.UsbServiceReceiver.onReceive:110 
06-05 13:21:51.264 28560 28560 W ContextImpl: Calling a method in the system process without a qualified user: android.app.ContextImpl.startService:1358 android.content.ContextWrapper.startService:613 android.content.ContextWrapper.startService:613 com.sonyericsson.usbux.service.UsbServiceReceiver.onReceive:157 android.app.ActivityThread.handleReceiver:3085 
06-05 13:21:51.266  2187  3560 I chatty  : uid=1000(system) Binder:2187_E expire 12 lines
06-05 13:21:51.332  2187  2656 I chatty  : uid=1000(system) Binder:2187_4 expire 1 line
06-05 13:21:51.547 28560 29978 W ContextImpl: Calling a method in the system process without a qualified user: android.app.ContextImpl.bindService:1422 android.content.ContextWrapper.bindService:636 com.google.android.gms.common.stats.zzb.zza:-1 com.google.android.gms.common.stats.zzb.zza:-1 com.google.android.gms.ads.identifier.AdvertisingIdClient.zzp:-1 
06-05 13:21:51.658  2187 21203 I chatty  : uid=1000(system) Binder:2187_18 expire 2 lines
06-05 13:21:51.893 28560 28560 W ContextImpl: Calling a method in the system process without a qualified user: android.app.ContextImpl.startService:1358 android.content.ContextWrapper.startService:613 android.content.ContextWrapper.startService:613 com.sonyericsson.usbux.capabilities.CapabilityUpdaterReceiver.onReceive:46 android.app.ActivityThread.handleReceiver:3085 
06-05 13:21:51.900 29688 29688 W ContextImpl: Calling a method in the system process without a qualified user: android.app.ContextImpl.startService:1358 android.content.ContextWrapper.startService:613 android.content.ContextWrapper.startService:613 com.sonymobile.enterprise.service.UsbReceiver.onReceive:31 android.app.ActivityThread.handleReceiver:3085 
06-05 13:21:51.946 28560 28560 W ContextImpl: Calling a method in the system process without a qualified user: android.app.ContextImpl.bindService:1422 android.content.ContextWrapper.bindService:636 android.media.MediaScannerConnection.connect:119 com.sonyericsson.usbux.capabilities.CapabilityUpdaterService.onCreate:271 android.app.ActivityThread.handleCreateService:3236 
06-05 13:21:52.149  2187  2263 I chatty  : uid=1000(system) android.io expire 2 lines
06-05 13:21:52.463  2187  3569 I chatty  : uid=1000(system) Binder:2187_10 expire 9 lines
06-05 13:21:52.887  2187  3510 I chatty  : uid=1000(system) Binder:2187_9 expire 7 lines
06-05 13:21:52.902  2187 21141 I chatty  : uid=1000(system) Binder:2187_17 expire 6 lines
06-05 13:21:52.912  2187  3571 I chatty  : uid=1000(system) Binder:2187_11 expire 4 lines
06-05 13:21:52.914  2187 23143 I chatty  : uid=1000(system) Binder:2187_13 expire 5 lines
06-05 13:21:52.914  2187  3560 I chatty  : uid=1000(system) Binder:2187_E expire 7 lines
06-05 13:21:54.685  2187  3535 I chatty  : uid=1000(system) Binder:2187_B expire 4 lines
06-05 13:21:54.705  2187 21203 I chatty  : uid=1000(system) Binder:2187_18 expire 8 lines
06-05 13:21:56.066  2187 21112 I chatty  : uid=1000(system) Binder:2187_15 expire 2 lines
06-05 13:21:56.074  2187  2541 I chatty  : uid=1000(system) Binder:2187_3 expire 7 lines
06-05 13:21:59.553  2187  2498 I chatty  : uid=1000(system) AlarmManager expire 15 lines
06-05 13:21:59.589  2187 21313 I chatty  : uid=1000(system) Binder:2187_19 expire 3 lines
06-05 13:21:59.614  2187  2657 I chatty  : uid=1000(system) Binder:2187_5 expire 3 lines
06-05 13:21:59.732  2187 11980 I chatty  : uid=1000(system) Binder:2187_1A expire 6 lines
06-05 13:22:00.540  2187 11981 I chatty  : uid=1000(system) Binder:2187_1B expire 10 lines
06-05 13:22:00.545  2187  2220 I chatty  : uid=1000(system) ActivityManager expire 20 lines
06-05 13:22:01.405  2187  3559 I chatty  : uid=1000(system) Binder:2187_D expire 5 lines
06-05 13:22:06.718  2187  2201 I chatty  : uid=1000(system) Binder:2187_2 expire 2 lines
06-05 13:22:08.635  2187  3572 I chatty  : uid=1000(system) Binder:2187_12 expire 3 lines
06-05 13:22:09.056  2187  3567 I chatty  : uid=1000(system) Binder:2187_F expire 5 lines
06-05 13:22:13.618  2187 21111 I chatty  : uid=1000(system) Binder:2187_14 expire 8 lines
06-05 13:23:00.017  2187  2187 I chatty  : uid=1000 system_server expire 2 lines
06-05 13:23:00.108  2187  3503 I chatty  : uid=1000(system) Binder:2187_8 expire 5 lines
06-05 13:23:39.567  2187  2224 I chatty  : uid=1000(system) batterystats-sy expire 3 lines
06-05 13:24:00.121  2187  2200 I chatty  : uid=1000(system) Binder:2187_1 expire 5 lines
06-05 13:24:14.295  2187  2263 I chatty  : uid=1000(system) android.io expire 3 lines
06-05 13:24:14.953  2187  2218 I chatty  : uid=1000(system) android.bg expire 5 lines
06-05 13:24:15.052  2187  3500 I chatty  : uid=1000(system) Binder:2187_7 expire 3 lines
06-05 13:24:15.056  2187  3514 I chatty  : uid=1000(system) Binder:2187_A expire 5 lines
06-05 13:24:15.378  2187  2656 I chatty  : uid=1000(system) Binder:2187_4 expire 2 lines
06-05 13:24:15.765 30635 30635 D ActivityThread: Loading provider contacts;com.android.contacts: com.android.providers.contacts.SemcContactsProvider2
06-05 13:24:15.779  2187  2220 I chatty  : uid=1000(system) ActivityManager expire 9 lines
06-05 13:24:16.819  2187  3538 I chatty  : uid=1000(system) Binder:2187_C expire 3 lines
06-05 13:24:17.752  2187 21140 I chatty  : uid=1000(system) Binder:2187_16 expire 6 lines
06-05 13:24:21.416  2187  2524 I chatty  : uid=1000(system) WifiStateMachin expire 1 line
06-05 13:24:21.418  2187  2220 I chatty  : uid=1000(system) ActivityManager expire 12 lines
06-05 13:24:23.905  2187  2657 I chatty  : uid=1000(system) Binder:2187_5 expire 5 lines
06-05 13:24:49.905  2187 21141 I chatty  : uid=1000(system) Binder:2187_17 expire 5 lines
06-05 13:24:49.910  2187  3567 I chatty  : uid=1000(system) Binder:2187_F expire 2 lines
06-05 13:24:50.005  2187  3572 I chatty  : uid=1000(system) Binder:2187_12 expire 4 lines
06-05 13:24:50.019  2187  2656 I chatty  : uid=1000(system) Binder:2187_4 expire 5 lines
06-05 13:25:00.002  2187  2498 I chatty  : uid=1000(system) AlarmManager expire 32 lines
06-05 13:25:00.139  2187 21112 I chatty  : uid=1000(system) Binder:2187_15 expire 4 lines
06-05 13:25:14.899  2187  3559 I chatty  : uid=1000(system) Binder:2187_D expire 12 lines
06-05 13:25:14.914  2187 21111 I chatty  : uid=1000(system) Binder:2187_14 expire 2 lines
06-05 13:25:15.057  2187 21203 I chatty  : uid=1000(system) Binder:2187_18 expire 2 lines
06-05 13:25:15.239  2187  3503 I chatty  : uid=1000(system) Binder:2187_8 expire 1 line
06-05 13:25:15.664  2187  3571 I chatty  : uid=1000(system) Binder:2187_11 expire 3 lines
06-05 13:25:15.707  2187 11981 I chatty  : uid=1000(system) Binder:2187_1B expire 6 lines
06-05 13:25:18.170  2187  2949 I chatty  : uid=1000(system) Binder:2187_6 expire 2 lines
06-05 13:25:31.660  2187  2187 I chatty  : uid=1000 system_server expire 10 lines
06-05 13:25:42.920  2187  2541 I chatty  : uid=1000(system) Binder:2187_3 expire 3 lines
06-05 13:25:43.086  2187  2264 I chatty  : uid=1000(system) android.display expire 5 lines
06-05 13:25:44.110  2187  3538 I chatty  : uid=1000(system) Binder:2187_C expire 5 lines
06-05 13:25:44.119  2187 11980 I chatty  : uid=1000(system) Binder:2187_1A expire 1 line
06-05 13:25:44.148  2187  3500 I chatty  : uid=1000(system) Binder:2187_7 expire 2 lines
06-05 13:25:47.287  2187  2500 I chatty  : uid=1000(system) InputDispatcher expire 4 lines
06-05 13:25:47.377  2187 23143 I chatty  : uid=1000(system) Binder:2187_13 expire 3 lines
06-05 13:25:47.381  2187  3535 I chatty  : uid=1000(system) Binder:2187_B expire 7 lines
06-05 13:25:48.113  2187  2200 I chatty  : uid=1000(system) Binder:2187_1 expire 1 line
06-05 13:25:49.418  2187  3514 I chatty  : uid=1000(system) Binder:2187_A expire 4 lines
06-05 13:25:49.436  2187  3560 I chatty  : uid=1000(system) Binder:2187_E expire 4 lines
06-05 13:25:50.128  2187  2201 I chatty  : uid=1000(system) Binder:2187_2 expire 2 lines
06-05 13:25:53.195  2187  2501 I chatty  : uid=1000(system) InputReader expire 1 line
06-05 13:25:53.686  2187  2267 I chatty  : uid=1000(system) PowerManagerSer expire 1 line
06-05 13:25:54.040  2622  2622 V KeyguardStatusView: refresh statusview showing:true
06-05 13:25:54.050  2622  2622 V KeyguardDisplayManager: show
06-05 13:25:54.778  2187  2220 I chatty  : uid=1000(system) ActivityManager expire 21 lines
06-05 13:25:56.638 28446 31112 E ActivityThread: Failed to find provider info for com.facebook.katana.provider.AttributionIdProvider
06-05 13:26:14.956  2187  3510 I chatty  : uid=1000(system) Binder:2187_9 expire 2 lines
06-05 13:26:58.300  2187  2218 I chatty  : uid=1000(system) android.bg expire 1 line
06-05 13:27:15.035  2187  3569 I chatty  : uid=1000(system) Binder:2187_10 expire 2 lines
06-05 13:32:45.476  2187  2224 I chatty  : uid=1000(system) batterystats-sy expire 3 lines
06-05 13:32:45.640  2187  2220 I chatty  : uid=1000(system) ActivityManager expire 15 lines
06-05 13:33:23.419  2187  3538 I chatty  : uid=1000(system) Binder:2187_C expire 3 lines
06-05 13:33:27.479  2187  2498 I chatty  : uid=1000(system) AlarmManager expire 12 lines
06-05 13:33:27.500  2187 11981 I chatty  : uid=1000(system) Binder:2187_1B expire 3 lines
06-05 13:33:27.590  2187  3500 I chatty  : uid=1000(system) Binder:2187_7 expire 5 lines
06-05 13:33:29.907  2187  2513 I chatty  : uid=1000(system) NetworkStats expire 3 lines
06-05 13:33:30.372  2187  2201 I chatty  : uid=1000(system) Binder:2187_2 expire 8 lines
06-05 13:33:30.383  2187  3571 I chatty  : uid=1000(system) Binder:2187_11 expire 7 lines
06-05 13:33:30.393  2187  3503 I chatty  : uid=1000(system) Binder:2187_8 expire 5 lines
06-05 13:33:31.085  2187 21111 I chatty  : uid=1000(system) Binder:2187_14 expire 5 lines
06-05 13:33:39.267  3524  3627 W ContextImpl: Calling a method in the system process without a qualified user: android.app.ContextImpl.bindService:1422 android.content.ContextWrapper.bindService:636 com.google.android.gms.ads.identifier.AdvertisingIdClient.h:-1 com.google.android.gms.ads.identifier.AdvertisingIdClient.b:-1 com.google.android.gms.ads.identifier.AdvertisingIdClient.getAdvertisingIdInfo:-1 
06-05 13:34:03.736  2187  2200 I chatty  : uid=1000(system) Binder:2187_1 expire 8 lines
06-05 13:34:30.491  2187 21203 I chatty  : uid=1000(system) Binder:2187_18 expire 6 lines
06-05 13:34:30.505  2187 21112 I chatty  : uid=1000(system) Binder:2187_15 expire 3 lines
06-05 13:35:06.565  2187  2187 I chatty  : uid=1000 system_server expire 8 lines
06-05 13:35:13.429  2187  2501 I chatty  : uid=1000(system) InputReader expire 1 line
06-05 13:35:13.431  2187  2267 I chatty  : uid=1000(system) PowerManagerSer expire 2 lines
06-05 13:35:13.435  2187  2264 I chatty  : uid=1000(system) android.display expire 3 lines
06-05 13:35:13.576  2187  3559 I chatty  : uid=1000(system) Binder:2187_D expire 5 lines
06-05 13:35:14.464  2187 21141 I chatty  : uid=1000(system) Binder:2187_17 expire 3 lines
06-05 13:35:14.502  2622  2622 V KeyguardDisplayManager: hide
06-05 13:35:14.533  2187  3569 I chatty  : uid=1000(system) Binder:2187_10 expire 4 lines
06-05 13:35:29.303  2187  2524 I chatty  : uid=1000(system) WifiStateMachin expire 1 line
06-05 13:35:30.468  2187  2273 I chatty  : uid=1000(system) PackageManager expire 15 lines
06-05 13:35:30.554  2187  2498 I chatty  : uid=1000(system) AlarmManager expire 3 lines
06-05 13:35:30.579  2187  2657 I chatty  : uid=1000(system) Binder:2187_5 expire 5 lines
06-05 13:35:30.599  2187 11980 I chatty  : uid=1000(system) Binder:2187_1A expire 5 lines
06-05 13:35:36.554  2187  2389 I chatty  : uid=1000(system) OmsHandlerThrea expire 2 lines
06-05 13:35:36.588  2187  3572 I chatty  : uid=1000(system) Binder:2187_12 expire 5 lines
06-05 13:35:36.607  2187  3560 I chatty  : uid=1000(system) Binder:2187_E expire 5 lines
06-05 13:35:36.615  2187  2541 I chatty  : uid=1000(system) Binder:2187_3 expire 3 lines
06-05 13:35:38.997  2187  2656 I chatty  : uid=1000(system) Binder:2187_4 expire 5 lines
06-05 13:35:39.034  2187 21313 I chatty  : uid=1000(system) Binder:2187_19 expire 4 lines
06-05 13:35:39.117 31733 31733 W ContextImpl: Calling a method in the system process without a qualified user: android.app.ContextImpl.startService:1358 android.content.ContextWrapper.startService:613 android.content.ContextWrapper.startService:613 com.android.keychain.KeyChainBroadcastReceiver.onReceive:12 android.app.ActivityThread.handleReceiver:3085 
06-05 13:35:39.146  2187 23143 I chatty  : uid=1000(system) Binder:2187_13 expire 4 lines
06-05 13:35:39.193  2187  2531 I chatty  : uid=1000(system) ConnectivitySer expire 1 line
06-05 13:35:40.031  2187  2218 I chatty  : uid=1000(system) android.bg expire 1 line
06-05 13:35:40.917  2187  2949 I chatty  : uid=1000(system) Binder:2187_6 expire 2 lines
06-05 13:35:41.166  2187  2220 I chatty  : uid=1000(system) ActivityManager expire 4 lines
06-05 13:35:41.307  2187  3567 I chatty  : uid=1000(system) Binder:2187_F expire 3 lines
06-05 13:35:41.890  2187  3514 I chatty  : uid=1000(system) Binder:2187_A expire 2 lines
06-05 13:35:42.129 32052 32052 E ActivityThread: Failed to find provider info for com.ibatimesheet.MetricaContentProvider
06-05 13:35:42.959  2187  3535 I chatty  : uid=1000(system) Binder:2187_B expire 2 lines
06-05 13:35:44.678  2187  2263 I chatty  : uid=1000(system) android.io expire 2 lines
06-05 13:35:45.185  2187  3510 I chatty  : uid=1000(system) Binder:2187_9 expire 4 lines
06-05 13:35:48.005 32234 32234 W ActivityThread: Application com.ibatimesheet can be debugged on port 8100...
06-05 13:35:58.234  2187  2656 I chatty  : uid=1000(system) Binder:2187_4 expire 9 lines
06-05 13:36:00.002  2187  2498 I chatty  : uid=1000(system) AlarmManager expire 10 lines
06-05 13:36:01.084  2187  3567 I chatty  : uid=1000(system) Binder:2187_F expire 2 lines
06-05 13:36:01.140  2187 21313 I chatty  : uid=1000(system) Binder:2187_19 expire 4 lines
06-05 13:36:02.448  2187 21111 I chatty  : uid=1000(system) Binder:2187_14 expire 5 lines
06-05 13:36:02.481  2187 21141 I chatty  : uid=1000(system) Binder:2187_17 expire 2 lines
06-05 13:36:07.415  2187  3569 I chatty  : uid=1000(system) Binder:2187_10 expire 3 lines
06-05 13:36:07.417  2187  2220 I chatty  : uid=1000(system) ActivityManager expire 34 lines
06-05 13:36:07.860  2187  2949 I chatty  : uid=1000(system) Binder:2187_6 expire 3 lines
06-05 13:36:07.868  2187  2524 I chatty  : uid=1000(system) WifiStateMachin expire 14 lines
06-05 13:36:07.892  2187  3503 I chatty  : uid=1000(system) Binder:2187_8 expire 4 lines
06-05 13:36:16.208  2187 11980 I chatty  : uid=1000(system) Binder:2187_1A expire 2 lines
06-05 13:36:41.819  2187  3571 I chatty  : uid=1000(system) Binder:2187_11 expire 1 line
06-05 13:36:46.996  2187  2541 I chatty  : uid=1000(system) Binder:2187_3 expire 2 lines
06-05 13:36:51.992 28560 29978 W ContextImpl: Calling a method in the system process without a qualified user: android.app.ContextImpl.bindService:1422 android.content.ContextWrapper.bindService:636 com.google.android.gms.common.stats.zzb.zza:-1 com.google.android.gms.common.stats.zzb.zza:-1 com.google.android.gms.ads.identifier.AdvertisingIdClient.zzp:-1 
06-05 13:37:36.215  2187 11981 I chatty  : uid=1000(system) Binder:2187_1B expire 6 lines
06-05 13:38:00.096  2187 21203 I chatty  : uid=1000(system) Binder:2187_18 expire 1 line
06-05 13:38:11.568  2187 21112 I chatty  : uid=1000(system) Binder:2187_15 expire 4 lines
06-05 13:38:11.638  2187  2218 I chatty  : uid=1000(system) android.bg expire 1 line
06-05 13:38:11.960   473   499 D ActivityThread: Loading provider com.google.android.gmail.provider;com.android.mail.notifier;com.google.android.gm.email.provider;com.google.android.gm.tasks.provider;com.google.android.gm.email.notifier: com.android.email.provider.EmailProvider
06-05 13:38:12.018  2187  2201 I chatty  : uid=1000(system) Binder:2187_2 expire 3 lines
06-05 13:38:12.098  2187  3514 I chatty  : uid=1000(system) Binder:2187_A expire 3 lines
06-05 13:38:12.172  2187  3535 I chatty  : uid=1000(system) Binder:2187_B expire 4 lines
06-05 13:38:12.221  2187  3559 I chatty  : uid=1000(system) Binder:2187_D expire 2 lines
06-05 13:38:15.209  2187 21140 I chatty  : uid=1000(system) Binder:2187_16 expire 3 lines
06-05 13:38:15.230  2187  2200 I chatty  : uid=1000(system) Binder:2187_1 expire 5 lines
06-05 13:38:16.191  2187  3538 I chatty  : uid=1000(system) Binder:2187_C expire 3 lines
06-05 13:38:16.199  2187  3572 I chatty  : uid=1000(system) Binder:2187_12 expire 3 lines
06-05 13:38:20.389  2187  3560 I chatty  : uid=1000(system) Binder:2187_E expire 3 lines
06-05 13:38:22.976  2187  2498 I chatty  : uid=1000(system) AlarmManager expire 20 lines
06-05 13:39:00.020  2187  2187 I chatty  : uid=1000 system_server expire 8 lines
06-05 13:39:00.137  2187  2657 I chatty  : uid=1000(system) Binder:2187_5 expire 1 line
06-05 13:39:54.703  2187  2224 I chatty  : uid=1000(system) batterystats-sy expire 6 lines
06-05 13:40:03.918  2187  3500 I chatty  : uid=1000(system) Binder:2187_7 expire 1 line
06-05 13:42:04.165  2187 23143 I chatty  : uid=1000(system) Binder:2187_13 expire 9 lines
06-05 13:44:30.517  2187  2220 I chatty  : uid=1000(system) ActivityManager expire 13 lines
06-05 13:44:30.521  2187  2498 I chatty  : uid=1000(system) AlarmManager expire 14 lines
06-05 13:44:30.557  2187  3514 I chatty  : uid=1000(system) Binder:2187_A expire 3 lines
06-05 13:44:30.566  2187  3559 I chatty  : uid=1000(system) Binder:2187_D expire 5 lines
06-05 13:44:33.171  2187 21141 I chatty  : uid=1000(system) Binder:2187_17 expire 4 lines
06-05 13:45:00.132  2187  3560 I chatty  : uid=1000(system) Binder:2187_E expire 3 lines
06-05 13:45:30.666  2187  3538 I chatty  : uid=1000(system) Binder:2187_C expire 5 lines
06-05 13:45:41.642  2187  2513 I chatty  : uid=1000(system) NetworkStats expire 1 line
06-05 13:46:39.400  2187  2187 I chatty  : uid=1000 system_server expire 5 lines
06-05 13:46:39.422  2187  2224 I chatty  : uid=1000(system) batterystats-sy expire 3 lines
06-05 13:46:40.860  2187  3571 I chatty  : uid=1000(system) Binder:2187_11 expire 4 lines
06-05 13:47:00.114  2187  3503 I chatty  : uid=1000(system) Binder:2187_8 expire 3 lines
06-05 13:47:30.834  2187  2949 I chatty  : uid=1000(system) Binder:2187_6 expire 2 lines
06-05 13:48:05.534  3606  2147 E ActivityThread: Failed to find provider info for com.facebook.katana.provider.AttributionIdProvider
06-05 13:48:30.891  2187  2498 I chatty  : uid=1000(system) AlarmManager expire 13 lines
06-05 13:48:30.933  2187 11980 I chatty  : uid=1000(system) Binder:2187_1A expire 3 lines
06-05 13:48:39.368  3524  3627 W ContextImpl: Calling a method in the system process without a qualified user: android.app.ContextImpl.bindService:1422 android.content.ContextWrapper.bindService:636 com.google.android.gms.ads.identifier.AdvertisingIdClient.h:-1 com.google.android.gms.ads.identifier.AdvertisingIdClient.b:-1 com.google.android.gms.ads.identifier.AdvertisingIdClient.getAdvertisingIdInfo:-1 
06-05 13:49:00.099  2187  3572 I chatty  : uid=1000(system) Binder:2187_12 expire 1 line
06-05 13:49:17.607  2187  2218 I chatty  : uid=1000(system) android.bg expire 1 line
06-05 13:49:31.021  2187  3500 I chatty  : uid=1000(system) Binder:2187_7 expire 2 lines
06-05 13:50:15.582  2187  3535 I chatty  : uid=1000(system) Binder:2187_B expire 4 lines
06-05 13:50:16.453  2187 21313 I chatty  : uid=1000(system) Binder:2187_19 expire 1 line
06-05 13:50:16.989  2187 21203 I chatty  : uid=1000(system) Binder:2187_18 expire 2 lines
06-05 13:50:17.208  2187 21140 I chatty  : uid=1000(system) Binder:2187_16 expire 4 lines
06-05 13:50:17.459  2187  3510 I chatty  : uid=1000(system) Binder:2187_9 expire 1 line
06-05 13:50:17.489  2187 21112 I chatty  : uid=1000(system) Binder:2187_15 expire 3 lines
06-05 13:50:17.685  2187  2657 I chatty  : uid=1000(system) Binder:2187_5 expire 5 lines
06-05 13:50:17.803  2403  2581 E ActivityThread: Failed to find provider info for com.sonymobile.settings.illumination
06-05 13:50:18.222  2403  2581 E ActivityThread: Failed to find provider info for com.sonymobile.settings.illumination
06-05 13:50:18.248  2403  2581 E ActivityThread: Failed to find provider info for com.sonymobile.settings.illumination
06-05 13:50:22.741  2187  2541 I chatty  : uid=1000(system) Binder:2187_3 expire 2 lines
06-05 13:50:22.880  2187  2220 I chatty  : uid=1000(system) ActivityManager expire 20 lines
06-05 13:50:22.944  2187  3569 I chatty  : uid=1000(system) Binder:2187_10 expire 1 line
06-05 13:50:23.291  2187  2264 I chatty  : uid=1000(system) android.display expire 3 lines
06-05 13:50:24.686  2187  2524 I chatty  : uid=1000(system) WifiStateMachin expire 10 lines
06-05 13:50:28.382  2187  2201 I chatty  : uid=1000(system) Binder:2187_2 expire 2 lines
06-05 13:51:00.086  2187  2656 I chatty  : uid=1000(system) Binder:2187_4 expire 1 line
06-05 13:51:03.260  2187 11981 I chatty  : uid=1000(system) Binder:2187_1B expire 2 lines
06-05 13:51:52.082 28560 29978 W ContextImpl: Calling a method in the system process without a qualified user: android.app.ContextImpl.bindService:1422 android.content.ContextWrapper.bindService:636 com.google.android.gms.common.stats.zzb.zza:-1 com.google.android.gms.common.stats.zzb.zza:-1 com.google.android.gms.ads.identifier.AdvertisingIdClient.zzp:-1 
06-05 13:52:00.001  2187  2498 I chatty  : uid=1000(system) AlarmManager expire 3 lines
06-05 13:52:16.213  2187  3567 I chatty  : uid=1000(system) Binder:2187_F expire 1 line
06-05 13:52:16.214  2187  2220 I chatty  : uid=1000(system) ActivityManager expire 9 lines
06-05 13:52:49.247  2187  2273 I chatty  : uid=1000(system) PackageManager expire 15 lines
06-05 13:52:55.639  2187  2220 I chatty  : uid=1000(system) ActivityManager expire 31 lines
06-05 13:52:55.644  2187  2389 I chatty  : uid=1000(system) OmsHandlerThrea expire 2 lines
06-05 13:52:56.356  2187 23143 I chatty  : uid=1000(system) Binder:2187_13 expire 4 lines
06-05 13:52:56.395  2187  2657 I chatty  : uid=1000(system) Binder:2187_5 expire 4 lines
06-05 13:52:56.395  2187  3559 I chatty  : uid=1000(system) Binder:2187_D expire 3 lines
06-05 13:52:56.480  3403  3403 W ContextImpl: Calling a method in the system process without a qualified user: android.app.ContextImpl.startService:1358 android.content.ContextWrapper.startService:613 android.content.ContextWrapper.startService:613 com.android.keychain.KeyChainBroadcastReceiver.onReceive:12 android.app.ActivityThread.handleReceiver:3085 
06-05 13:52:56.499  2187 11980 I chatty  : uid=1000(system) Binder:2187_1A expire 2 lines
06-05 13:52:56.514  2187  3535 I chatty  : uid=1000(system) Binder:2187_B expire 10 lines
06-05 13:52:56.644  2187  3569 I chatty  : uid=1000(system) Binder:2187_10 expire 5 lines
06-05 13:52:56.675  2187  2541 I chatty  : uid=1000(system) Binder:2187_3 expire 5 lines
06-05 13:52:56.714  2187  2201 I chatty  : uid=1000(system) Binder:2187_2 expire 4 lines
06-05 13:52:56.748  2187  3500 I chatty  : uid=1000(system) Binder:2187_7 expire 6 lines
06-05 13:52:56.794  2187 11981 I chatty  : uid=1000(system) Binder:2187_1B expire 4 lines
06-05 13:52:56.816  2187  2200 I chatty  : uid=1000(system) Binder:2187_1 expire 4 lines
06-05 13:52:56.819  2187 21111 I chatty  : uid=1000(system) Binder:2187_14 expire 4 lines
06-05 13:52:57.099  2187 21141 I chatty  : uid=1000(system) Binder:2187_17 expire 7 lines
06-05 13:52:57.401  2187  2218 I chatty  : uid=1000(system) android.bg expire 1 line
06-05 13:52:57.497  2187  3567 I chatty  : uid=1000(system) Binder:2187_F expire 5 lines
06-05 13:52:57.668  2187 21112 I chatty  : uid=1000(system) Binder:2187_15 expire 3 lines
06-05 13:52:57.830  2187  2187 I chatty  : uid=1000 system_server expire 4 lines
06-05 13:52:57.832  2187 21203 I chatty  : uid=1000(system) Binder:2187_18 expire 3 lines
06-05 13:52:58.268  2187 21313 I chatty  : uid=1000(system) Binder:2187_19 expire 2 lines
06-05 13:52:58.310  2187  3503 I chatty  : uid=1000(system) Binder:2187_8 expire 3 lines
06-05 13:52:58.310  2187  3514 I chatty  : uid=1000(system) Binder:2187_A expire 4 lines
06-05 13:52:58.311  2187  2531 I chatty  : uid=1000(system) ConnectivitySer expire 1 line
06-05 13:52:58.369  2187  3571 I chatty  : uid=1000(system) Binder:2187_11 expire 3 lines
06-05 13:52:58.853  2187 21140 I chatty  : uid=1000(system) Binder:2187_16 expire 2 lines
06-05 13:52:59.217  3870  3870 E ActivityThread: Failed to find provider info for com.ibatimesheet.MetricaContentProvider
06-05 13:52:59.220  2187  2656 I chatty  : uid=1000(system) Binder:2187_4 expire 5 lines
06-05 13:53:00.000  2187  2498 I chatty  : uid=1000(system) AlarmManager expire 9 lines
06-05 13:53:00.075  2187  3572 I chatty  : uid=1000(system) Binder:2187_12 expire 6 lines
06-05 13:53:00.110  2187  2949 I chatty  : uid=1000(system) Binder:2187_6 expire 3 lines
06-05 13:53:01.669  2187  2263 I chatty  : uid=1000(system) android.io expire 2 lines
06-05 13:53:06.919  4096  4096 W ActivityThread: Application com.ibatimesheet can be debugged on port 8100...
06-05 13:53:07.212  2187  3538 I chatty  : uid=1000(system) Binder:2187_C expire 3 lines
06-05 13:53:07.378  2187  2264 I chatty  : uid=1000(system) android.display expire 4 lines
06-05 13:53:32.177  2187  2524 I chatty  : uid=1000(system) WifiStateMachin expire 10 lines
06-05 13:54:00.060  2187  3510 I chatty  : uid=1000(system) Binder:2187_9 expire 5 lines
06-05 13:55:29.863  2187  2498 I chatty  : uid=1000(system) AlarmManager expire 10 lines
06-05 13:55:30.061  2187 23143 I chatty  : uid=1000(system) Binder:2187_13 expire 5 lines
06-05 13:55:30.074  2187 11980 I chatty  : uid=1000(system) Binder:2187_1A expire 5 lines
06-05 13:55:30.082  2187  2656 I chatty  : uid=1000(system) Binder:2187_4 expire 3 lines
06-05 13:55:30.287  2187  3572 I chatty  : uid=1000(system) Binder:2187_12 expire 5 lines
06-05 13:55:30.308  2187  3538 I chatty  : uid=1000(system) Binder:2187_C expire 4 lines
06-05 13:56:00.595  2187  2524 I chatty  : uid=1000(system) WifiStateMachin expire 10 lines
06-05 13:56:00.597  2187  2220 I chatty  : uid=1000(system) ActivityManager expire 67 lines
06-05 13:56:30.175  2187  3503 I chatty  : uid=1000(system) Binder:2187_8 expire 4 lines
06-05 13:56:43.838  2187  2187 I chatty  : uid=1000 system_server expire 2 lines
06-05 13:56:43.870  2187  2224 I chatty  : uid=1000(system) batterystats-sy expire 3 lines
06-05 13:56:56.803  2187  2513 I chatty  : uid=1000(system) NetworkStats expire 1 line
06-05 13:57:00.109  2187 21140 I chatty  : uid=1000(system) Binder:2187_16 expire 3 lines
06-05 13:57:11.714  2187  3535 I chatty  : uid=1000(system) Binder:2187_B expire 5 lines
06-05 13:57:11.727  2187  2949 I chatty  : uid=1000(system) Binder:2187_6 expire 4 lines
06-05 13:57:11.983  2187  3514 I chatty  : uid=1000(system) Binder:2187_A expire 7 lines
06-05 13:57:12.197  2187  3571 I chatty  : uid=1000(system) Binder:2187_11 expire 5 lines
06-05 13:57:12.386  2187  2657 I chatty  : uid=1000(system) Binder:2187_5 expire 4 lines
06-05 13:57:12.387  2187 21111 I chatty  : uid=1000(system) Binder:2187_14 expire 3 lines
06-05 13:57:13.599  2187 21313 I chatty  : uid=1000(system) Binder:2187_19 expire 3 lines
06-05 13:57:13.798  2187 21112 I chatty  : uid=1000(system) Binder:2187_15 expire 2 lines
06-05 13:57:28.443  2187  2264 I chatty  : uid=1000(system) android.display expire 1 line
06-05 13:57:44.950  2187 21203 I chatty  : uid=1000(system) Binder:2187_18 expire 1 line
06-05 13:58:00.124  2187  3567 I chatty  : uid=1000(system) Binder:2187_F expire 6 lines
06-05 13:58:01.118  2187  2200 I chatty  : uid=1000(system) Binder:2187_1 expire 3 lines
06-05 13:58:13.844  2187  3559 I chatty  : uid=1000(system) Binder:2187_D expire 4 lines
06-05 13:58:18.648  2187  2541 I chatty  : uid=1000(system) Binder:2187_3 expire 1 line
06-05 13:58:20.451  2187 11981 I chatty  : uid=1000(system) Binder:2187_1B expire 1 line
06-05 13:58:20.513  2187 23143 I chatty  : uid=1000(system) Binder:2187_13 expire 9 lines
06-05 13:58:20.514  2187  2220 I chatty  : uid=1000(system) ActivityManager expire 71 lines
06-05 13:58:21.529  2187 21140 I chatty  : uid=1000(system) Binder:2187_16 expire 4 lines
06-05 13:58:21.576  2187  3560 I chatty  : uid=1000(system) Binder:2187_E expire 3 lines
06-05 13:58:21.609  2187  2949 I chatty  : uid=1000(system) Binder:2187_6 expire 2 lines
06-05 13:58:21.609  2187 21313 I chatty  : uid=1000(system) Binder:2187_19 expire 2 lines
06-05 13:58:21.623  2187  2201 I chatty  : uid=1000(system) Binder:2187_2 expire 3 lines
06-05 13:58:21.624  2187  3559 I chatty  : uid=1000(system) Binder:2187_D expire 4 lines
06-05 13:58:21.779  2187 21112 I chatty  : uid=1000(system) Binder:2187_15 expire 5 lines
06-05 13:58:21.896  2187 21111 I chatty  : uid=1000(system) Binder:2187_14 expire 4 lines
06-05 13:58:30.156  2187  2187 I chatty  : uid=1000 system_server expire 2 lines
06-05 13:58:30.308  2187  2498 I chatty  : uid=1000(system) AlarmManager expire 13 lines
06-05 13:58:31.367  2187 21141 I chatty  : uid=1000(system) Binder:2187_17 expire 2 lines
06-05 13:58:34.962  2187  2524 I chatty  : uid=1000(system) WifiStateMachin expire 4 lines
06-05 13:58:37.852  2187  3567 I chatty  : uid=1000(system) Binder:2187_F expire 5 lines
06-05 13:58:37.855  2187  2657 I chatty  : uid=1000(system) Binder:2187_5 expire 3 lines
06-05 13:58:44.190  2187  3571 I chatty  : uid=1000(system) Binder:2187_11 expire 2 lines
06-05 13:58:45.847  2187  2264 I chatty  : uid=1000(system) android.display expire 3 lines
06-05 13:58:56.931  2187 11980 I chatty  : uid=1000(system) Binder:2187_1A expire 3 lines
06-05 13:59:00.103  2187 21203 I chatty  : uid=1000(system) Binder:2187_18 expire 4 lines
06-05 13:59:08.108  2187  3535 I chatty  : uid=1000(system) Binder:2187_B expire 4 lines
06-05 13:59:30.425  2187  3572 I chatty  : uid=1000(system) Binder:2187_12 expire 1 line
06-05 13:59:35.436  2187  3510 I chatty  : uid=1000(system) Binder:2187_9 expire 2 lines
06-05 13:59:39.163  2187  3503 I chatty  : uid=1000(system) Binder:2187_8 expire 2 lines
06-05 13:59:39.181  2187  2200 I chatty  : uid=1000(system) Binder:2187_1 expire 3 lines
06-05 13:59:39.234  2187  3500 I chatty  : uid=1000(system) Binder:2187_7 expire 4 lines
06-05 13:59:39.235  2187  3538 I chatty  : uid=1000(system) Binder:2187_C expire 2 lines
06-05 13:59:39.461  2187  2656 I chatty  : uid=1000(system) Binder:2187_4 expire 2 lines
06-05 13:59:45.833  2187  3514 I chatty  : uid=1000(system) Binder:2187_A expire 5 lines
06-05 14:01:20.035  2187  3569 I chatty  : uid=1000(system) Binder:2187_10 expire 2 lines
06-05 14:01:30.628  2187  2541 I chatty  : uid=1000(system) Binder:2187_3 expire 4 lines
06-05 14:01:34.261  2187 23143 I chatty  : uid=1000(system) Binder:2187_13 expire 5 lines
06-05 14:01:34.261  2187  2220 I chatty  : uid=1000(system) ActivityManager expire 20 lines
06-05 14:01:34.263  2187  2656 I chatty  : uid=1000(system) Binder:2187_4 expire 6 lines
06-05 14:01:34.363  2187  3560 I chatty  : uid=1000(system) Binder:2187_E expire 6 lines
06-05 14:01:34.448  2187  3503 I chatty  : uid=1000(system) Binder:2187_8 expire 8 lines
06-05 14:01:49.071  2187  2187 I chatty  : uid=1000 system_server expire 5 lines
06-05 14:02:00.001  2187  2498 I chatty  : uid=1000(system) AlarmManager expire 10 lines
06-05 14:02:09.445  2187  3571 I chatty  : uid=1000(system) Binder:2187_11 expire 4 lines
06-05 14:02:30.755  2187 21203 I chatty  : uid=1000(system) Binder:2187_18 expire 3 lines
06-05 14:02:30.989  2187 21313 I chatty  : uid=1000(system) Binder:2187_19 expire 2 lines
06-05 14:02:31.003  2187  3538 I chatty  : uid=1000(system) Binder:2187_C expire 5 lines
06-05 14:02:38.838  2187  3500 I chatty  : uid=1000(system) Binder:2187_7 expire 4 lines
06-05 14:02:53.081  2187  2200 I chatty  : uid=1000(system) Binder:2187_1 expire 4 lines
06-05 14:02:55.121  2187  3572 I chatty  : uid=1000(system) Binder:2187_12 expire 2 lines
06-05 14:03:04.857  2187  3559 I chatty  : uid=1000(system) Binder:2187_D expire 5 lines
06-05 14:03:16.826  2187  2949 I chatty  : uid=1000(system) Binder:2187_6 expire 4 lines
06-05 14:03:27.323  2187  2224 I chatty  : uid=1000(system) batterystats-sy expire 3 lines
06-05 14:03:30.041  2187  3569 I chatty  : uid=1000(system) Binder:2187_10 expire 3 lines
06-05 14:03:30.888  2187  2513 I chatty  : uid=1000(system) NetworkStats expire 3 lines
06-05 14:03:39.461  3524  3627 W ContextImpl: Calling a method in the system process without a qualified user: android.app.ContextImpl.bindService:1422 android.content.ContextWrapper.bindService:636 com.google.android.gms.ads.identifier.AdvertisingIdClient.h:-1 com.google.android.gms.ads.identifier.AdvertisingIdClient.b:-1 com.google.android.gms.ads.identifier.AdvertisingIdClient.getAdvertisingIdInfo:-1 
06-05 14:03:43.040  2187  2220 I chatty  : uid=1000(system) ActivityManager expire 12 lines
06-05 14:03:51.883  2187  2273 I chatty  : uid=1000(system) PackageManager expire 15 lines
06-05 14:03:56.763  2187 21141 I chatty  : uid=1000(system) Binder:2187_17 expire 4 lines
06-05 14:03:58.115  2187  2389 I chatty  : uid=1000(system) OmsHandlerThrea expire 2 lines
06-05 14:04:00.109  2187  3535 I chatty  : uid=1000(system) Binder:2187_B expire 8 lines
06-05 14:04:00.340  2187  3567 I chatty  : uid=1000(system) Binder:2187_F expire 2 lines
06-05 14:04:00.408  5748  5748 W ContextImpl: Calling a method in the system process without a qualified user: android.app.ContextImpl.startService:1358 android.content.ContextWrapper.startService:613 android.content.ContextWrapper.startService:613 com.android.keychain.KeyChainBroadcastReceiver.onReceive:12 android.app.ActivityThread.handleReceiver:3085 
06-05 14:04:00.435  2187  2201 I chatty  : uid=1000(system) Binder:2187_2 expire 2 lines
06-05 14:04:00.462  2187  3510 I chatty  : uid=1000(system) Binder:2187_9 expire 2 lines
06-05 14:04:00.609  2187 11980 I chatty  : uid=1000(system) Binder:2187_1A expire 4 lines
06-05 14:04:00.895  2187  2657 I chatty  : uid=1000(system) Binder:2187_5 expire 1 line
06-05 14:04:01.464  2187 11981 I chatty  : uid=1000(system) Binder:2187_1B expire 2 lines
06-05 14:04:01.789  2187  2220 I chatty  : uid=1000(system) ActivityManager expire 7 lines
06-05 14:04:01.937  2187 21140 I chatty  : uid=1000(system) Binder:2187_16 expire 4 lines
06-05 14:04:02.725  5995  5995 E ActivityThread: Failed to find provider info for com.ibatimesheet.MetricaContentProvider
06-05 14:04:02.734  2187  3514 I chatty  : uid=1000(system) Binder:2187_A expire 1 line
06-05 14:04:03.176  2187 21112 I chatty  : uid=1000(system) Binder:2187_15 expire 1 line
06-05 14:04:03.839  2187 21111 I chatty  : uid=1000(system) Binder:2187_14 expire 1 line
06-05 14:04:04.473  2187  2263 I chatty  : uid=1000(system) android.io expire 2 lines
06-05 14:04:09.347  6177  6177 W ActivityThread: Application com.ibatimesheet can be debugged on port 8100...
06-05 14:04:09.767  2187  2264 I chatty  : uid=1000(system) android.display expire 2 lines
06-05 14:04:13.835  2187  2524 I chatty  : uid=1000(system) WifiStateMachin expire 3 lines
06-05 14:04:15.083  2187  2220 I chatty  : uid=1000(system) ActivityManager expire 15 lines
06-05 14:04:16.296  2187  2201 I chatty  : uid=1000(system) Binder:2187_2 expire 2 lines
06-05 14:04:16.897  2187  2498 I chatty  : uid=1000(system) AlarmManager expire 11 lines
06-05 14:04:17.262  2187  3510 I chatty  : uid=1000(system) Binder:2187_9 expire 3 lines
06-05 14:04:17.755  2187  2541 I chatty  : uid=1000(system) Binder:2187_3 expire 2 lines
06-05 14:04:17.783  2187  2264 I chatty  : uid=1000(system) android.display expire 1 line
06-05 14:04:17.784  2187  3503 I chatty  : uid=1000(system) Binder:2187_8 expire 3 lines
06-05 14:04:18.124  2187  3538 I chatty  : uid=1000(system) Binder:2187_C expire 5 lines
06-05 14:04:18.165  2187  3559 I chatty  : uid=1000(system) Binder:2187_D expire 3 lines
06-05 14:04:18.993  2187 23143 I chatty  : uid=1000(system) Binder:2187_13 expire 1 line
06-05 14:04:39.090  2187  3500 I chatty  : uid=1000(system) Binder:2187_7 expire 3 lines
06-05 14:04:40.797  2187 21140 I chatty  : uid=1000(system) Binder:2187_16 expire 3 lines
06-05 14:04:44.717  2187  2657 I chatty  : uid=1000(system) Binder:2187_5 expire 1 line
06-05 14:05:00.021  2187  2187 I chatty  : uid=1000 system_server expire 13 lines
06-05 14:05:00.050  2187  3567 I chatty  : uid=1000(system) Binder:2187_F expire 3 lines
06-05 14:05:00.090  2187  3572 I chatty  : uid=1000(system) Binder:2187_12 expire 3 lines
06-05 14:05:00.135  2187  2200 I chatty  : uid=1000(system) Binder:2187_1 expire 3 lines
06-05 14:05:03.715  2187 21313 I chatty  : uid=1000(system) Binder:2187_19 expire 4 lines
06-05 14:05:04.015  2187  3571 I chatty  : uid=1000(system) Binder:2187_11 expire 1 line
06-05 14:05:04.032  2187  3514 I chatty  : uid=1000(system) Binder:2187_A expire 1 line
06-05 14:05:05.979  2187 21112 I chatty  : uid=1000(system) Binder:2187_15 expire 3 lines
06-05 14:06:00.105  2187  2656 I chatty  : uid=1000(system) Binder:2187_4 expire 2 lines
06-05 14:06:14.625  2187  2949 I chatty  : uid=1000(system) Binder:2187_6 expire 6 lines
06-05 14:06:30.699  2187  3560 I chatty  : uid=1000(system) Binder:2187_E expire 4 lines
06-05 14:06:34.881  2187 11980 I chatty  : uid=1000(system) Binder:2187_1A expire 1 line
06-05 14:06:52.187 28560 29978 W ContextImpl: Calling a method in the system process without a qualified user: android.app.ContextImpl.bindService:1422 android.content.ContextWrapper.bindService:636 com.google.android.gms.common.stats.zzb.zza:-1 com.google.android.gms.common.stats.zzb.zza:-1 com.google.android.gms.ads.identifier.AdvertisingIdClient.zzp:-1 
06-05 14:06:57.024  2187  2220 I chatty  : uid=1000(system) ActivityManager expire 23 lines
06-05 14:07:00.001  2187  2498 I chatty  : uid=1000(system) AlarmManager expire 29 lines
06-05 14:10:15.512  2187  2218 I chatty  : uid=1000(system) android.bg expire 1 line
06-05 14:12:05.997  2187  2224 I chatty  : uid=1000(system) batterystats-sy expire 4 lines
06-05 14:13:31.894  2187 21141 I chatty  : uid=1000(system) Binder:2187_17 expire 1 line
06-05 14:14:00.048  2187 21203 I chatty  : uid=1000(system) Binder:2187_18 expire 1 line
06-05 14:14:10.332  2187 21111 I chatty  : uid=1000(system) Binder:2187_14 expire 1 line
06-05 14:14:41.222  2187  2513 I chatty  : uid=1000(system) NetworkStats expire 1 line
06-05 14:15:31.885  2187  3569 I chatty  : uid=1000(system) Binder:2187_10 expire 1 line
06-05 14:15:48.512  2187  2273 I chatty  : uid=1000(system) PackageManager expire 15 lines
06-05 14:15:54.602  2187  2389 I chatty  : uid=1000(system) OmsHandlerThrea expire 3 lines
06-05 14:15:54.815  2187  3567 I chatty  : uid=1000(system) Binder:2187_F expire 6 lines
06-05 14:15:54.816  2187  2220 I chatty  : uid=1000(system) ActivityManager expire 10 lines
06-05 14:15:54.816  2187 21313 I chatty  : uid=1000(system) Binder:2187_19 expire 6 lines
06-05 14:15:54.985  2187  3500 I chatty  : uid=1000(system) Binder:2187_7 expire 4 lines
06-05 14:15:55.081  2187  3535 I chatty  : uid=1000(system) Binder:2187_B expire 3 lines
06-05 14:15:55.115  2187  3572 I chatty  : uid=1000(system) Binder:2187_12 expire 5 lines
06-05 14:15:55.151  2187  3559 I chatty  : uid=1000(system) Binder:2187_D expire 6 lines
06-05 14:15:55.153  2187 11980 I chatty  : uid=1000(system) Binder:2187_1A expire 4 lines
06-05 14:15:55.217  8077  8077 W ContextImpl: Calling a method in the system process without a qualified user: android.app.ContextImpl.startService:1358 android.content.ContextWrapper.startService:613 android.content.ContextWrapper.startService:613 com.android.keychain.KeyChainBroadcastReceiver.onReceive:12 android.app.ActivityThread.handleReceiver:3085 
06-05 14:15:55.248  2187 23143 I chatty  : uid=1000(system) Binder:2187_13 expire 5 lines
06-05 14:15:55.293  2187  3510 I chatty  : uid=1000(system) Binder:2187_9 expire 6 lines
06-05 14:15:55.327  2187 21112 I chatty  : uid=1000(system) Binder:2187_15 expire 3 lines
06-05 14:15:55.420  2187  2201 I chatty  : uid=1000(system) Binder:2187_2 expire 1 line
06-05 14:15:55.584  2187  2657 I chatty  : uid=1000(system) Binder:2187_5 expire 2 lines
06-05 14:15:55.761  2187  3560 I chatty  : uid=1000(system) Binder:2187_E expire 5 lines
06-05 14:15:55.918  2187  3571 I chatty  : uid=1000(system) Binder:2187_11 expire 4 lines
06-05 14:15:55.990  2187 21203 I chatty  : uid=1000(system) Binder:2187_18 expire 6 lines
06-05 14:15:56.015  2187  2187 I chatty  : uid=1000 system_server expire 3 lines
06-05 14:15:56.121  2187  3538 I chatty  : uid=1000(system) Binder:2187_C expire 3 lines
06-05 14:15:56.217  2187  3503 I chatty  : uid=1000(system) Binder:2187_8 expire 3 lines
06-05 14:15:56.229  2187  3569 I chatty  : uid=1000(system) Binder:2187_10 expire 5 lines
06-05 14:15:56.313  2187  2949 I chatty  : uid=1000(system) Binder:2187_6 expire 4 lines
06-05 14:15:56.458  2187  2541 I chatty  : uid=1000(system) Binder:2187_3 expire 4 lines
06-05 14:15:56.935  8333  8333 E ActivityThread: Failed to find provider info for com.ibatimesheet.MetricaContentProvider
06-05 14:15:56.942  2187  2656 I chatty  : uid=1000(system) Binder:2187_4 expire 1 line
06-05 14:15:56.959  2187 21141 I chatty  : uid=1000(system) Binder:2187_17 expire 5 lines
06-05 14:15:57.004  2187  3514 I chatty  : uid=1000(system) Binder:2187_A expire 2 lines
06-05 14:15:57.031  2187 21111 I chatty  : uid=1000(system) Binder:2187_14 expire 2 lines
06-05 14:15:57.578  2187 11981 I chatty  : uid=1000(system) Binder:2187_1B expire 3 lines
06-05 14:15:58.462  2187  2263 I chatty  : uid=1000(system) android.io expire 2 lines
06-05 14:16:00.002  2187  2498 I chatty  : uid=1000(system) AlarmManager expire 11 lines
06-05 14:16:00.602  2187  2200 I chatty  : uid=1000(system) Binder:2187_1 expire 4 lines
06-05 14:16:06.045  8527  8527 W ActivityThread: Application com.ibatimesheet can be debugged on port 8100...
06-05 14:16:06.479  2187  2264 I chatty  : uid=1000(system) android.display expire 13 lines
06-05 14:17:33.222  2622  2622 V DeadZone: consuming errant click: (161.0,34.0)
06-05 14:17:56.331  2187  2220 I chatty  : uid=1000(system) ActivityManager expire 8 lines
06-05 14:18:00.004  2187  2498 I chatty  : uid=1000(system) AlarmManager expire 13 lines
06-05 14:18:09.183  3606  9054 E ActivityThread: Failed to find provider info for com.facebook.katana.provider.AttributionIdProvider
06-05 14:18:14.845  2187  2264 I chatty  : uid=1000(system) android.display expire 10 lines
06-05 14:18:39.715  3524  3627 W ContextImpl: Calling a method in the system process without a qualified user: android.app.ContextImpl.bindService:1422 android.content.ContextWrapper.bindService:636 com.google.android.gms.ads.identifier.AdvertisingIdClient.h:-1 com.google.android.gms.ads.identifier.AdvertisingIdClient.b:-1 com.google.android.gms.ads.identifier.AdvertisingIdClient.getAdvertisingIdInfo:-1 
06-05 14:19:00.143  2187 21140 I chatty  : uid=1000(system) Binder:2187_16 expire 1 line
06-05 14:20:27.989  2187  2273 I chatty  : uid=1000(system) PackageManager expire 15 lines
06-05 14:21:03.999  2187  2498 I chatty  : uid=1000(system) AlarmManager expire 15 lines
06-05 14:21:04.028  2187  3560 I chatty  : uid=1000(system) Binder:2187_E expire 6 lines
06-05 14:21:37.656  2187  3514 I chatty  : uid=1000(system) Binder:2187_A expire 3 lines
06-05 14:21:37.831  2187  2264 I chatty  : uid=1000(system) android.display expire 9 lines
06-05 14:21:49.271  2187  2187 I chatty  : uid=1000 system_server expire 3 lines
06-05 14:21:49.291  2187  2220 I chatty  : uid=1000(system) ActivityManager expire 16 lines
06-05 14:21:50.998  2187  3500 I chatty  : uid=1000(system) Binder:2187_7 expire 5 lines
06-05 14:21:51.151  2187 21141 I chatty  : uid=1000(system) Binder:2187_17 expire 5 lines
06-05 14:21:51.191  2187 11980 I chatty  : uid=1000(system) Binder:2187_1A expire 4 lines
06-05 14:21:51.344  2187  3569 I chatty  : uid=1000(system) Binder:2187_10 expire 8 lines
06-05 14:21:51.366  2187  3535 I chatty  : uid=1000(system) Binder:2187_B expire 3 lines
06-05 14:21:52.403  2187  3567 I chatty  : uid=1000(system) Binder:2187_F expire 6 lines
06-05 14:21:52.457 28560 29978 W ContextImpl: Calling a method in the system process without a qualified user: android.app.ContextImpl.bindService:1422 android.content.ContextWrapper.bindService:636 com.google.android.gms.common.stats.zzb.zza:-1 com.google.android.gms.common.stats.zzb.zza:-1 com.google.android.gms.ads.identifier.AdvertisingIdClient.zzp:-1 
06-05 14:21:52.513  2187  3538 I chatty  : uid=1000(system) Binder:2187_C expire 6 lines
06-05 14:21:53.320  2187  2657 I chatty  : uid=1000(system) Binder:2187_5 expire 7 lines
06-05 14:21:53.332  2187  3572 I chatty  : uid=1000(system) Binder:2187_12 expire 1 line
06-05 14:21:53.539  2187 23143 I chatty  : uid=1000(system) Binder:2187_13 expire 7 lines
06-05 14:21:54.013  2187 11981 I chatty  : uid=1000(system) Binder:2187_1B expire 2 lines
06-05 14:21:54.110  9674  9674 W ActivityThread: Application com.ibatimesheet can be debugged on port 8100...
06-05 14:21:54.415  2187  3559 I chatty  : uid=1000(system) Binder:2187_D expire 4 lines
06-05 14:22:31.263  2187  3510 I chatty  : uid=1000(system) Binder:2187_9 expire 4 lines
06-05 14:22:31.386  2187 21313 I chatty  : uid=1000(system) Binder:2187_19 expire 5 lines
06-05 14:22:48.815  2187  3503 I chatty  : uid=1000(system) Binder:2187_8 expire 1 line
06-05 14:23:00.117  2187  2949 I chatty  : uid=1000(system) Binder:2187_6 expire 8 lines
06-05 14:25:31.553  2187  2656 I chatty  : uid=1000(system) Binder:2187_4 expire 2 lines
06-05 14:25:48.558  9674  9674 W ViewRootImpl[MainActivity]: Dropping event due to root view being removed: MotionEvent { action=ACTION_MOVE, actionButton=0, id[0]=0, x[0]=441.0, y[0]=479.0, toolType[0]=TOOL_TYPE_FINGER, buttonState=0, metaState=0, flags=0x0, edgeFlags=0x0, pointerCount=1, historySize=0, eventTime=42222776, downTime=42222766, deviceId=5, source=0x1002 }
06-05 14:25:50.594  2187 21140 I chatty  : uid=1000(system) Binder:2187_16 expire 4 lines
06-05 14:25:50.721  2187  2513 I chatty  : uid=1000(system) NetworkStats expire 1 line
06-05 14:26:00.001  2187  2498 I chatty  : uid=1000(system) AlarmManager expire 2 lines
06-05 14:26:00.098  2187  3571 I chatty  : uid=1000(system) Binder:2187_11 expire 5 lines
06-05 14:26:08.918  2187  2389 I chatty  : uid=1000(system) OmsHandlerThrea expire 2 lines
06-05 14:26:10.828 10474 10474 W ContextImpl: Calling a method in the system process without a qualified user: android.app.ContextImpl.startService:1358 android.content.ContextWrapper.startService:613 android.content.ContextWrapper.startService:613 com.android.keychain.KeyChainBroadcastReceiver.onReceive:12 android.app.ActivityThread.handleReceiver:3085 
06-05 14:26:10.928  2187 21203 I chatty  : uid=1000(system) Binder:2187_18 expire 5 lines
06-05 14:26:10.992  2187 21112 I chatty  : uid=1000(system) Binder:2187_15 expire 3 lines
06-05 14:26:11.768  2187  2220 I chatty  : uid=1000(system) ActivityManager expire 6 lines
06-05 14:26:11.945  2187  2201 I chatty  : uid=1000(system) Binder:2187_2 expire 3 lines
06-05 14:26:12.207  2187  2200 I chatty  : uid=1000(system) Binder:2187_1 expire 1 line
06-05 14:26:12.427 10725 10725 E ActivityThread: Failed to find provider info for com.ibatimesheet.MetricaContentProvider
06-05 14:26:14.039  2187  2263 I chatty  : uid=1000(system) android.io expire 2 lines
06-05 14:26:20.066 10910 10910 W ActivityThread: Application com.ibatimesheet can be debugged on port 8100...
06-05 14:26:23.727  2187  2524 I chatty  : uid=1000(system) WifiStateMachin expire 4 lines
06-05 14:26:31.614  2187  2498 I chatty  : uid=1000(system) AlarmManager expire 15 lines
06-05 14:26:31.616  2187  2220 I chatty  : uid=1000(system) ActivityManager expire 14 lines
06-05 14:26:31.688  2187  3535 I chatty  : uid=1000(system) Binder:2187_B expire 4 lines
06-05 14:26:31.724  2187  2657 I chatty  : uid=1000(system) Binder:2187_5 expire 6 lines
06-05 14:26:31.731  2187 21141 I chatty  : uid=1000(system) Binder:2187_17 expire 2 lines
06-05 14:26:32.337  2187 21140 I chatty  : uid=1000(system) Binder:2187_16 expire 10 lines
06-05 14:26:32.746  2187 11980 I chatty  : uid=1000(system) Binder:2187_1A expire 3 lines
06-05 14:26:32.762  2187  3503 I chatty  : uid=1000(system) Binder:2187_8 expire 2 lines
06-05 14:26:35.840  2187  3510 I chatty  : uid=1000(system) Binder:2187_9 expire 4 lines
06-05 14:26:35.869  2187  3500 I chatty  : uid=1000(system) Binder:2187_7 expire 3 lines
06-05 14:26:35.874  2187  2656 I chatty  : uid=1000(system) Binder:2187_4 expire 10 lines
